interactions:
- request:
    body: null
    headers:
      Accept:
      - application/json,*/*;q=0.9
      Accept-Encoding:
      - gzip, deflate
      Cache-Control:
      - no-cache
      Connection:
      - keep-alive
      Content-Type:
      - application/json
      User-Agent:
      - python-requests/2.32.3
    method: GET
    uri: https://defectdojo.atlassian.net/rest/api/2/serverInfo
  response:
    body:
      string: '{"baseUrl":"https://defectdojo.atlassian.net","displayUrl":"https://defectdojo.atlassian.net","displayUrlServicedeskHelpCenter":"https://defectdojo.atlassian.net","displayUrlConfluence":"https://defectdojo.atlassian.net","version":"1001.0.0-SNAPSHOT","versionNumbers":[1001,0,0],"deploymentType":"Cloud","buildNumber":100283,"buildDate":"2025-04-29T22:58:24.000+0200","serverTime":"2025-04-30T18:28:31.070+0200","scmInfo":"0bc1b6ccc33af448636c49e0141bd2e25a26f3ec","serverTitle":"Jira","defaultLocale":{"locale":"en_US"},"serverTimeZone":"Etc/UTC"}'
    headers:
      Atl-Request-Id:
      - aafe79da-5460-457e-9564-df053c6db2f0
      Atl-Traceid:
      - aafe79da5460457e9564df053c6db2f0
      Cache-Control:
      - no-cache, no-store, no-transform
      Connection:
      - keep-alive
      Content-Encoding:
      - gzip
      Content-Type:
      - application/json;charset=UTF-8
      Date:
      - Wed, 30 Apr 2025 16:28:31 GMT
      Nel:
      - '{"failure_fraction": 0.001, "include_subdomains": true, "max_age": 600, "report_to":
        "endpoint-1"}'
      Report-To:
      - '{"endpoints": [{"url": "https://dz8aopenkvv6s.cloudfront.net"}], "group":
        "endpoint-1", "include_subdomains": true, "max_age": 600}'
      Server:
      - AtlassianEdge
      Server-Timing:
      - cdn-cache-miss,cdn-pop;desc="ORD56-P1",cdn-rid;desc="6yGqPQuaqG0DZ2wRPZXxgAQc6XH08Abdp-w1pW0x2mN0sZNCy_SvHw==",cdn-downstream-fbl;dur=231,cdn-upstream-layer;desc="EDGE",cdn-upstream-dns;dur=0,cdn-upstream-connect;dur=55,cdn-upstream-fbl;dur=229,atl-edge;dur=155,atl-edge-internal;dur=13,atl-edge-upstream;dur=142,atl-edge-pop;desc="aws-us-east-1"
      Strict-Transport-Security:
      - max-age=63072000; includeSubDomains; preload
      Timing-Allow-Origin:
      - '*'
      Transfer-Encoding:
      - chunked
      Vary:
      - Accept-Encoding
      Via:
      - 1.1 9d71affbaf22baf23eab459f3d2ee77a.cloudfront.net (CloudFront)
      X-Aaccountid:
      - 5d3878b170e3c90c952f91f6
      X-Amz-Cf-Id:
      - 6yGqPQuaqG0DZ2wRPZXxgAQc6XH08Abdp-w1pW0x2mN0sZNCy_SvHw==
      X-Amz-Cf-Pop:
      - ORD56-P1
      X-Arequestid:
      - 6cee77a965f6194d67d47d7a9d40374a
      X-Cache:
      - Miss from cloudfront
      X-Content-Type-Options:
      - nosniff
      X-Xss-Protection:
      - 1; mode=block
    status:
      code: 200
      message: OK
- request:
    body: null
    headers:
      Accept:
      - application/json,*/*;q=0.9
      Accept-Encoding:
      - gzip, deflate
      Cache-Control:
      - no-cache
      Connection:
      - keep-alive
      Content-Type:
      - application/json
      User-Agent:
      - python-requests/2.32.3
    method: GET
    uri: https://defectdojo.atlassian.net/rest/api/2/issue/createmeta?projectKeys=NTEST&issuetypeNames=Epic&expand=projects.issuetypes.fields
  response:
    body:
      string: '{"expand":"projects","projects":[{"expand":"issuetypes","self":"https://defectdojo.atlassian.net/rest/api/2/project/10000","id":"10000","key":"NTEST","name":"Unittests","avatarUrls":{"48x48":"https://defectdojo.atlassian.net/rest/api/2/universal_avatar/view/type/project/avatar/10407","24x24":"https://defectdojo.atlassian.net/rest/api/2/universal_avatar/view/type/project/avatar/10407?size=small","16x16":"https://defectdojo.atlassian.net/rest/api/2/universal_avatar/view/type/project/avatar/10407?size=xsmall","32x32":"https://defectdojo.atlassian.net/rest/api/2/universal_avatar/view/type/project/avatar/10407?size=medium"},"issuetypes":[{"self":"https://defectdojo.atlassian.net/rest/api/2/issuetype/10000","id":"10000","description":"A
        big user story that needs to be broken down. Created by Jira Software - do
        not edit or delete.","iconUrl":"https://defectdojo.atlassian.net/images/icons/issuetypes/epic.svg","name":"Epic","untranslatedName":"Epic","subtask":false,"hierarchyLevel":1,"expand":"fields","fields":{"summary":{"required":true,"schema":{"type":"string","system":"summary"},"name":"Summary","key":"summary","hasDefaultValue":false,"operations":["set"]},"issuetype":{"required":true,"schema":{"type":"issuetype","system":"issuetype"},"name":"Issue
        Type","key":"issuetype","hasDefaultValue":false,"operations":[],"allowedValues":[{"self":"https://defectdojo.atlassian.net/rest/api/2/issuetype/10000","id":"10000","description":"A
        big user story that needs to be broken down. Created by Jira Software - do
        not edit or delete.","iconUrl":"https://defectdojo.atlassian.net/images/icons/issuetypes/epic.svg","name":"Epic","subtask":false,"hierarchyLevel":1}]},"components":{"required":false,"schema":{"type":"array","items":"component","system":"components"},"name":"Components","key":"components","hasDefaultValue":false,"operations":["add","set","remove"],"allowedValues":[]},"description":{"required":false,"schema":{"type":"string","system":"description"},"name":"Description","key":"description","hasDefaultValue":false,"operations":["set"]},"project":{"required":true,"schema":{"type":"project","system":"project"},"name":"Project","key":"project","hasDefaultValue":false,"operations":["set"],"allowedValues":[{"self":"https://defectdojo.atlassian.net/rest/api/2/project/10000","id":"10000","key":"NTEST","name":"Unittests","projectTypeKey":"software","simplified":false,"avatarUrls":{"48x48":"https://defectdojo.atlassian.net/rest/api/2/universal_avatar/view/type/project/avatar/10407","24x24":"https://defectdojo.atlassian.net/rest/api/2/universal_avatar/view/type/project/avatar/10407?size=small","16x16":"https://defectdojo.atlassian.net/rest/api/2/universal_avatar/view/type/project/avatar/10407?size=xsmall","32x32":"https://defectdojo.atlassian.net/rest/api/2/universal_avatar/view/type/project/avatar/10407?size=medium"}}]},"customfield_10011":{"required":false,"schema":{"type":"string","custom":"com.pyxis.greenhopper.jira:gh-epic-label","customId":10011},"name":"Epic
        Name","key":"customfield_10011","hasDefaultValue":false,"operations":["set"]},"fixVersions":{"required":false,"schema":{"type":"array","items":"version","system":"fixVersions"},"name":"Fix
        versions","key":"fixVersions","hasDefaultValue":false,"operations":["set","add","remove"],"allowedValues":[]},"priority":{"required":false,"schema":{"type":"priority","system":"priority"},"name":"Priority","key":"priority","hasDefaultValue":true,"operations":["set"],"allowedValues":[{"self":"https://defectdojo.atlassian.net/rest/api/2/priority/1","iconUrl":"https://defectdojo.atlassian.net/images/icons/priorities/highest.svg","name":"Highest","id":"1"},{"self":"https://defectdojo.atlassian.net/rest/api/2/priority/2","iconUrl":"https://defectdojo.atlassian.net/images/icons/priorities/high.svg","name":"High","id":"2"},{"self":"https://defectdojo.atlassian.net/rest/api/2/priority/3","iconUrl":"https://defectdojo.atlassian.net/images/icons/priorities/medium.svg","name":"Medium","id":"3"},{"self":"https://defectdojo.atlassian.net/rest/api/2/priority/4","iconUrl":"https://defectdojo.atlassian.net/images/icons/priorities/low.svg","name":"Low","id":"4"},{"self":"https://defectdojo.atlassian.net/rest/api/2/priority/5","iconUrl":"https://defectdojo.atlassian.net/images/icons/priorities/lowest.svg","name":"Lowest","id":"5"}],"defaultValue":{"self":"https://defectdojo.atlassian.net/rest/api/2/priority/3","iconUrl":"https://defectdojo.atlassian.net/images/icons/priorities/medium.svg","name":"Medium","id":"3"}},"customfield_10014":{"required":false,"schema":{"type":"any","custom":"com.pyxis.greenhopper.jira:gh-epic-link","customId":10014},"name":"Epic
        Link","key":"customfield_10014","hasDefaultValue":false,"operations":["set"]},"labels":{"required":false,"schema":{"type":"array","items":"string","system":"labels"},"name":"Labels","key":"labels","autoCompleteUrl":"https://defectdojo.atlassian.net/rest/api/1.0/labels/suggest?query=","hasDefaultValue":false,"operations":["add","set","remove"]},"attachment":{"required":false,"schema":{"type":"array","items":"attachment","system":"attachment"},"name":"Attachment","key":"attachment","hasDefaultValue":false,"operations":["set","copy"]},"issuelinks":{"required":false,"schema":{"type":"array","items":"issuelinks","system":"issuelinks"},"name":"Linked
        Issues","key":"issuelinks","autoCompleteUrl":"https://defectdojo.atlassian.net/rest/api/2/issue/picker?currentProjectId=&showSubTaskParent=true&showSubTasks=true&currentIssueKey=null&query=","hasDefaultValue":false,"operations":["add","copy"]},"assignee":{"required":false,"schema":{"type":"user","system":"assignee"},"name":"Assignee","key":"assignee","autoCompleteUrl":"https://defectdojo.atlassian.net/rest/api/2/user/assignable/search?project=NTEST&query=","hasDefaultValue":false,"operations":["set"]}}}]}]}'
    headers:
      Atl-Request-Id:
      - 42e29019-7b0a-45e4-afd8-b9308cb1928f
      Atl-Traceid:
      - 42e290197b0a45e4afd8b9308cb1928f
      Cache-Control:
      - no-cache, no-store, no-transform
      Connection:
      - keep-alive
      Content-Encoding:
      - gzip
      Content-Type:
      - application/json;charset=UTF-8
      Date:
      - Wed, 30 Apr 2025 16:28:31 GMT
      Nel:
      - '{"failure_fraction": 0.001, "include_subdomains": true, "max_age": 600, "report_to":
        "endpoint-1"}'
      Report-To:
      - '{"endpoints": [{"url": "https://dz8aopenkvv6s.cloudfront.net"}], "group":
        "endpoint-1", "include_subdomains": true, "max_age": 600}'
      Server:
      - AtlassianEdge
      Server-Timing:
      - cdn-upstream-layer;desc="EDGE",cdn-upstream-dns;dur=0,cdn-upstream-connect;dur=0,cdn-upstream-fbl;dur=287,atl-edge;dur=254,atl-edge-internal;dur=16,atl-edge-upstream;dur=238,atl-edge-pop;desc="aws-us-east-1",cdn-cache-miss,cdn-pop;desc="DFW57-P1",cdn-rid;desc="-jlvkV05zqBE_tJb-54L1YwfA364URn9QDrT8DTxU-yby9cBArxW4Q==",cdn-downstream-fbl;dur=292
      Strict-Transport-Security:
      - max-age=63072000; includeSubDomains; preload
      Timing-Allow-Origin:
      - '*'
      Transfer-Encoding:
      - chunked
      Vary:
      - Accept-Encoding
      Via:
      - 1.1 b5141080f2dac9506b5156fa7721b41c.cloudfront.net (CloudFront)
      Warning:
      - 'The issue create meta endpoint has been deprecated. (Deprecation start date:
        June 03, 2024)'
      X-Aaccountid:
      - 5d3878b170e3c90c952f91f6
      X-Amz-Cf-Id:
      - -jlvkV05zqBE_tJb-54L1YwfA364URn9QDrT8DTxU-yby9cBArxW4Q==
      X-Amz-Cf-Pop:
      - DFW57-P1
      X-Arequestid:
      - 6413aa331c9f0d26937b569280e4a9de
      X-Cache:
      - Miss from cloudfront
      X-Content-Type-Options:
      - nosniff
      X-Xss-Protection:
      - 1; mode=block
    status:
      code: 200
      message: OK
- request:
    body: '{"fields": {"project": {"key": "NTEST"}, "issuetype": {"name": "Epic"},
      "summary": "Zap1: Cookie Without Secure Flag", "description": "\n\n\n\n\n\n*Title*:
      [Zap1: Cookie Without Secure Flag|http://localhost:8080/finding/331]\n\n*Defect
      Dojo link:* http://localhost:8080/finding/331 (331)\n\n*Severity:* Low\n\n\n*Due
      Date:* Aug. 28, 2025\n\n\n\n*CWE:* [CWE-614|https://cwe.mitre.org/data/definitions/614.html]\n\n\n\n*CVE:*
      Unknown\n\n\n\n\n*Product/Engagement/Test:* [Security How-to|http://localhost:8080/product/2]
      / [1st Quarter Engagement|http://localhost:8080/engagement/1] / [ZAP Scan|http://localhost:8080/test/121]\n\n\n\n\n\n\n\n\n*Systems/Endpoints*:\n\n*
      https://mainsite.com/dashboard\n* https://mainsite.com\n\n\n\n\n\n\n\n*Description*:\nA
      cookie has been set without the secure flag, which means that the cookie can\nbe
      accessed via unencrypted connections.\n\n\n\n\n*Mitigation*:\nWhenever a cookie
      contains sensitive information or is a session token, then\nit should always
      be passed using an encrypted channel. Ensure that the secure\nflag is set for
      cookies containing such sensitive information.\n\n\n\n\n\n*Impact*:\nNone\n\n\n\n\n\n*References*:\nhttp://www.owasp.org/index.php/Testing_for_cookies_attributes_(OWASP-SM-002)\n\n\n\n\n*Reporter:*
      [(admin) ()|mailto:]\n", "priority": {"name": "Low"}, "customfield_10011": "Zap1:
      Cookie Without Secure Flag"}}'
    headers:
      Accept:
      - application/json,*/*;q=0.9
      Accept-Encoding:
      - gzip, deflate
      Cache-Control:
      - no-cache
      Connection:
      - keep-alive
      Content-Length:
      - '1380'
      Content-Type:
      - application/json
      User-Agent:
      - python-requests/2.32.3
    method: POST
    uri: https://defectdojo.atlassian.net/rest/api/2/issue
  response:
    body:
      string: '{"id":"18279","key":"NTEST-1892","self":"https://defectdojo.atlassian.net/rest/api/2/issue/18279"}'
    headers:
      Atl-Request-Id:
      - 3c4f315d-0a57-46b6-894c-2f2b8b17cd21
      Atl-Traceid:
      - 3c4f315d0a5746b6894c2f2b8b17cd21
      Cache-Control:
      - no-cache, no-store, no-transform
      Connection:
      - keep-alive
      Content-Type:
      - application/json;charset=UTF-8
      Date:
      - Wed, 30 Apr 2025 16:28:32 GMT
      Nel:
      - '{"failure_fraction": 0.001, "include_subdomains": true, "max_age": 600, "report_to":
        "endpoint-1"}'
      Report-To:
      - '{"endpoints": [{"url": "https://dz8aopenkvv6s.cloudfront.net"}], "group":
        "endpoint-1", "include_subdomains": true, "max_age": 600}'
      Server:
      - AtlassianEdge
      Server-Timing:
      - cdn-cache-miss,cdn-pop;desc="ORD58-P1",cdn-rid;desc="1-RU1G7fA8P5mImwxFOx5U_rwHHmEuSkP03Ru4SKlAPmzLKajB-0bg==",cdn-downstream-fbl;dur=835,cdn-upstream-layer;desc="EDGE",cdn-upstream-dns;dur=0,cdn-upstream-connect;dur=64,cdn-upstream-fbl;dur=831,atl-edge;dur=745,atl-edge-internal;dur=16,atl-edge-upstream;dur=730,atl-edge-pop;desc="aws-us-east-1"
      Strict-Transport-Security:
      - max-age=63072000; includeSubDomains; preload
      Timing-Allow-Origin:
      - '*'
      Transfer-Encoding:
      - chunked
      Vary:
      - Accept-Encoding
      Via:
      - 1.1 452324c4cfd54555e3a2d8c074edaf78.cloudfront.net (CloudFront)
      X-Aaccountid:
      - 5d3878b170e3c90c952f91f6
      X-Amz-Cf-Id:
      - 1-RU1G7fA8P5mImwxFOx5U_rwHHmEuSkP03Ru4SKlAPmzLKajB-0bg==
      X-Amz-Cf-Pop:
      - ORD58-P1
      X-Arequestid:
      - f3ecfc4815afa3dbb4361711bfce3c89
      X-Cache:
      - Miss from cloudfront
      X-Content-Type-Options:
      - nosniff
      X-Xss-Protection:
      - 1; mode=block
    status:
      code: 201
      message: Created
- request:
    body: null
    headers:
      Accept:
      - application/json,*/*;q=0.9
      Accept-Encoding:
      - gzip, deflate
      Cache-Control:
      - no-cache
      Connection:
      - keep-alive
      Content-Type:
      - application/json
      User-Agent:
      - python-requests/2.32.3
    method: GET
    uri: https://defectdojo.atlassian.net/rest/api/2/issue/NTEST-1892
  response:
    body:
      string: '{"expand":"renderedFields,names,schema,operations,editmeta,changelog,versionedRepresentations,customfield_10010.requestTypePractice","id":"18279","self":"https://defectdojo.atlassian.net/rest/api/2/issue/18279","key":"NTEST-1892","fields":{"statuscategorychangedate":"2025-04-30T18:28:32.412+0200","issuetype":{"self":"https://defectdojo.atlassian.net/rest/api/2/issuetype/10000","id":"10000","description":"A
        big user story that needs to be broken down. Created by Jira Software - do
        not edit or delete.","iconUrl":"https://defectdojo.atlassian.net/images/icons/issuetypes/epic.svg","name":"Epic","subtask":false,"hierarchyLevel":1},"timespent":null,"customfield_10030":null,"project":{"self":"https://defectdojo.atlassian.net/rest/api/2/project/10000","id":"10000","key":"NTEST","name":"Unittests","projectTypeKey":"software","simplified":false,"avatarUrls":{"48x48":"https://defectdojo.atlassian.net/rest/api/2/universal_avatar/view/type/project/avatar/10407","24x24":"https://defectdojo.atlassian.net/rest/api/2/universal_avatar/view/type/project/avatar/10407?size=small","16x16":"https://defectdojo.atlassian.net/rest/api/2/universal_avatar/view/type/project/avatar/10407?size=xsmall","32x32":"https://defectdojo.atlassian.net/rest/api/2/universal_avatar/view/type/project/avatar/10407?size=medium"}},"customfield_10031":null,"customfield_10032":null,"fixVersions":[],"customfield_10033":null,"statusCategory":{"self":"https://defectdojo.atlassian.net/rest/api/2/statuscategory/2","id":2,"key":"new","colorName":"blue-gray","name":"To
        Do"},"aggregatetimespent":null,"resolution":null,"customfield_10035":null,"customfield_10036":null,"customfield_10037":null,"customfield_10027":null,"customfield_10028":null,"customfield_10029":null,"resolutiondate":null,"workratio":-1,"lastViewed":null,"watches":{"self":"https://defectdojo.atlassian.net/rest/api/2/issue/NTEST-1892/watchers","watchCount":1,"isWatching":true},"created":"2025-04-30T18:28:32.085+0200","customfield_10020":null,"customfield_10021":null,"customfield_10022":null,"priority":{"self":"https://defectdojo.atlassian.net/rest/api/2/priority/4","iconUrl":"https://defectdojo.atlassian.net/images/icons/priorities/low.svg","name":"Low","id":"4"},"customfield_10023":null,"labels":[],"customfield_10026":null,"customfield_10016":null,"customfield_10017":"purple","customfield_10018":{"hasEpicLinkFieldDependency":false,"showField":false,"nonEditableReason":{"reason":"PLUGIN_LICENSE_ERROR","message":"The
        Parent Link is only available to Jira Premium users."}},"customfield_10019":"0|i00tav:","timeestimate":null,"aggregatetimeoriginalestimate":null,"versions":[],"issuelinks":[],"assignee":null,"updated":"2025-04-30T18:28:32.216+0200","status":{"self":"https://defectdojo.atlassian.net/rest/api/2/status/10000","description":"","iconUrl":"https://defectdojo.atlassian.net/","name":"Backlog","id":"10000","statusCategory":{"self":"https://defectdojo.atlassian.net/rest/api/2/statuscategory/2","id":2,"key":"new","colorName":"blue-gray","name":"To
        Do"}},"components":[],"customfield_10050":null,"customfield_10051":null,"timeoriginalestimate":null,"customfield_10053":null,"description":"\n\n\n\n\n\n*Title*:
        [Zap1: Cookie Without Secure Flag|http://localhost:8080/finding/331]\n\n*Defect
        Dojo link:* http://localhost:8080/finding/331 (331)\n\n*Severity:* Low\n\n\n*Due
        Date:* Aug. 28, 2025\n\n\n\n*CWE:* [CWE-614|https://cwe.mitre.org/data/definitions/614.html]\n\n\n\n*CVE:*
        Unknown\n\n\n\n\n*Product/Engagement/Test:* [Security How-to|http://localhost:8080/product/2]
        / [1st Quarter Engagement|http://localhost:8080/engagement/1] / [ZAP Scan|http://localhost:8080/test/121]\n\n\n\n\n\n\n\n\n*Systems/Endpoints*:\n\n*
        https://mainsite.com/dashboard\n* https://mainsite.com\n\n\n\n\n\n\n\n*Description*:\nA
        cookie has been set without the secure flag, which means that the cookie can\nbe
        accessed via unencrypted connections.\n\n\n\n\n*Mitigation*:\nWhenever a cookie
        contains sensitive information or is a session token, then\nit should always
        be passed using an encrypted channel. Ensure that the secure\nflag is set
        for cookies containing such sensitive information.\n\n\n\n\n\n*Impact*:\nNone\n\n\n\n\n\n*References*:\nhttp://www.owasp.org/index.php/Testing_for_cookies_attributes_(OWASP-SM-002)\n\n\n\n\n*Reporter:*
        [(admin) ()|mailto:]\n","customfield_10010":null,"customfield_10055":null,"customfield_10011":"Zap1:
        Cookie Without Secure Flag","customfield_10056":null,"customfield_10012":{"self":"https://defectdojo.atlassian.net/rest/api/2/customFieldOption/10016","value":"To
        Do","id":"10016"},"customfield_10013":"ghx-label-7","customfield_10014":null,"timetracking":{},"customfield_10015":null,"customfield_10049":null,"customfield_10005":null,"customfield_10006":null,"customfield_10007":null,"security":null,"customfield_10008":null,"aggregatetimeestimate":null,"attachment":[],"customfield_10009":null,"summary":"Zap1:
        Cookie Without Secure Flag","creator":{"self":"https://defectdojo.atlassian.net/rest/api/2/user?accountId=5d3878b170e3c90c952f91f6","accountId":"5d3878b170e3c90c952f91f6","emailAddress":"cody@defectdojo.com","avatarUrls":{"48x48":"https://secure.gravatar.com/avatar/4e018ad14467c87539bcb7052ffaef8c?d=https%3A%2F%2Favatar-management--avatars.us-west-2.prod.public.atl-paas.net%2Finitials%2FCM-0.png","24x24":"https://secure.gravatar.com/avatar/4e018ad14467c87539bcb7052ffaef8c?d=https%3A%2F%2Favatar-management--avatars.us-west-2.prod.public.atl-paas.net%2Finitials%2FCM-0.png","16x16":"https://secure.gravatar.com/avatar/4e018ad14467c87539bcb7052ffaef8c?d=https%3A%2F%2Favatar-management--avatars.us-west-2.prod.public.atl-paas.net%2Finitials%2FCM-0.png","32x32":"https://secure.gravatar.com/avatar/4e018ad14467c87539bcb7052ffaef8c?d=https%3A%2F%2Favatar-management--avatars.us-west-2.prod.public.atl-paas.net%2Finitials%2FCM-0.png"},"displayName":"Cody
        Maffucci","active":true,"timeZone":"Europe/Zurich","accountType":"atlassian"},"subtasks":[],"customfield_10040":null,"customfield_10041":null,"customfield_10042":null,"reporter":{"self":"https://defectdojo.atlassian.net/rest/api/2/user?accountId=5d3878b170e3c90c952f91f6","accountId":"5d3878b170e3c90c952f91f6","emailAddress":"cody@defectdojo.com","avatarUrls":{"48x48":"https://secure.gravatar.com/avatar/4e018ad14467c87539bcb7052ffaef8c?d=https%3A%2F%2Favatar-management--avatars.us-west-2.prod.public.atl-paas.net%2Finitials%2FCM-0.png","24x24":"https://secure.gravatar.com/avatar/4e018ad14467c87539bcb7052ffaef8c?d=https%3A%2F%2Favatar-management--avatars.us-west-2.prod.public.atl-paas.net%2Finitials%2FCM-0.png","16x16":"https://secure.gravatar.com/avatar/4e018ad14467c87539bcb7052ffaef8c?d=https%3A%2F%2Favatar-management--avatars.us-west-2.prod.public.atl-paas.net%2Finitials%2FCM-0.png","32x32":"https://secure.gravatar.com/avatar/4e018ad14467c87539bcb7052ffaef8c?d=https%3A%2F%2Favatar-management--avatars.us-west-2.prod.public.atl-paas.net%2Finitials%2FCM-0.png"},"displayName":"Cody
        Maffucci","active":true,"timeZone":"Europe/Zurich","accountType":"atlassian"},"customfield_10043":null,"aggregateprogress":{"progress":0,"total":0},"customfield_10044":null,"customfield_10045":null,"customfield_10001":null,"customfield_10046":null,"customfield_10002":[],"customfield_10047":null,"customfield_10003":null,"customfield_10048":null,"customfield_10004":null,"customfield_10038":null,"customfield_10039":null,"environment":null,"duedate":null,"progress":{"progress":0,"total":0},"votes":{"self":"https://defectdojo.atlassian.net/rest/api/2/issue/NTEST-1892/votes","votes":0,"hasVoted":false},"comment":{"comments":[],"self":"https://defectdojo.atlassian.net/rest/api/2/issue/18279/comment","maxResults":0,"total":0,"startAt":0},"worklog":{"startAt":0,"maxResults":20,"total":0,"worklogs":[]}}}'
    headers:
      Atl-Request-Id:
      - bfde8bce-3c4f-4f93-8fcc-fe12f253d6b1
      Atl-Traceid:
      - bfde8bce3c4f4f938fccfe12f253d6b1
      Cache-Control:
      - no-cache, no-store, no-transform
      Connection:
      - keep-alive
      Content-Encoding:
      - gzip
      Content-Type:
      - application/json;charset=UTF-8
      Date:
      - Wed, 30 Apr 2025 16:28:32 GMT
      Nel:
      - '{"failure_fraction": 0.001, "include_subdomains": true, "max_age": 600, "report_to":
        "endpoint-1"}'
      Report-To:
      - '{"endpoints": [{"url": "https://dz8aopenkvv6s.cloudfront.net"}], "group":
        "endpoint-1", "include_subdomains": true, "max_age": 600}'
      Server:
      - AtlassianEdge
      Server-Timing:
      - cdn-upstream-layer;desc="EDGE",cdn-upstream-dns;dur=0,cdn-upstream-connect;dur=0,cdn-upstream-fbl;dur=303,atl-edge;dur=270,atl-edge-internal;dur=17,atl-edge-upstream;dur=253,atl-edge-pop;desc="aws-us-east-1",cdn-cache-miss,cdn-pop;desc="DFW57-P1",cdn-rid;desc="0y7YuHB4F-9wWQPqRy4taUkOy0TV4bMqHOC9LV68sYanPY5usIWo1w==",cdn-downstream-fbl;dur=306
      Strict-Transport-Security:
      - max-age=63072000; includeSubDomains; preload
      Timing-Allow-Origin:
      - '*'
      Transfer-Encoding:
      - chunked
      Vary:
      - Accept-Encoding
      Via:
      - 1.1 5ea7f8bcbac3004590a821cdd0466e1c.cloudfront.net (CloudFront)
      X-Aaccountid:
      - 5d3878b170e3c90c952f91f6
      X-Amz-Cf-Id:
      - 0y7YuHB4F-9wWQPqRy4taUkOy0TV4bMqHOC9LV68sYanPY5usIWo1w==
      X-Amz-Cf-Pop:
      - DFW57-P1
      X-Arequestid:
      - a81fead0ece54db477daa9ab42d0b08c
      X-Cache:
      - Miss from cloudfront
      X-Content-Type-Options:
      - nosniff
      X-Xss-Protection:
      - 1; mode=block
    status:
      code: 200
      message: OK
- request:
    body: null
    headers:
      Accept:
      - application/json,*/*;q=0.9
      Accept-Encoding:
      - gzip, deflate
      Cache-Control:
      - no-cache
      Connection:
      - keep-alive
      Content-Type:
      - application/json
      User-Agent:
      - python-requests/2.32.3
    method: GET
    uri: https://defectdojo.atlassian.net/rest/api/2/issue/18279
  response:
    body:
      string: '{"expand":"renderedFields,names,schema,operations,editmeta,changelog,versionedRepresentations,customfield_10010.requestTypePractice","id":"18279","self":"https://defectdojo.atlassian.net/rest/api/2/issue/18279","key":"NTEST-1892","fields":{"statuscategorychangedate":"2025-04-30T18:28:32.412+0200","issuetype":{"self":"https://defectdojo.atlassian.net/rest/api/2/issuetype/10000","id":"10000","description":"A
        big user story that needs to be broken down. Created by Jira Software - do
        not edit or delete.","iconUrl":"https://defectdojo.atlassian.net/images/icons/issuetypes/epic.svg","name":"Epic","subtask":false,"hierarchyLevel":1},"timespent":null,"customfield_10030":null,"project":{"self":"https://defectdojo.atlassian.net/rest/api/2/project/10000","id":"10000","key":"NTEST","name":"Unittests","projectTypeKey":"software","simplified":false,"avatarUrls":{"48x48":"https://defectdojo.atlassian.net/rest/api/2/universal_avatar/view/type/project/avatar/10407","24x24":"https://defectdojo.atlassian.net/rest/api/2/universal_avatar/view/type/project/avatar/10407?size=small","16x16":"https://defectdojo.atlassian.net/rest/api/2/universal_avatar/view/type/project/avatar/10407?size=xsmall","32x32":"https://defectdojo.atlassian.net/rest/api/2/universal_avatar/view/type/project/avatar/10407?size=medium"}},"customfield_10031":null,"customfield_10032":null,"fixVersions":[],"customfield_10033":null,"statusCategory":{"self":"https://defectdojo.atlassian.net/rest/api/2/statuscategory/2","id":2,"key":"new","colorName":"blue-gray","name":"To
        Do"},"aggregatetimespent":null,"resolution":null,"customfield_10035":null,"customfield_10036":null,"customfield_10037":null,"customfield_10027":null,"customfield_10028":null,"customfield_10029":null,"resolutiondate":null,"workratio":-1,"lastViewed":null,"watches":{"self":"https://defectdojo.atlassian.net/rest/api/2/issue/NTEST-1892/watchers","watchCount":1,"isWatching":true},"created":"2025-04-30T18:28:32.085+0200","customfield_10020":null,"customfield_10021":null,"customfield_10022":null,"priority":{"self":"https://defectdojo.atlassian.net/rest/api/2/priority/4","iconUrl":"https://defectdojo.atlassian.net/images/icons/priorities/low.svg","name":"Low","id":"4"},"customfield_10023":null,"labels":[],"customfield_10026":null,"customfield_10016":null,"customfield_10017":"purple","customfield_10018":{"hasEpicLinkFieldDependency":false,"showField":false,"nonEditableReason":{"reason":"PLUGIN_LICENSE_ERROR","message":"The
        Parent Link is only available to Jira Premium users."}},"customfield_10019":"0|i00tav:","timeestimate":null,"aggregatetimeoriginalestimate":null,"versions":[],"issuelinks":[],"assignee":null,"updated":"2025-04-30T18:28:32.216+0200","status":{"self":"https://defectdojo.atlassian.net/rest/api/2/status/10000","description":"","iconUrl":"https://defectdojo.atlassian.net/","name":"Backlog","id":"10000","statusCategory":{"self":"https://defectdojo.atlassian.net/rest/api/2/statuscategory/2","id":2,"key":"new","colorName":"blue-gray","name":"To
        Do"}},"components":[],"customfield_10050":null,"customfield_10051":null,"timeoriginalestimate":null,"customfield_10053":null,"description":"\n\n\n\n\n\n*Title*:
        [Zap1: Cookie Without Secure Flag|http://localhost:8080/finding/331]\n\n*Defect
        Dojo link:* http://localhost:8080/finding/331 (331)\n\n*Severity:* Low\n\n\n*Due
        Date:* Aug. 28, 2025\n\n\n\n*CWE:* [CWE-614|https://cwe.mitre.org/data/definitions/614.html]\n\n\n\n*CVE:*
        Unknown\n\n\n\n\n*Product/Engagement/Test:* [Security How-to|http://localhost:8080/product/2]
        / [1st Quarter Engagement|http://localhost:8080/engagement/1] / [ZAP Scan|http://localhost:8080/test/121]\n\n\n\n\n\n\n\n\n*Systems/Endpoints*:\n\n*
        https://mainsite.com/dashboard\n* https://mainsite.com\n\n\n\n\n\n\n\n*Description*:\nA
        cookie has been set without the secure flag, which means that the cookie can\nbe
        accessed via unencrypted connections.\n\n\n\n\n*Mitigation*:\nWhenever a cookie
        contains sensitive information or is a session token, then\nit should always
        be passed using an encrypted channel. Ensure that the secure\nflag is set
        for cookies containing such sensitive information.\n\n\n\n\n\n*Impact*:\nNone\n\n\n\n\n\n*References*:\nhttp://www.owasp.org/index.php/Testing_for_cookies_attributes_(OWASP-SM-002)\n\n\n\n\n*Reporter:*
        [(admin) ()|mailto:]\n","customfield_10010":null,"customfield_10055":null,"customfield_10011":"Zap1:
        Cookie Without Secure Flag","customfield_10056":null,"customfield_10012":{"self":"https://defectdojo.atlassian.net/rest/api/2/customFieldOption/10016","value":"To
        Do","id":"10016"},"customfield_10013":"ghx-label-7","customfield_10014":null,"timetracking":{},"customfield_10015":null,"customfield_10049":null,"customfield_10005":null,"customfield_10006":null,"customfield_10007":null,"security":null,"customfield_10008":null,"aggregatetimeestimate":null,"attachment":[],"customfield_10009":null,"summary":"Zap1:
        Cookie Without Secure Flag","creator":{"self":"https://defectdojo.atlassian.net/rest/api/2/user?accountId=5d3878b170e3c90c952f91f6","accountId":"5d3878b170e3c90c952f91f6","emailAddress":"cody@defectdojo.com","avatarUrls":{"48x48":"https://secure.gravatar.com/avatar/4e018ad14467c87539bcb7052ffaef8c?d=https%3A%2F%2Favatar-management--avatars.us-west-2.prod.public.atl-paas.net%2Finitials%2FCM-0.png","24x24":"https://secure.gravatar.com/avatar/4e018ad14467c87539bcb7052ffaef8c?d=https%3A%2F%2Favatar-management--avatars.us-west-2.prod.public.atl-paas.net%2Finitials%2FCM-0.png","16x16":"https://secure.gravatar.com/avatar/4e018ad14467c87539bcb7052ffaef8c?d=https%3A%2F%2Favatar-management--avatars.us-west-2.prod.public.atl-paas.net%2Finitials%2FCM-0.png","32x32":"https://secure.gravatar.com/avatar/4e018ad14467c87539bcb7052ffaef8c?d=https%3A%2F%2Favatar-management--avatars.us-west-2.prod.public.atl-paas.net%2Finitials%2FCM-0.png"},"displayName":"Cody
        Maffucci","active":true,"timeZone":"Europe/Zurich","accountType":"atlassian"},"subtasks":[],"customfield_10040":null,"customfield_10041":null,"customfield_10042":null,"reporter":{"self":"https://defectdojo.atlassian.net/rest/api/2/user?accountId=5d3878b170e3c90c952f91f6","accountId":"5d3878b170e3c90c952f91f6","emailAddress":"cody@defectdojo.com","avatarUrls":{"48x48":"https://secure.gravatar.com/avatar/4e018ad14467c87539bcb7052ffaef8c?d=https%3A%2F%2Favatar-management--avatars.us-west-2.prod.public.atl-paas.net%2Finitials%2FCM-0.png","24x24":"https://secure.gravatar.com/avatar/4e018ad14467c87539bcb7052ffaef8c?d=https%3A%2F%2Favatar-management--avatars.us-west-2.prod.public.atl-paas.net%2Finitials%2FCM-0.png","16x16":"https://secure.gravatar.com/avatar/4e018ad14467c87539bcb7052ffaef8c?d=https%3A%2F%2Favatar-management--avatars.us-west-2.prod.public.atl-paas.net%2Finitials%2FCM-0.png","32x32":"https://secure.gravatar.com/avatar/4e018ad14467c87539bcb7052ffaef8c?d=https%3A%2F%2Favatar-management--avatars.us-west-2.prod.public.atl-paas.net%2Finitials%2FCM-0.png"},"displayName":"Cody
        Maffucci","active":true,"timeZone":"Europe/Zurich","accountType":"atlassian"},"customfield_10043":null,"aggregateprogress":{"progress":0,"total":0},"customfield_10044":null,"customfield_10045":null,"customfield_10001":null,"customfield_10046":null,"customfield_10002":[],"customfield_10047":null,"customfield_10003":null,"customfield_10048":null,"customfield_10004":null,"customfield_10038":null,"customfield_10039":null,"environment":null,"duedate":null,"progress":{"progress":0,"total":0},"votes":{"self":"https://defectdojo.atlassian.net/rest/api/2/issue/NTEST-1892/votes","votes":0,"hasVoted":false},"comment":{"comments":[],"self":"https://defectdojo.atlassian.net/rest/api/2/issue/18279/comment","maxResults":0,"total":0,"startAt":0},"worklog":{"startAt":0,"maxResults":20,"total":0,"worklogs":[]}}}'
    headers:
      Atl-Request-Id:
      - aec2a5b0-e095-465b-8128-fb5f239bb31d
      Atl-Traceid:
      - aec2a5b0e095465b8128fb5f239bb31d
      Cache-Control:
      - no-cache, no-store, no-transform
      Connection:
      - keep-alive
      Content-Encoding:
      - gzip
      Content-Type:
      - application/json;charset=UTF-8
      Date:
      - Wed, 30 Apr 2025 16:28:33 GMT
      Nel:
      - '{"failure_fraction": 0.001, "include_subdomains": true, "max_age": 600, "report_to":
        "endpoint-1"}'
      Report-To:
      - '{"endpoints": [{"url": "https://dz8aopenkvv6s.cloudfront.net"}], "group":
        "endpoint-1", "include_subdomains": true, "max_age": 600}'
      Server:
      - AtlassianEdge
      Server-Timing:
      - cdn-cache-miss,cdn-pop;desc="ORD56-P1",cdn-rid;desc="Lf-RyF7zhgdPjdToRxXaXlR3Pa_HwG8DaZwJSidUS1bQ-oIvY5OWKw==",cdn-downstream-fbl;dur=359,cdn-upstream-layer;desc="EDGE",cdn-upstream-dns;dur=0,cdn-upstream-connect;dur=66,cdn-upstream-fbl;dur=357,atl-edge;dur=268,atl-edge-internal;dur=19,atl-edge-upstream;dur=249,atl-edge-pop;desc="aws-us-east-1"
      Strict-Transport-Security:
      - max-age=63072000; includeSubDomains; preload
      Timing-Allow-Origin:
      - '*'
      Transfer-Encoding:
      - chunked
      Vary:
      - Accept-Encoding
      Via:
      - 1.1 dd3ca66f64c2ab5745848b5787ca747a.cloudfront.net (CloudFront)
      X-Aaccountid:
      - 5d3878b170e3c90c952f91f6
      X-Amz-Cf-Id:
      - Lf-RyF7zhgdPjdToRxXaXlR3Pa_HwG8DaZwJSidUS1bQ-oIvY5OWKw==
      X-Amz-Cf-Pop:
      - ORD56-P1
      X-Arequestid:
      - 6e727b6ba762432b4aac7f068fa6b697
      X-Cache:
      - Miss from cloudfront
      X-Content-Type-Options:
      - nosniff
      X-Xss-Protection:
      - 1; mode=block
    status:
      code: 200
      message: OK
- request:
    body: null
    headers:
      Accept:
      - application/json,*/*;q=0.9
      Accept-Encoding:
      - gzip, deflate
      Cache-Control:
      - no-cache
      Connection:
      - keep-alive
      Content-Type:
      - application/json
      User-Agent:
      - python-requests/2.32.3
    method: GET
    uri: https://defectdojo.atlassian.net/rest/api/2/serverInfo
  response:
    body:
      string: '{"baseUrl":"https://defectdojo.atlassian.net","displayUrl":"https://defectdojo.atlassian.net","displayUrlServicedeskHelpCenter":"https://defectdojo.atlassian.net","displayUrlConfluence":"https://defectdojo.atlassian.net","version":"1001.0.0-SNAPSHOT","versionNumbers":[1001,0,0],"deploymentType":"Cloud","buildNumber":100283,"buildDate":"2025-04-29T22:58:24.000+0200","serverTime":"2025-04-30T18:28:33.829+0200","scmInfo":"0bc1b6ccc33af448636c49e0141bd2e25a26f3ec","serverTitle":"Jira","defaultLocale":{"locale":"en_US"},"serverTimeZone":"Etc/UTC"}'
    headers:
      Atl-Request-Id:
      - 9fdd9ea2-17c9-44e8-8a65-7484c13f6b2d
      Atl-Traceid:
      - 9fdd9ea217c944e88a657484c13f6b2d
      Cache-Control:
      - no-cache, no-store, no-transform
      Connection:
      - keep-alive
      Content-Encoding:
      - gzip
      Content-Type:
      - application/json;charset=UTF-8
      Date:
      - Wed, 30 Apr 2025 16:28:33 GMT
      Nel:
      - '{"failure_fraction": 0.001, "include_subdomains": true, "max_age": 600, "report_to":
        "endpoint-1"}'
      Report-To:
      - '{"endpoints": [{"url": "https://dz8aopenkvv6s.cloudfront.net"}], "group":
        "endpoint-1", "include_subdomains": true, "max_age": 600}'
      Server:
      - AtlassianEdge
      Server-Timing:
      - cdn-cache-miss,cdn-pop;desc="ORD56-P1",cdn-rid;desc="5BugPBxoS4frxVs7iUNxvFYHw2Le41ltk0TPHbPY7svzw9b0JW5BMg==",cdn-downstream-fbl;dur=246,cdn-upstream-layer;desc="EDGE",cdn-upstream-dns;dur=0,cdn-upstream-connect;dur=63,cdn-upstream-fbl;dur=244,atl-edge;dur=159,atl-edge-internal;dur=14,atl-edge-upstream;dur=146,atl-edge-pop;desc="aws-us-east-1"
      Strict-Transport-Security:
      - max-age=63072000; includeSubDomains; preload
      Timing-Allow-Origin:
      - '*'
      Transfer-Encoding:
      - chunked
      Vary:
      - Accept-Encoding
      Via:
      - 1.1 48f2e5da4dd7651bfa3bfd0054610cf4.cloudfront.net (CloudFront)
      X-Aaccountid:
      - 5d3878b170e3c90c952f91f6
      X-Amz-Cf-Id:
      - 5BugPBxoS4frxVs7iUNxvFYHw2Le41ltk0TPHbPY7svzw9b0JW5BMg==
      X-Amz-Cf-Pop:
      - ORD56-P1
      X-Arequestid:
      - c1a9d0dff5cb3e278a1c4e91357b3e79
      X-Cache:
      - Miss from cloudfront
      X-Content-Type-Options:
      - nosniff
      X-Xss-Protection:
      - 1; mode=block
    status:
      code: 200
      message: OK
- request:
    body: null
    headers:
      Accept:
      - application/json,*/*;q=0.9
      Accept-Encoding:
      - gzip, deflate
      Cache-Control:
      - no-cache
      Connection:
      - keep-alive
      Content-Type:
      - application/json
      User-Agent:
      - python-requests/2.32.3
    method: GET
    uri: https://defectdojo.atlassian.net/rest/api/2/issue/createmeta?projectKeys=NTEST&issuetypeNames=Epic&expand=projects.issuetypes.fields
  response:
    body:
      string: '{"expand":"projects","projects":[{"expand":"issuetypes","self":"https://defectdojo.atlassian.net/rest/api/2/project/10000","id":"10000","key":"NTEST","name":"Unittests","avatarUrls":{"48x48":"https://defectdojo.atlassian.net/rest/api/2/universal_avatar/view/type/project/avatar/10407","24x24":"https://defectdojo.atlassian.net/rest/api/2/universal_avatar/view/type/project/avatar/10407?size=small","16x16":"https://defectdojo.atlassian.net/rest/api/2/universal_avatar/view/type/project/avatar/10407?size=xsmall","32x32":"https://defectdojo.atlassian.net/rest/api/2/universal_avatar/view/type/project/avatar/10407?size=medium"},"issuetypes":[{"self":"https://defectdojo.atlassian.net/rest/api/2/issuetype/10000","id":"10000","description":"A
        big user story that needs to be broken down. Created by Jira Software - do
        not edit or delete.","iconUrl":"https://defectdojo.atlassian.net/images/icons/issuetypes/epic.svg","name":"Epic","untranslatedName":"Epic","subtask":false,"hierarchyLevel":1,"expand":"fields","fields":{"summary":{"required":true,"schema":{"type":"string","system":"summary"},"name":"Summary","key":"summary","hasDefaultValue":false,"operations":["set"]},"issuetype":{"required":true,"schema":{"type":"issuetype","system":"issuetype"},"name":"Issue
        Type","key":"issuetype","hasDefaultValue":false,"operations":[],"allowedValues":[{"self":"https://defectdojo.atlassian.net/rest/api/2/issuetype/10000","id":"10000","description":"A
        big user story that needs to be broken down. Created by Jira Software - do
        not edit or delete.","iconUrl":"https://defectdojo.atlassian.net/images/icons/issuetypes/epic.svg","name":"Epic","subtask":false,"hierarchyLevel":1}]},"components":{"required":false,"schema":{"type":"array","items":"component","system":"components"},"name":"Components","key":"components","hasDefaultValue":false,"operations":["add","set","remove"],"allowedValues":[]},"description":{"required":false,"schema":{"type":"string","system":"description"},"name":"Description","key":"description","hasDefaultValue":false,"operations":["set"]},"project":{"required":true,"schema":{"type":"project","system":"project"},"name":"Project","key":"project","hasDefaultValue":false,"operations":["set"],"allowedValues":[{"self":"https://defectdojo.atlassian.net/rest/api/2/project/10000","id":"10000","key":"NTEST","name":"Unittests","projectTypeKey":"software","simplified":false,"avatarUrls":{"48x48":"https://defectdojo.atlassian.net/rest/api/2/universal_avatar/view/type/project/avatar/10407","24x24":"https://defectdojo.atlassian.net/rest/api/2/universal_avatar/view/type/project/avatar/10407?size=small","16x16":"https://defectdojo.atlassian.net/rest/api/2/universal_avatar/view/type/project/avatar/10407?size=xsmall","32x32":"https://defectdojo.atlassian.net/rest/api/2/universal_avatar/view/type/project/avatar/10407?size=medium"}}]},"customfield_10011":{"required":false,"schema":{"type":"string","custom":"com.pyxis.greenhopper.jira:gh-epic-label","customId":10011},"name":"Epic
        Name","key":"customfield_10011","hasDefaultValue":false,"operations":["set"]},"fixVersions":{"required":false,"schema":{"type":"array","items":"version","system":"fixVersions"},"name":"Fix
        versions","key":"fixVersions","hasDefaultValue":false,"operations":["set","add","remove"],"allowedValues":[]},"priority":{"required":false,"schema":{"type":"priority","system":"priority"},"name":"Priority","key":"priority","hasDefaultValue":true,"operations":["set"],"allowedValues":[{"self":"https://defectdojo.atlassian.net/rest/api/2/priority/1","iconUrl":"https://defectdojo.atlassian.net/images/icons/priorities/highest.svg","name":"Highest","id":"1"},{"self":"https://defectdojo.atlassian.net/rest/api/2/priority/2","iconUrl":"https://defectdojo.atlassian.net/images/icons/priorities/high.svg","name":"High","id":"2"},{"self":"https://defectdojo.atlassian.net/rest/api/2/priority/3","iconUrl":"https://defectdojo.atlassian.net/images/icons/priorities/medium.svg","name":"Medium","id":"3"},{"self":"https://defectdojo.atlassian.net/rest/api/2/priority/4","iconUrl":"https://defectdojo.atlassian.net/images/icons/priorities/low.svg","name":"Low","id":"4"},{"self":"https://defectdojo.atlassian.net/rest/api/2/priority/5","iconUrl":"https://defectdojo.atlassian.net/images/icons/priorities/lowest.svg","name":"Lowest","id":"5"}],"defaultValue":{"self":"https://defectdojo.atlassian.net/rest/api/2/priority/3","iconUrl":"https://defectdojo.atlassian.net/images/icons/priorities/medium.svg","name":"Medium","id":"3"}},"customfield_10014":{"required":false,"schema":{"type":"any","custom":"com.pyxis.greenhopper.jira:gh-epic-link","customId":10014},"name":"Epic
        Link","key":"customfield_10014","hasDefaultValue":false,"operations":["set"]},"labels":{"required":false,"schema":{"type":"array","items":"string","system":"labels"},"name":"Labels","key":"labels","autoCompleteUrl":"https://defectdojo.atlassian.net/rest/api/1.0/labels/suggest?query=","hasDefaultValue":false,"operations":["add","set","remove"]},"attachment":{"required":false,"schema":{"type":"array","items":"attachment","system":"attachment"},"name":"Attachment","key":"attachment","hasDefaultValue":false,"operations":["set","copy"]},"issuelinks":{"required":false,"schema":{"type":"array","items":"issuelinks","system":"issuelinks"},"name":"Linked
        Issues","key":"issuelinks","autoCompleteUrl":"https://defectdojo.atlassian.net/rest/api/2/issue/picker?currentProjectId=&showSubTaskParent=true&showSubTasks=true&currentIssueKey=null&query=","hasDefaultValue":false,"operations":["add","copy"]},"assignee":{"required":false,"schema":{"type":"user","system":"assignee"},"name":"Assignee","key":"assignee","autoCompleteUrl":"https://defectdojo.atlassian.net/rest/api/2/user/assignable/search?project=NTEST&query=","hasDefaultValue":false,"operations":["set"]}}}]}]}'
    headers:
      Atl-Request-Id:
      - 9ff3fabe-0008-410b-82dc-2834ebbde811
      Atl-Traceid:
      - 9ff3fabe0008410b82dc2834ebbde811
      Cache-Control:
      - no-cache, no-store, no-transform
      Connection:
      - keep-alive
      Content-Encoding:
      - gzip
      Content-Type:
      - application/json;charset=UTF-8
      Date:
      - Wed, 30 Apr 2025 16:28:34 GMT
      Nel:
      - '{"failure_fraction": 0.001, "include_subdomains": true, "max_age": 600, "report_to":
        "endpoint-1"}'
      Report-To:
      - '{"endpoints": [{"url": "https://dz8aopenkvv6s.cloudfront.net"}], "group":
        "endpoint-1", "include_subdomains": true, "max_age": 600}'
      Server:
      - AtlassianEdge
      Server-Timing:
      - cdn-cache-miss,cdn-pop;desc="DFW57-P1",cdn-rid;desc="jJFPpr10iA9f1L69XebJMfmlYolNKmH0d_Uq1kSg_WLk1oGpBNYn_A==",cdn-downstream-fbl;dur=397,cdn-upstream-layer;desc="EDGE",cdn-upstream-dns;dur=0,cdn-upstream-connect;dur=101,cdn-upstream-fbl;dur=394,atl-edge;dur=257,atl-edge-internal;dur=18,atl-edge-upstream;dur=240,atl-edge-pop;desc="aws-us-east-1"
      Strict-Transport-Security:
      - max-age=63072000; includeSubDomains; preload
      Timing-Allow-Origin:
      - '*'
      Transfer-Encoding:
      - chunked
      Vary:
      - Accept-Encoding
      Via:
      - 1.1 a65725dd05dc27eea7ae75a2e122228e.cloudfront.net (CloudFront)
      Warning:
      - 'The issue create meta endpoint has been deprecated. (Deprecation start date:
        June 03, 2024)'
      X-Aaccountid:
      - 5d3878b170e3c90c952f91f6
      X-Amz-Cf-Id:
      - jJFPpr10iA9f1L69XebJMfmlYolNKmH0d_Uq1kSg_WLk1oGpBNYn_A==
      X-Amz-Cf-Pop:
      - DFW57-P1
      X-Arequestid:
      - 0513450174a52dcde1221024c2cafefe
      X-Cache:
      - Miss from cloudfront
      X-Content-Type-Options:
      - nosniff
      X-Xss-Protection:
      - 1; mode=block
    status:
      code: 200
      message: OK
- request:
    body: '{"fields": {"project": {"key": "NTEST"}, "issuetype": {"name": "Epic"},
      "summary": "Zap2: Cookie Without Secure Flag", "description": "\n\n\n\n\n\n*Title*:
      [Zap2: Cookie Without Secure Flag|http://localhost:8080/finding/332]\n\n*Defect
      Dojo link:* http://localhost:8080/finding/332 (332)\n\n*Severity:* Low\n\n\n*Due
      Date:* Aug. 28, 2025\n\n\n\n*CWE:* [CWE-614|https://cwe.mitre.org/data/definitions/614.html]\n\n\n\n*CVE:*
      Unknown\n\n\n\n\n*Product/Engagement/Test:* [Security How-to|http://localhost:8080/product/2]
      / [1st Quarter Engagement|http://localhost:8080/engagement/1] / [ZAP Scan|http://localhost:8080/test/121]\n\n\n\n\n\n\n\n\n*Systems/Endpoints*:\n\n*
      https://mainsite.com/dashboard\n* https://mainsite.com\n\n\n\n\n\n\n\n*Description*:\nA
      cookie has been set without the secure flag, which means that the cookie can\nbe
      accessed via unencrypted connections.\n\n\n\n\n*Mitigation*:\nWhenever a cookie
      contains sensitive information or is a session token, then\nit should always
      be passed using an encrypted channel. Ensure that the secure\nflag is set for
      cookies containing such sensitive information.\n\n\n\n\n\n*Impact*:\nNone\n\n\n\n\n\n*References*:\nhttp://www.owasp.org/index.php/Testing_for_cookies_attributes_(OWASP-SM-002)\n\n\n\n\n*Reporter:*
      [(admin) ()|mailto:]\n", "priority": {"name": "Low"}, "customfield_10011": "Zap2:
      Cookie Without Secure Flag"}}'
    headers:
      Accept:
      - application/json,*/*;q=0.9
      Accept-Encoding:
      - gzip, deflate
      Cache-Control:
      - no-cache
      Connection:
      - keep-alive
      Content-Length:
      - '1380'
      Content-Type:
      - application/json
      User-Agent:
      - python-requests/2.32.3
    method: POST
    uri: https://defectdojo.atlassian.net/rest/api/2/issue
  response:
    body:
      string: '{"id":"18281","key":"NTEST-1893","self":"https://defectdojo.atlassian.net/rest/api/2/issue/18281"}'
    headers:
      Atl-Request-Id:
      - 1788d899-7cb6-4a29-82a8-4963ac0a932a
      Atl-Traceid:
      - 1788d8997cb64a2982a84963ac0a932a
      Cache-Control:
      - no-cache, no-store, no-transform
      Connection:
      - keep-alive
      Content-Type:
      - application/json;charset=UTF-8
      Date:
      - Wed, 30 Apr 2025 16:28:35 GMT
      Nel:
      - '{"failure_fraction": 0.001, "include_subdomains": true, "max_age": 600, "report_to":
        "endpoint-1"}'
      Report-To:
      - '{"endpoints": [{"url": "https://dz8aopenkvv6s.cloudfront.net"}], "group":
        "endpoint-1", "include_subdomains": true, "max_age": 600}'
      Server:
      - AtlassianEdge
      Server-Timing:
      - cdn-upstream-layer;desc="EDGE",cdn-upstream-dns;dur=0,cdn-upstream-connect;dur=0,cdn-upstream-fbl;dur=750,atl-edge;dur=717,atl-edge-internal;dur=14,atl-edge-upstream;dur=703,atl-edge-pop;desc="aws-us-east-1",cdn-cache-miss,cdn-pop;desc="DFW57-P1",cdn-rid;desc="aNEpnh-QrzCxPryEvy2_l_x-zHqSSgQ_jj9Xv8pFtu1xMOZ99cKUUg==",cdn-downstream-fbl;dur=755
      Strict-Transport-Security:
      - max-age=63072000; includeSubDomains; preload
      Timing-Allow-Origin:
      - '*'
      Transfer-Encoding:
      - chunked
      Vary:
      - Accept-Encoding
      Via:
      - 1.1 de5b26aba33b480d2b740b96a34fe916.cloudfront.net (CloudFront)
      X-Aaccountid:
      - 5d3878b170e3c90c952f91f6
      X-Amz-Cf-Id:
      - aNEpnh-QrzCxPryEvy2_l_x-zHqSSgQ_jj9Xv8pFtu1xMOZ99cKUUg==
      X-Amz-Cf-Pop:
      - DFW57-P1
      X-Arequestid:
      - b2231863ec4c01795c45ba0f6b614127
      X-Cache:
      - Miss from cloudfront
      X-Content-Type-Options:
      - nosniff
      X-Xss-Protection:
      - 1; mode=block
    status:
      code: 201
      message: Created
- request:
    body: null
    headers:
      Accept:
      - application/json,*/*;q=0.9
      Accept-Encoding:
      - gzip, deflate
      Cache-Control:
      - no-cache
      Connection:
      - keep-alive
      Content-Type:
      - application/json
      User-Agent:
      - python-requests/2.32.3
    method: GET
    uri: https://defectdojo.atlassian.net/rest/api/2/issue/NTEST-1893
  response:
    body:
      string: '{"expand":"renderedFields,names,schema,operations,editmeta,changelog,versionedRepresentations,customfield_10010.requestTypePractice","id":"18281","self":"https://defectdojo.atlassian.net/rest/api/2/issue/18281","key":"NTEST-1893","fields":{"statuscategorychangedate":"2025-04-30T18:28:35.157+0200","issuetype":{"self":"https://defectdojo.atlassian.net/rest/api/2/issuetype/10000","id":"10000","description":"A
        big user story that needs to be broken down. Created by Jira Software - do
        not edit or delete.","iconUrl":"https://defectdojo.atlassian.net/images/icons/issuetypes/epic.svg","name":"Epic","subtask":false,"hierarchyLevel":1},"timespent":null,"customfield_10030":null,"project":{"self":"https://defectdojo.atlassian.net/rest/api/2/project/10000","id":"10000","key":"NTEST","name":"Unittests","projectTypeKey":"software","simplified":false,"avatarUrls":{"48x48":"https://defectdojo.atlassian.net/rest/api/2/universal_avatar/view/type/project/avatar/10407","24x24":"https://defectdojo.atlassian.net/rest/api/2/universal_avatar/view/type/project/avatar/10407?size=small","16x16":"https://defectdojo.atlassian.net/rest/api/2/universal_avatar/view/type/project/avatar/10407?size=xsmall","32x32":"https://defectdojo.atlassian.net/rest/api/2/universal_avatar/view/type/project/avatar/10407?size=medium"}},"customfield_10031":null,"customfield_10032":null,"fixVersions":[],"customfield_10033":null,"statusCategory":{"self":"https://defectdojo.atlassian.net/rest/api/2/statuscategory/2","id":2,"key":"new","colorName":"blue-gray","name":"To
        Do"},"aggregatetimespent":null,"resolution":null,"customfield_10035":null,"customfield_10036":null,"customfield_10037":null,"customfield_10027":null,"customfield_10028":null,"customfield_10029":null,"resolutiondate":null,"workratio":-1,"lastViewed":null,"watches":{"self":"https://defectdojo.atlassian.net/rest/api/2/issue/NTEST-1893/watchers","watchCount":1,"isWatching":true},"created":"2025-04-30T18:28:34.855+0200","customfield_10020":null,"customfield_10021":null,"customfield_10022":null,"priority":{"self":"https://defectdojo.atlassian.net/rest/api/2/priority/4","iconUrl":"https://defectdojo.atlassian.net/images/icons/priorities/low.svg","name":"Low","id":"4"},"customfield_10023":null,"labels":[],"customfield_10026":null,"customfield_10016":null,"customfield_10017":"grey","customfield_10018":{"hasEpicLinkFieldDependency":false,"showField":false,"nonEditableReason":{"reason":"PLUGIN_LICENSE_ERROR","message":"The
        Parent Link is only available to Jira Premium users."}},"customfield_10019":"0|i00tb3:","timeestimate":null,"aggregatetimeoriginalestimate":null,"versions":[],"issuelinks":[],"assignee":null,"updated":"2025-04-30T18:28:34.964+0200","status":{"self":"https://defectdojo.atlassian.net/rest/api/2/status/10000","description":"","iconUrl":"https://defectdojo.atlassian.net/","name":"Backlog","id":"10000","statusCategory":{"self":"https://defectdojo.atlassian.net/rest/api/2/statuscategory/2","id":2,"key":"new","colorName":"blue-gray","name":"To
        Do"}},"components":[],"customfield_10050":null,"customfield_10051":null,"timeoriginalestimate":null,"customfield_10053":null,"description":"\n\n\n\n\n\n*Title*:
        [Zap2: Cookie Without Secure Flag|http://localhost:8080/finding/332]\n\n*Defect
        Dojo link:* http://localhost:8080/finding/332 (332)\n\n*Severity:* Low\n\n\n*Due
        Date:* Aug. 28, 2025\n\n\n\n*CWE:* [CWE-614|https://cwe.mitre.org/data/definitions/614.html]\n\n\n\n*CVE:*
        Unknown\n\n\n\n\n*Product/Engagement/Test:* [Security How-to|http://localhost:8080/product/2]
        / [1st Quarter Engagement|http://localhost:8080/engagement/1] / [ZAP Scan|http://localhost:8080/test/121]\n\n\n\n\n\n\n\n\n*Systems/Endpoints*:\n\n*
        https://mainsite.com/dashboard\n* https://mainsite.com\n\n\n\n\n\n\n\n*Description*:\nA
        cookie has been set without the secure flag, which means that the cookie can\nbe
        accessed via unencrypted connections.\n\n\n\n\n*Mitigation*:\nWhenever a cookie
        contains sensitive information or is a session token, then\nit should always
        be passed using an encrypted channel. Ensure that the secure\nflag is set
        for cookies containing such sensitive information.\n\n\n\n\n\n*Impact*:\nNone\n\n\n\n\n\n*References*:\nhttp://www.owasp.org/index.php/Testing_for_cookies_attributes_(OWASP-SM-002)\n\n\n\n\n*Reporter:*
        [(admin) ()|mailto:]\n","customfield_10010":null,"customfield_10055":null,"customfield_10011":"Zap2:
        Cookie Without Secure Flag","customfield_10056":null,"customfield_10012":{"self":"https://defectdojo.atlassian.net/rest/api/2/customFieldOption/10016","value":"To
        Do","id":"10016"},"customfield_10013":"ghx-label-12","customfield_10014":null,"timetracking":{},"customfield_10015":null,"customfield_10049":null,"customfield_10005":null,"customfield_10006":null,"customfield_10007":null,"security":null,"customfield_10008":null,"aggregatetimeestimate":null,"attachment":[],"customfield_10009":null,"summary":"Zap2:
        Cookie Without Secure Flag","creator":{"self":"https://defectdojo.atlassian.net/rest/api/2/user?accountId=5d3878b170e3c90c952f91f6","accountId":"5d3878b170e3c90c952f91f6","emailAddress":"cody@defectdojo.com","avatarUrls":{"48x48":"https://secure.gravatar.com/avatar/4e018ad14467c87539bcb7052ffaef8c?d=https%3A%2F%2Favatar-management--avatars.us-west-2.prod.public.atl-paas.net%2Finitials%2FCM-0.png","24x24":"https://secure.gravatar.com/avatar/4e018ad14467c87539bcb7052ffaef8c?d=https%3A%2F%2Favatar-management--avatars.us-west-2.prod.public.atl-paas.net%2Finitials%2FCM-0.png","16x16":"https://secure.gravatar.com/avatar/4e018ad14467c87539bcb7052ffaef8c?d=https%3A%2F%2Favatar-management--avatars.us-west-2.prod.public.atl-paas.net%2Finitials%2FCM-0.png","32x32":"https://secure.gravatar.com/avatar/4e018ad14467c87539bcb7052ffaef8c?d=https%3A%2F%2Favatar-management--avatars.us-west-2.prod.public.atl-paas.net%2Finitials%2FCM-0.png"},"displayName":"Cody
        Maffucci","active":true,"timeZone":"Europe/Zurich","accountType":"atlassian"},"subtasks":[],"customfield_10040":null,"customfield_10041":null,"customfield_10042":null,"reporter":{"self":"https://defectdojo.atlassian.net/rest/api/2/user?accountId=5d3878b170e3c90c952f91f6","accountId":"5d3878b170e3c90c952f91f6","emailAddress":"cody@defectdojo.com","avatarUrls":{"48x48":"https://secure.gravatar.com/avatar/4e018ad14467c87539bcb7052ffaef8c?d=https%3A%2F%2Favatar-management--avatars.us-west-2.prod.public.atl-paas.net%2Finitials%2FCM-0.png","24x24":"https://secure.gravatar.com/avatar/4e018ad14467c87539bcb7052ffaef8c?d=https%3A%2F%2Favatar-management--avatars.us-west-2.prod.public.atl-paas.net%2Finitials%2FCM-0.png","16x16":"https://secure.gravatar.com/avatar/4e018ad14467c87539bcb7052ffaef8c?d=https%3A%2F%2Favatar-management--avatars.us-west-2.prod.public.atl-paas.net%2Finitials%2FCM-0.png","32x32":"https://secure.gravatar.com/avatar/4e018ad14467c87539bcb7052ffaef8c?d=https%3A%2F%2Favatar-management--avatars.us-west-2.prod.public.atl-paas.net%2Finitials%2FCM-0.png"},"displayName":"Cody
        Maffucci","active":true,"timeZone":"Europe/Zurich","accountType":"atlassian"},"customfield_10043":null,"aggregateprogress":{"progress":0,"total":0},"customfield_10044":null,"customfield_10045":null,"customfield_10001":null,"customfield_10046":null,"customfield_10002":[],"customfield_10047":null,"customfield_10003":null,"customfield_10048":null,"customfield_10004":null,"customfield_10038":null,"customfield_10039":null,"environment":null,"duedate":null,"progress":{"progress":0,"total":0},"votes":{"self":"https://defectdojo.atlassian.net/rest/api/2/issue/NTEST-1893/votes","votes":0,"hasVoted":false},"comment":{"comments":[],"self":"https://defectdojo.atlassian.net/rest/api/2/issue/18281/comment","maxResults":0,"total":0,"startAt":0},"worklog":{"startAt":0,"maxResults":20,"total":0,"worklogs":[]}}}'
    headers:
      Atl-Request-Id:
      - 1e082183-d900-44ff-b4e7-6a99a351f543
      Atl-Traceid:
      - 1e082183d90044ffb4e76a99a351f543
      Cache-Control:
      - no-cache, no-store, no-transform
      Connection:
      - keep-alive
      Content-Encoding:
      - gzip
      Content-Type:
      - application/json;charset=UTF-8
      Date:
      - Wed, 30 Apr 2025 16:28:35 GMT
      Nel:
      - '{"failure_fraction": 0.001, "include_subdomains": true, "max_age": 600, "report_to":
        "endpoint-1"}'
      Report-To:
      - '{"endpoints": [{"url": "https://dz8aopenkvv6s.cloudfront.net"}], "group":
        "endpoint-1", "include_subdomains": true, "max_age": 600}'
      Server:
      - AtlassianEdge
      Server-Timing:
      - cdn-cache-miss,cdn-pop;desc="ORD58-P1",cdn-rid;desc="KikHThxoPO-1VMkYMXLxkF5UjQjFVOt8vsHj1hmYmysU3SrtLOkOvg==",cdn-downstream-fbl;dur=357,cdn-upstream-layer;desc="EDGE",cdn-upstream-dns;dur=0,cdn-upstream-connect;dur=65,cdn-upstream-fbl;dur=354,atl-edge;dur=267,atl-edge-internal;dur=15,atl-edge-upstream;dur=252,atl-edge-pop;desc="aws-us-east-1"
      Strict-Transport-Security:
      - max-age=63072000; includeSubDomains; preload
      Timing-Allow-Origin:
      - '*'
      Transfer-Encoding:
      - chunked
      Vary:
      - Accept-Encoding
      Via:
      - 1.1 a9a3eef6ee6df44793fb3d5e366a7238.cloudfront.net (CloudFront)
      X-Aaccountid:
      - 5d3878b170e3c90c952f91f6
      X-Amz-Cf-Id:
      - KikHThxoPO-1VMkYMXLxkF5UjQjFVOt8vsHj1hmYmysU3SrtLOkOvg==
      X-Amz-Cf-Pop:
      - ORD58-P1
      X-Arequestid:
      - 364bb5bb767d761153775d5d99a91369
      X-Cache:
      - Miss from cloudfront
      X-Content-Type-Options:
      - nosniff
      X-Xss-Protection:
      - 1; mode=block
    status:
      code: 200
      message: OK
- request:
    body: null
    headers:
      Accept:
      - application/json,*/*;q=0.9
      Accept-Encoding:
      - gzip, deflate
      Cache-Control:
      - no-cache
      Connection:
      - keep-alive
      Content-Type:
      - application/json
      User-Agent:
      - python-requests/2.32.3
    method: GET
    uri: https://defectdojo.atlassian.net/rest/api/2/issue/18281
  response:
    body:
      string: '{"expand":"renderedFields,names,schema,operations,editmeta,changelog,versionedRepresentations,customfield_10010.requestTypePractice","id":"18281","self":"https://defectdojo.atlassian.net/rest/api/2/issue/18281","key":"NTEST-1893","fields":{"statuscategorychangedate":"2025-04-30T18:28:35.157+0200","issuetype":{"self":"https://defectdojo.atlassian.net/rest/api/2/issuetype/10000","id":"10000","description":"A
        big user story that needs to be broken down. Created by Jira Software - do
        not edit or delete.","iconUrl":"https://defectdojo.atlassian.net/images/icons/issuetypes/epic.svg","name":"Epic","subtask":false,"hierarchyLevel":1},"timespent":null,"customfield_10030":null,"project":{"self":"https://defectdojo.atlassian.net/rest/api/2/project/10000","id":"10000","key":"NTEST","name":"Unittests","projectTypeKey":"software","simplified":false,"avatarUrls":{"48x48":"https://defectdojo.atlassian.net/rest/api/2/universal_avatar/view/type/project/avatar/10407","24x24":"https://defectdojo.atlassian.net/rest/api/2/universal_avatar/view/type/project/avatar/10407?size=small","16x16":"https://defectdojo.atlassian.net/rest/api/2/universal_avatar/view/type/project/avatar/10407?size=xsmall","32x32":"https://defectdojo.atlassian.net/rest/api/2/universal_avatar/view/type/project/avatar/10407?size=medium"}},"customfield_10031":null,"customfield_10032":null,"fixVersions":[],"customfield_10033":null,"statusCategory":{"self":"https://defectdojo.atlassian.net/rest/api/2/statuscategory/2","id":2,"key":"new","colorName":"blue-gray","name":"To
        Do"},"aggregatetimespent":null,"resolution":null,"customfield_10035":null,"customfield_10036":null,"customfield_10037":null,"customfield_10027":null,"customfield_10028":null,"customfield_10029":null,"resolutiondate":null,"workratio":-1,"lastViewed":null,"watches":{"self":"https://defectdojo.atlassian.net/rest/api/2/issue/NTEST-1893/watchers","watchCount":1,"isWatching":true},"created":"2025-04-30T18:28:34.855+0200","customfield_10020":null,"customfield_10021":null,"customfield_10022":null,"priority":{"self":"https://defectdojo.atlassian.net/rest/api/2/priority/4","iconUrl":"https://defectdojo.atlassian.net/images/icons/priorities/low.svg","name":"Low","id":"4"},"customfield_10023":null,"labels":[],"customfield_10026":null,"customfield_10016":null,"customfield_10017":"grey","customfield_10018":{"hasEpicLinkFieldDependency":false,"showField":false,"nonEditableReason":{"reason":"PLUGIN_LICENSE_ERROR","message":"The
        Parent Link is only available to Jira Premium users."}},"customfield_10019":"0|i00tb3:","timeestimate":null,"aggregatetimeoriginalestimate":null,"versions":[],"issuelinks":[],"assignee":null,"updated":"2025-04-30T18:28:34.964+0200","status":{"self":"https://defectdojo.atlassian.net/rest/api/2/status/10000","description":"","iconUrl":"https://defectdojo.atlassian.net/","name":"Backlog","id":"10000","statusCategory":{"self":"https://defectdojo.atlassian.net/rest/api/2/statuscategory/2","id":2,"key":"new","colorName":"blue-gray","name":"To
        Do"}},"components":[],"customfield_10050":null,"customfield_10051":null,"timeoriginalestimate":null,"customfield_10053":null,"description":"\n\n\n\n\n\n*Title*:
        [Zap2: Cookie Without Secure Flag|http://localhost:8080/finding/332]\n\n*Defect
        Dojo link:* http://localhost:8080/finding/332 (332)\n\n*Severity:* Low\n\n\n*Due
        Date:* Aug. 28, 2025\n\n\n\n*CWE:* [CWE-614|https://cwe.mitre.org/data/definitions/614.html]\n\n\n\n*CVE:*
        Unknown\n\n\n\n\n*Product/Engagement/Test:* [Security How-to|http://localhost:8080/product/2]
        / [1st Quarter Engagement|http://localhost:8080/engagement/1] / [ZAP Scan|http://localhost:8080/test/121]\n\n\n\n\n\n\n\n\n*Systems/Endpoints*:\n\n*
        https://mainsite.com/dashboard\n* https://mainsite.com\n\n\n\n\n\n\n\n*Description*:\nA
        cookie has been set without the secure flag, which means that the cookie can\nbe
        accessed via unencrypted connections.\n\n\n\n\n*Mitigation*:\nWhenever a cookie
        contains sensitive information or is a session token, then\nit should always
        be passed using an encrypted channel. Ensure that the secure\nflag is set
        for cookies containing such sensitive information.\n\n\n\n\n\n*Impact*:\nNone\n\n\n\n\n\n*References*:\nhttp://www.owasp.org/index.php/Testing_for_cookies_attributes_(OWASP-SM-002)\n\n\n\n\n*Reporter:*
        [(admin) ()|mailto:]\n","customfield_10010":null,"customfield_10055":null,"customfield_10011":"Zap2:
        Cookie Without Secure Flag","customfield_10056":null,"customfield_10012":{"self":"https://defectdojo.atlassian.net/rest/api/2/customFieldOption/10016","value":"To
        Do","id":"10016"},"customfield_10013":"ghx-label-12","customfield_10014":null,"timetracking":{},"customfield_10015":null,"customfield_10049":null,"customfield_10005":null,"customfield_10006":null,"customfield_10007":null,"security":null,"customfield_10008":null,"aggregatetimeestimate":null,"attachment":[],"customfield_10009":null,"summary":"Zap2:
        Cookie Without Secure Flag","creator":{"self":"https://defectdojo.atlassian.net/rest/api/2/user?accountId=5d3878b170e3c90c952f91f6","accountId":"5d3878b170e3c90c952f91f6","emailAddress":"cody@defectdojo.com","avatarUrls":{"48x48":"https://secure.gravatar.com/avatar/4e018ad14467c87539bcb7052ffaef8c?d=https%3A%2F%2Favatar-management--avatars.us-west-2.prod.public.atl-paas.net%2Finitials%2FCM-0.png","24x24":"https://secure.gravatar.com/avatar/4e018ad14467c87539bcb7052ffaef8c?d=https%3A%2F%2Favatar-management--avatars.us-west-2.prod.public.atl-paas.net%2Finitials%2FCM-0.png","16x16":"https://secure.gravatar.com/avatar/4e018ad14467c87539bcb7052ffaef8c?d=https%3A%2F%2Favatar-management--avatars.us-west-2.prod.public.atl-paas.net%2Finitials%2FCM-0.png","32x32":"https://secure.gravatar.com/avatar/4e018ad14467c87539bcb7052ffaef8c?d=https%3A%2F%2Favatar-management--avatars.us-west-2.prod.public.atl-paas.net%2Finitials%2FCM-0.png"},"displayName":"Cody
        Maffucci","active":true,"timeZone":"Europe/Zurich","accountType":"atlassian"},"subtasks":[],"customfield_10040":null,"customfield_10041":null,"customfield_10042":null,"reporter":{"self":"https://defectdojo.atlassian.net/rest/api/2/user?accountId=5d3878b170e3c90c952f91f6","accountId":"5d3878b170e3c90c952f91f6","emailAddress":"cody@defectdojo.com","avatarUrls":{"48x48":"https://secure.gravatar.com/avatar/4e018ad14467c87539bcb7052ffaef8c?d=https%3A%2F%2Favatar-management--avatars.us-west-2.prod.public.atl-paas.net%2Finitials%2FCM-0.png","24x24":"https://secure.gravatar.com/avatar/4e018ad14467c87539bcb7052ffaef8c?d=https%3A%2F%2Favatar-management--avatars.us-west-2.prod.public.atl-paas.net%2Finitials%2FCM-0.png","16x16":"https://secure.gravatar.com/avatar/4e018ad14467c87539bcb7052ffaef8c?d=https%3A%2F%2Favatar-management--avatars.us-west-2.prod.public.atl-paas.net%2Finitials%2FCM-0.png","32x32":"https://secure.gravatar.com/avatar/4e018ad14467c87539bcb7052ffaef8c?d=https%3A%2F%2Favatar-management--avatars.us-west-2.prod.public.atl-paas.net%2Finitials%2FCM-0.png"},"displayName":"Cody
        Maffucci","active":true,"timeZone":"Europe/Zurich","accountType":"atlassian"},"customfield_10043":null,"aggregateprogress":{"progress":0,"total":0},"customfield_10044":null,"customfield_10045":null,"customfield_10001":null,"customfield_10046":null,"customfield_10002":[],"customfield_10047":null,"customfield_10003":null,"customfield_10048":null,"customfield_10004":null,"customfield_10038":null,"customfield_10039":null,"environment":null,"duedate":null,"progress":{"progress":0,"total":0},"votes":{"self":"https://defectdojo.atlassian.net/rest/api/2/issue/NTEST-1893/votes","votes":0,"hasVoted":false},"comment":{"comments":[],"self":"https://defectdojo.atlassian.net/rest/api/2/issue/18281/comment","maxResults":0,"total":0,"startAt":0},"worklog":{"startAt":0,"maxResults":20,"total":0,"worklogs":[]}}}'
    headers:
      Atl-Request-Id:
      - 62bc0e50-2109-441f-9272-18f311c3b564
      Atl-Traceid:
      - 62bc0e502109441f927218f311c3b564
      Cache-Control:
      - no-cache, no-store, no-transform
      Connection:
      - keep-alive
      Content-Encoding:
      - gzip
      Content-Type:
      - application/json;charset=UTF-8
      Date:
      - Wed, 30 Apr 2025 16:28:36 GMT
      Nel:
      - '{"failure_fraction": 0.001, "include_subdomains": true, "max_age": 600, "report_to":
        "endpoint-1"}'
      Report-To:
      - '{"endpoints": [{"url": "https://dz8aopenkvv6s.cloudfront.net"}], "group":
        "endpoint-1", "include_subdomains": true, "max_age": 600}'
      Server:
      - AtlassianEdge
      Server-Timing:
      - cdn-upstream-layer;desc="EDGE",cdn-upstream-dns;dur=0,cdn-upstream-connect;dur=0,cdn-upstream-fbl;dur=273,atl-edge;dur=240,atl-edge-internal;dur=15,atl-edge-upstream;dur=225,atl-edge-pop;desc="aws-us-east-1",cdn-cache-miss,cdn-pop;desc="DFW57-P1",cdn-rid;desc="WjR853BifEHGZ_WoZ2yUHUynZtxjPM4xLY7XQj-c2WwVM4WJ140euA==",cdn-downstream-fbl;dur=278
      Strict-Transport-Security:
      - max-age=63072000; includeSubDomains; preload
      Timing-Allow-Origin:
      - '*'
      Transfer-Encoding:
      - chunked
      Vary:
      - Accept-Encoding
      Via:
      - 1.1 98d88908b69262fc69248986276dbe36.cloudfront.net (CloudFront)
      X-Aaccountid:
      - 5d3878b170e3c90c952f91f6
      X-Amz-Cf-Id:
      - WjR853BifEHGZ_WoZ2yUHUynZtxjPM4xLY7XQj-c2WwVM4WJ140euA==
      X-Amz-Cf-Pop:
      - DFW57-P1
      X-Arequestid:
      - 43719126ec8130ab1de6c1b2f01672fa
      X-Cache:
      - Miss from cloudfront
      X-Content-Type-Options:
      - nosniff
      X-Xss-Protection:
      - 1; mode=block
    status:
      code: 200
      message: OK
- request:
    body: '{"description": "Event test_added has occurred.", "title": "Test created
      for Security How-to: 1st Quarter Engagement: ZAP Scan", "user": null, "url_ui":
      "http://localhost:8080/test/121", "url_api": "http://localhost:8080/api/v2/tests/121/",
      "product_type": {"name": "ebooks", "id": 2, "url_ui": "http://localhost:8080/product/type/2",
      "url_api": "http://localhost:8080/api/v2/product_types/2/"}, "product": {"name":
      "Security How-to", "id": 2, "url_ui": "http://localhost:8080/product/2", "url_api":
      "http://localhost:8080/api/v2/products/2/"}, "engagement": {"name": "1st Quarter
      Engagement", "id": 1, "url_ui": "http://localhost:8080/engagement/1", "url_api":
      "http://localhost:8080/api/v2/engagements/1/"}, "test": {"title": null, "id":
      121, "url_ui": "http://localhost:8080/test/121", "url_api": "http://localhost:8080/api/v2/tests/121/"}}'
    headers:
      Accept:
      - application/json
      Accept-Encoding:
      - gzip, deflate
      Auth:
      - Token xxx
      Connection:
      - keep-alive
      Content-Length:
      - '843'
      Content-Type:
      - application/json
      User-Agent:
      - DefectDojo-2.45.3
      X-DefectDojo-Event:
      - test_added
      X-DefectDojo-Instance:
      - http://localhost:8080
    method: POST
    uri: http://webhook.endpoint:8080/post
  response:
    body:
      string: "{\n  \"args\": {},\n  \"headers\": {\n    \"Accept\": [\n      \"application/json\"\n
        \   ],\n    \"Accept-Encoding\": [\n      \"gzip, deflate\"\n    ],\n    \"Auth\":
        [\n      \"Token xxx\"\n    ],\n    \"Connection\": [\n      \"keep-alive\"\n
        \   ],\n    \"Content-Length\": [\n      \"843\"\n    ],\n    \"Content-Type\":
        [\n      \"application/json\"\n    ],\n    \"Host\": [\n      \"webhook.endpoint:8080\"\n
        \   ],\n    \"User-Agent\": [\n      \"DefectDojo-2.45.3\"\n    ],\n    \"X-Defectdojo-Event\":
        [\n      \"test_added\"\n    ],\n    \"X-Defectdojo-Instance\": [\n      \"http://localhost:8080\"\n
        \   ]\n  },\n  \"method\": \"POST\",\n  \"origin\": \"172.18.0.9:51418\",\n
        \ \"url\": \"http://webhook.endpoint:8080/post\",\n  \"data\": \"{\\\"description\\\":
        \\\"Event test_added has occurred.\\\", \\\"title\\\": \\\"Test created for
        Security How-to: 1st Quarter Engagement: ZAP Scan\\\", \\\"user\\\": null,
        \\\"url_ui\\\": \\\"http://localhost:8080/test/121\\\", \\\"url_api\\\": \\\"http://localhost:8080/api/v2/tests/121/\\\",
        \\\"product_type\\\": {\\\"name\\\": \\\"ebooks\\\", \\\"id\\\": 2, \\\"url_ui\\\":
        \\\"http://localhost:8080/product/type/2\\\", \\\"url_api\\\": \\\"http://localhost:8080/api/v2/product_types/2/\\\"},
        \\\"product\\\": {\\\"name\\\": \\\"Security How-to\\\", \\\"id\\\": 2, \\\"url_ui\\\":
        \\\"http://localhost:8080/product/2\\\", \\\"url_api\\\": \\\"http://localhost:8080/api/v2/products/2/\\\"},
        \\\"engagement\\\": {\\\"name\\\": \\\"1st Quarter Engagement\\\", \\\"id\\\":
        1, \\\"url_ui\\\": \\\"http://localhost:8080/engagement/1\\\", \\\"url_api\\\":
        \\\"http://localhost:8080/api/v2/engagements/1/\\\"}, \\\"test\\\": {\\\"title\\\":
        null, \\\"id\\\": 121, \\\"url_ui\\\": \\\"http://localhost:8080/test/121\\\",
        \\\"url_api\\\": \\\"http://localhost:8080/api/v2/tests/121/\\\"}}\",\n  \"files\":
        {},\n  \"form\": {},\n  \"json\": {\n    \"description\": \"Event test_added
        has occurred.\",\n    \"engagement\": {\n      \"id\": 1,\n      \"name\":
        \"1st Quarter Engagement\",\n      \"url_api\": \"http://localhost:8080/api/v2/engagements/1/\",\n
        \     \"url_ui\": \"http://localhost:8080/engagement/1\"\n    },\n    \"product\":
        {\n      \"id\": 2,\n      \"name\": \"Security How-to\",\n      \"url_api\":
        \"http://localhost:8080/api/v2/products/2/\",\n      \"url_ui\": \"http://localhost:8080/product/2\"\n
        \   },\n    \"product_type\": {\n      \"id\": 2,\n      \"name\": \"ebooks\",\n
        \     \"url_api\": \"http://localhost:8080/api/v2/product_types/2/\",\n      \"url_ui\":
        \"http://localhost:8080/product/type/2\"\n    },\n    \"test\": {\n      \"id\":
        121,\n      \"title\": null,\n      \"url_api\": \"http://localhost:8080/api/v2/tests/121/\",\n
        \     \"url_ui\": \"http://localhost:8080/test/121\"\n    },\n    \"title\":
        \"Test created for Security How-to: 1st Quarter Engagement: ZAP Scan\",\n
        \   \"url_api\": \"http://localhost:8080/api/v2/tests/121/\",\n    \"url_ui\":
        \"http://localhost:8080/test/121\",\n    \"user\": null\n  }\n}\n"
    headers:
      Access-Control-Allow-Credentials:
      - 'true'
      Access-Control-Allow-Origin:
      - '*'
      Content-Type:
      - application/json; charset=utf-8
      Date:
      - Wed, 30 Apr 2025 16:28:36 GMT
      Transfer-Encoding:
      - chunked
    status:
      code: 200
      message: OK
- request:
    body: '{"description": "Event scan_added has occurred.", "title": "Created/Updated
      2 findings for Security How-to: 1st Quarter Engagement: ZAP Scan", "user": null,
      "url_ui": "http://localhost:8080/test/121", "url_api": "http://localhost:8080/api/v2/tests/121/",
      "product_type": {"name": "ebooks", "id": 2, "url_ui": "http://localhost:8080/product/type/2",
      "url_api": "http://localhost:8080/api/v2/product_types/2/"}, "product": {"name":
      "Security How-to", "id": 2, "url_ui": "http://localhost:8080/product/2", "url_api":
      "http://localhost:8080/api/v2/products/2/"}, "engagement": {"name": "1st Quarter
      Engagement", "id": 1, "url_ui": "http://localhost:8080/engagement/1", "url_api":
      "http://localhost:8080/api/v2/engagements/1/"}, "test": {"title": null, "id":
      121, "url_ui": "http://localhost:8080/test/121", "url_api": "http://localhost:8080/api/v2/tests/121/"},
      "finding_count": 2, "findings": {"new": [{"id": 331, "title": "Zap1: Cookie
      Without Secure Flag", "severity": "Low", "url_ui": "http://localhost:8080/finding/331",
      "url_api": "http://localhost:8080/api/v2/findings/331/"}, {"id": 332, "title":
      "Zap2: Cookie Without Secure Flag", "severity": "Low", "url_ui": "http://localhost:8080/finding/332",
      "url_api": "http://localhost:8080/api/v2/findings/332/"}], "reactivated": [],
      "mitigated": [], "untouched": []}}'
    headers:
      Accept:
      - application/json
      Accept-Encoding:
      - gzip, deflate
      Auth:
      - Token xxx
      Connection:
      - keep-alive
      Content-Length:
      - '1315'
      Content-Type:
      - application/json
      User-Agent:
      - DefectDojo-2.45.3
      X-DefectDojo-Event:
      - scan_added
      X-DefectDojo-Instance:
      - http://localhost:8080
    method: POST
    uri: http://webhook.endpoint:8080/post
  response:
    body:
      string: "{\n  \"args\": {},\n  \"headers\": {\n    \"Accept\": [\n      \"application/json\"\n
        \   ],\n    \"Accept-Encoding\": [\n      \"gzip, deflate\"\n    ],\n    \"Auth\":
        [\n      \"Token xxx\"\n    ],\n    \"Connection\": [\n      \"keep-alive\"\n
        \   ],\n    \"Content-Length\": [\n      \"1315\"\n    ],\n    \"Content-Type\":
        [\n      \"application/json\"\n    ],\n    \"Host\": [\n      \"webhook.endpoint:8080\"\n
        \   ],\n    \"User-Agent\": [\n      \"DefectDojo-2.45.3\"\n    ],\n    \"X-Defectdojo-Event\":
        [\n      \"scan_added\"\n    ],\n    \"X-Defectdojo-Instance\": [\n      \"http://localhost:8080\"\n
        \   ]\n  },\n  \"method\": \"POST\",\n  \"origin\": \"172.18.0.9:51426\",\n
        \ \"url\": \"http://webhook.endpoint:8080/post\",\n  \"data\": \"{\\\"description\\\":
        \\\"Event scan_added has occurred.\\\", \\\"title\\\": \\\"Created/Updated
        2 findings for Security How-to: 1st Quarter Engagement: ZAP Scan\\\", \\\"user\\\":
        null, \\\"url_ui\\\": \\\"http://localhost:8080/test/121\\\", \\\"url_api\\\":
        \\\"http://localhost:8080/api/v2/tests/121/\\\", \\\"product_type\\\": {\\\"name\\\":
        \\\"ebooks\\\", \\\"id\\\": 2, \\\"url_ui\\\": \\\"http://localhost:8080/product/type/2\\\",
        \\\"url_api\\\": \\\"http://localhost:8080/api/v2/product_types/2/\\\"}, \\\"product\\\":
        {\\\"name\\\": \\\"Security How-to\\\", \\\"id\\\": 2, \\\"url_ui\\\": \\\"http://localhost:8080/product/2\\\",
        \\\"url_api\\\": \\\"http://localhost:8080/api/v2/products/2/\\\"}, \\\"engagement\\\":
        {\\\"name\\\": \\\"1st Quarter Engagement\\\", \\\"id\\\": 1, \\\"url_ui\\\":
        \\\"http://localhost:8080/engagement/1\\\", \\\"url_api\\\": \\\"http://localhost:8080/api/v2/engagements/1/\\\"},
        \\\"test\\\": {\\\"title\\\": null, \\\"id\\\": 121, \\\"url_ui\\\": \\\"http://localhost:8080/test/121\\\",
        \\\"url_api\\\": \\\"http://localhost:8080/api/v2/tests/121/\\\"}, \\\"finding_count\\\":
        2, \\\"findings\\\": {\\\"new\\\": [{\\\"id\\\": 331, \\\"title\\\": \\\"Zap1:
        Cookie Without Secure Flag\\\", \\\"severity\\\": \\\"Low\\\", \\\"url_ui\\\":
        \\\"http://localhost:8080/finding/331\\\", \\\"url_api\\\": \\\"http://localhost:8080/api/v2/findings/331/\\\"},
        {\\\"id\\\": 332, \\\"title\\\": \\\"Zap2: Cookie Without Secure Flag\\\",
        \\\"severity\\\": \\\"Low\\\", \\\"url_ui\\\": \\\"http://localhost:8080/finding/332\\\",
        \\\"url_api\\\": \\\"http://localhost:8080/api/v2/findings/332/\\\"}], \\\"reactivated\\\":
        [], \\\"mitigated\\\": [], \\\"untouched\\\": []}}\",\n  \"files\": {},\n
        \ \"form\": {},\n  \"json\": {\n    \"description\": \"Event scan_added has
        occurred.\",\n    \"engagement\": {\n      \"id\": 1,\n      \"name\": \"1st
        Quarter Engagement\",\n      \"url_api\": \"http://localhost:8080/api/v2/engagements/1/\",\n
        \     \"url_ui\": \"http://localhost:8080/engagement/1\"\n    },\n    \"finding_count\":
        2,\n    \"findings\": {\n      \"mitigated\": [],\n      \"new\": [\n        {\n
        \         \"id\": 331,\n          \"severity\": \"Low\",\n          \"title\":
        \"Zap1: Cookie Without Secure Flag\",\n          \"url_api\": \"http://localhost:8080/api/v2/findings/331/\",\n
        \         \"url_ui\": \"http://localhost:8080/finding/331\"\n        },\n
        \       {\n          \"id\": 332,\n          \"severity\": \"Low\",\n          \"title\":
        \"Zap2: Cookie Without Secure Flag\",\n          \"url_api\": \"http://localhost:8080/api/v2/findings/332/\",\n
        \         \"url_ui\": \"http://localhost:8080/finding/332\"\n        }\n      ],\n
        \     \"reactivated\": [],\n      \"untouched\": []\n    },\n    \"product\":
        {\n      \"id\": 2,\n      \"name\": \"Security How-to\",\n      \"url_api\":
        \"http://localhost:8080/api/v2/products/2/\",\n      \"url_ui\": \"http://localhost:8080/product/2\"\n
        \   },\n    \"product_type\": {\n      \"id\": 2,\n      \"name\": \"ebooks\",\n
        \     \"url_api\": \"http://localhost:8080/api/v2/product_types/2/\",\n      \"url_ui\":
        \"http://localhost:8080/product/type/2\"\n    },\n    \"test\": {\n      \"id\":
        121,\n      \"title\": null,\n      \"url_api\": \"http://localhost:8080/api/v2/tests/121/\",\n
        \     \"url_ui\": \"http://localhost:8080/test/121\"\n    },\n    \"title\":
        \"Created/Updated 2 findings for Security How-to: 1st Quarter Engagement:
        ZAP Scan\",\n    \"url_api\": \"http://localhost:8080/api/v2/tests/121/\",\n
        \   \"url_ui\": \"http://localhost:8080/test/121\",\n    \"user\": null\n
        \ }\n}\n"
    headers:
      Access-Control-Allow-Credentials:
      - 'true'
      Access-Control-Allow-Origin:
      - '*'
      Content-Type:
      - application/json; charset=utf-8
      Date:
      - Wed, 30 Apr 2025 16:28:36 GMT
      Transfer-Encoding:
      - chunked
    status:
      code: 200
      message: OK
version: 1
