interactions:
- request:
    body: '{"description": "Event engagement_added has occurred.", "title": "Engagement
      created for \"Python How-to\": new engagement", "user": null, "url_ui": "http://localhost:8080/engagement/7",
      "url_api": "http://localhost:8080/api/v2/engagements/7/", "product_type": {"name":
      "books", "id": 1, "url_ui": "http://localhost:8080/product/type/1", "url_api":
      "http://localhost:8080/api/v2/product_types/1/"}, "product": {"name": "Python
      How-to", "id": 1, "url_ui": "http://localhost:8080/product/1", "url_api": "http://localhost:8080/api/v2/products/1/"},
      "engagement": {"name": "new engagement", "id": 7, "url_ui": "http://localhost:8080/engagement/7",
      "url_api": "http://localhost:8080/api/v2/engagements/7/"}}'
    headers:
      Accept:
      - application/json
      Accept-Encoding:
      - gzip, deflate
      Auth:
      - Token xxx
      Connection:
      - keep-alive
      Content-Length:
      - '702'
      Content-Type:
      - application/json
      User-Agent:
      - DefectDojo-2.46.2
      X-DefectDojo-Event:
      - engagement_added
      X-DefectDojo-Instance:
      - http://localhost:8080
    method: POST
    uri: http://webhook.endpoint:8080/post
  response:
    body:
      string: "{\n  \"args\": {},\n  \"headers\": {\n    \"Accept\": [\n      \"application/json\"\n
        \   ],\n    \"Accept-Encoding\": [\n      \"gzip, deflate\"\n    ],\n    \"Auth\":
        [\n      \"Token xxx\"\n    ],\n    \"Connection\": [\n      \"keep-alive\"\n
        \   ],\n    \"Content-Length\": [\n      \"702\"\n    ],\n    \"Content-Type\":
        [\n      \"application/json\"\n    ],\n    \"Host\": [\n      \"webhook.endpoint:8080\"\n
        \   ],\n    \"User-Agent\": [\n      \"DefectDojo-2.46.2\"\n    ],\n    \"X-Defectdojo-Event\":
        [\n      \"engagement_added\"\n    ],\n    \"X-Defectdojo-Instance\": [\n
        \     \"http://localhost:8080\"\n    ]\n  },\n  \"method\": \"POST\",\n  \"origin\":
        \"10.250.1.7:57776\",\n  \"url\": \"http://webhook.endpoint:8080/post\",\n
        \ \"data\": \"{\\\"description\\\": \\\"Event engagement_added has occurred.\\\",
        \\\"title\\\": \\\"Engagement created for \\\\\\\"Python How-to\\\\\\\": new
        engagement\\\", \\\"user\\\": null, \\\"url_ui\\\": \\\"http://localhost:8080/engagement/7\\\",
        \\\"url_api\\\": \\\"http://localhost:8080/api/v2/engagements/7/\\\", \\\"product_type\\\":
        {\\\"name\\\": \\\"books\\\", \\\"id\\\": 1, \\\"url_ui\\\": \\\"http://localhost:8080/product/type/1\\\",
        \\\"url_api\\\": \\\"http://localhost:8080/api/v2/product_types/1/\\\"}, \\\"product\\\":
        {\\\"name\\\": \\\"Python How-to\\\", \\\"id\\\": 1, \\\"url_ui\\\": \\\"http://localhost:8080/product/1\\\",
        \\\"url_api\\\": \\\"http://localhost:8080/api/v2/products/1/\\\"}, \\\"engagement\\\":
        {\\\"name\\\": \\\"new engagement\\\", \\\"id\\\": 7, \\\"url_ui\\\": \\\"http://localhost:8080/engagement/7\\\",
        \\\"url_api\\\": \\\"http://localhost:8080/api/v2/engagements/7/\\\"}}\",\n
        \ \"files\": {},\n  \"form\": {},\n  \"json\": {\n    \"description\": \"Event
        engagement_added has occurred.\",\n    \"engagement\": {\n      \"id\": 7,\n
        \     \"name\": \"new engagement\",\n      \"url_api\": \"http://localhost:8080/api/v2/engagements/7/\",\n
        \     \"url_ui\": \"http://localhost:8080/engagement/7\"\n    },\n    \"product\":
        {\n      \"id\": 1,\n      \"name\": \"Python How-to\",\n      \"url_api\":
        \"http://localhost:8080/api/v2/products/1/\",\n      \"url_ui\": \"http://localhost:8080/product/1\"\n
        \   },\n    \"product_type\": {\n      \"id\": 1,\n      \"name\": \"books\",\n
        \     \"url_api\": \"http://localhost:8080/api/v2/product_types/1/\",\n      \"url_ui\":
        \"http://localhost:8080/product/type/1\"\n    },\n    \"title\": \"Engagement
        created for \\\"Python How-to\\\": new engagement\",\n    \"url_api\": \"http://localhost:8080/api/v2/engagements/7/\",\n
        \   \"url_ui\": \"http://localhost:8080/engagement/7\",\n    \"user\": null\n
        \ }\n}\n"
    headers:
      Access-Control-Allow-Credentials:
      - 'true'
      Access-Control-Allow-Origin:
      - '*'
      Content-Type:
      - application/json; charset=utf-8
      Date:
      - Tue, 20 May 2025 08:23:47 GMT
      Transfer-Encoding:
      - chunked
    status:
      code: 200
      message: OK
- request:
    body: null
    headers:
      Accept:
      - application/json,*/*;q=0.9
      Accept-Encoding:
      - gzip, deflate
      Cache-Control:
      - no-cache
      Connection:
      - keep-alive
      Content-Type:
      - application/json
      User-Agent:
      - python-requests/2.32.3
    method: GET
    uri: https://defectdojo.atlassian.net/rest/api/2/serverInfo
  response:
    body:
      string: '{"baseUrl":"https://defectdojo.atlassian.net","displayUrl":"https://defectdojo.atlassian.net","displayUrlServicedeskHelpCenter":"https://defectdojo.atlassian.net","displayUrlConfluence":"https://defectdojo.atlassian.net","version":"1001.0.0-SNAPSHOT","versionNumbers":[1001,0,0],"deploymentType":"Cloud","buildNumber":100283,"buildDate":"2025-05-19T14:58:42.000+0200","serverTime":"2025-05-20T10:23:48.774+0200","scmInfo":"f8932c93bd159910951acd497204161705f6d7b8","serverTitle":"Jira","defaultLocale":{"locale":"en_US"},"serverTimeZone":"Etc/UTC"}'
    headers:
      Atl-Request-Id:
      - 7b0c8288-c061-43ca-9fc5-8129208621aa
      Atl-Traceid:
      - 7b0c8288c06143ca9fc58129208621aa
      Cache-Control:
      - no-cache, no-store, no-transform
      Connection:
      - keep-alive
      Content-Encoding:
      - gzip
      Content-Type:
      - application/json;charset=UTF-8
      Date:
      - Tue, 20 May 2025 08:23:48 GMT
      Nel:
      - '{"failure_fraction": 0.001, "include_subdomains": true, "max_age": 600, "report_to":
        "endpoint-1"}'
      Report-To:
      - '{"endpoints": [{"url": "https://dz8aopenkvv6s.cloudfront.net"}], "group":
        "endpoint-1", "include_subdomains": true, "max_age": 600}'
      Server:
      - AtlassianEdge
      Server-Timing:
      - cdn-cache-miss,cdn-pop;desc="AMS1-P1",cdn-rid;desc="dI6NImjy-cAQMh0OIapAhc-AeBhiKszeLKPts3ZMQTF7srVkTFUHGg==",cdn-downstream-fbl;dur=223,cdn-upstream-layer;desc="EDGE",cdn-upstream-dns;dur=0,cdn-upstream-connect;dur=19,cdn-upstream-fbl;dur=221,atl-edge;dur=190,atl-edge-internal;dur=24,atl-edge-upstream;dur=161,atl-edge-pop;desc="aws-eu-central-1"
      Strict-Transport-Security:
      - max-age=63072000; includeSubDomains; preload
      Timing-Allow-Origin:
      - '*'
      Transfer-Encoding:
      - chunked
      Vary:
      - Accept-Encoding
      Via:
      - 1.1 e086ec27af2d3105a1a9fa7efa1be454.cloudfront.net (CloudFront)
      X-Aaccountid:
      - 712020%3A292a8b4c-ebd5-44be-bb94-d07c56a14dc5
      X-Amz-Cf-Id:
      - dI6NImjy-cAQMh0OIapAhc-AeBhiKszeLKPts3ZMQTF7srVkTFUHGg==
      X-Amz-Cf-Pop:
      - AMS1-P1
      X-Arequestid:
      - ca9e717100386a4d2fcd298d7ca363f5
      X-Cache:
      - Miss from cloudfront
      X-Content-Type-Options:
      - nosniff
      X-Xss-Protection:
      - 1; mode=block
    status:
      code: 200
      message: OK
- request:
    body: null
    headers:
      Accept:
      - application/json,*/*;q=0.9
      Accept-Encoding:
      - gzip, deflate
      Cache-Control:
      - no-cache
      Connection:
      - keep-alive
      Content-Type:
      - application/json
      User-Agent:
      - python-requests/2.32.3
    method: GET
    uri: https://defectdojo.atlassian.net/rest/api/2/issue/createmeta?projectKeys=NTEST&issuetypeNames=Task&expand=projects.issuetypes.fields
  response:
    body:
      string: '{"expand":"projects","projects":[{"expand":"issuetypes","self":"https://defectdojo.atlassian.net/rest/api/2/project/10000","id":"10000","key":"NTEST","name":"Unittests","avatarUrls":{"48x48":"https://defectdojo.atlassian.net/rest/api/2/universal_avatar/view/type/project/avatar/10407","24x24":"https://defectdojo.atlassian.net/rest/api/2/universal_avatar/view/type/project/avatar/10407?size=small","16x16":"https://defectdojo.atlassian.net/rest/api/2/universal_avatar/view/type/project/avatar/10407?size=xsmall","32x32":"https://defectdojo.atlassian.net/rest/api/2/universal_avatar/view/type/project/avatar/10407?size=medium"},"issuetypes":[{"self":"https://defectdojo.atlassian.net/rest/api/2/issuetype/10002","id":"10002","description":"A
        small, distinct piece of work.","iconUrl":"https://defectdojo.atlassian.net/rest/api/2/universal_avatar/view/type/issuetype/avatar/10318?size=medium","name":"Task","untranslatedName":"Task","subtask":false,"hierarchyLevel":0,"expand":"fields","fields":{"summary":{"required":true,"schema":{"type":"string","system":"summary"},"name":"Summary","key":"summary","hasDefaultValue":false,"operations":["set"]},"issuetype":{"required":true,"schema":{"type":"issuetype","system":"issuetype"},"name":"Issue
        Type","key":"issuetype","hasDefaultValue":false,"operations":[],"allowedValues":[{"self":"https://defectdojo.atlassian.net/rest/api/2/issuetype/10002","id":"10002","description":"A
        small, distinct piece of work.","iconUrl":"https://defectdojo.atlassian.net/rest/api/2/universal_avatar/view/type/issuetype/avatar/10318?size=medium","name":"Task","subtask":false,"avatarId":10318,"hierarchyLevel":0}]},"parent":{"required":false,"schema":{"type":"issuelink","system":"parent"},"name":"Parent","key":"parent","hasDefaultValue":false,"operations":["set"]},"components":{"required":false,"schema":{"type":"array","items":"component","system":"components"},"name":"Components","key":"components","hasDefaultValue":false,"operations":["add","set","remove"],"allowedValues":[]},"description":{"required":false,"schema":{"type":"string","system":"description"},"name":"Description","key":"description","hasDefaultValue":false,"operations":["set"]},"project":{"required":true,"schema":{"type":"project","system":"project"},"name":"Project","key":"project","hasDefaultValue":false,"operations":["set"],"allowedValues":[{"self":"https://defectdojo.atlassian.net/rest/api/2/project/10000","id":"10000","key":"NTEST","name":"Unittests","projectTypeKey":"software","simplified":false,"avatarUrls":{"48x48":"https://defectdojo.atlassian.net/rest/api/2/universal_avatar/view/type/project/avatar/10407","24x24":"https://defectdojo.atlassian.net/rest/api/2/universal_avatar/view/type/project/avatar/10407?size=small","16x16":"https://defectdojo.atlassian.net/rest/api/2/universal_avatar/view/type/project/avatar/10407?size=xsmall","32x32":"https://defectdojo.atlassian.net/rest/api/2/universal_avatar/view/type/project/avatar/10407?size=medium"}}]},"fixVersions":{"required":false,"schema":{"type":"array","items":"version","system":"fixVersions"},"name":"Fix
        versions","key":"fixVersions","hasDefaultValue":false,"operations":["set","add","remove"],"allowedValues":[]},"priority":{"required":false,"schema":{"type":"priority","system":"priority"},"name":"Priority","key":"priority","hasDefaultValue":true,"operations":["set"],"allowedValues":[{"self":"https://defectdojo.atlassian.net/rest/api/2/priority/1","iconUrl":"https://defectdojo.atlassian.net/images/icons/priorities/highest.svg","name":"Highest","id":"1"},{"self":"https://defectdojo.atlassian.net/rest/api/2/priority/2","iconUrl":"https://defectdojo.atlassian.net/images/icons/priorities/high.svg","name":"High","id":"2"},{"self":"https://defectdojo.atlassian.net/rest/api/2/priority/3","iconUrl":"https://defectdojo.atlassian.net/images/icons/priorities/medium.svg","name":"Medium","id":"3"},{"self":"https://defectdojo.atlassian.net/rest/api/2/priority/4","iconUrl":"https://defectdojo.atlassian.net/images/icons/priorities/low.svg","name":"Low","id":"4"},{"self":"https://defectdojo.atlassian.net/rest/api/2/priority/5","iconUrl":"https://defectdojo.atlassian.net/images/icons/priorities/lowest.svg","name":"Lowest","id":"5"}],"defaultValue":{"self":"https://defectdojo.atlassian.net/rest/api/2/priority/3","iconUrl":"https://defectdojo.atlassian.net/images/icons/priorities/medium.svg","name":"Medium","id":"3"}},"customfield_10014":{"required":false,"schema":{"type":"any","custom":"com.pyxis.greenhopper.jira:gh-epic-link","customId":10014},"name":"Epic
        Link","key":"customfield_10014","hasDefaultValue":false,"operations":["set"]},"labels":{"required":false,"schema":{"type":"array","items":"string","system":"labels"},"name":"Labels","key":"labels","autoCompleteUrl":"https://defectdojo.atlassian.net/rest/api/1.0/labels/suggest?query=","hasDefaultValue":false,"operations":["add","set","remove"]},"attachment":{"required":false,"schema":{"type":"array","items":"attachment","system":"attachment"},"name":"Attachment","key":"attachment","hasDefaultValue":false,"operations":["set","copy"]},"issuelinks":{"required":false,"schema":{"type":"array","items":"issuelinks","system":"issuelinks"},"name":"Linked
        Issues","key":"issuelinks","autoCompleteUrl":"https://defectdojo.atlassian.net/rest/api/2/issue/picker?currentProjectId=&showSubTaskParent=true&showSubTasks=true&currentIssueKey=null&query=","hasDefaultValue":false,"operations":["add","copy"]},"assignee":{"required":false,"schema":{"type":"user","system":"assignee"},"name":"Assignee","key":"assignee","autoCompleteUrl":"https://defectdojo.atlassian.net/rest/api/2/user/assignable/search?project=NTEST&query=","hasDefaultValue":false,"operations":["set"]}}}]}]}'
    headers:
      Atl-Request-Id:
      - 914352d1-8b57-4764-8cdf-0b0c750e0812
      Atl-Traceid:
      - 914352d18b5747648cdf0b0c750e0812
      Cache-Control:
      - no-cache, no-store, no-transform
      Connection:
      - keep-alive
      Content-Encoding:
      - gzip
      Content-Type:
      - application/json;charset=UTF-8
      Date:
      - Tue, 20 May 2025 08:23:49 GMT
      Nel:
      - '{"failure_fraction": 0.001, "include_subdomains": true, "max_age": 600, "report_to":
        "endpoint-1"}'
      Report-To:
      - '{"endpoints": [{"url": "https://dz8aopenkvv6s.cloudfront.net"}], "group":
        "endpoint-1", "include_subdomains": true, "max_age": 600}'
      Server:
      - AtlassianEdge
      Server-Timing:
      - cdn-cache-miss,cdn-pop;desc="AMS1-P1",cdn-rid;desc="kxGmK06oEMra5d3bAMKgHY6M6VXxgI8g6foM8stBs4BxxmjiVHRshQ==",cdn-downstream-fbl;dur=532,cdn-upstream-layer;desc="EDGE",cdn-upstream-dns;dur=0,cdn-upstream-connect;dur=20,cdn-upstream-fbl;dur=530,atl-edge;dur=502,atl-edge-internal;dur=24,atl-edge-upstream;dur=476,atl-edge-pop;desc="aws-eu-central-1"
      Strict-Transport-Security:
      - max-age=63072000; includeSubDomains; preload
      Timing-Allow-Origin:
      - '*'
      Transfer-Encoding:
      - chunked
      Vary:
      - Accept-Encoding
      Via:
      - 1.1 c337a55bb25a3540411fbbf6c8ad1b46.cloudfront.net (CloudFront)
      Warning:
      - 'The issue create meta endpoint has been deprecated. (Deprecation start date:
        June 03, 2024)'
      X-Aaccountid:
      - 712020%3A292a8b4c-ebd5-44be-bb94-d07c56a14dc5
      X-Amz-Cf-Id:
      - kxGmK06oEMra5d3bAMKgHY6M6VXxgI8g6foM8stBs4BxxmjiVHRshQ==
      X-Amz-Cf-Pop:
      - AMS1-P1
      X-Arequestid:
      - fc9a77bc49059a445a89c4b40d82b69b
      X-Cache:
      - Miss from cloudfront
      X-Content-Type-Options:
      - nosniff
      X-Xss-Protection:
      - 1; mode=block
    status:
      code: 200
      message: OK
- request:
    body: null
    headers:
      Accept:
      - application/json,*/*;q=0.9
      Accept-Encoding:
      - gzip, deflate
      Cache-Control:
      - no-cache
      Connection:
      - keep-alive
      Content-Type:
      - application/json
      User-Agent:
      - python-requests/2.32.3
    method: GET
    uri: https://defectdojo.atlassian.net/rest/api/2/serverInfo
  response:
    body:
      string: '{"baseUrl":"https://defectdojo.atlassian.net","displayUrl":"https://defectdojo.atlassian.net","displayUrlServicedeskHelpCenter":"https://defectdojo.atlassian.net","displayUrlConfluence":"https://defectdojo.atlassian.net","version":"1001.0.0-SNAPSHOT","versionNumbers":[1001,0,0],"deploymentType":"Cloud","buildNumber":100283,"buildDate":"2025-05-19T14:58:42.000+0200","serverTime":"2025-05-20T10:23:49.575+0200","scmInfo":"f8932c93bd159910951acd497204161705f6d7b8","serverTitle":"Jira","defaultLocale":{"locale":"en_US"},"serverTimeZone":"Etc/UTC"}'
    headers:
      Atl-Request-Id:
      - 2b5a9b0d-17da-40af-981d-e46e9e3b64bb
      Atl-Traceid:
      - 2b5a9b0d17da40af981de46e9e3b64bb
      Cache-Control:
      - no-cache, no-store, no-transform
      Connection:
      - keep-alive
      Content-Encoding:
      - gzip
      Content-Type:
      - application/json;charset=UTF-8
      Date:
      - Tue, 20 May 2025 08:23:49 GMT
      Nel:
      - '{"failure_fraction": 0.001, "include_subdomains": true, "max_age": 600, "report_to":
        "endpoint-1"}'
      Report-To:
      - '{"endpoints": [{"url": "https://dz8aopenkvv6s.cloudfront.net"}], "group":
        "endpoint-1", "include_subdomains": true, "max_age": 600}'
      Server:
      - AtlassianEdge
      Server-Timing:
      - cdn-cache-miss,cdn-pop;desc="AMS1-P1",cdn-rid;desc="UFupMpXOnX7VKyM8svqBgtszvKiTLtIVAirDHp2igRPNTWhmU0rlhw==",cdn-downstream-fbl;dur=142,cdn-upstream-layer;desc="EDGE",cdn-upstream-dns;dur=0,cdn-upstream-connect;dur=19,cdn-upstream-fbl;dur=140,atl-edge;dur=113,atl-edge-internal;dur=22,atl-edge-upstream;dur=91,atl-edge-pop;desc="aws-eu-central-1"
      Strict-Transport-Security:
      - max-age=63072000; includeSubDomains; preload
      Timing-Allow-Origin:
      - '*'
      Transfer-Encoding:
      - chunked
      Vary:
      - Accept-Encoding
      Via:
      - 1.1 0e12b175c31e0e750266df78bf0e1068.cloudfront.net (CloudFront)
      X-Aaccountid:
      - 712020%3A292a8b4c-ebd5-44be-bb94-d07c56a14dc5
      X-Amz-Cf-Id:
      - UFupMpXOnX7VKyM8svqBgtszvKiTLtIVAirDHp2igRPNTWhmU0rlhw==
      X-Amz-Cf-Pop:
      - AMS1-P1
      X-Arequestid:
      - ca84f5561792e732228249a46a4b8540
      X-Cache:
      - Miss from cloudfront
      X-Content-Type-Options:
      - nosniff
      X-Xss-Protection:
      - 1; mode=block
    status:
      code: 200
      message: OK
- request:
    body: null
    headers:
      Accept:
      - application/json,*/*;q=0.9
      Accept-Encoding:
      - gzip, deflate
      Cache-Control:
      - no-cache
      Connection:
      - keep-alive
      Content-Type:
      - application/json
      User-Agent:
      - python-requests/2.32.3
    method: GET
    uri: https://defectdojo.atlassian.net/rest/api/2/issue/createmeta?projectKeys=NTEST&issuetypeNames=Epic&expand=projects.issuetypes.fields
  response:
    body:
      string: '{"expand":"projects","projects":[{"expand":"issuetypes","self":"https://defectdojo.atlassian.net/rest/api/2/project/10000","id":"10000","key":"NTEST","name":"Unittests","avatarUrls":{"48x48":"https://defectdojo.atlassian.net/rest/api/2/universal_avatar/view/type/project/avatar/10407","24x24":"https://defectdojo.atlassian.net/rest/api/2/universal_avatar/view/type/project/avatar/10407?size=small","16x16":"https://defectdojo.atlassian.net/rest/api/2/universal_avatar/view/type/project/avatar/10407?size=xsmall","32x32":"https://defectdojo.atlassian.net/rest/api/2/universal_avatar/view/type/project/avatar/10407?size=medium"},"issuetypes":[{"self":"https://defectdojo.atlassian.net/rest/api/2/issuetype/10000","id":"10000","description":"A
        big user story that needs to be broken down. Created by Jira Software - do
        not edit or delete.","iconUrl":"https://defectdojo.atlassian.net/images/icons/issuetypes/epic.svg","name":"Epic","untranslatedName":"Epic","subtask":false,"hierarchyLevel":1,"expand":"fields","fields":{"summary":{"required":true,"schema":{"type":"string","system":"summary"},"name":"Summary","key":"summary","hasDefaultValue":false,"operations":["set"]},"issuetype":{"required":true,"schema":{"type":"issuetype","system":"issuetype"},"name":"Issue
        Type","key":"issuetype","hasDefaultValue":false,"operations":[],"allowedValues":[{"self":"https://defectdojo.atlassian.net/rest/api/2/issuetype/10000","id":"10000","description":"A
        big user story that needs to be broken down. Created by Jira Software - do
        not edit or delete.","iconUrl":"https://defectdojo.atlassian.net/images/icons/issuetypes/epic.svg","name":"Epic","subtask":false,"hierarchyLevel":1}]},"components":{"required":false,"schema":{"type":"array","items":"component","system":"components"},"name":"Components","key":"components","hasDefaultValue":false,"operations":["add","set","remove"],"allowedValues":[]},"description":{"required":false,"schema":{"type":"string","system":"description"},"name":"Description","key":"description","hasDefaultValue":false,"operations":["set"]},"project":{"required":true,"schema":{"type":"project","system":"project"},"name":"Project","key":"project","hasDefaultValue":false,"operations":["set"],"allowedValues":[{"self":"https://defectdojo.atlassian.net/rest/api/2/project/10000","id":"10000","key":"NTEST","name":"Unittests","projectTypeKey":"software","simplified":false,"avatarUrls":{"48x48":"https://defectdojo.atlassian.net/rest/api/2/universal_avatar/view/type/project/avatar/10407","24x24":"https://defectdojo.atlassian.net/rest/api/2/universal_avatar/view/type/project/avatar/10407?size=small","16x16":"https://defectdojo.atlassian.net/rest/api/2/universal_avatar/view/type/project/avatar/10407?size=xsmall","32x32":"https://defectdojo.atlassian.net/rest/api/2/universal_avatar/view/type/project/avatar/10407?size=medium"}}]},"customfield_10011":{"required":false,"schema":{"type":"string","custom":"com.pyxis.greenhopper.jira:gh-epic-label","customId":10011},"name":"Epic
        Name","key":"customfield_10011","hasDefaultValue":false,"operations":["set"]},"fixVersions":{"required":false,"schema":{"type":"array","items":"version","system":"fixVersions"},"name":"Fix
        versions","key":"fixVersions","hasDefaultValue":false,"operations":["set","add","remove"],"allowedValues":[]},"priority":{"required":false,"schema":{"type":"priority","system":"priority"},"name":"Priority","key":"priority","hasDefaultValue":true,"operations":["set"],"allowedValues":[{"self":"https://defectdojo.atlassian.net/rest/api/2/priority/1","iconUrl":"https://defectdojo.atlassian.net/images/icons/priorities/highest.svg","name":"Highest","id":"1"},{"self":"https://defectdojo.atlassian.net/rest/api/2/priority/2","iconUrl":"https://defectdojo.atlassian.net/images/icons/priorities/high.svg","name":"High","id":"2"},{"self":"https://defectdojo.atlassian.net/rest/api/2/priority/3","iconUrl":"https://defectdojo.atlassian.net/images/icons/priorities/medium.svg","name":"Medium","id":"3"},{"self":"https://defectdojo.atlassian.net/rest/api/2/priority/4","iconUrl":"https://defectdojo.atlassian.net/images/icons/priorities/low.svg","name":"Low","id":"4"},{"self":"https://defectdojo.atlassian.net/rest/api/2/priority/5","iconUrl":"https://defectdojo.atlassian.net/images/icons/priorities/lowest.svg","name":"Lowest","id":"5"}],"defaultValue":{"self":"https://defectdojo.atlassian.net/rest/api/2/priority/3","iconUrl":"https://defectdojo.atlassian.net/images/icons/priorities/medium.svg","name":"Medium","id":"3"}},"customfield_10014":{"required":false,"schema":{"type":"any","custom":"com.pyxis.greenhopper.jira:gh-epic-link","customId":10014},"name":"Epic
        Link","key":"customfield_10014","hasDefaultValue":false,"operations":["set"]},"labels":{"required":false,"schema":{"type":"array","items":"string","system":"labels"},"name":"Labels","key":"labels","autoCompleteUrl":"https://defectdojo.atlassian.net/rest/api/1.0/labels/suggest?query=","hasDefaultValue":false,"operations":["add","set","remove"]},"attachment":{"required":false,"schema":{"type":"array","items":"attachment","system":"attachment"},"name":"Attachment","key":"attachment","hasDefaultValue":false,"operations":["set","copy"]},"issuelinks":{"required":false,"schema":{"type":"array","items":"issuelinks","system":"issuelinks"},"name":"Linked
        Issues","key":"issuelinks","autoCompleteUrl":"https://defectdojo.atlassian.net/rest/api/2/issue/picker?currentProjectId=&showSubTaskParent=true&showSubTasks=true&currentIssueKey=null&query=","hasDefaultValue":false,"operations":["add","copy"]},"assignee":{"required":false,"schema":{"type":"user","system":"assignee"},"name":"Assignee","key":"assignee","autoCompleteUrl":"https://defectdojo.atlassian.net/rest/api/2/user/assignable/search?project=NTEST&query=","hasDefaultValue":false,"operations":["set"]}}}]}]}'
    headers:
      Atl-Request-Id:
      - 293de0a1-f655-4395-a72b-43665eb90eb4
      Atl-Traceid:
      - 293de0a1f6554395a72b43665eb90eb4
      Cache-Control:
      - no-cache, no-store, no-transform
      Connection:
      - keep-alive
      Content-Encoding:
      - gzip
      Content-Type:
      - application/json;charset=UTF-8
      Date:
      - Tue, 20 May 2025 08:23:50 GMT
      Nel:
      - '{"failure_fraction": 0.001, "include_subdomains": true, "max_age": 600, "report_to":
        "endpoint-1"}'
      Report-To:
      - '{"endpoints": [{"url": "https://dz8aopenkvv6s.cloudfront.net"}], "group":
        "endpoint-1", "include_subdomains": true, "max_age": 600}'
      Server:
      - AtlassianEdge
      Server-Timing:
      - cdn-cache-miss,cdn-pop;desc="AMS1-P1",cdn-rid;desc="2cOuIMh7qpNFZko3lyYYaOlHVEH3EyMbkoemp2MlfoqvPuTYdD3iHg==",cdn-downstream-fbl;dur=442,cdn-upstream-layer;desc="EDGE",cdn-upstream-dns;dur=0,cdn-upstream-connect;dur=20,cdn-upstream-fbl;dur=438,atl-edge;dur=409,atl-edge-internal;dur=21,atl-edge-upstream;dur=386,atl-edge-pop;desc="aws-eu-central-1"
      Strict-Transport-Security:
      - max-age=63072000; includeSubDomains; preload
      Timing-Allow-Origin:
      - '*'
      Transfer-Encoding:
      - chunked
      Vary:
      - Accept-Encoding
      Via:
      - 1.1 f89ae7540cfd7be6febf2f3e1ef03e18.cloudfront.net (CloudFront)
      Warning:
      - 'The issue create meta endpoint has been deprecated. (Deprecation start date:
        June 03, 2024)'
      X-Aaccountid:
      - 712020%3A292a8b4c-ebd5-44be-bb94-d07c56a14dc5
      X-Amz-Cf-Id:
      - 2cOuIMh7qpNFZko3lyYYaOlHVEH3EyMbkoemp2MlfoqvPuTYdD3iHg==
      X-Amz-Cf-Pop:
      - AMS1-P1
      X-Arequestid:
      - 00ff8fd69d1d5b437b6e1d92993130f5
      X-Cache:
      - Miss from cloudfront
      X-Content-Type-Options:
      - nosniff
      X-Xss-Protection:
      - 1; mode=block
    status:
      code: 200
      message: OK
- request:
    body: '{"fields": {"project": {"key": "NTEST"}, "summary": "new engagement", "description":
      "new engagement", "issuetype": {"name": "Epic"}, "customfield_10011": "new engagement"}}'
    headers:
      Accept:
      - application/json,*/*;q=0.9
      Accept-Encoding:
      - gzip, deflate
      Cache-Control:
      - no-cache
      Connection:
      - keep-alive
      Content-Length:
      - '173'
      Content-Type:
      - application/json
      User-Agent:
      - python-requests/2.32.3
    method: POST
    uri: https://defectdojo.atlassian.net/rest/api/2/issue
  response:
    body:
      string: '{"id":"18845","key":"NTEST-2272","self":"https://defectdojo.atlassian.net/rest/api/2/issue/18845"}'
    headers:
      Atl-Request-Id:
      - 8cd43004-aeb6-4178-8172-6622f10a6bb7
      Atl-Traceid:
      - 8cd43004aeb6417881726622f10a6bb7
      Cache-Control:
      - no-cache, no-store, no-transform
      Connection:
      - keep-alive
      Content-Type:
      - application/json;charset=UTF-8
      Date:
      - Tue, 20 May 2025 08:23:51 GMT
      Nel:
      - '{"failure_fraction": 0.001, "include_subdomains": true, "max_age": 600, "report_to":
        "endpoint-1"}'
      Report-To:
      - '{"endpoints": [{"url": "https://dz8aopenkvv6s.cloudfront.net"}], "group":
        "endpoint-1", "include_subdomains": true, "max_age": 600}'
      Server:
      - AtlassianEdge
      Server-Timing:
      - cdn-cache-miss,cdn-pop;desc="AMS1-P1",cdn-rid;desc="AEaEGyiVf7lZ3uZtbs0XiY1dLy63h706n8GltZSz9-7FDvWiCI3HCQ==",cdn-downstream-fbl;dur=801,cdn-upstream-layer;desc="EDGE",cdn-upstream-dns;dur=0,cdn-upstream-connect;dur=20,cdn-upstream-fbl;dur=799,atl-edge;dur=769,atl-edge-internal;dur=23,atl-edge-upstream;dur=744,atl-edge-pop;desc="aws-eu-central-1"
      Strict-Transport-Security:
      - max-age=63072000; includeSubDomains; preload
      Timing-Allow-Origin:
      - '*'
      Transfer-Encoding:
      - chunked
      Vary:
      - Accept-Encoding
      Via:
      - 1.1 4ab1227a56c7dfaf7a8f7750683df1be.cloudfront.net (CloudFront)
      X-Aaccountid:
      - 712020%3A292a8b4c-ebd5-44be-bb94-d07c56a14dc5
      X-Amz-Cf-Id:
      - AEaEGyiVf7lZ3uZtbs0XiY1dLy63h706n8GltZSz9-7FDvWiCI3HCQ==
      X-Amz-Cf-Pop:
      - AMS1-P1
      X-Arequestid:
      - 54aca689be82906bca0a0f74d716e543
      X-Cache:
      - Miss from cloudfront
      X-Content-Type-Options:
      - nosniff
      X-Xss-Protection:
      - 1; mode=block
    status:
      code: 201
      message: Created
- request:
    body: null
    headers:
      Accept:
      - application/json,*/*;q=0.9
      Accept-Encoding:
      - gzip, deflate
      Cache-Control:
      - no-cache
      Connection:
      - keep-alive
      Content-Type:
      - application/json
      User-Agent:
      - python-requests/2.32.3
    method: GET
    uri: https://defectdojo.atlassian.net/rest/api/2/issue/NTEST-2272
  response:
    body:
      string: '{"expand":"renderedFields,names,schema,operations,editmeta,changelog,versionedRepresentations,customfield_10010.requestTypePractice","id":"18845","self":"https://defectdojo.atlassian.net/rest/api/2/issue/18845","key":"NTEST-2272","fields":{"statuscategorychangedate":"2025-05-20T10:23:50.923+0200","issuetype":{"self":"https://defectdojo.atlassian.net/rest/api/2/issuetype/10000","id":"10000","description":"A
        big user story that needs to be broken down. Created by Jira Software - do
        not edit or delete.","iconUrl":"https://defectdojo.atlassian.net/images/icons/issuetypes/epic.svg","name":"Epic","subtask":false,"hierarchyLevel":1},"timespent":null,"customfield_10030":null,"project":{"self":"https://defectdojo.atlassian.net/rest/api/2/project/10000","id":"10000","key":"NTEST","name":"Unittests","projectTypeKey":"software","simplified":false,"avatarUrls":{"48x48":"https://defectdojo.atlassian.net/rest/api/2/universal_avatar/view/type/project/avatar/10407","24x24":"https://defectdojo.atlassian.net/rest/api/2/universal_avatar/view/type/project/avatar/10407?size=small","16x16":"https://defectdojo.atlassian.net/rest/api/2/universal_avatar/view/type/project/avatar/10407?size=xsmall","32x32":"https://defectdojo.atlassian.net/rest/api/2/universal_avatar/view/type/project/avatar/10407?size=medium"}},"customfield_10031":null,"customfield_10032":null,"fixVersions":[],"customfield_10033":null,"statusCategory":{"self":"https://defectdojo.atlassian.net/rest/api/2/statuscategory/2","id":2,"key":"new","colorName":"blue-gray","name":"To
        Do"},"aggregatetimespent":null,"resolution":null,"customfield_10035":null,"customfield_10036":null,"customfield_10037":null,"customfield_10027":null,"customfield_10028":null,"customfield_10029":null,"resolutiondate":null,"workratio":-1,"lastViewed":null,"watches":{"self":"https://defectdojo.atlassian.net/rest/api/2/issue/NTEST-2272/watchers","watchCount":1,"isWatching":true},"created":"2025-05-20T10:23:50.600+0200","customfield_10020":null,"customfield_10021":null,"customfield_10022":null,"priority":{"self":"https://defectdojo.atlassian.net/rest/api/2/priority/3","iconUrl":"https://defectdojo.atlassian.net/images/icons/priorities/medium.svg","name":"Medium","id":"3"},"customfield_10023":null,"labels":[],"customfield_10026":null,"customfield_10016":null,"customfield_10017":"dark_blue","customfield_10018":{"hasEpicLinkFieldDependency":false,"showField":false,"nonEditableReason":{"reason":"PLUGIN_LICENSE_ERROR","message":"The
        Parent Link is only available to Jira Premium users."}},"customfield_10019":"0|i00vqf:","timeestimate":null,"aggregatetimeoriginalestimate":null,"versions":[],"issuelinks":[],"assignee":null,"updated":"2025-05-20T10:23:50.680+0200","status":{"self":"https://defectdojo.atlassian.net/rest/api/2/status/10000","description":"","iconUrl":"https://defectdojo.atlassian.net/","name":"Backlog","id":"10000","statusCategory":{"self":"https://defectdojo.atlassian.net/rest/api/2/statuscategory/2","id":2,"key":"new","colorName":"blue-gray","name":"To
        Do"}},"components":[],"customfield_10050":null,"customfield_10051":null,"timeoriginalestimate":null,"customfield_10053":null,"description":"new
        engagement","customfield_10010":null,"customfield_10055":null,"customfield_10011":"new
        engagement","customfield_10056":null,"customfield_10012":{"self":"https://defectdojo.atlassian.net/rest/api/2/customFieldOption/10016","value":"To
        Do","id":"10016"},"customfield_10013":"ghx-label-4","customfield_10014":null,"timetracking":{},"customfield_10015":null,"customfield_10049":null,"customfield_10005":null,"customfield_10006":null,"customfield_10007":null,"security":null,"customfield_10008":null,"aggregatetimeestimate":null,"attachment":[],"customfield_10009":null,"summary":"new
        engagement","creator":{"self":"https://defectdojo.atlassian.net/rest/api/2/user?accountId=712020%3A292a8b4c-ebd5-44be-bb94-d07c56a14dc5","accountId":"712020:292a8b4c-ebd5-44be-bb94-d07c56a14dc5","emailAddress":"valentijn@defectdojo.com","avatarUrls":{"48x48":"https://secure.gravatar.com/avatar/d05de848fe8cc7816c52a5e34e327bad?d=https%3A%2F%2Favatar-management--avatars.us-west-2.prod.public.atl-paas.net%2Finitials%2FVS-3.png","24x24":"https://secure.gravatar.com/avatar/d05de848fe8cc7816c52a5e34e327bad?d=https%3A%2F%2Favatar-management--avatars.us-west-2.prod.public.atl-paas.net%2Finitials%2FVS-3.png","16x16":"https://secure.gravatar.com/avatar/d05de848fe8cc7816c52a5e34e327bad?d=https%3A%2F%2Favatar-management--avatars.us-west-2.prod.public.atl-paas.net%2Finitials%2FVS-3.png","32x32":"https://secure.gravatar.com/avatar/d05de848fe8cc7816c52a5e34e327bad?d=https%3A%2F%2Favatar-management--avatars.us-west-2.prod.public.atl-paas.net%2Finitials%2FVS-3.png"},"displayName":"Valentijn
        Scholten","active":true,"timeZone":"Europe/Zurich","accountType":"atlassian"},"subtasks":[],"customfield_10040":null,"customfield_10041":null,"customfield_10042":null,"reporter":{"self":"https://defectdojo.atlassian.net/rest/api/2/user?accountId=712020%3A292a8b4c-ebd5-44be-bb94-d07c56a14dc5","accountId":"712020:292a8b4c-ebd5-44be-bb94-d07c56a14dc5","emailAddress":"valentijn@defectdojo.com","avatarUrls":{"48x48":"https://secure.gravatar.com/avatar/d05de848fe8cc7816c52a5e34e327bad?d=https%3A%2F%2Favatar-management--avatars.us-west-2.prod.public.atl-paas.net%2Finitials%2FVS-3.png","24x24":"https://secure.gravatar.com/avatar/d05de848fe8cc7816c52a5e34e327bad?d=https%3A%2F%2Favatar-management--avatars.us-west-2.prod.public.atl-paas.net%2Finitials%2FVS-3.png","16x16":"https://secure.gravatar.com/avatar/d05de848fe8cc7816c52a5e34e327bad?d=https%3A%2F%2Favatar-management--avatars.us-west-2.prod.public.atl-paas.net%2Finitials%2FVS-3.png","32x32":"https://secure.gravatar.com/avatar/d05de848fe8cc7816c52a5e34e327bad?d=https%3A%2F%2Favatar-management--avatars.us-west-2.prod.public.atl-paas.net%2Finitials%2FVS-3.png"},"displayName":"Valentijn
        Scholten","active":true,"timeZone":"Europe/Zurich","accountType":"atlassian"},"customfield_10043":null,"aggregateprogress":{"progress":0,"total":0},"customfield_10044":null,"customfield_10045":null,"customfield_10001":null,"customfield_10046":null,"customfield_10002":[],"customfield_10047":null,"customfield_10003":null,"customfield_10048":null,"customfield_10004":null,"customfield_10038":null,"customfield_10039":null,"environment":null,"duedate":null,"progress":{"progress":0,"total":0},"votes":{"self":"https://defectdojo.atlassian.net/rest/api/2/issue/NTEST-2272/votes","votes":0,"hasVoted":false},"comment":{"comments":[],"self":"https://defectdojo.atlassian.net/rest/api/2/issue/18845/comment","maxResults":0,"total":0,"startAt":0},"worklog":{"startAt":0,"maxResults":20,"total":0,"worklogs":[]}}}'
    headers:
      Atl-Request-Id:
      - 2286a173-ace5-4e9b-ba6e-1c70dc757674
      Atl-Traceid:
      - 2286a173ace54e9bba6e1c70dc757674
      Cache-Control:
      - no-cache, no-store, no-transform
      Connection:
      - keep-alive
      Content-Encoding:
      - gzip
      Content-Type:
      - application/json;charset=UTF-8
      Date:
      - Tue, 20 May 2025 08:23:51 GMT
      Nel:
      - '{"failure_fraction": 0.001, "include_subdomains": true, "max_age": 600, "report_to":
        "endpoint-1"}'
      Report-To:
      - '{"endpoints": [{"url": "https://dz8aopenkvv6s.cloudfront.net"}], "group":
        "endpoint-1", "include_subdomains": true, "max_age": 600}'
      Server:
      - AtlassianEdge
      Server-Timing:
      - cdn-cache-miss,cdn-pop;desc="AMS1-P1",cdn-rid;desc="0-FyjggAilhraMl6GCIw5qeMIBTIBmmHzaDZXZY3qvOTHt0ofOp3GA==",cdn-downstream-fbl;dur=304,cdn-upstream-layer;desc="EDGE",cdn-upstream-dns;dur=0,cdn-upstream-connect;dur=23,cdn-upstream-fbl;dur=302,atl-edge;dur=269,atl-edge-internal;dur=21,atl-edge-upstream;dur=248,atl-edge-pop;desc="aws-eu-central-1"
      Strict-Transport-Security:
      - max-age=63072000; includeSubDomains; preload
      Timing-Allow-Origin:
      - '*'
      Transfer-Encoding:
      - chunked
      Vary:
      - Accept-Encoding
      Via:
      - 1.1 f5d6b2021b5a22554c0e7f5b20207324.cloudfront.net (CloudFront)
      X-Aaccountid:
      - 712020%3A292a8b4c-ebd5-44be-bb94-d07c56a14dc5
      X-Amz-Cf-Id:
      - 0-FyjggAilhraMl6GCIw5qeMIBTIBmmHzaDZXZY3qvOTHt0ofOp3GA==
      X-Amz-Cf-Pop:
      - AMS1-P1
      X-Arequestid:
      - 6ac6b4eec1114a4c5249172447c32a6a
      X-Cache:
      - Miss from cloudfront
      X-Content-Type-Options:
      - nosniff
      X-Xss-Protection:
      - 1; mode=block
    status:
      code: 200
      message: OK
version: 1
