interactions:
- request:
    body: '{"description": "Event test_added has occurred.", "title": "Test created
      for Security How-to: 1st Quarter Engagement: NPM Audit Scan", "user": null,
      "url_ui": "http://localhost:8080/test/101", "url_api": "http://localhost:8080/api/v2/tests/101/",
      "product_type": {"name": "ebooks", "id": 2, "url_ui": "http://localhost:8080/product/type/2",
      "url_api": "http://localhost:8080/api/v2/product_types/2/"}, "product": {"name":
      "Security How-to", "id": 2, "url_ui": "http://localhost:8080/product/2", "url_api":
      "http://localhost:8080/api/v2/products/2/"}, "engagement": {"name": "1st Quarter
      Engagement", "id": 1, "url_ui": "http://localhost:8080/engagement/1", "url_api":
      "http://localhost:8080/api/v2/engagements/1/"}, "test": {"title": null, "id":
      101, "url_ui": "http://localhost:8080/test/101", "url_api": "http://localhost:8080/api/v2/tests/101/"}}'
    headers:
      Accept:
      - application/json
      Accept-Encoding:
      - gzip, deflate
      Auth:
      - Token xxx
      Connection:
      - keep-alive
      Content-Length:
      - '849'
      Content-Type:
      - application/json
      User-Agent:
      - DefectDojo-2.48.4
      X-DefectDojo-Event:
      - test_added
      X-DefectDojo-Instance:
      - http://localhost:8080
    method: POST
    uri: http://webhook.endpoint:8080/post
  response:
    body:
      string: "{\n  \"args\": {},\n  \"headers\": {\n    \"Accept\": [\n      \"application/json\"\n
        \   ],\n    \"Accept-Encoding\": [\n      \"gzip, deflate\"\n    ],\n    \"Auth\":
        [\n      \"Token xxx\"\n    ],\n    \"Connection\": [\n      \"keep-alive\"\n
        \   ],\n    \"Content-Length\": [\n      \"849\"\n    ],\n    \"Content-Type\":
        [\n      \"application/json\"\n    ],\n    \"Host\": [\n      \"webhook.endpoint:8080\"\n
        \   ],\n    \"User-Agent\": [\n      \"DefectDojo-2.48.4\"\n    ],\n    \"X-Defectdojo-Event\":
        [\n      \"test_added\"\n    ],\n    \"X-Defectdojo-Instance\": [\n      \"http://localhost:8080\"\n
        \   ]\n  },\n  \"method\": \"POST\",\n  \"origin\": \"10.250.1.7\",\n  \"url\":
        \"http://webhook.endpoint:8080/post\",\n  \"data\": \"{\\\"description\\\":
        \\\"Event test_added has occurred.\\\", \\\"title\\\": \\\"Test created for
        Security How-to: 1st Quarter Engagement: NPM Audit Scan\\\", \\\"user\\\":
        null, \\\"url_ui\\\": \\\"http://localhost:8080/test/101\\\", \\\"url_api\\\":
        \\\"http://localhost:8080/api/v2/tests/101/\\\", \\\"product_type\\\": {\\\"name\\\":
        \\\"ebooks\\\", \\\"id\\\": 2, \\\"url_ui\\\": \\\"http://localhost:8080/product/type/2\\\",
        \\\"url_api\\\": \\\"http://localhost:8080/api/v2/product_types/2/\\\"}, \\\"product\\\":
        {\\\"name\\\": \\\"Security How-to\\\", \\\"id\\\": 2, \\\"url_ui\\\": \\\"http://localhost:8080/product/2\\\",
        \\\"url_api\\\": \\\"http://localhost:8080/api/v2/products/2/\\\"}, \\\"engagement\\\":
        {\\\"name\\\": \\\"1st Quarter Engagement\\\", \\\"id\\\": 1, \\\"url_ui\\\":
        \\\"http://localhost:8080/engagement/1\\\", \\\"url_api\\\": \\\"http://localhost:8080/api/v2/engagements/1/\\\"},
        \\\"test\\\": {\\\"title\\\": null, \\\"id\\\": 101, \\\"url_ui\\\": \\\"http://localhost:8080/test/101\\\",
        \\\"url_api\\\": \\\"http://localhost:8080/api/v2/tests/101/\\\"}}\",\n  \"files\":
        {},\n  \"form\": {},\n  \"json\": {\n    \"description\": \"Event test_added
        has occurred.\",\n    \"engagement\": {\n      \"id\": 1,\n      \"name\":
        \"1st Quarter Engagement\",\n      \"url_api\": \"http://localhost:8080/api/v2/engagements/1/\",\n
        \     \"url_ui\": \"http://localhost:8080/engagement/1\"\n    },\n    \"product\":
        {\n      \"id\": 2,\n      \"name\": \"Security How-to\",\n      \"url_api\":
        \"http://localhost:8080/api/v2/products/2/\",\n      \"url_ui\": \"http://localhost:8080/product/2\"\n
        \   },\n    \"product_type\": {\n      \"id\": 2,\n      \"name\": \"ebooks\",\n
        \     \"url_api\": \"http://localhost:8080/api/v2/product_types/2/\",\n      \"url_ui\":
        \"http://localhost:8080/product/type/2\"\n    },\n    \"test\": {\n      \"id\":
        101,\n      \"title\": null,\n      \"url_api\": \"http://localhost:8080/api/v2/tests/101/\",\n
        \     \"url_ui\": \"http://localhost:8080/test/101\"\n    },\n    \"title\":
        \"Test created for Security How-to: 1st Quarter Engagement: NPM Audit Scan\",\n
        \   \"url_api\": \"http://localhost:8080/api/v2/tests/101/\",\n    \"url_ui\":
        \"http://localhost:8080/test/101\",\n    \"user\": null\n  }\n}\n"
    headers:
      Access-Control-Allow-Credentials:
      - 'true'
      Access-Control-Allow-Origin:
      - '*'
      Content-Type:
      - application/json; charset=utf-8
      Date:
      - Fri, 25 Jul 2025 19:06:03 GMT
      Transfer-Encoding:
      - chunked
    status:
      code: 200
      message: OK
- request:
    body: '{"description": "Event scan_added has occurred.", "title": "Created/Updated
      5 findings for Security How-to: 1st Quarter Engagement: NPM Audit Scan", "user":
      null, "url_ui": "http://localhost:8080/test/101", "url_api": "http://localhost:8080/api/v2/tests/101/",
      "product_type": {"name": "ebooks", "id": 2, "url_ui": "http://localhost:8080/product/type/2",
      "url_api": "http://localhost:8080/api/v2/product_types/2/"}, "product": {"name":
      "Security How-to", "id": 2, "url_ui": "http://localhost:8080/product/2", "url_api":
      "http://localhost:8080/api/v2/products/2/"}, "engagement": {"name": "1st Quarter
      Engagement", "id": 1, "url_ui": "http://localhost:8080/engagement/1", "url_api":
      "http://localhost:8080/api/v2/engagements/1/"}, "test": {"title": null, "id":
      101, "url_ui": "http://localhost:8080/test/101", "url_api": "http://localhost:8080/api/v2/tests/101/"},
      "finding_count": 5, "findings": {"new": [{"id": 280, "title": "2222Regular Expression
      Denial of Service - (Negotiator, <= 0.6.0)", "severity": "High", "url_ui": "http://localhost:8080/finding/280",
      "url_api": "http://localhost:8080/api/v2/findings/280/"}, {"id": 281, "title":
      "Remote Code Execution - (Pg, < 2.11.2 || >= 3.0.0 < 3.6.4 ||  >= 4.0.0 < 4.5.7
      || >= 5.0.0 < 5.2.1 || >= 6.0.0 < 6.0.5 || >= 6.1.0 < 6.1.6 || >= 6.2.0 < 6.2.5
      || >= 6.3.0 < 6.3.3 || >= 6.4.0 < 6.4.2 || >= 7.0.0 < 7.0.2 || >= 7.1.0 < 7.1.2)",
      "severity": "High", "url_ui": "http://localhost:8080/finding/281", "url_api":
      "http://localhost:8080/api/v2/findings/281/"}, {"id": 279, "title": "Regular
      Expression Denial of Service - (Negotiator, <= 0.6.0)", "severity": "Medium",
      "url_ui": "http://localhost:8080/finding/279", "url_api": "http://localhost:8080/api/v2/findings/279/"},
      {"id": 282, "title": "Regular Expression Denial of Service - (Fresh, < 0.5.2)",
      "severity": "Medium", "url_ui": "http://localhost:8080/finding/282", "url_api":
      "http://localhost:8080/api/v2/findings/282/"}, {"id": 283, "title": "2222Remote
      Code Execution - (Pg, < 2.11.2 || >= 3.0.0 < 3.6.4 ||  >= 4.0.0 < 4.5.7 || >=
      5.0.0 < 5.2.1 || >= 6.0.0 < 6.0.5 || >= 6.1.0 < 6.1.6 || >= 6.2.0 < 6.2.5 ||
      >= 6.3.0 < 6.3.3 || >= 6.4.0 < 6.4.2 || >= 7.0.0 < 7.0.2 || >= 7.1.0 < 7.1.2)",
      "severity": "Medium", "url_ui": "http://localhost:8080/finding/283", "url_api":
      "http://localhost:8080/api/v2/findings/283/"}], "reactivated": [], "mitigated":
      [], "untouched": []}}'
    headers:
      Accept:
      - application/json
      Accept-Encoding:
      - gzip, deflate
      Auth:
      - Token xxx
      Connection:
      - keep-alive
      Content-Length:
      - '2378'
      Content-Type:
      - application/json
      User-Agent:
      - DefectDojo-2.48.4
      X-DefectDojo-Event:
      - scan_added
      X-DefectDojo-Instance:
      - http://localhost:8080
    method: POST
    uri: http://webhook.endpoint:8080/post
  response:
    body:
      string: "{\n  \"args\": {},\n  \"headers\": {\n    \"Accept\": [\n      \"application/json\"\n
        \   ],\n    \"Accept-Encoding\": [\n      \"gzip, deflate\"\n    ],\n    \"Auth\":
        [\n      \"Token xxx\"\n    ],\n    \"Connection\": [\n      \"keep-alive\"\n
        \   ],\n    \"Content-Length\": [\n      \"2378\"\n    ],\n    \"Content-Type\":
        [\n      \"application/json\"\n    ],\n    \"Host\": [\n      \"webhook.endpoint:8080\"\n
        \   ],\n    \"User-Agent\": [\n      \"DefectDojo-2.48.4\"\n    ],\n    \"X-Defectdojo-Event\":
        [\n      \"scan_added\"\n    ],\n    \"X-Defectdojo-Instance\": [\n      \"http://localhost:8080\"\n
        \   ]\n  },\n  \"method\": \"POST\",\n  \"origin\": \"10.250.1.7\",\n  \"url\":
        \"http://webhook.endpoint:8080/post\",\n  \"data\": \"{\\\"description\\\":
        \\\"Event scan_added has occurred.\\\", \\\"title\\\": \\\"Created/Updated
        5 findings for Security How-to: 1st Quarter Engagement: NPM Audit Scan\\\",
        \\\"user\\\": null, \\\"url_ui\\\": \\\"http://localhost:8080/test/101\\\",
        \\\"url_api\\\": \\\"http://localhost:8080/api/v2/tests/101/\\\", \\\"product_type\\\":
        {\\\"name\\\": \\\"ebooks\\\", \\\"id\\\": 2, \\\"url_ui\\\": \\\"http://localhost:8080/product/type/2\\\",
        \\\"url_api\\\": \\\"http://localhost:8080/api/v2/product_types/2/\\\"}, \\\"product\\\":
        {\\\"name\\\": \\\"Security How-to\\\", \\\"id\\\": 2, \\\"url_ui\\\": \\\"http://localhost:8080/product/2\\\",
        \\\"url_api\\\": \\\"http://localhost:8080/api/v2/products/2/\\\"}, \\\"engagement\\\":
        {\\\"name\\\": \\\"1st Quarter Engagement\\\", \\\"id\\\": 1, \\\"url_ui\\\":
        \\\"http://localhost:8080/engagement/1\\\", \\\"url_api\\\": \\\"http://localhost:8080/api/v2/engagements/1/\\\"},
        \\\"test\\\": {\\\"title\\\": null, \\\"id\\\": 101, \\\"url_ui\\\": \\\"http://localhost:8080/test/101\\\",
        \\\"url_api\\\": \\\"http://localhost:8080/api/v2/tests/101/\\\"}, \\\"finding_count\\\":
        5, \\\"findings\\\": {\\\"new\\\": [{\\\"id\\\": 280, \\\"title\\\": \\\"2222Regular
        Expression Denial of Service - (Negotiator, <= 0.6.0)\\\", \\\"severity\\\":
        \\\"High\\\", \\\"url_ui\\\": \\\"http://localhost:8080/finding/280\\\", \\\"url_api\\\":
        \\\"http://localhost:8080/api/v2/findings/280/\\\"}, {\\\"id\\\": 281, \\\"title\\\":
        \\\"Remote Code Execution - (Pg, < 2.11.2 || >= 3.0.0 < 3.6.4 ||  >= 4.0.0
        < 4.5.7 || >= 5.0.0 < 5.2.1 || >= 6.0.0 < 6.0.5 || >= 6.1.0 < 6.1.6 || >=
        6.2.0 < 6.2.5 || >= 6.3.0 < 6.3.3 || >= 6.4.0 < 6.4.2 || >= 7.0.0 < 7.0.2
        || >= 7.1.0 < 7.1.2)\\\", \\\"severity\\\": \\\"High\\\", \\\"url_ui\\\":
        \\\"http://localhost:8080/finding/281\\\", \\\"url_api\\\": \\\"http://localhost:8080/api/v2/findings/281/\\\"},
        {\\\"id\\\": 279, \\\"title\\\": \\\"Regular Expression Denial of Service
        - (Negotiator, <= 0.6.0)\\\", \\\"severity\\\": \\\"Medium\\\", \\\"url_ui\\\":
        \\\"http://localhost:8080/finding/279\\\", \\\"url_api\\\": \\\"http://localhost:8080/api/v2/findings/279/\\\"},
        {\\\"id\\\": 282, \\\"title\\\": \\\"Regular Expression Denial of Service
        - (Fresh, < 0.5.2)\\\", \\\"severity\\\": \\\"Medium\\\", \\\"url_ui\\\":
        \\\"http://localhost:8080/finding/282\\\", \\\"url_api\\\": \\\"http://localhost:8080/api/v2/findings/282/\\\"},
        {\\\"id\\\": 283, \\\"title\\\": \\\"2222Remote Code Execution - (Pg, < 2.11.2
        || >= 3.0.0 < 3.6.4 ||  >= 4.0.0 < 4.5.7 || >= 5.0.0 < 5.2.1 || >= 6.0.0 <
        6.0.5 || >= 6.1.0 < 6.1.6 || >= 6.2.0 < 6.2.5 || >= 6.3.0 < 6.3.3 || >= 6.4.0
        < 6.4.2 || >= 7.0.0 < 7.0.2 || >= 7.1.0 < 7.1.2)\\\", \\\"severity\\\": \\\"Medium\\\",
        \\\"url_ui\\\": \\\"http://localhost:8080/finding/283\\\", \\\"url_api\\\":
        \\\"http://localhost:8080/api/v2/findings/283/\\\"}], \\\"reactivated\\\":
        [], \\\"mitigated\\\": [], \\\"untouched\\\": []}}\",\n  \"files\": {},\n
        \ \"form\": {},\n  \"json\": {\n    \"description\": \"Event scan_added has
        occurred.\",\n    \"engagement\": {\n      \"id\": 1,\n      \"name\": \"1st
        Quarter Engagement\",\n      \"url_api\": \"http://localhost:8080/api/v2/engagements/1/\",\n
        \     \"url_ui\": \"http://localhost:8080/engagement/1\"\n    },\n    \"finding_count\":
        5,\n    \"findings\": {\n      \"mitigated\": [],\n      \"new\": [\n        {\n
        \         \"id\": 280,\n          \"severity\": \"High\",\n          \"title\":
        \"2222Regular Expression Denial of Service - (Negotiator, <= 0.6.0)\",\n          \"url_api\":
        \"http://localhost:8080/api/v2/findings/280/\",\n          \"url_ui\": \"http://localhost:8080/finding/280\"\n
        \       },\n        {\n          \"id\": 281,\n          \"severity\": \"High\",\n
        \         \"title\": \"Remote Code Execution - (Pg, < 2.11.2 || >= 3.0.0 <
        3.6.4 ||  >= 4.0.0 < 4.5.7 || >= 5.0.0 < 5.2.1 || >= 6.0.0 < 6.0.5 || >= 6.1.0
        < 6.1.6 || >= 6.2.0 < 6.2.5 || >= 6.3.0 < 6.3.3 || >= 6.4.0 < 6.4.2 || >=
        7.0.0 < 7.0.2 || >= 7.1.0 < 7.1.2)\",\n          \"url_api\": \"http://localhost:8080/api/v2/findings/281/\",\n
        \         \"url_ui\": \"http://localhost:8080/finding/281\"\n        },\n
        \       {\n          \"id\": 279,\n          \"severity\": \"Medium\",\n          \"title\":
        \"Regular Expression Denial of Service - (Negotiator, <= 0.6.0)\",\n          \"url_api\":
        \"http://localhost:8080/api/v2/findings/279/\",\n          \"url_ui\": \"http://localhost:8080/finding/279\"\n
        \       },\n        {\n          \"id\": 282,\n          \"severity\": \"Medium\",\n
        \         \"title\": \"Regular Expression Denial of Service - (Fresh, < 0.5.2)\",\n
        \         \"url_api\": \"http://localhost:8080/api/v2/findings/282/\",\n          \"url_ui\":
        \"http://localhost:8080/finding/282\"\n        },\n        {\n          \"id\":
        283,\n          \"severity\": \"Medium\",\n          \"title\": \"2222Remote
        Code Execution - (Pg, < 2.11.2 || >= 3.0.0 < 3.6.4 ||  >= 4.0.0 < 4.5.7 ||
        >= 5.0.0 < 5.2.1 || >= 6.0.0 < 6.0.5 || >= 6.1.0 < 6.1.6 || >= 6.2.0 < 6.2.5
        || >= 6.3.0 < 6.3.3 || >= 6.4.0 < 6.4.2 || >= 7.0.0 < 7.0.2 || >= 7.1.0 <
        7.1.2)\",\n          \"url_api\": \"http://localhost:8080/api/v2/findings/283/\",\n
        \         \"url_ui\": \"http://localhost:8080/finding/283\"\n        }\n      ],\n
        \     \"reactivated\": [],\n      \"untouched\": []\n    },\n    \"product\":
        {\n      \"id\": 2,\n      \"name\": \"Security How-to\",\n      \"url_api\":
        \"http://localhost:8080/api/v2/products/2/\",\n      \"url_ui\": \"http://localhost:8080/product/2\"\n
        \   },\n    \"product_type\": {\n      \"id\": 2,\n      \"name\": \"ebooks\",\n
        \     \"url_api\": \"http://localhost:8080/api/v2/product_types/2/\",\n      \"url_ui\":
        \"http://localhost:8080/product/type/2\"\n    },\n    \"test\": {\n      \"id\":
        101,\n      \"title\": null,\n      \"url_api\": \"http://localhost:8080/api/v2/tests/101/\",\n
        \     \"url_ui\": \"http://localhost:8080/test/101\"\n    },\n    \"title\":
        \"Created/Updated 5 findings for Security How-to: 1st Quarter Engagement:
        NPM Audit Scan\",\n    \"url_api\": \"http://localhost:8080/api/v2/tests/101/\",\n
        \   \"url_ui\": \"http://localhost:8080/test/101\",\n    \"user\": null\n
        \ }\n}\n"
    headers:
      Access-Control-Allow-Credentials:
      - 'true'
      Access-Control-Allow-Origin:
      - '*'
      Content-Type:
      - application/json; charset=utf-8
      Date:
      - Fri, 25 Jul 2025 19:06:03 GMT
      Transfer-Encoding:
      - chunked
    status:
      code: 200
      message: OK
- request:
    body: null
    headers:
      Accept:
      - application/json,*/*;q=0.9
      Accept-Encoding:
      - gzip, deflate
      Cache-Control:
      - no-cache
      Connection:
      - keep-alive
      Content-Type:
      - application/json
      User-Agent:
      - python-requests/2.32.4
    method: GET
    uri: https://defectdojo.atlassian.net/rest/api/2/serverInfo
  response:
    body:
      string: '{"baseUrl":"https://defectdojo.atlassian.net","displayUrl":"https://defectdojo.atlassian.net","displayUrlServicedeskHelpCenter":"https://defectdojo.atlassian.net","displayUrlConfluence":"https://defectdojo.atlassian.net","version":"1001.0.0-SNAPSHOT","versionNumbers":[1001,0,0],"deploymentType":"Cloud","buildNumber":100287,"buildDate":"2025-07-24T13:05:26.000+0200","serverTime":"2025-07-25T21:06:04.353+0200","scmInfo":"0139ea21e0f8b5dafbd2e1eb33923e0c468b7f69","serverTitle":"Jira","defaultLocale":{"locale":"en_US"},"serverTimeZone":"Etc/UTC"}'
    headers:
      Atl-Request-Id:
      - d9561221-5b11-440a-9feb-3d002b8635e6
      Atl-Traceid:
      - d95612215b11440a9feb3d002b8635e6
      Cache-Control:
      - no-cache, no-store, no-transform
      Connection:
      - keep-alive
      Content-Encoding:
      - gzip
      Content-Type:
      - application/json;charset=UTF-8
      Date:
      - Fri, 25 Jul 2025 19:06:04 GMT
      Nel:
      - '{"failure_fraction": 0.001, "include_subdomains": true, "max_age": 600, "report_to":
        "endpoint-1"}'
      Report-To:
      - '{"endpoints": [{"url": "https://dz8aopenkvv6s.cloudfront.net"}], "group":
        "endpoint-1", "include_subdomains": true, "max_age": 600}'
      Server:
      - AtlassianEdge
      Server-Timing:
      - cdn-upstream-layer;desc="EDGE",cdn-upstream-dns;dur=0,cdn-upstream-connect;dur=0,cdn-upstream-fbl;dur=358,atl-edge;dur=355,atl-edge-internal;dur=28,atl-edge-upstream;dur=327,atl-edge-pop;desc="aws-ap-southeast-2",cdn-cache-miss,cdn-pop;desc="SYD62-P3",cdn-rid;desc="O8JrnAWy8LoQystLSHrmFWYGKyVsI3a-xSdFmWohOl6Mfbt_F2XNWQ==",cdn-downstream-fbl;dur=361
      Strict-Transport-Security:
      - max-age=63072000; includeSubDomains; preload
      Timing-Allow-Origin:
      - '*'
      Transfer-Encoding:
      - chunked
      Vary:
      - Accept-Encoding
      Via:
      - 1.1 6eb4925a459e5104745cfd7f77596766.cloudfront.net (CloudFront)
      X-Aaccountid:
      - 712020%3A292a8b4c-ebd5-44be-bb94-d07c56a14dc5
      X-Amz-Cf-Id:
      - O8JrnAWy8LoQystLSHrmFWYGKyVsI3a-xSdFmWohOl6Mfbt_F2XNWQ==
      X-Amz-Cf-Pop:
      - SYD62-P3
      X-Arequestid:
      - d55be117c223ce1f31ce724292611191
      X-Cache:
      - Miss from cloudfront
      X-Content-Type-Options:
      - nosniff
      X-Xss-Protection:
      - 1; mode=block
    status:
      code: 200
      message: OK
- request:
    body: null
    headers:
      Accept:
      - application/json,*/*;q=0.9
      Accept-Encoding:
      - gzip, deflate
      Cache-Control:
      - no-cache
      Connection:
      - keep-alive
      Content-Type:
      - application/json
      User-Agent:
      - python-requests/2.32.4
    method: GET
    uri: https://defectdojo.atlassian.net/rest/api/2/issue/createmeta?projectKeys=NTEST&issuetypeNames=Task&expand=projects.issuetypes.fields
  response:
    body:
      string: '{"expand":"projects","projects":[{"expand":"issuetypes","self":"https://defectdojo.atlassian.net/rest/api/2/project/10000","id":"10000","key":"NTEST","name":"Unittests","avatarUrls":{"48x48":"https://defectdojo.atlassian.net/rest/api/2/universal_avatar/view/type/project/avatar/10407","24x24":"https://defectdojo.atlassian.net/rest/api/2/universal_avatar/view/type/project/avatar/10407?size=small","16x16":"https://defectdojo.atlassian.net/rest/api/2/universal_avatar/view/type/project/avatar/10407?size=xsmall","32x32":"https://defectdojo.atlassian.net/rest/api/2/universal_avatar/view/type/project/avatar/10407?size=medium"},"issuetypes":[{"self":"https://defectdojo.atlassian.net/rest/api/2/issuetype/10002","id":"10002","description":"A
        small, distinct piece of work.","iconUrl":"https://defectdojo.atlassian.net/rest/api/2/universal_avatar/view/type/issuetype/avatar/10318?size=medium","name":"Task","untranslatedName":"Task","subtask":false,"hierarchyLevel":0,"expand":"fields","fields":{"summary":{"required":true,"schema":{"type":"string","system":"summary"},"name":"Summary","key":"summary","hasDefaultValue":false,"operations":["set"]},"issuetype":{"required":true,"schema":{"type":"issuetype","system":"issuetype"},"name":"Issue
        Type","key":"issuetype","hasDefaultValue":false,"operations":[],"allowedValues":[{"self":"https://defectdojo.atlassian.net/rest/api/2/issuetype/10002","id":"10002","description":"A
        small, distinct piece of work.","iconUrl":"https://defectdojo.atlassian.net/rest/api/2/universal_avatar/view/type/issuetype/avatar/10318?size=medium","name":"Task","subtask":false,"avatarId":10318,"hierarchyLevel":0}]},"parent":{"required":false,"schema":{"type":"issuelink","system":"parent"},"name":"Parent","key":"parent","hasDefaultValue":false,"operations":["set"]},"components":{"required":false,"schema":{"type":"array","items":"component","system":"components"},"name":"Components","key":"components","hasDefaultValue":false,"operations":["add","set","remove"],"allowedValues":[]},"description":{"required":false,"schema":{"type":"string","system":"description"},"name":"Description","key":"description","hasDefaultValue":false,"operations":["set"]},"project":{"required":true,"schema":{"type":"project","system":"project"},"name":"Project","key":"project","hasDefaultValue":false,"operations":["set"],"allowedValues":[{"self":"https://defectdojo.atlassian.net/rest/api/2/project/10000","id":"10000","key":"NTEST","name":"Unittests","projectTypeKey":"software","simplified":false,"avatarUrls":{"48x48":"https://defectdojo.atlassian.net/rest/api/2/universal_avatar/view/type/project/avatar/10407","24x24":"https://defectdojo.atlassian.net/rest/api/2/universal_avatar/view/type/project/avatar/10407?size=small","16x16":"https://defectdojo.atlassian.net/rest/api/2/universal_avatar/view/type/project/avatar/10407?size=xsmall","32x32":"https://defectdojo.atlassian.net/rest/api/2/universal_avatar/view/type/project/avatar/10407?size=medium"}}]},"fixVersions":{"required":false,"schema":{"type":"array","items":"version","system":"fixVersions"},"name":"Fix
        versions","key":"fixVersions","hasDefaultValue":false,"operations":["set","add","remove"],"allowedValues":[]},"priority":{"required":false,"schema":{"type":"priority","system":"priority"},"name":"Priority","key":"priority","hasDefaultValue":true,"operations":["set"],"allowedValues":[{"self":"https://defectdojo.atlassian.net/rest/api/2/priority/1","iconUrl":"https://defectdojo.atlassian.net/images/icons/priorities/highest_new.svg","name":"Highest","id":"1"},{"self":"https://defectdojo.atlassian.net/rest/api/2/priority/2","iconUrl":"https://defectdojo.atlassian.net/images/icons/priorities/high_new.svg","name":"High","id":"2"},{"self":"https://defectdojo.atlassian.net/rest/api/2/priority/3","iconUrl":"https://defectdojo.atlassian.net/images/icons/priorities/medium_new.svg","name":"Medium","id":"3"},{"self":"https://defectdojo.atlassian.net/rest/api/2/priority/4","iconUrl":"https://defectdojo.atlassian.net/images/icons/priorities/low_new.svg","name":"Low","id":"4"},{"self":"https://defectdojo.atlassian.net/rest/api/2/priority/5","iconUrl":"https://defectdojo.atlassian.net/images/icons/priorities/lowest_new.svg","name":"Lowest","id":"5"}],"defaultValue":{"self":"https://defectdojo.atlassian.net/rest/api/2/priority/3","iconUrl":"https://defectdojo.atlassian.net/images/icons/priorities/medium_new.svg","name":"Medium","id":"3"}},"customfield_10014":{"required":false,"schema":{"type":"any","custom":"com.pyxis.greenhopper.jira:gh-epic-link","customId":10014},"name":"Epic
        Link","key":"customfield_10014","hasDefaultValue":false,"operations":["set"]},"labels":{"required":false,"schema":{"type":"array","items":"string","system":"labels"},"name":"Labels","key":"labels","autoCompleteUrl":"https://defectdojo.atlassian.net/rest/api/1.0/labels/suggest?query=","hasDefaultValue":false,"operations":["add","set","remove"]},"attachment":{"required":false,"schema":{"type":"array","items":"attachment","system":"attachment"},"name":"Attachment","key":"attachment","hasDefaultValue":false,"operations":["set","copy"]},"issuelinks":{"required":false,"schema":{"type":"array","items":"issuelinks","system":"issuelinks"},"name":"Linked
        Issues","key":"issuelinks","autoCompleteUrl":"https://defectdojo.atlassian.net/rest/api/2/issue/picker?currentProjectId=&showSubTaskParent=true&showSubTasks=true&currentIssueKey=null&query=","hasDefaultValue":false,"operations":["add","copy"]},"assignee":{"required":false,"schema":{"type":"user","system":"assignee"},"name":"Assignee","key":"assignee","autoCompleteUrl":"https://defectdojo.atlassian.net/rest/api/2/user/assignable/search?project=NTEST&query=","hasDefaultValue":false,"operations":["set"]}}}]}]}'
    headers:
      Atl-Request-Id:
      - ada3afb7-528a-4895-a692-33be9e4be77e
      Atl-Traceid:
      - ada3afb7528a4895a69233be9e4be77e
      Cache-Control:
      - no-cache, no-store, no-transform
      Connection:
      - keep-alive
      Content-Encoding:
      - gzip
      Content-Type:
      - application/json;charset=UTF-8
      Date:
      - Fri, 25 Jul 2025 19:06:05 GMT
      Nel:
      - '{"failure_fraction": 0.001, "include_subdomains": true, "max_age": 600, "report_to":
        "endpoint-1"}'
      Report-To:
      - '{"endpoints": [{"url": "https://dz8aopenkvv6s.cloudfront.net"}], "group":
        "endpoint-1", "include_subdomains": true, "max_age": 600}'
      Server:
      - AtlassianEdge
      Server-Timing:
      - cdn-upstream-layer;desc="EDGE",cdn-upstream-dns;dur=0,cdn-upstream-connect;dur=0,cdn-upstream-fbl;dur=503,atl-edge;dur=501,atl-edge-internal;dur=15,atl-edge-upstream;dur=483,atl-edge-pop;desc="aws-ap-southeast-2",cdn-cache-miss,cdn-pop;desc="SYD62-P1",cdn-rid;desc="ElZOqXCAMie_GHm6YFtTWErQiYdVRnoi6uJSnrvs3GleWFY9Ogfkzw==",cdn-downstream-fbl;dur=506
      Strict-Transport-Security:
      - max-age=63072000; includeSubDomains; preload
      Timing-Allow-Origin:
      - '*'
      Transfer-Encoding:
      - chunked
      Vary:
      - Accept-Encoding
      Via:
      - 1.1 903696f43fdfc4019d7102b6711e9fca.cloudfront.net (CloudFront)
      Warning:
      - 'The issue create meta endpoint has been deprecated. (Deprecation start date:
        June 03, 2024)'
      X-Aaccountid:
      - 712020%3A292a8b4c-ebd5-44be-bb94-d07c56a14dc5
      X-Amz-Cf-Id:
      - ElZOqXCAMie_GHm6YFtTWErQiYdVRnoi6uJSnrvs3GleWFY9Ogfkzw==
      X-Amz-Cf-Pop:
      - SYD62-P1
      X-Arequestid:
      - 37a388ee3ee29b299019f3b13e3faf73
      X-Cache:
      - Miss from cloudfront
      X-Content-Type-Options:
      - nosniff
      X-Xss-Protection:
      - 1; mode=block
    status:
      code: 200
      message: OK
- request:
    body: '{"fields": {"project": {"key": "NTEST"}, "issuetype": {"name": "Task"},
      "summary": "Findings in: negotiator:0.5.3", "description": "\n\n\n\n\n\n\n\nA
      group of Findings has been pushed to JIRA to be investigated and fixed:\n\nh2.
      Group\n*Group*: [Findings in: negotiator:0.5.3|http://localhost:8080/finding_group/22]
      in [Security How-to|http://localhost:8080/product/2] / [1st Quarter Engagement|http://localhost:8080/engagement/1]
      / [NPM Audit Scan|http://localhost:8080/test/102]\n\nh2. Summary\n*Severity:*
      High  *Due Date:* Aug. 24, 2025 \n\nFindings matching the Active, Verified and
      Severity criteria:\n|| Severity || CVE || CWE || Component || Version || Title
      || Status ||\n|High|[CVE-2019-10321|https://nvd.nist.gov/vuln/detail/CVE-2019-10321]|[300|https://cwe.mitre.org/data/definitions/300.html]|negotiator|0.5.3|[2222Regular
      Expression Denial of Service Different Title - (Negotiator, &lt;= 0.6.0)|http://localhost:8080/finding/285]|Active,
      Verified|\n|Medium|[CVE-2016-10539|https://nvd.nist.gov/vuln/detail/CVE-2016-10539]|[400|https://cwe.mitre.org/data/definitions/400.html]|negotiator|0.5.3|[Regular
      Expression Denial of Service Different Title - (Negotiator, &lt;= 0.6.0)|http://localhost:8080/finding/284]|Active,
      Verified|\n\nFindings *not* matching the Active, Verified and Severity criteria:\n||
      Severity || CVE || CWE || Component || Version || Title || Status ||\n\n\n\n\n\n\n\n\n\n\nh1.
      Findings\n\nh3. [2222Regular Expression Denial of Service Different Title -
      (Negotiator, &lt;= 0.6.0)|http://localhost:8080/finding/285]\n*Defect Dojo link:*
      http://localhost:8080/finding/285 (285)\n*Severity:* High\n *Due Date:* Aug.
      24, 2025 \n *CWE:* [CWE-300|https://cwe.mitre.org/data/definitions/300.html]
      \n*CVE:* [CVE-2019-10321|https://nvd.nist.gov/vuln/detail/CVE-2019-10321]\n\n\n\n\n\n\n*Source
      File*: express&gt;accepts&gt;negotiator\n\n\n\n\n*Description*:\nhttps://nodesecurity.io/advisories/107\nAffected
      versions of `negotiator` are vulnerable to regular expression denial of service
      attacks, which trigger upon parsing a specially crafted `Accept-Language` header
      value.\n\n\n Vulnerable Module: negotiator\n Vulnerable Versions: <= 0.6.0\n
      Patched Version: >= 0.6.1\n Vulnerable Paths: \n  - 0.5.3:express>accepts>negotiator\n
      CWE: CWE-300\n Access: public\n\n\n*Mitigation*:\nUpdate to version 0.6.1 or
      later.\n\n\n\n*Impact*:\nNo impact provided\n\n\n\n\n\n*References*:\nhttps://nodesecurity.io/advisories/107\n\n\n\n\n\n*Reporter:*
      [(admin) ()|mailto:]\n\n\n\nh1. Findings\n\nh3. [Regular Expression Denial of
      Service Different Title - (Negotiator, &lt;= 0.6.0)|http://localhost:8080/finding/284]\n*Defect
      Dojo link:* http://localhost:8080/finding/284 (284)\n*Severity:* Medium\n *Due
      Date:* Oct. 23, 2025 \n *CWE:* [CWE-400|https://cwe.mitre.org/data/definitions/400.html]
      \n*CVE:* [CVE-2016-10539|https://nvd.nist.gov/vuln/detail/CVE-2016-10539]\n\n\n\n\n\n\n*Source
      File*: express&gt;accepts&gt;negotiator\n\n\n\n\n*Description*:\nhttps://nodesecurity.io/advisories/106\nAffected
      versions of `negotiator` are vulnerable to regular expression denial of service
      attacks, which trigger upon parsing a specially crafted `Accept-Language` header
      value.\n\n\n Vulnerable Module: negotiator\n Vulnerable Versions: <= 0.6.0\n
      Patched Version: >= 0.6.1\n Vulnerable Paths: \n  - 0.5.3:express>accepts>negotiator\n
      CWE: CWE-400\n Access: public\n\n\n*Mitigation*:\nUpdate to version 0.6.1 or
      later.\n\n\n\n*Impact*:\nNo impact provided\n\n\n\n\n\n*References*:\nhttps://nodesecurity.io/advisories/106\n\n\n\n\n\n*Reporter:*
      [(admin) ()|mailto:]\n", "priority": {"name": "High"}}}'
    headers:
      Accept:
      - application/json,*/*;q=0.9
      Accept-Encoding:
      - gzip, deflate
      Cache-Control:
      - no-cache
      Connection:
      - keep-alive
      Content-Length:
      - '3606'
      Content-Type:
      - application/json
      User-Agent:
      - python-requests/2.32.4
    method: POST
    uri: https://defectdojo.atlassian.net/rest/api/2/issue
  response:
    body:
      string: '{"id":"21280","key":"NTEST-3101","self":"https://defectdojo.atlassian.net/rest/api/2/issue/21280"}'
    headers:
      Atl-Request-Id:
      - cf73a999-33b2-45a8-8617-835d7dbae5d2
      Atl-Traceid:
      - cf73a99933b245a88617835d7dbae5d2
      Cache-Control:
      - no-cache, no-store, no-transform
      Connection:
      - keep-alive
      Content-Type:
      - application/json;charset=UTF-8
      Date:
      - Fri, 25 Jul 2025 19:06:07 GMT
      Nel:
      - '{"failure_fraction": 0.001, "include_subdomains": true, "max_age": 600, "report_to":
        "endpoint-1"}'
      Report-To:
      - '{"endpoints": [{"url": "https://dz8aopenkvv6s.cloudfront.net"}], "group":
        "endpoint-1", "include_subdomains": true, "max_age": 600}'
      Server:
      - AtlassianEdge
      Server-Timing:
      - cdn-upstream-layer;desc="EDGE",cdn-upstream-dns;dur=0,cdn-upstream-connect;dur=0,cdn-upstream-fbl;dur=924,atl-edge;dur=922,atl-edge-internal;dur=15,atl-edge-upstream;dur=907,atl-edge-pop;desc="aws-ap-southeast-2",cdn-cache-miss,cdn-pop;desc="SYD62-P1",cdn-rid;desc="U6GWVK_uuaBmqXwUHq_jTEbaY5PNRbpMDdz484tDcFBNwlm1r7RpnQ==",cdn-downstream-fbl;dur=927
      Strict-Transport-Security:
      - max-age=63072000; includeSubDomains; preload
      Timing-Allow-Origin:
      - '*'
      Transfer-Encoding:
      - chunked
      Vary:
      - Accept-Encoding
      Via:
      - 1.1 4279a60193243ca3cf62feedc7fe581e.cloudfront.net (CloudFront)
      X-Aaccountid:
      - 712020%3A292a8b4c-ebd5-44be-bb94-d07c56a14dc5
      X-Amz-Cf-Id:
      - U6GWVK_uuaBmqXwUHq_jTEbaY5PNRbpMDdz484tDcFBNwlm1r7RpnQ==
      X-Amz-Cf-Pop:
      - SYD62-P1
      X-Arequestid:
      - 4f1f9ec766d1af216855d6d07d6c4b51
      X-Cache:
      - Miss from cloudfront
      X-Content-Type-Options:
      - nosniff
      X-Xss-Protection:
      - 1; mode=block
    status:
      code: 201
      message: Created
- request:
    body: null
    headers:
      Accept:
      - application/json,*/*;q=0.9
      Accept-Encoding:
      - gzip, deflate
      Cache-Control:
      - no-cache
      Connection:
      - keep-alive
      Content-Type:
      - application/json
      User-Agent:
      - python-requests/2.32.4
    method: GET
    uri: https://defectdojo.atlassian.net/rest/api/2/issue/NTEST-3101
  response:
    body:
      string: '{"expand":"renderedFields,names,schema,operations,editmeta,changelog,versionedRepresentations,customfield_10010.requestTypePractice","id":"21280","self":"https://defectdojo.atlassian.net/rest/api/2/issue/21280","key":"NTEST-3101","fields":{"statuscategorychangedate":"2025-07-25T21:06:07.575+0200","fixVersions":[],"statusCategory":{"self":"https://defectdojo.atlassian.net/rest/api/2/statuscategory/2","id":2,"key":"new","colorName":"blue-gray","name":"To
        Do"},"resolution":null,"lastViewed":null,"customfield_10060":null,"customfield_10061":null,"customfield_10062":null,"customfield_10063":null,"customfield_10064":null,"customfield_10065":null,"customfield_10066":null,"priority":{"self":"https://defectdojo.atlassian.net/rest/api/2/priority/2","iconUrl":"https://defectdojo.atlassian.net/images/icons/priorities/high_new.svg","name":"High","id":"2"},"labels":[],"timeestimate":null,"aggregatetimeoriginalestimate":null,"versions":[],"issuelinks":[],"assignee":null,"status":{"self":"https://defectdojo.atlassian.net/rest/api/2/status/10000","description":"","iconUrl":"https://defectdojo.atlassian.net/","name":"Backlog","id":"10000","statusCategory":{"self":"https://defectdojo.atlassian.net/rest/api/2/statuscategory/2","id":2,"key":"new","colorName":"blue-gray","name":"To
        Do"}},"components":[],"customfield_10050":null,"customfield_10051":null,"customfield_10053":null,"customfield_10055":null,"customfield_10056":null,"customfield_10057":null,"customfield_10058":null,"customfield_10059":null,"customfield_10049":null,"aggregatetimeestimate":null,"creator":{"self":"https://defectdojo.atlassian.net/rest/api/2/user?accountId=712020%3A292a8b4c-ebd5-44be-bb94-d07c56a14dc5","accountId":"712020:292a8b4c-ebd5-44be-bb94-d07c56a14dc5","emailAddress":"valentijn@defectdojo.com","avatarUrls":{"48x48":"https://secure.gravatar.com/avatar/d05de848fe8cc7816c52a5e34e327bad?d=https%3A%2F%2Favatar-management--avatars.us-west-2.prod.public.atl-paas.net%2Finitials%2FVS-3.png","24x24":"https://secure.gravatar.com/avatar/d05de848fe8cc7816c52a5e34e327bad?d=https%3A%2F%2Favatar-management--avatars.us-west-2.prod.public.atl-paas.net%2Finitials%2FVS-3.png","16x16":"https://secure.gravatar.com/avatar/d05de848fe8cc7816c52a5e34e327bad?d=https%3A%2F%2Favatar-management--avatars.us-west-2.prod.public.atl-paas.net%2Finitials%2FVS-3.png","32x32":"https://secure.gravatar.com/avatar/d05de848fe8cc7816c52a5e34e327bad?d=https%3A%2F%2Favatar-management--avatars.us-west-2.prod.public.atl-paas.net%2Finitials%2FVS-3.png"},"displayName":"Valentijn
        Scholten","active":true,"timeZone":"Europe/Zurich","accountType":"atlassian"},"subtasks":[],"customfield_10040":null,"customfield_10041":null,"customfield_10042":null,"reporter":{"self":"https://defectdojo.atlassian.net/rest/api/2/user?accountId=712020%3A292a8b4c-ebd5-44be-bb94-d07c56a14dc5","accountId":"712020:292a8b4c-ebd5-44be-bb94-d07c56a14dc5","emailAddress":"valentijn@defectdojo.com","avatarUrls":{"48x48":"https://secure.gravatar.com/avatar/d05de848fe8cc7816c52a5e34e327bad?d=https%3A%2F%2Favatar-management--avatars.us-west-2.prod.public.atl-paas.net%2Finitials%2FVS-3.png","24x24":"https://secure.gravatar.com/avatar/d05de848fe8cc7816c52a5e34e327bad?d=https%3A%2F%2Favatar-management--avatars.us-west-2.prod.public.atl-paas.net%2Finitials%2FVS-3.png","16x16":"https://secure.gravatar.com/avatar/d05de848fe8cc7816c52a5e34e327bad?d=https%3A%2F%2Favatar-management--avatars.us-west-2.prod.public.atl-paas.net%2Finitials%2FVS-3.png","32x32":"https://secure.gravatar.com/avatar/d05de848fe8cc7816c52a5e34e327bad?d=https%3A%2F%2Favatar-management--avatars.us-west-2.prod.public.atl-paas.net%2Finitials%2FVS-3.png"},"displayName":"Valentijn
        Scholten","active":true,"timeZone":"Europe/Zurich","accountType":"atlassian"},"customfield_10043":null,"aggregateprogress":{"progress":0,"total":0},"customfield_10044":null,"customfield_10045":null,"customfield_10046":null,"customfield_10047":null,"customfield_10048":null,"customfield_10038":null,"customfield_10039":null,"progress":{"progress":0,"total":0},"votes":{"self":"https://defectdojo.atlassian.net/rest/api/2/issue/NTEST-3101/votes","votes":0,"hasVoted":false},"worklog":{"startAt":0,"maxResults":20,"total":0,"worklogs":[]},"issuetype":{"self":"https://defectdojo.atlassian.net/rest/api/2/issuetype/10002","id":"10002","description":"A
        small, distinct piece of work.","iconUrl":"https://defectdojo.atlassian.net/rest/api/2/universal_avatar/view/type/issuetype/avatar/10318?size=medium","name":"Task","subtask":false,"avatarId":10318,"hierarchyLevel":0},"timespent":null,"customfield_10030":null,"project":{"self":"https://defectdojo.atlassian.net/rest/api/2/project/10000","id":"10000","key":"NTEST","name":"Unittests","projectTypeKey":"software","simplified":false,"avatarUrls":{"48x48":"https://defectdojo.atlassian.net/rest/api/2/universal_avatar/view/type/project/avatar/10407","24x24":"https://defectdojo.atlassian.net/rest/api/2/universal_avatar/view/type/project/avatar/10407?size=small","16x16":"https://defectdojo.atlassian.net/rest/api/2/universal_avatar/view/type/project/avatar/10407?size=xsmall","32x32":"https://defectdojo.atlassian.net/rest/api/2/universal_avatar/view/type/project/avatar/10407?size=medium"}},"customfield_10031":null,"customfield_10032":null,"customfield_10033":null,"aggregatetimespent":null,"customfield_10035":null,"customfield_10036":null,"customfield_10037":null,"customfield_10027":null,"customfield_10028":null,"customfield_10029":null,"resolutiondate":null,"workratio":-1,"watches":{"self":"https://defectdojo.atlassian.net/rest/api/2/issue/NTEST-3101/watchers","watchCount":1,"isWatching":true},"created":"2025-07-25T21:06:07.256+0200","customfield_10020":null,"customfield_10021":null,"customfield_10022":null,"customfield_10023":null,"customfield_10016":null,"customfield_10017":null,"customfield_10019":"0|i012br:","updated":"2025-07-25T21:06:07.344+0200","timeoriginalestimate":null,"description":"\n\n\n\n\n\n\n\nA
        group of Findings has been pushed to JIRA to be investigated and fixed:\n\nh2.
        Group\n*Group*: [Findings in: negotiator:0.5.3|http://localhost:8080/finding_group/22]
        in [Security How-to|http://localhost:8080/product/2] / [1st Quarter Engagement|http://localhost:8080/engagement/1]
        / [NPM Audit Scan|http://localhost:8080/test/102]\n\nh2. Summary\n*Severity:*
        High  *Due Date:* Aug. 24, 2025 \n\nFindings matching the Active, Verified
        and Severity criteria:\n|| Severity || CVE || CWE || Component || Version
        || Title || Status ||\n|High|[CVE-2019-10321|https://nvd.nist.gov/vuln/detail/CVE-2019-10321]|[300|https://cwe.mitre.org/data/definitions/300.html]|negotiator|0.5.3|[2222Regular
        Expression Denial of Service Different Title - (Negotiator, &lt;= 0.6.0)|http://localhost:8080/finding/285]|Active,
        Verified|\n|Medium|[CVE-2016-10539|https://nvd.nist.gov/vuln/detail/CVE-2016-10539]|[400|https://cwe.mitre.org/data/definitions/400.html]|negotiator|0.5.3|[Regular
        Expression Denial of Service Different Title - (Negotiator, &lt;= 0.6.0)|http://localhost:8080/finding/284]|Active,
        Verified|\n\nFindings *not* matching the Active, Verified and Severity criteria:\n||
        Severity || CVE || CWE || Component || Version || Title || Status ||\n\n\n\n\n\n\n\n\n\n\nh1.
        Findings\n\nh3. [2222Regular Expression Denial of Service Different Title
        - (Negotiator, &lt;= 0.6.0)|http://localhost:8080/finding/285]\n*Defect Dojo
        link:* http://localhost:8080/finding/285 (285)\n*Severity:* High\n *Due Date:*
        Aug. 24, 2025 \n *CWE:* [CWE-300|https://cwe.mitre.org/data/definitions/300.html]
        \n*CVE:* [CVE-2019-10321|https://nvd.nist.gov/vuln/detail/CVE-2019-10321]\n\n\n\n\n\n\n*Source
        File*: express&gt;accepts&gt;negotiator\n\n\n\n\n*Description*:\nhttps://nodesecurity.io/advisories/107\nAffected
        versions of `negotiator` are vulnerable to regular expression denial of service
        attacks, which trigger upon parsing a specially crafted `Accept-Language`
        header value.\n\n\n Vulnerable Module: negotiator\n Vulnerable Versions: <=
        0.6.0\n Patched Version: >= 0.6.1\n Vulnerable Paths: \n  - 0.5.3:express>accepts>negotiator\n
        CWE: CWE-300\n Access: public\n\n\n*Mitigation*:\nUpdate to version 0.6.1
        or later.\n\n\n\n*Impact*:\nNo impact provided\n\n\n\n\n\n*References*:\nhttps://nodesecurity.io/advisories/107\n\n\n\n\n\n*Reporter:*
        [(admin) ()|mailto:]\n\n\n\nh1. Findings\n\nh3. [Regular Expression Denial
        of Service Different Title - (Negotiator, &lt;= 0.6.0)|http://localhost:8080/finding/284]\n*Defect
        Dojo link:* http://localhost:8080/finding/284 (284)\n*Severity:* Medium\n
        *Due Date:* Oct. 23, 2025 \n *CWE:* [CWE-400|https://cwe.mitre.org/data/definitions/400.html]
        \n*CVE:* [CVE-2016-10539|https://nvd.nist.gov/vuln/detail/CVE-2016-10539]\n\n\n\n\n\n\n*Source
        File*: express&gt;accepts&gt;negotiator\n\n\n\n\n*Description*:\nhttps://nodesecurity.io/advisories/106\nAffected
        versions of `negotiator` are vulnerable to regular expression denial of service
        attacks, which trigger upon parsing a specially crafted `Accept-Language`
        header value.\n\n\n Vulnerable Module: negotiator\n Vulnerable Versions: <=
        0.6.0\n Patched Version: >= 0.6.1\n Vulnerable Paths: \n  - 0.5.3:express>accepts>negotiator\n
        CWE: CWE-400\n Access: public\n\n\n*Mitigation*:\nUpdate to version 0.6.1
        or later.\n\n\n\n*Impact*:\nNo impact provided\n\n\n\n\n\n*References*:\nhttps://nodesecurity.io/advisories/106\n\n\n\n\n\n*Reporter:*
        [(admin) ()|mailto:]\n","customfield_10010":null,"customfield_10014":null,"timetracking":{},"customfield_10015":null,"customfield_10005":null,"customfield_10006":null,"customfield_10007":null,"security":null,"customfield_10008":null,"attachment":[],"customfield_10009":null,"summary":"Findings
        in: negotiator:0.5.3","customfield_10001":null,"customfield_10002":[],"customfield_10003":null,"customfield_10004":null,"environment":null,"duedate":null,"comment":{"comments":[],"self":"https://defectdojo.atlassian.net/rest/api/2/issue/21280/comment","maxResults":0,"total":0,"startAt":0}}}'
    headers:
      Atl-Request-Id:
      - ec1c4207-e67a-4ac7-87a9-5ba1e75b012e
      Atl-Traceid:
      - ec1c4207e67a4ac787a95ba1e75b012e
      Cache-Control:
      - no-cache, no-store, no-transform
      Connection:
      - keep-alive
      Content-Encoding:
      - gzip
      Content-Type:
      - application/json;charset=UTF-8
      Date:
      - Fri, 25 Jul 2025 19:06:09 GMT
      Nel:
      - '{"failure_fraction": 0.001, "include_subdomains": true, "max_age": 600, "report_to":
        "endpoint-1"}'
      Report-To:
      - '{"endpoints": [{"url": "https://dz8aopenkvv6s.cloudfront.net"}], "group":
        "endpoint-1", "include_subdomains": true, "max_age": 600}'
      Server:
      - AtlassianEdge
      Server-Timing:
      - cdn-upstream-layer;desc="EDGE",cdn-upstream-dns;dur=0,cdn-upstream-connect;dur=0,cdn-upstream-fbl;dur=409,atl-edge;dur=407,atl-edge-internal;dur=15,atl-edge-upstream;dur=393,atl-edge-pop;desc="aws-ap-southeast-2",cdn-cache-miss,cdn-pop;desc="SYD62-P2",cdn-rid;desc="rTlvnCs-2H8n3bkDZbJCJStuDYwhFnLGS_rsdNh3GXtNlFDM7eKnEQ==",cdn-downstream-fbl;dur=413
      Strict-Transport-Security:
      - max-age=63072000; includeSubDomains; preload
      Timing-Allow-Origin:
      - '*'
      Transfer-Encoding:
      - chunked
      Vary:
      - Accept-Encoding
      Via:
      - 1.1 6f4ca7db93883fe5e25a91018517d110.cloudfront.net (CloudFront)
      X-Aaccountid:
      - 712020%3A292a8b4c-ebd5-44be-bb94-d07c56a14dc5
      X-Amz-Cf-Id:
      - rTlvnCs-2H8n3bkDZbJCJStuDYwhFnLGS_rsdNh3GXtNlFDM7eKnEQ==
      X-Amz-Cf-Pop:
      - SYD62-P2
      X-Arequestid:
      - 84f7dfe0a93a538a89098b0fa46849b5
      X-Cache:
      - Miss from cloudfront
      X-Content-Type-Options:
      - nosniff
      X-Xss-Protection:
      - 1; mode=block
    status:
      code: 200
      message: OK
- request:
    body: null
    headers:
      Accept:
      - application/json,*/*;q=0.9
      Accept-Encoding:
      - gzip, deflate
      Cache-Control:
      - no-cache
      Connection:
      - keep-alive
      Content-Type:
      - application/json
      User-Agent:
      - python-requests/2.32.4
    method: GET
    uri: https://defectdojo.atlassian.net/rest/api/2/issue/21280
  response:
    body:
      string: '{"expand":"renderedFields,names,schema,operations,editmeta,changelog,versionedRepresentations,customfield_10010.requestTypePractice","id":"21280","self":"https://defectdojo.atlassian.net/rest/api/2/issue/21280","key":"NTEST-3101","fields":{"statuscategorychangedate":"2025-07-25T21:06:07.575+0200","fixVersions":[],"statusCategory":{"self":"https://defectdojo.atlassian.net/rest/api/2/statuscategory/2","id":2,"key":"new","colorName":"blue-gray","name":"To
        Do"},"resolution":null,"lastViewed":null,"customfield_10060":null,"customfield_10061":null,"customfield_10062":null,"customfield_10063":null,"customfield_10064":null,"customfield_10065":null,"customfield_10066":null,"priority":{"self":"https://defectdojo.atlassian.net/rest/api/2/priority/2","iconUrl":"https://defectdojo.atlassian.net/images/icons/priorities/high_new.svg","name":"High","id":"2"},"labels":[],"timeestimate":null,"aggregatetimeoriginalestimate":null,"versions":[],"issuelinks":[],"assignee":null,"status":{"self":"https://defectdojo.atlassian.net/rest/api/2/status/10000","description":"","iconUrl":"https://defectdojo.atlassian.net/","name":"Backlog","id":"10000","statusCategory":{"self":"https://defectdojo.atlassian.net/rest/api/2/statuscategory/2","id":2,"key":"new","colorName":"blue-gray","name":"To
        Do"}},"components":[],"customfield_10050":null,"customfield_10051":null,"customfield_10053":null,"customfield_10055":null,"customfield_10056":null,"customfield_10057":null,"customfield_10058":null,"customfield_10059":null,"customfield_10049":null,"aggregatetimeestimate":null,"creator":{"self":"https://defectdojo.atlassian.net/rest/api/2/user?accountId=712020%3A292a8b4c-ebd5-44be-bb94-d07c56a14dc5","accountId":"712020:292a8b4c-ebd5-44be-bb94-d07c56a14dc5","emailAddress":"valentijn@defectdojo.com","avatarUrls":{"48x48":"https://secure.gravatar.com/avatar/d05de848fe8cc7816c52a5e34e327bad?d=https%3A%2F%2Favatar-management--avatars.us-west-2.prod.public.atl-paas.net%2Finitials%2FVS-3.png","24x24":"https://secure.gravatar.com/avatar/d05de848fe8cc7816c52a5e34e327bad?d=https%3A%2F%2Favatar-management--avatars.us-west-2.prod.public.atl-paas.net%2Finitials%2FVS-3.png","16x16":"https://secure.gravatar.com/avatar/d05de848fe8cc7816c52a5e34e327bad?d=https%3A%2F%2Favatar-management--avatars.us-west-2.prod.public.atl-paas.net%2Finitials%2FVS-3.png","32x32":"https://secure.gravatar.com/avatar/d05de848fe8cc7816c52a5e34e327bad?d=https%3A%2F%2Favatar-management--avatars.us-west-2.prod.public.atl-paas.net%2Finitials%2FVS-3.png"},"displayName":"Valentijn
        Scholten","active":true,"timeZone":"Europe/Zurich","accountType":"atlassian"},"subtasks":[],"customfield_10040":null,"customfield_10041":null,"customfield_10042":null,"reporter":{"self":"https://defectdojo.atlassian.net/rest/api/2/user?accountId=712020%3A292a8b4c-ebd5-44be-bb94-d07c56a14dc5","accountId":"712020:292a8b4c-ebd5-44be-bb94-d07c56a14dc5","emailAddress":"valentijn@defectdojo.com","avatarUrls":{"48x48":"https://secure.gravatar.com/avatar/d05de848fe8cc7816c52a5e34e327bad?d=https%3A%2F%2Favatar-management--avatars.us-west-2.prod.public.atl-paas.net%2Finitials%2FVS-3.png","24x24":"https://secure.gravatar.com/avatar/d05de848fe8cc7816c52a5e34e327bad?d=https%3A%2F%2Favatar-management--avatars.us-west-2.prod.public.atl-paas.net%2Finitials%2FVS-3.png","16x16":"https://secure.gravatar.com/avatar/d05de848fe8cc7816c52a5e34e327bad?d=https%3A%2F%2Favatar-management--avatars.us-west-2.prod.public.atl-paas.net%2Finitials%2FVS-3.png","32x32":"https://secure.gravatar.com/avatar/d05de848fe8cc7816c52a5e34e327bad?d=https%3A%2F%2Favatar-management--avatars.us-west-2.prod.public.atl-paas.net%2Finitials%2FVS-3.png"},"displayName":"Valentijn
        Scholten","active":true,"timeZone":"Europe/Zurich","accountType":"atlassian"},"customfield_10043":null,"aggregateprogress":{"progress":0,"total":0},"customfield_10044":null,"customfield_10045":null,"customfield_10046":null,"customfield_10047":null,"customfield_10048":null,"customfield_10038":null,"customfield_10039":null,"progress":{"progress":0,"total":0},"votes":{"self":"https://defectdojo.atlassian.net/rest/api/2/issue/NTEST-3101/votes","votes":0,"hasVoted":false},"worklog":{"startAt":0,"maxResults":20,"total":0,"worklogs":[]},"issuetype":{"self":"https://defectdojo.atlassian.net/rest/api/2/issuetype/10002","id":"10002","description":"A
        small, distinct piece of work.","iconUrl":"https://defectdojo.atlassian.net/rest/api/2/universal_avatar/view/type/issuetype/avatar/10318?size=medium","name":"Task","subtask":false,"avatarId":10318,"hierarchyLevel":0},"timespent":null,"customfield_10030":null,"project":{"self":"https://defectdojo.atlassian.net/rest/api/2/project/10000","id":"10000","key":"NTEST","name":"Unittests","projectTypeKey":"software","simplified":false,"avatarUrls":{"48x48":"https://defectdojo.atlassian.net/rest/api/2/universal_avatar/view/type/project/avatar/10407","24x24":"https://defectdojo.atlassian.net/rest/api/2/universal_avatar/view/type/project/avatar/10407?size=small","16x16":"https://defectdojo.atlassian.net/rest/api/2/universal_avatar/view/type/project/avatar/10407?size=xsmall","32x32":"https://defectdojo.atlassian.net/rest/api/2/universal_avatar/view/type/project/avatar/10407?size=medium"}},"customfield_10031":null,"customfield_10032":null,"customfield_10033":null,"aggregatetimespent":null,"customfield_10035":null,"customfield_10036":null,"customfield_10037":null,"customfield_10027":null,"customfield_10028":null,"customfield_10029":null,"resolutiondate":null,"workratio":-1,"watches":{"self":"https://defectdojo.atlassian.net/rest/api/2/issue/NTEST-3101/watchers","watchCount":1,"isWatching":true},"created":"2025-07-25T21:06:07.256+0200","customfield_10020":null,"customfield_10021":null,"customfield_10022":null,"customfield_10023":null,"customfield_10016":null,"customfield_10017":null,"customfield_10019":"0|i012br:","updated":"2025-07-25T21:06:07.344+0200","timeoriginalestimate":null,"description":"\n\n\n\n\n\n\n\nA
        group of Findings has been pushed to JIRA to be investigated and fixed:\n\nh2.
        Group\n*Group*: [Findings in: negotiator:0.5.3|http://localhost:8080/finding_group/22]
        in [Security How-to|http://localhost:8080/product/2] / [1st Quarter Engagement|http://localhost:8080/engagement/1]
        / [NPM Audit Scan|http://localhost:8080/test/102]\n\nh2. Summary\n*Severity:*
        High  *Due Date:* Aug. 24, 2025 \n\nFindings matching the Active, Verified
        and Severity criteria:\n|| Severity || CVE || CWE || Component || Version
        || Title || Status ||\n|High|[CVE-2019-10321|https://nvd.nist.gov/vuln/detail/CVE-2019-10321]|[300|https://cwe.mitre.org/data/definitions/300.html]|negotiator|0.5.3|[2222Regular
        Expression Denial of Service Different Title - (Negotiator, &lt;= 0.6.0)|http://localhost:8080/finding/285]|Active,
        Verified|\n|Medium|[CVE-2016-10539|https://nvd.nist.gov/vuln/detail/CVE-2016-10539]|[400|https://cwe.mitre.org/data/definitions/400.html]|negotiator|0.5.3|[Regular
        Expression Denial of Service Different Title - (Negotiator, &lt;= 0.6.0)|http://localhost:8080/finding/284]|Active,
        Verified|\n\nFindings *not* matching the Active, Verified and Severity criteria:\n||
        Severity || CVE || CWE || Component || Version || Title || Status ||\n\n\n\n\n\n\n\n\n\n\nh1.
        Findings\n\nh3. [2222Regular Expression Denial of Service Different Title
        - (Negotiator, &lt;= 0.6.0)|http://localhost:8080/finding/285]\n*Defect Dojo
        link:* http://localhost:8080/finding/285 (285)\n*Severity:* High\n *Due Date:*
        Aug. 24, 2025 \n *CWE:* [CWE-300|https://cwe.mitre.org/data/definitions/300.html]
        \n*CVE:* [CVE-2019-10321|https://nvd.nist.gov/vuln/detail/CVE-2019-10321]\n\n\n\n\n\n\n*Source
        File*: express&gt;accepts&gt;negotiator\n\n\n\n\n*Description*:\nhttps://nodesecurity.io/advisories/107\nAffected
        versions of `negotiator` are vulnerable to regular expression denial of service
        attacks, which trigger upon parsing a specially crafted `Accept-Language`
        header value.\n\n\n Vulnerable Module: negotiator\n Vulnerable Versions: <=
        0.6.0\n Patched Version: >= 0.6.1\n Vulnerable Paths: \n  - 0.5.3:express>accepts>negotiator\n
        CWE: CWE-300\n Access: public\n\n\n*Mitigation*:\nUpdate to version 0.6.1
        or later.\n\n\n\n*Impact*:\nNo impact provided\n\n\n\n\n\n*References*:\nhttps://nodesecurity.io/advisories/107\n\n\n\n\n\n*Reporter:*
        [(admin) ()|mailto:]\n\n\n\nh1. Findings\n\nh3. [Regular Expression Denial
        of Service Different Title - (Negotiator, &lt;= 0.6.0)|http://localhost:8080/finding/284]\n*Defect
        Dojo link:* http://localhost:8080/finding/284 (284)\n*Severity:* Medium\n
        *Due Date:* Oct. 23, 2025 \n *CWE:* [CWE-400|https://cwe.mitre.org/data/definitions/400.html]
        \n*CVE:* [CVE-2016-10539|https://nvd.nist.gov/vuln/detail/CVE-2016-10539]\n\n\n\n\n\n\n*Source
        File*: express&gt;accepts&gt;negotiator\n\n\n\n\n*Description*:\nhttps://nodesecurity.io/advisories/106\nAffected
        versions of `negotiator` are vulnerable to regular expression denial of service
        attacks, which trigger upon parsing a specially crafted `Accept-Language`
        header value.\n\n\n Vulnerable Module: negotiator\n Vulnerable Versions: <=
        0.6.0\n Patched Version: >= 0.6.1\n Vulnerable Paths: \n  - 0.5.3:express>accepts>negotiator\n
        CWE: CWE-400\n Access: public\n\n\n*Mitigation*:\nUpdate to version 0.6.1
        or later.\n\n\n\n*Impact*:\nNo impact provided\n\n\n\n\n\n*References*:\nhttps://nodesecurity.io/advisories/106\n\n\n\n\n\n*Reporter:*
        [(admin) ()|mailto:]\n","customfield_10010":null,"customfield_10014":null,"timetracking":{},"customfield_10015":null,"customfield_10005":null,"customfield_10006":null,"customfield_10007":null,"security":null,"customfield_10008":null,"attachment":[],"customfield_10009":null,"summary":"Findings
        in: negotiator:0.5.3","customfield_10001":null,"customfield_10002":[],"customfield_10003":null,"customfield_10004":null,"environment":null,"duedate":null,"comment":{"comments":[],"self":"https://defectdojo.atlassian.net/rest/api/2/issue/21280/comment","maxResults":0,"total":0,"startAt":0}}}'
    headers:
      Atl-Request-Id:
      - 22d0b3a1-43aa-47b0-b52d-39b95eccf892
      Atl-Traceid:
      - 22d0b3a143aa47b0b52d39b95eccf892
      Cache-Control:
      - no-cache, no-store, no-transform
      Connection:
      - keep-alive
      Content-Encoding:
      - gzip
      Content-Type:
      - application/json;charset=UTF-8
      Date:
      - Fri, 25 Jul 2025 19:06:10 GMT
      Nel:
      - '{"failure_fraction": 0.001, "include_subdomains": true, "max_age": 600, "report_to":
        "endpoint-1"}'
      Report-To:
      - '{"endpoints": [{"url": "https://dz8aopenkvv6s.cloudfront.net"}], "group":
        "endpoint-1", "include_subdomains": true, "max_age": 600}'
      Server:
      - AtlassianEdge
      Server-Timing:
      - cdn-upstream-layer;desc="EDGE",cdn-upstream-dns;dur=0,cdn-upstream-connect;dur=0,cdn-upstream-fbl;dur=437,atl-edge;dur=435,atl-edge-internal;dur=15,atl-edge-upstream;dur=421,atl-edge-pop;desc="aws-ap-southeast-2",cdn-cache-miss,cdn-pop;desc="SYD62-P3",cdn-rid;desc="Dvu_XLbiYxe7lRCkKJglfPufFPJZIWCnF437ry8gxF5DT9zlRajvLQ==",cdn-downstream-fbl;dur=441
      Strict-Transport-Security:
      - max-age=63072000; includeSubDomains; preload
      Timing-Allow-Origin:
      - '*'
      Transfer-Encoding:
      - chunked
      Vary:
      - Accept-Encoding
      Via:
      - 1.1 ed90dc86686a84dd5c3571951738e746.cloudfront.net (CloudFront)
      X-Aaccountid:
      - 712020%3A292a8b4c-ebd5-44be-bb94-d07c56a14dc5
      X-Amz-Cf-Id:
      - Dvu_XLbiYxe7lRCkKJglfPufFPJZIWCnF437ry8gxF5DT9zlRajvLQ==
      X-Amz-Cf-Pop:
      - SYD62-P3
      X-Arequestid:
      - dbd7f0b3f33790312d01cca5f07d83be
      X-Cache:
      - Miss from cloudfront
      X-Content-Type-Options:
      - nosniff
      X-Xss-Protection:
      - 1; mode=block
    status:
      code: 200
      message: OK
- request:
    body: null
    headers:
      Accept:
      - application/json,*/*;q=0.9
      Accept-Encoding:
      - gzip, deflate
      Cache-Control:
      - no-cache
      Connection:
      - keep-alive
      Content-Type:
      - application/json
      User-Agent:
      - python-requests/2.32.4
    method: GET
    uri: https://defectdojo.atlassian.net/rest/api/2/serverInfo
  response:
    body:
      string: '{"baseUrl":"https://defectdojo.atlassian.net","displayUrl":"https://defectdojo.atlassian.net","displayUrlServicedeskHelpCenter":"https://defectdojo.atlassian.net","displayUrlConfluence":"https://defectdojo.atlassian.net","version":"1001.0.0-SNAPSHOT","versionNumbers":[1001,0,0],"deploymentType":"Cloud","buildNumber":100287,"buildDate":"2025-07-24T13:05:26.000+0200","serverTime":"2025-07-25T21:06:11.464+0200","scmInfo":"0139ea21e0f8b5dafbd2e1eb33923e0c468b7f69","serverTitle":"Jira","defaultLocale":{"locale":"en_US"},"serverTimeZone":"Etc/UTC"}'
    headers:
      Atl-Request-Id:
      - c8421eee-ce31-4401-8a84-3418f1a6c04e
      Atl-Traceid:
      - c8421eeece3144018a843418f1a6c04e
      Cache-Control:
      - no-cache, no-store, no-transform
      Connection:
      - keep-alive
      Content-Encoding:
      - gzip
      Content-Type:
      - application/json;charset=UTF-8
      Date:
      - Fri, 25 Jul 2025 19:06:11 GMT
      Nel:
      - '{"failure_fraction": 0.001, "include_subdomains": true, "max_age": 600, "report_to":
        "endpoint-1"}'
      Report-To:
      - '{"endpoints": [{"url": "https://dz8aopenkvv6s.cloudfront.net"}], "group":
        "endpoint-1", "include_subdomains": true, "max_age": 600}'
      Server:
      - AtlassianEdge
      Server-Timing:
      - cdn-upstream-layer;desc="EDGE",cdn-upstream-dns;dur=0,cdn-upstream-connect;dur=1,cdn-upstream-fbl;dur=323,atl-edge;dur=317,atl-edge-internal;dur=15,atl-edge-upstream;dur=303,atl-edge-pop;desc="aws-ap-southeast-2",cdn-cache-miss,cdn-pop;desc="SYD3-P2",cdn-rid;desc="WEpr6ucJyEM1rfN0oNxXZD_jKwqAlenXa-Tm9ZnsrLxuB8uV4jwEQA==",cdn-downstream-fbl;dur=326
      Strict-Transport-Security:
      - max-age=63072000; includeSubDomains; preload
      Timing-Allow-Origin:
      - '*'
      Transfer-Encoding:
      - chunked
      Vary:
      - Accept-Encoding
      Via:
      - 1.1 6d9ff63cdcc93ca8f7c1714fbd746b66.cloudfront.net (CloudFront)
      X-Aaccountid:
      - 712020%3A292a8b4c-ebd5-44be-bb94-d07c56a14dc5
      X-Amz-Cf-Id:
      - WEpr6ucJyEM1rfN0oNxXZD_jKwqAlenXa-Tm9ZnsrLxuB8uV4jwEQA==
      X-Amz-Cf-Pop:
      - SYD3-P2
      X-Arequestid:
      - f67233c0b140f7cdf91727575004efe7
      X-Cache:
      - Miss from cloudfront
      X-Content-Type-Options:
      - nosniff
      X-Xss-Protection:
      - 1; mode=block
    status:
      code: 200
      message: OK
- request:
    body: null
    headers:
      Accept:
      - application/json,*/*;q=0.9
      Accept-Encoding:
      - gzip, deflate
      Cache-Control:
      - no-cache
      Connection:
      - keep-alive
      Content-Type:
      - application/json
      User-Agent:
      - python-requests/2.32.4
    method: GET
    uri: https://defectdojo.atlassian.net/rest/api/2/issue/createmeta?projectKeys=NTEST&issuetypeNames=Task&expand=projects.issuetypes.fields
  response:
    body:
      string: '{"expand":"projects","projects":[{"expand":"issuetypes","self":"https://defectdojo.atlassian.net/rest/api/2/project/10000","id":"10000","key":"NTEST","name":"Unittests","avatarUrls":{"48x48":"https://defectdojo.atlassian.net/rest/api/2/universal_avatar/view/type/project/avatar/10407","24x24":"https://defectdojo.atlassian.net/rest/api/2/universal_avatar/view/type/project/avatar/10407?size=small","16x16":"https://defectdojo.atlassian.net/rest/api/2/universal_avatar/view/type/project/avatar/10407?size=xsmall","32x32":"https://defectdojo.atlassian.net/rest/api/2/universal_avatar/view/type/project/avatar/10407?size=medium"},"issuetypes":[{"self":"https://defectdojo.atlassian.net/rest/api/2/issuetype/10002","id":"10002","description":"A
        small, distinct piece of work.","iconUrl":"https://defectdojo.atlassian.net/rest/api/2/universal_avatar/view/type/issuetype/avatar/10318?size=medium","name":"Task","untranslatedName":"Task","subtask":false,"hierarchyLevel":0,"expand":"fields","fields":{"summary":{"required":true,"schema":{"type":"string","system":"summary"},"name":"Summary","key":"summary","hasDefaultValue":false,"operations":["set"]},"issuetype":{"required":true,"schema":{"type":"issuetype","system":"issuetype"},"name":"Issue
        Type","key":"issuetype","hasDefaultValue":false,"operations":[],"allowedValues":[{"self":"https://defectdojo.atlassian.net/rest/api/2/issuetype/10002","id":"10002","description":"A
        small, distinct piece of work.","iconUrl":"https://defectdojo.atlassian.net/rest/api/2/universal_avatar/view/type/issuetype/avatar/10318?size=medium","name":"Task","subtask":false,"avatarId":10318,"hierarchyLevel":0}]},"parent":{"required":false,"schema":{"type":"issuelink","system":"parent"},"name":"Parent","key":"parent","hasDefaultValue":false,"operations":["set"]},"components":{"required":false,"schema":{"type":"array","items":"component","system":"components"},"name":"Components","key":"components","hasDefaultValue":false,"operations":["add","set","remove"],"allowedValues":[]},"description":{"required":false,"schema":{"type":"string","system":"description"},"name":"Description","key":"description","hasDefaultValue":false,"operations":["set"]},"project":{"required":true,"schema":{"type":"project","system":"project"},"name":"Project","key":"project","hasDefaultValue":false,"operations":["set"],"allowedValues":[{"self":"https://defectdojo.atlassian.net/rest/api/2/project/10000","id":"10000","key":"NTEST","name":"Unittests","projectTypeKey":"software","simplified":false,"avatarUrls":{"48x48":"https://defectdojo.atlassian.net/rest/api/2/universal_avatar/view/type/project/avatar/10407","24x24":"https://defectdojo.atlassian.net/rest/api/2/universal_avatar/view/type/project/avatar/10407?size=small","16x16":"https://defectdojo.atlassian.net/rest/api/2/universal_avatar/view/type/project/avatar/10407?size=xsmall","32x32":"https://defectdojo.atlassian.net/rest/api/2/universal_avatar/view/type/project/avatar/10407?size=medium"}}]},"fixVersions":{"required":false,"schema":{"type":"array","items":"version","system":"fixVersions"},"name":"Fix
        versions","key":"fixVersions","hasDefaultValue":false,"operations":["set","add","remove"],"allowedValues":[]},"priority":{"required":false,"schema":{"type":"priority","system":"priority"},"name":"Priority","key":"priority","hasDefaultValue":true,"operations":["set"],"allowedValues":[{"self":"https://defectdojo.atlassian.net/rest/api/2/priority/1","iconUrl":"https://defectdojo.atlassian.net/images/icons/priorities/highest_new.svg","name":"Highest","id":"1"},{"self":"https://defectdojo.atlassian.net/rest/api/2/priority/2","iconUrl":"https://defectdojo.atlassian.net/images/icons/priorities/high_new.svg","name":"High","id":"2"},{"self":"https://defectdojo.atlassian.net/rest/api/2/priority/3","iconUrl":"https://defectdojo.atlassian.net/images/icons/priorities/medium_new.svg","name":"Medium","id":"3"},{"self":"https://defectdojo.atlassian.net/rest/api/2/priority/4","iconUrl":"https://defectdojo.atlassian.net/images/icons/priorities/low_new.svg","name":"Low","id":"4"},{"self":"https://defectdojo.atlassian.net/rest/api/2/priority/5","iconUrl":"https://defectdojo.atlassian.net/images/icons/priorities/lowest_new.svg","name":"Lowest","id":"5"}],"defaultValue":{"self":"https://defectdojo.atlassian.net/rest/api/2/priority/3","iconUrl":"https://defectdojo.atlassian.net/images/icons/priorities/medium_new.svg","name":"Medium","id":"3"}},"customfield_10014":{"required":false,"schema":{"type":"any","custom":"com.pyxis.greenhopper.jira:gh-epic-link","customId":10014},"name":"Epic
        Link","key":"customfield_10014","hasDefaultValue":false,"operations":["set"]},"labels":{"required":false,"schema":{"type":"array","items":"string","system":"labels"},"name":"Labels","key":"labels","autoCompleteUrl":"https://defectdojo.atlassian.net/rest/api/1.0/labels/suggest?query=","hasDefaultValue":false,"operations":["add","set","remove"]},"attachment":{"required":false,"schema":{"type":"array","items":"attachment","system":"attachment"},"name":"Attachment","key":"attachment","hasDefaultValue":false,"operations":["set","copy"]},"issuelinks":{"required":false,"schema":{"type":"array","items":"issuelinks","system":"issuelinks"},"name":"Linked
        Issues","key":"issuelinks","autoCompleteUrl":"https://defectdojo.atlassian.net/rest/api/2/issue/picker?currentProjectId=&showSubTaskParent=true&showSubTasks=true&currentIssueKey=null&query=","hasDefaultValue":false,"operations":["add","copy"]},"assignee":{"required":false,"schema":{"type":"user","system":"assignee"},"name":"Assignee","key":"assignee","autoCompleteUrl":"https://defectdojo.atlassian.net/rest/api/2/user/assignable/search?project=NTEST&query=","hasDefaultValue":false,"operations":["set"]}}}]}]}'
    headers:
      Atl-Request-Id:
      - 1b653739-d0e2-41c3-8c3a-95ac7445f575
      Atl-Traceid:
      - 1b653739d0e241c38c3a95ac7445f575
      Cache-Control:
      - no-cache, no-store, no-transform
      Connection:
      - keep-alive
      Content-Encoding:
      - gzip
      Content-Type:
      - application/json;charset=UTF-8
      Date:
      - Fri, 25 Jul 2025 19:06:13 GMT
      Nel:
      - '{"failure_fraction": 0.001, "include_subdomains": true, "max_age": 600, "report_to":
        "endpoint-1"}'
      Report-To:
      - '{"endpoints": [{"url": "https://dz8aopenkvv6s.cloudfront.net"}], "group":
        "endpoint-1", "include_subdomains": true, "max_age": 600}'
      Server:
      - AtlassianEdge
      Server-Timing:
      - cdn-upstream-layer;desc="EDGE",cdn-upstream-dns;dur=0,cdn-upstream-connect;dur=0,cdn-upstream-fbl;dur=506,atl-edge;dur=504,atl-edge-internal;dur=14,atl-edge-upstream;dur=490,atl-edge-pop;desc="aws-ap-southeast-2",cdn-cache-miss,cdn-pop;desc="SYD62-P3",cdn-rid;desc="oivxsIMlvUUiaadYOG1Bx6Ut_XuIJxWHg-gDaaHH2zPJlzESjeidLw==",cdn-downstream-fbl;dur=510
      Strict-Transport-Security:
      - max-age=63072000; includeSubDomains; preload
      Timing-Allow-Origin:
      - '*'
      Transfer-Encoding:
      - chunked
      Vary:
      - Accept-Encoding
      Via:
      - 1.1 6eb4925a459e5104745cfd7f77596766.cloudfront.net (CloudFront)
      Warning:
      - 'The issue create meta endpoint has been deprecated. (Deprecation start date:
        June 03, 2024)'
      X-Aaccountid:
      - 712020%3A292a8b4c-ebd5-44be-bb94-d07c56a14dc5
      X-Amz-Cf-Id:
      - oivxsIMlvUUiaadYOG1Bx6Ut_XuIJxWHg-gDaaHH2zPJlzESjeidLw==
      X-Amz-Cf-Pop:
      - SYD62-P3
      X-Arequestid:
      - c35c2d99697adad68235940eb84bde68
      X-Cache:
      - Miss from cloudfront
      X-Content-Type-Options:
      - nosniff
      X-Xss-Protection:
      - 1; mode=block
    status:
      code: 200
      message: OK
- request:
    body: '{"fields": {"project": {"key": "NTEST"}, "issuetype": {"name": "Task"},
      "summary": "Findings in: pg:5.1.0", "description": "\n\n\n\n\n\n\n\nA group
      of Findings has been pushed to JIRA to be investigated and fixed:\n\nh2. Group\n*Group*:
      [Findings in: pg:5.1.0|http://localhost:8080/finding_group/23] in [Security
      How-to|http://localhost:8080/product/2] / [1st Quarter Engagement|http://localhost:8080/engagement/1]
      / [NPM Audit Scan|http://localhost:8080/test/102]\n\nh2. Summary\n*Severity:*
      High  *Due Date:* Aug. 24, 2025 \n\nFindings matching the Active, Verified and
      Severity criteria:\n|| Severity || CVE || CWE || Component || Version || Title
      || Status ||\n|High|[CVE-2017-16082|https://nvd.nist.gov/vuln/detail/CVE-2017-16082]|[94|https://cwe.mitre.org/data/definitions/94.html]|pg|5.1.0|[Remote
      Code Execution Different Title - (Pg, &lt; 2.11.2  &gt;= 3.0.0 &lt; 3.6.4   &gt;=
      4.0.0 &lt; 4.5.7  &gt;= 5.0.0 &lt; 5.2.1  &gt;= 6.0.0 &lt; 6.0.5  &gt;= 6.1.0
      &lt; 6.1.6  &gt;= 6.2.0 &lt; 6.2.5  &gt;= 6.3.0 &lt; 6.3.3  &gt;= 6.4.0 &lt;
      6.4.2  &gt;= 7.0.0 &lt; 7.0.2  &gt;= 7.1.0 &lt; 7.1.2)|http://localhost:8080/finding/286]|Active,
      Verified|\n|Medium|[CVE-2019-16082|https://nvd.nist.gov/vuln/detail/CVE-2019-16082]|[94|https://cwe.mitre.org/data/definitions/94.html]|pg|5.1.0|[2222Remote
      Code Execution Different Title - (Pg, &lt; 2.11.2  &gt;= 3.0.0 &lt; 3.6.4   &gt;=
      4.0.0 &lt; 4.5.7  &gt;= 5.0.0 &lt; 5.2.1  &gt;= 6.0.0 &lt; 6.0.5  &gt;= 6.1.0
      &lt; 6.1.6  &gt;= 6.2.0 &lt; 6.2.5  &gt;= 6.3.0 &lt; 6.3.3  &gt;= 6.4.0 &lt;
      6.4.2  &gt;= 7.0.0 &lt; 7.0.2  &gt;= 7.1.0 &lt; 7.1.2)|http://localhost:8080/finding/288]|Active,
      Verified|\n\nFindings *not* matching the Active, Verified and Severity criteria:\n||
      Severity || CVE || CWE || Component || Version || Title || Status ||\n\n\n\n\n\n\n\n\n\n\nh1.
      Findings\n\nh3. [Remote Code Execution Different Title - (Pg, &lt; 2.11.2  &gt;=
      3.0.0 &lt; 3.6.4   &gt;= 4.0.0 &lt; 4.5.7  &gt;= 5.0.0 &lt; 5.2.1  &gt;= 6.0.0
      &lt; 6.0.5  &gt;= 6.1.0 &lt; 6.1.6  &gt;= 6.2.0 &lt; 6.2.5  &gt;= 6.3.0 &lt;
      6.3.3  &gt;= 6.4.0 &lt; 6.4.2  &gt;= 7.0.0 &lt; 7.0.2  &gt;= 7.1.0 &lt; 7.1.2)|http://localhost:8080/finding/286]\n*Defect
      Dojo link:* http://localhost:8080/finding/286 (286)\n*Severity:* High\n *Due
      Date:* Aug. 24, 2025 \n *CWE:* [CWE-94|https://cwe.mitre.org/data/definitions/94.html]
      \n*CVE:* [CVE-2017-16082|https://nvd.nist.gov/vuln/detail/CVE-2017-16082]\n\n\n\n\n\n\n*Source
      File*: pg-promise&gt;pg\n\n\n\n\n*Description*:\nhttps://nodesecurity.io/advisories/521\nAffected
      versions of `pg` contain a remote code execution vulnerability that occurs when
      the remote database or query specifies a crafted column name. \n\nThere are
      two specific scenarios in which it is likely for an application to be vulnerable:\n1.
      The application executes unsafe, user-supplied sql which contains malicious
      column names.\n2. The application connects to an untrusted database and executes
      a query returning results which contain a malicious column name.\n\n## Proof
      of Concept\n```\nconst { Client } = require(''pg'')\nconst client = new Client()\nclient.connect()\n\nconst
      sql = `SELECT 1 AS \"\\\\''/*\", 2 AS \"\\\\''*/\\n + console.log(process.env)]
      = null;\\n//\"`\n\nclient.query(sql, (err, res) => {\n  client.end()\n})\n```\n
      Vulnerable Module: pg\n Vulnerable Versions: < 2.11.2 || >= 3.0.0 < 3.6.4 ||  >=
      4.0.0 < 4.5.7 || >= 5.0.0 < 5.2.1 || >= 6.0.0 < 6.0.5 || >= 6.1.0 < 6.1.6 ||
      >= 6.2.0 < 6.2.5 || >= 6.3.0 < 6.3.3 || >= 6.4.0 < 6.4.2 || >= 7.0.0 < 7.0.2
      || >= 7.1.0 < 7.1.2\n Patched Version: >= 2.11.2 < 3.0.0|| >= 3.6.4 < 4.0.0
      ||  >= 4.5.7 < 5.0.0 || >= 5.2.1 < 6.0.0 || >= 6.0.5  < 6.1.0 || >= 6.1.6 <
      6.2.0 || >= 6.2.5 < 6.3.0 || >= 6.3.3 < 6.4.0 || >= 6.4.2 < 7.0.0 || >= 7.0.2
      < 7.1.0 || >= 7.1.2\n Vulnerable Paths: \n  - 5.1.0:pg-promise>pg\n CWE: CWE-94\n
      Access: public\n\n\n*Mitigation*:\n* Version 2.x.x: Update to version 2.11.2
      or later.\n* Version 3.x.x: Update to version 3.6.4 or later.\n* Version 4.x.x:
      Update to version 4.5.7 or later.\n* Version 5.x.x: Update to version 5.2.1
      or later.\n* Version 6.x.x: Update to version 6.4.2 or later. ( Note that versions
      6.1.6, 6.2.5, and 6.3.3 are also patched. )\n* Version 7.x.x: Update to version
      7.1.2 or later. ( Note that version 7.0.2 is also patched. )\n\n\n\n*Impact*:\nNo
      impact provided\n\n\n\n\n\n*References*:\nhttps://nodesecurity.io/advisories/521\n\n\n\n\n\n*Reporter:*
      [(admin) ()|mailto:]\n\n\n\nh1. Findings\n\nh3. [2222Remote Code Execution Different
      Title - (Pg, &lt; 2.11.2  &gt;= 3.0.0 &lt; 3.6.4   &gt;= 4.0.0 &lt; 4.5.7  &gt;=
      5.0.0 &lt; 5.2.1  &gt;= 6.0.0 &lt; 6.0.5  &gt;= 6.1.0 &lt; 6.1.6  &gt;= 6.2.0
      &lt; 6.2.5  &gt;= 6.3.0 &lt; 6.3.3  &gt;= 6.4.0 &lt; 6.4.2  &gt;= 7.0.0 &lt;
      7.0.2  &gt;= 7.1.0 &lt; 7.1.2)|http://localhost:8080/finding/288]\n*Defect Dojo
      link:* http://localhost:8080/finding/288 (288)\n*Severity:* Medium\n *Due Date:*
      Oct. 23, 2025 \n *CWE:* [CWE-94|https://cwe.mitre.org/data/definitions/94.html]
      \n*CVE:* [CVE-2019-16082|https://nvd.nist.gov/vuln/detail/CVE-2019-16082]\n\n\n\n\n\n\n*Source
      File*: pg-promise&gt;pg\n\n\n\n\n*Description*:\nhttps://nodesecurity.io/advisories/522\nAffected
      versions of `pg` contain a remote code execution vulnerability that occurs when
      the remote database or query specifies a crafted column name. \n\nThere are
      two specific scenarios in which it is likely for an application to be vulnerable:\n1.
      The application executes unsafe, user-supplied sql which contains malicious
      column names.\n2. The application connects to an untrusted database and executes
      a query returning results which contain a malicious column name.\n\n## Proof
      of Concept\n```\nconst { Client } = require(''pg'')\nconst client = new Client()\nclient.connect()\n\nconst
      sql = `SELECT 1 AS \"\\\\''/*\", 2 AS \"\\\\''*/\\n + console.log(process.env)]
      = null;\\n//\"`\n\nclient.query(sql, (err, res) => {\n  client.end()\n})\n```\n
      Vulnerable Module: pg\n Vulnerable Versions: < 2.11.2 || >= 3.0.0 < 3.6.4 ||  >=
      4.0.0 < 4.5.7 || >= 5.0.0 < 5.2.1 || >= 6.0.0 < 6.0.5 || >= 6.1.0 < 6.1.6 ||
      >= 6.2.0 < 6.2.5 || >= 6.3.0 < 6.3.3 || >= 6.4.0 < 6.4.2 || >= 7.0.0 < 7.0.2
      || >= 7.1.0 < 7.1.2\n Patched Version: >= 2.11.2 < 3.0.0|| >= 3.6.4 < 4.0.0
      ||  >= 4.5.7 < 5.0.0 || >= 5.2.1 < 6.0.0 || >= 6.0.5  < 6.1.0 || >= 6.1.6 <
      6.2.0 || >= 6.2.5 < 6.3.0 || >= 6.3.3 < 6.4.0 || >= 6.4.2 < 7.0.0 || >= 7.0.2
      < 7.1.0 || >= 7.1.2\n Vulnerable Paths: \n  - 5.1.0:pg-promise>pg\n CWE: CWE-94\n
      Access: public\n\n\n*Mitigation*:\n* Version 2.x.x: Update to version 2.11.2
      or later.\n* Version 3.x.x: Update to version 3.6.4 or later.\n* Version 4.x.x:
      Update to version 4.5.7 or later.\n* Version 5.x.x: Update to version 5.2.1
      or later.\n* Version 6.x.x: Update to version 6.4.2 or later. ( Note that versions
      6.1.6, 6.2.5, and 6.3.3 are also patched. )\n* Version 7.x.x: Update to version
      7.1.2 or later. ( Note that version 7.0.2 is also patched. )\n\n\n\n*Impact*:\nNo
      impact provided\n\n\n\n\n\n*References*:\nhttps://nodesecurity.io/advisories/522\n\n\n\n\n\n*Reporter:*
      [(admin) ()|mailto:]\n", "priority": {"name": "High"}}}'
    headers:
      Accept:
      - application/json,*/*;q=0.9
      Accept-Encoding:
      - gzip, deflate
      Cache-Control:
      - no-cache
      Connection:
      - keep-alive
      Content-Length:
      - '7076'
      Content-Type:
      - application/json
      User-Agent:
      - python-requests/2.32.4
    method: POST
    uri: https://defectdojo.atlassian.net/rest/api/2/issue
  response:
    body:
      string: '{"id":"21281","key":"NTEST-3102","self":"https://defectdojo.atlassian.net/rest/api/2/issue/21281"}'
    headers:
      Atl-Request-Id:
      - 45bafd7d-e443-44f0-a154-3f84f880c866
      Atl-Traceid:
      - 45bafd7de44344f0a1543f84f880c866
      Cache-Control:
      - no-cache, no-store, no-transform
      Connection:
      - keep-alive
      Content-Type:
      - application/json;charset=UTF-8
      Date:
      - Fri, 25 Jul 2025 19:06:14 GMT
      Nel:
      - '{"failure_fraction": 0.001, "include_subdomains": true, "max_age": 600, "report_to":
        "endpoint-1"}'
      Report-To:
      - '{"endpoints": [{"url": "https://dz8aopenkvv6s.cloudfront.net"}], "group":
        "endpoint-1", "include_subdomains": true, "max_age": 600}'
      Server:
      - AtlassianEdge
      Server-Timing:
      - cdn-upstream-layer;desc="EDGE",cdn-upstream-dns;dur=0,cdn-upstream-connect;dur=0,cdn-upstream-fbl;dur=854,atl-edge;dur=851,atl-edge-internal;dur=17,atl-edge-upstream;dur=835,atl-edge-pop;desc="aws-ap-southeast-2",cdn-cache-miss,cdn-pop;desc="SYD62-P2",cdn-rid;desc="27hi7NKkFdh5DCykpAyMkFk64c8TNxbIbGHz0Mag51tnxcjXxsAjpg==",cdn-downstream-fbl;dur=859
      Strict-Transport-Security:
      - max-age=63072000; includeSubDomains; preload
      Timing-Allow-Origin:
      - '*'
      Transfer-Encoding:
      - chunked
      Vary:
      - Accept-Encoding
      Via:
      - 1.1 b96ad58427ffff8b9d3959350f8c9f16.cloudfront.net (CloudFront)
      X-Aaccountid:
      - 712020%3A292a8b4c-ebd5-44be-bb94-d07c56a14dc5
      X-Amz-Cf-Id:
      - 27hi7NKkFdh5DCykpAyMkFk64c8TNxbIbGHz0Mag51tnxcjXxsAjpg==
      X-Amz-Cf-Pop:
      - SYD62-P2
      X-Arequestid:
      - a0819ae701a3960cb331ab427055d43a
      X-Cache:
      - Miss from cloudfront
      X-Content-Type-Options:
      - nosniff
      X-Xss-Protection:
      - 1; mode=block
    status:
      code: 201
      message: Created
- request:
    body: null
    headers:
      Accept:
      - application/json,*/*;q=0.9
      Accept-Encoding:
      - gzip, deflate
      Cache-Control:
      - no-cache
      Connection:
      - keep-alive
      Content-Type:
      - application/json
      User-Agent:
      - python-requests/2.32.4
    method: GET
    uri: https://defectdojo.atlassian.net/rest/api/2/issue/NTEST-3102
  response:
    body:
      string: '{"expand":"renderedFields,names,schema,operations,editmeta,changelog,versionedRepresentations,customfield_10010.requestTypePractice","id":"21281","self":"https://defectdojo.atlassian.net/rest/api/2/issue/21281","key":"NTEST-3102","fields":{"statuscategorychangedate":"2025-07-25T21:06:14.588+0200","fixVersions":[],"statusCategory":{"self":"https://defectdojo.atlassian.net/rest/api/2/statuscategory/2","id":2,"key":"new","colorName":"blue-gray","name":"To
        Do"},"resolution":null,"lastViewed":null,"customfield_10060":null,"customfield_10061":null,"customfield_10062":null,"customfield_10063":null,"customfield_10064":null,"customfield_10065":null,"customfield_10066":null,"priority":{"self":"https://defectdojo.atlassian.net/rest/api/2/priority/2","iconUrl":"https://defectdojo.atlassian.net/images/icons/priorities/high_new.svg","name":"High","id":"2"},"labels":[],"timeestimate":null,"aggregatetimeoriginalestimate":null,"versions":[],"issuelinks":[],"assignee":null,"status":{"self":"https://defectdojo.atlassian.net/rest/api/2/status/10000","description":"","iconUrl":"https://defectdojo.atlassian.net/","name":"Backlog","id":"10000","statusCategory":{"self":"https://defectdojo.atlassian.net/rest/api/2/statuscategory/2","id":2,"key":"new","colorName":"blue-gray","name":"To
        Do"}},"components":[],"customfield_10050":null,"customfield_10051":null,"customfield_10053":null,"customfield_10055":null,"customfield_10056":null,"customfield_10057":null,"customfield_10058":null,"customfield_10059":null,"customfield_10049":null,"aggregatetimeestimate":null,"creator":{"self":"https://defectdojo.atlassian.net/rest/api/2/user?accountId=712020%3A292a8b4c-ebd5-44be-bb94-d07c56a14dc5","accountId":"712020:292a8b4c-ebd5-44be-bb94-d07c56a14dc5","emailAddress":"valentijn@defectdojo.com","avatarUrls":{"48x48":"https://secure.gravatar.com/avatar/d05de848fe8cc7816c52a5e34e327bad?d=https%3A%2F%2Favatar-management--avatars.us-west-2.prod.public.atl-paas.net%2Finitials%2FVS-3.png","24x24":"https://secure.gravatar.com/avatar/d05de848fe8cc7816c52a5e34e327bad?d=https%3A%2F%2Favatar-management--avatars.us-west-2.prod.public.atl-paas.net%2Finitials%2FVS-3.png","16x16":"https://secure.gravatar.com/avatar/d05de848fe8cc7816c52a5e34e327bad?d=https%3A%2F%2Favatar-management--avatars.us-west-2.prod.public.atl-paas.net%2Finitials%2FVS-3.png","32x32":"https://secure.gravatar.com/avatar/d05de848fe8cc7816c52a5e34e327bad?d=https%3A%2F%2Favatar-management--avatars.us-west-2.prod.public.atl-paas.net%2Finitials%2FVS-3.png"},"displayName":"Valentijn
        Scholten","active":true,"timeZone":"Europe/Zurich","accountType":"atlassian"},"subtasks":[],"customfield_10040":null,"customfield_10041":null,"customfield_10042":null,"reporter":{"self":"https://defectdojo.atlassian.net/rest/api/2/user?accountId=712020%3A292a8b4c-ebd5-44be-bb94-d07c56a14dc5","accountId":"712020:292a8b4c-ebd5-44be-bb94-d07c56a14dc5","emailAddress":"valentijn@defectdojo.com","avatarUrls":{"48x48":"https://secure.gravatar.com/avatar/d05de848fe8cc7816c52a5e34e327bad?d=https%3A%2F%2Favatar-management--avatars.us-west-2.prod.public.atl-paas.net%2Finitials%2FVS-3.png","24x24":"https://secure.gravatar.com/avatar/d05de848fe8cc7816c52a5e34e327bad?d=https%3A%2F%2Favatar-management--avatars.us-west-2.prod.public.atl-paas.net%2Finitials%2FVS-3.png","16x16":"https://secure.gravatar.com/avatar/d05de848fe8cc7816c52a5e34e327bad?d=https%3A%2F%2Favatar-management--avatars.us-west-2.prod.public.atl-paas.net%2Finitials%2FVS-3.png","32x32":"https://secure.gravatar.com/avatar/d05de848fe8cc7816c52a5e34e327bad?d=https%3A%2F%2Favatar-management--avatars.us-west-2.prod.public.atl-paas.net%2Finitials%2FVS-3.png"},"displayName":"Valentijn
        Scholten","active":true,"timeZone":"Europe/Zurich","accountType":"atlassian"},"customfield_10043":null,"aggregateprogress":{"progress":0,"total":0},"customfield_10044":null,"customfield_10045":null,"customfield_10046":null,"customfield_10047":null,"customfield_10048":null,"customfield_10038":null,"customfield_10039":null,"progress":{"progress":0,"total":0},"votes":{"self":"https://defectdojo.atlassian.net/rest/api/2/issue/NTEST-3102/votes","votes":0,"hasVoted":false},"worklog":{"startAt":0,"maxResults":20,"total":0,"worklogs":[]},"issuetype":{"self":"https://defectdojo.atlassian.net/rest/api/2/issuetype/10002","id":"10002","description":"A
        small, distinct piece of work.","iconUrl":"https://defectdojo.atlassian.net/rest/api/2/universal_avatar/view/type/issuetype/avatar/10318?size=medium","name":"Task","subtask":false,"avatarId":10318,"hierarchyLevel":0},"timespent":null,"customfield_10030":null,"project":{"self":"https://defectdojo.atlassian.net/rest/api/2/project/10000","id":"10000","key":"NTEST","name":"Unittests","projectTypeKey":"software","simplified":false,"avatarUrls":{"48x48":"https://defectdojo.atlassian.net/rest/api/2/universal_avatar/view/type/project/avatar/10407","24x24":"https://defectdojo.atlassian.net/rest/api/2/universal_avatar/view/type/project/avatar/10407?size=small","16x16":"https://defectdojo.atlassian.net/rest/api/2/universal_avatar/view/type/project/avatar/10407?size=xsmall","32x32":"https://defectdojo.atlassian.net/rest/api/2/universal_avatar/view/type/project/avatar/10407?size=medium"}},"customfield_10031":null,"customfield_10032":null,"customfield_10033":null,"aggregatetimespent":null,"customfield_10035":null,"customfield_10036":null,"customfield_10037":null,"customfield_10027":null,"customfield_10028":null,"customfield_10029":null,"resolutiondate":null,"workratio":-1,"watches":{"self":"https://defectdojo.atlassian.net/rest/api/2/issue/NTEST-3102/watchers","watchCount":1,"isWatching":true},"created":"2025-07-25T21:06:14.330+0200","customfield_10020":null,"customfield_10021":null,"customfield_10022":null,"customfield_10023":null,"customfield_10016":null,"customfield_10017":null,"customfield_10019":"0|i012bz:","updated":"2025-07-25T21:06:14.409+0200","timeoriginalestimate":null,"description":"\n\n\n\n\n\n\n\nA
        group of Findings has been pushed to JIRA to be investigated and fixed:\n\nh2.
        Group\n*Group*: [Findings in: pg:5.1.0|http://localhost:8080/finding_group/23]
        in [Security How-to|http://localhost:8080/product/2] / [1st Quarter Engagement|http://localhost:8080/engagement/1]
        / [NPM Audit Scan|http://localhost:8080/test/102]\n\nh2. Summary\n*Severity:*
        High  *Due Date:* Aug. 24, 2025 \n\nFindings matching the Active, Verified
        and Severity criteria:\n|| Severity || CVE || CWE || Component || Version
        || Title || Status ||\n|High|[CVE-2017-16082|https://nvd.nist.gov/vuln/detail/CVE-2017-16082]|[94|https://cwe.mitre.org/data/definitions/94.html]|pg|5.1.0|[Remote
        Code Execution Different Title - (Pg, &lt; 2.11.2  &gt;= 3.0.0 &lt; 3.6.4   &gt;=
        4.0.0 &lt; 4.5.7  &gt;= 5.0.0 &lt; 5.2.1  &gt;= 6.0.0 &lt; 6.0.5  &gt;= 6.1.0
        &lt; 6.1.6  &gt;= 6.2.0 &lt; 6.2.5  &gt;= 6.3.0 &lt; 6.3.3  &gt;= 6.4.0 &lt;
        6.4.2  &gt;= 7.0.0 &lt; 7.0.2  &gt;= 7.1.0 &lt; 7.1.2)|http://localhost:8080/finding/286]|Active,
        Verified|\n|Medium|[CVE-2019-16082|https://nvd.nist.gov/vuln/detail/CVE-2019-16082]|[94|https://cwe.mitre.org/data/definitions/94.html]|pg|5.1.0|[2222Remote
        Code Execution Different Title - (Pg, &lt; 2.11.2  &gt;= 3.0.0 &lt; 3.6.4   &gt;=
        4.0.0 &lt; 4.5.7  &gt;= 5.0.0 &lt; 5.2.1  &gt;= 6.0.0 &lt; 6.0.5  &gt;= 6.1.0
        &lt; 6.1.6  &gt;= 6.2.0 &lt; 6.2.5  &gt;= 6.3.0 &lt; 6.3.3  &gt;= 6.4.0 &lt;
        6.4.2  &gt;= 7.0.0 &lt; 7.0.2  &gt;= 7.1.0 &lt; 7.1.2)|http://localhost:8080/finding/288]|Active,
        Verified|\n\nFindings *not* matching the Active, Verified and Severity criteria:\n||
        Severity || CVE || CWE || Component || Version || Title || Status ||\n\n\n\n\n\n\n\n\n\n\nh1.
        Findings\n\nh3. [Remote Code Execution Different Title - (Pg, &lt; 2.11.2  &gt;=
        3.0.0 &lt; 3.6.4   &gt;= 4.0.0 &lt; 4.5.7  &gt;= 5.0.0 &lt; 5.2.1  &gt;= 6.0.0
        &lt; 6.0.5  &gt;= 6.1.0 &lt; 6.1.6  &gt;= 6.2.0 &lt; 6.2.5  &gt;= 6.3.0 &lt;
        6.3.3  &gt;= 6.4.0 &lt; 6.4.2  &gt;= 7.0.0 &lt; 7.0.2  &gt;= 7.1.0 &lt; 7.1.2)|http://localhost:8080/finding/286]\n*Defect
        Dojo link:* http://localhost:8080/finding/286 (286)\n*Severity:* High\n *Due
        Date:* Aug. 24, 2025 \n *CWE:* [CWE-94|https://cwe.mitre.org/data/definitions/94.html]
        \n*CVE:* [CVE-2017-16082|https://nvd.nist.gov/vuln/detail/CVE-2017-16082]\n\n\n\n\n\n\n*Source
        File*: pg-promise&gt;pg\n\n\n\n\n*Description*:\nhttps://nodesecurity.io/advisories/521\nAffected
        versions of `pg` contain a remote code execution vulnerability that occurs
        when the remote database or query specifies a crafted column name. \n\nThere
        are two specific scenarios in which it is likely for an application to be
        vulnerable:\n1. The application executes unsafe, user-supplied sql which contains
        malicious column names.\n2. The application connects to an untrusted database
        and executes a query returning results which contain a malicious column name.\n\n##
        Proof of Concept\n```\nconst { Client } = require(''pg'')\nconst client =
        new Client()\nclient.connect()\n\nconst sql = `SELECT 1 AS \"\\\\''/*\", 2
        AS \"\\\\''*/\\n + console.log(process.env)] = null;\\n//\"`\n\nclient.query(sql,
        (err, res) => {\n  client.end()\n})\n```\n Vulnerable Module: pg\n Vulnerable
        Versions: < 2.11.2 || >= 3.0.0 < 3.6.4 ||  >= 4.0.0 < 4.5.7 || >= 5.0.0 <
        5.2.1 || >= 6.0.0 < 6.0.5 || >= 6.1.0 < 6.1.6 || >= 6.2.0 < 6.2.5 || >= 6.3.0
        < 6.3.3 || >= 6.4.0 < 6.4.2 || >= 7.0.0 < 7.0.2 || >= 7.1.0 < 7.1.2\n Patched
        Version: >= 2.11.2 < 3.0.0|| >= 3.6.4 < 4.0.0 ||  >= 4.5.7 < 5.0.0 || >= 5.2.1
        < 6.0.0 || >= 6.0.5  < 6.1.0 || >= 6.1.6 < 6.2.0 || >= 6.2.5 < 6.3.0 || >=
        6.3.3 < 6.4.0 || >= 6.4.2 < 7.0.0 || >= 7.0.2 < 7.1.0 || >= 7.1.2\n Vulnerable
        Paths: \n  - 5.1.0:pg-promise>pg\n CWE: CWE-94\n Access: public\n\n\n*Mitigation*:\n*
        Version 2.x.x: Update to version 2.11.2 or later.\n* Version 3.x.x: Update
        to version 3.6.4 or later.\n* Version 4.x.x: Update to version 4.5.7 or later.\n*
        Version 5.x.x: Update to version 5.2.1 or later.\n* Version 6.x.x: Update
        to version 6.4.2 or later. ( Note that versions 6.1.6, 6.2.5, and 6.3.3 are
        also patched. )\n* Version 7.x.x: Update to version 7.1.2 or later. ( Note
        that version 7.0.2 is also patched. )\n\n\n\n*Impact*:\nNo impact provided\n\n\n\n\n\n*References*:\nhttps://nodesecurity.io/advisories/521\n\n\n\n\n\n*Reporter:*
        [(admin) ()|mailto:]\n\n\n\nh1. Findings\n\nh3. [2222Remote Code Execution
        Different Title - (Pg, &lt; 2.11.2  &gt;= 3.0.0 &lt; 3.6.4   &gt;= 4.0.0 &lt;
        4.5.7  &gt;= 5.0.0 &lt; 5.2.1  &gt;= 6.0.0 &lt; 6.0.5  &gt;= 6.1.0 &lt; 6.1.6  &gt;=
        6.2.0 &lt; 6.2.5  &gt;= 6.3.0 &lt; 6.3.3  &gt;= 6.4.0 &lt; 6.4.2  &gt;= 7.0.0
        &lt; 7.0.2  &gt;= 7.1.0 &lt; 7.1.2)|http://localhost:8080/finding/288]\n*Defect
        Dojo link:* http://localhost:8080/finding/288 (288)\n*Severity:* Medium\n
        *Due Date:* Oct. 23, 2025 \n *CWE:* [CWE-94|https://cwe.mitre.org/data/definitions/94.html]
        \n*CVE:* [CVE-2019-16082|https://nvd.nist.gov/vuln/detail/CVE-2019-16082]\n\n\n\n\n\n\n*Source
        File*: pg-promise&gt;pg\n\n\n\n\n*Description*:\nhttps://nodesecurity.io/advisories/522\nAffected
        versions of `pg` contain a remote code execution vulnerability that occurs
        when the remote database or query specifies a crafted column name. \n\nThere
        are two specific scenarios in which it is likely for an application to be
        vulnerable:\n1. The application executes unsafe, user-supplied sql which contains
        malicious column names.\n2. The application connects to an untrusted database
        and executes a query returning results which contain a malicious column name.\n\n##
        Proof of Concept\n```\nconst { Client } = require(''pg'')\nconst client =
        new Client()\nclient.connect()\n\nconst sql = `SELECT 1 AS \"\\\\''/*\", 2
        AS \"\\\\''*/\\n + console.log(process.env)] = null;\\n//\"`\n\nclient.query(sql,
        (err, res) => {\n  client.end()\n})\n```\n Vulnerable Module: pg\n Vulnerable
        Versions: < 2.11.2 || >= 3.0.0 < 3.6.4 ||  >= 4.0.0 < 4.5.7 || >= 5.0.0 <
        5.2.1 || >= 6.0.0 < 6.0.5 || >= 6.1.0 < 6.1.6 || >= 6.2.0 < 6.2.5 || >= 6.3.0
        < 6.3.3 || >= 6.4.0 < 6.4.2 || >= 7.0.0 < 7.0.2 || >= 7.1.0 < 7.1.2\n Patched
        Version: >= 2.11.2 < 3.0.0|| >= 3.6.4 < 4.0.0 ||  >= 4.5.7 < 5.0.0 || >= 5.2.1
        < 6.0.0 || >= 6.0.5  < 6.1.0 || >= 6.1.6 < 6.2.0 || >= 6.2.5 < 6.3.0 || >=
        6.3.3 < 6.4.0 || >= 6.4.2 < 7.0.0 || >= 7.0.2 < 7.1.0 || >= 7.1.2\n Vulnerable
        Paths: \n  - 5.1.0:pg-promise>pg\n CWE: CWE-94\n Access: public\n\n\n*Mitigation*:\n*
        Version 2.x.x: Update to version 2.11.2 or later.\n* Version 3.x.x: Update
        to version 3.6.4 or later.\n* Version 4.x.x: Update to version 4.5.7 or later.\n*
        Version 5.x.x: Update to version 5.2.1 or later.\n* Version 6.x.x: Update
        to version 6.4.2 or later. ( Note that versions 6.1.6, 6.2.5, and 6.3.3 are
        also patched. )\n* Version 7.x.x: Update to version 7.1.2 or later. ( Note
        that version 7.0.2 is also patched. )\n\n\n\n*Impact*:\nNo impact provided\n\n\n\n\n\n*References*:\nhttps://nodesecurity.io/advisories/522\n\n\n\n\n\n*Reporter:*
        [(admin) ()|mailto:]\n","customfield_10010":null,"customfield_10014":null,"timetracking":{},"customfield_10015":null,"customfield_10005":null,"customfield_10006":null,"customfield_10007":null,"security":null,"customfield_10008":null,"attachment":[],"customfield_10009":null,"summary":"Findings
        in: pg:5.1.0","customfield_10001":null,"customfield_10002":[],"customfield_10003":null,"customfield_10004":null,"environment":null,"duedate":null,"comment":{"comments":[],"self":"https://defectdojo.atlassian.net/rest/api/2/issue/21281/comment","maxResults":0,"total":0,"startAt":0}}}'
    headers:
      Atl-Request-Id:
      - c86a3131-28a8-44c5-90e5-667697f6a57a
      Atl-Traceid:
      - c86a313128a844c590e5667697f6a57a
      Cache-Control:
      - no-cache, no-store, no-transform
      Connection:
      - keep-alive
      Content-Encoding:
      - gzip
      Content-Type:
      - application/json;charset=UTF-8
      Date:
      - Fri, 25 Jul 2025 19:06:16 GMT
      Nel:
      - '{"failure_fraction": 0.001, "include_subdomains": true, "max_age": 600, "report_to":
        "endpoint-1"}'
      Report-To:
      - '{"endpoints": [{"url": "https://dz8aopenkvv6s.cloudfront.net"}], "group":
        "endpoint-1", "include_subdomains": true, "max_age": 600}'
      Server:
      - AtlassianEdge
      Server-Timing:
      - cdn-upstream-layer;desc="EDGE",cdn-upstream-dns;dur=0,cdn-upstream-connect;dur=0,cdn-upstream-fbl;dur=413,atl-edge;dur=411,atl-edge-internal;dur=14,atl-edge-upstream;dur=396,atl-edge-pop;desc="aws-ap-southeast-2",cdn-cache-miss,cdn-pop;desc="SYD3-P2",cdn-rid;desc="91FeOuAY105s-jV1-gUJighcWIHp0o194YZ76nD1osgD_kybDGyO0Q==",cdn-downstream-fbl;dur=416
      Strict-Transport-Security:
      - max-age=63072000; includeSubDomains; preload
      Timing-Allow-Origin:
      - '*'
      Transfer-Encoding:
      - chunked
      Vary:
      - Accept-Encoding
      Via:
      - 1.1 8e52b0323db9e9f5baf300137747fffe.cloudfront.net (CloudFront)
      X-Aaccountid:
      - 712020%3A292a8b4c-ebd5-44be-bb94-d07c56a14dc5
      X-Amz-Cf-Id:
      - 91FeOuAY105s-jV1-gUJighcWIHp0o194YZ76nD1osgD_kybDGyO0Q==
      X-Amz-Cf-Pop:
      - SYD3-P2
      X-Arequestid:
      - f7fbfa9e03de0cded8a6d257996ed3e2
      X-Cache:
      - Miss from cloudfront
      X-Content-Type-Options:
      - nosniff
      X-Xss-Protection:
      - 1; mode=block
    status:
      code: 200
      message: OK
- request:
    body: null
    headers:
      Accept:
      - application/json,*/*;q=0.9
      Accept-Encoding:
      - gzip, deflate
      Cache-Control:
      - no-cache
      Connection:
      - keep-alive
      Content-Type:
      - application/json
      User-Agent:
      - python-requests/2.32.4
    method: GET
    uri: https://defectdojo.atlassian.net/rest/api/2/issue/21281
  response:
    body:
      string: '{"expand":"renderedFields,names,schema,operations,editmeta,changelog,versionedRepresentations,customfield_10010.requestTypePractice","id":"21281","self":"https://defectdojo.atlassian.net/rest/api/2/issue/21281","key":"NTEST-3102","fields":{"statuscategorychangedate":"2025-07-25T21:06:14.588+0200","fixVersions":[],"statusCategory":{"self":"https://defectdojo.atlassian.net/rest/api/2/statuscategory/2","id":2,"key":"new","colorName":"blue-gray","name":"To
        Do"},"resolution":null,"lastViewed":null,"customfield_10060":null,"customfield_10061":null,"customfield_10062":null,"customfield_10063":null,"customfield_10064":null,"customfield_10065":null,"customfield_10066":null,"priority":{"self":"https://defectdojo.atlassian.net/rest/api/2/priority/2","iconUrl":"https://defectdojo.atlassian.net/images/icons/priorities/high_new.svg","name":"High","id":"2"},"labels":[],"timeestimate":null,"aggregatetimeoriginalestimate":null,"versions":[],"issuelinks":[],"assignee":null,"status":{"self":"https://defectdojo.atlassian.net/rest/api/2/status/10000","description":"","iconUrl":"https://defectdojo.atlassian.net/","name":"Backlog","id":"10000","statusCategory":{"self":"https://defectdojo.atlassian.net/rest/api/2/statuscategory/2","id":2,"key":"new","colorName":"blue-gray","name":"To
        Do"}},"components":[],"customfield_10050":null,"customfield_10051":null,"customfield_10053":null,"customfield_10055":null,"customfield_10056":null,"customfield_10057":null,"customfield_10058":null,"customfield_10059":null,"customfield_10049":null,"aggregatetimeestimate":null,"creator":{"self":"https://defectdojo.atlassian.net/rest/api/2/user?accountId=712020%3A292a8b4c-ebd5-44be-bb94-d07c56a14dc5","accountId":"712020:292a8b4c-ebd5-44be-bb94-d07c56a14dc5","emailAddress":"valentijn@defectdojo.com","avatarUrls":{"48x48":"https://secure.gravatar.com/avatar/d05de848fe8cc7816c52a5e34e327bad?d=https%3A%2F%2Favatar-management--avatars.us-west-2.prod.public.atl-paas.net%2Finitials%2FVS-3.png","24x24":"https://secure.gravatar.com/avatar/d05de848fe8cc7816c52a5e34e327bad?d=https%3A%2F%2Favatar-management--avatars.us-west-2.prod.public.atl-paas.net%2Finitials%2FVS-3.png","16x16":"https://secure.gravatar.com/avatar/d05de848fe8cc7816c52a5e34e327bad?d=https%3A%2F%2Favatar-management--avatars.us-west-2.prod.public.atl-paas.net%2Finitials%2FVS-3.png","32x32":"https://secure.gravatar.com/avatar/d05de848fe8cc7816c52a5e34e327bad?d=https%3A%2F%2Favatar-management--avatars.us-west-2.prod.public.atl-paas.net%2Finitials%2FVS-3.png"},"displayName":"Valentijn
        Scholten","active":true,"timeZone":"Europe/Zurich","accountType":"atlassian"},"subtasks":[],"customfield_10040":null,"customfield_10041":null,"customfield_10042":null,"reporter":{"self":"https://defectdojo.atlassian.net/rest/api/2/user?accountId=712020%3A292a8b4c-ebd5-44be-bb94-d07c56a14dc5","accountId":"712020:292a8b4c-ebd5-44be-bb94-d07c56a14dc5","emailAddress":"valentijn@defectdojo.com","avatarUrls":{"48x48":"https://secure.gravatar.com/avatar/d05de848fe8cc7816c52a5e34e327bad?d=https%3A%2F%2Favatar-management--avatars.us-west-2.prod.public.atl-paas.net%2Finitials%2FVS-3.png","24x24":"https://secure.gravatar.com/avatar/d05de848fe8cc7816c52a5e34e327bad?d=https%3A%2F%2Favatar-management--avatars.us-west-2.prod.public.atl-paas.net%2Finitials%2FVS-3.png","16x16":"https://secure.gravatar.com/avatar/d05de848fe8cc7816c52a5e34e327bad?d=https%3A%2F%2Favatar-management--avatars.us-west-2.prod.public.atl-paas.net%2Finitials%2FVS-3.png","32x32":"https://secure.gravatar.com/avatar/d05de848fe8cc7816c52a5e34e327bad?d=https%3A%2F%2Favatar-management--avatars.us-west-2.prod.public.atl-paas.net%2Finitials%2FVS-3.png"},"displayName":"Valentijn
        Scholten","active":true,"timeZone":"Europe/Zurich","accountType":"atlassian"},"customfield_10043":null,"aggregateprogress":{"progress":0,"total":0},"customfield_10044":null,"customfield_10045":null,"customfield_10046":null,"customfield_10047":null,"customfield_10048":null,"customfield_10038":null,"customfield_10039":null,"progress":{"progress":0,"total":0},"votes":{"self":"https://defectdojo.atlassian.net/rest/api/2/issue/NTEST-3102/votes","votes":0,"hasVoted":false},"worklog":{"startAt":0,"maxResults":20,"total":0,"worklogs":[]},"issuetype":{"self":"https://defectdojo.atlassian.net/rest/api/2/issuetype/10002","id":"10002","description":"A
        small, distinct piece of work.","iconUrl":"https://defectdojo.atlassian.net/rest/api/2/universal_avatar/view/type/issuetype/avatar/10318?size=medium","name":"Task","subtask":false,"avatarId":10318,"hierarchyLevel":0},"timespent":null,"customfield_10030":null,"project":{"self":"https://defectdojo.atlassian.net/rest/api/2/project/10000","id":"10000","key":"NTEST","name":"Unittests","projectTypeKey":"software","simplified":false,"avatarUrls":{"48x48":"https://defectdojo.atlassian.net/rest/api/2/universal_avatar/view/type/project/avatar/10407","24x24":"https://defectdojo.atlassian.net/rest/api/2/universal_avatar/view/type/project/avatar/10407?size=small","16x16":"https://defectdojo.atlassian.net/rest/api/2/universal_avatar/view/type/project/avatar/10407?size=xsmall","32x32":"https://defectdojo.atlassian.net/rest/api/2/universal_avatar/view/type/project/avatar/10407?size=medium"}},"customfield_10031":null,"customfield_10032":null,"customfield_10033":null,"aggregatetimespent":null,"customfield_10035":null,"customfield_10036":null,"customfield_10037":null,"customfield_10027":null,"customfield_10028":null,"customfield_10029":null,"resolutiondate":null,"workratio":-1,"watches":{"self":"https://defectdojo.atlassian.net/rest/api/2/issue/NTEST-3102/watchers","watchCount":1,"isWatching":true},"created":"2025-07-25T21:06:14.330+0200","customfield_10020":null,"customfield_10021":null,"customfield_10022":null,"customfield_10023":null,"customfield_10016":null,"customfield_10017":null,"customfield_10019":"0|i012bz:","updated":"2025-07-25T21:06:14.409+0200","timeoriginalestimate":null,"description":"\n\n\n\n\n\n\n\nA
        group of Findings has been pushed to JIRA to be investigated and fixed:\n\nh2.
        Group\n*Group*: [Findings in: pg:5.1.0|http://localhost:8080/finding_group/23]
        in [Security How-to|http://localhost:8080/product/2] / [1st Quarter Engagement|http://localhost:8080/engagement/1]
        / [NPM Audit Scan|http://localhost:8080/test/102]\n\nh2. Summary\n*Severity:*
        High  *Due Date:* Aug. 24, 2025 \n\nFindings matching the Active, Verified
        and Severity criteria:\n|| Severity || CVE || CWE || Component || Version
        || Title || Status ||\n|High|[CVE-2017-16082|https://nvd.nist.gov/vuln/detail/CVE-2017-16082]|[94|https://cwe.mitre.org/data/definitions/94.html]|pg|5.1.0|[Remote
        Code Execution Different Title - (Pg, &lt; 2.11.2  &gt;= 3.0.0 &lt; 3.6.4   &gt;=
        4.0.0 &lt; 4.5.7  &gt;= 5.0.0 &lt; 5.2.1  &gt;= 6.0.0 &lt; 6.0.5  &gt;= 6.1.0
        &lt; 6.1.6  &gt;= 6.2.0 &lt; 6.2.5  &gt;= 6.3.0 &lt; 6.3.3  &gt;= 6.4.0 &lt;
        6.4.2  &gt;= 7.0.0 &lt; 7.0.2  &gt;= 7.1.0 &lt; 7.1.2)|http://localhost:8080/finding/286]|Active,
        Verified|\n|Medium|[CVE-2019-16082|https://nvd.nist.gov/vuln/detail/CVE-2019-16082]|[94|https://cwe.mitre.org/data/definitions/94.html]|pg|5.1.0|[2222Remote
        Code Execution Different Title - (Pg, &lt; 2.11.2  &gt;= 3.0.0 &lt; 3.6.4   &gt;=
        4.0.0 &lt; 4.5.7  &gt;= 5.0.0 &lt; 5.2.1  &gt;= 6.0.0 &lt; 6.0.5  &gt;= 6.1.0
        &lt; 6.1.6  &gt;= 6.2.0 &lt; 6.2.5  &gt;= 6.3.0 &lt; 6.3.3  &gt;= 6.4.0 &lt;
        6.4.2  &gt;= 7.0.0 &lt; 7.0.2  &gt;= 7.1.0 &lt; 7.1.2)|http://localhost:8080/finding/288]|Active,
        Verified|\n\nFindings *not* matching the Active, Verified and Severity criteria:\n||
        Severity || CVE || CWE || Component || Version || Title || Status ||\n\n\n\n\n\n\n\n\n\n\nh1.
        Findings\n\nh3. [Remote Code Execution Different Title - (Pg, &lt; 2.11.2  &gt;=
        3.0.0 &lt; 3.6.4   &gt;= 4.0.0 &lt; 4.5.7  &gt;= 5.0.0 &lt; 5.2.1  &gt;= 6.0.0
        &lt; 6.0.5  &gt;= 6.1.0 &lt; 6.1.6  &gt;= 6.2.0 &lt; 6.2.5  &gt;= 6.3.0 &lt;
        6.3.3  &gt;= 6.4.0 &lt; 6.4.2  &gt;= 7.0.0 &lt; 7.0.2  &gt;= 7.1.0 &lt; 7.1.2)|http://localhost:8080/finding/286]\n*Defect
        Dojo link:* http://localhost:8080/finding/286 (286)\n*Severity:* High\n *Due
        Date:* Aug. 24, 2025 \n *CWE:* [CWE-94|https://cwe.mitre.org/data/definitions/94.html]
        \n*CVE:* [CVE-2017-16082|https://nvd.nist.gov/vuln/detail/CVE-2017-16082]\n\n\n\n\n\n\n*Source
        File*: pg-promise&gt;pg\n\n\n\n\n*Description*:\nhttps://nodesecurity.io/advisories/521\nAffected
        versions of `pg` contain a remote code execution vulnerability that occurs
        when the remote database or query specifies a crafted column name. \n\nThere
        are two specific scenarios in which it is likely for an application to be
        vulnerable:\n1. The application executes unsafe, user-supplied sql which contains
        malicious column names.\n2. The application connects to an untrusted database
        and executes a query returning results which contain a malicious column name.\n\n##
        Proof of Concept\n```\nconst { Client } = require(''pg'')\nconst client =
        new Client()\nclient.connect()\n\nconst sql = `SELECT 1 AS \"\\\\''/*\", 2
        AS \"\\\\''*/\\n + console.log(process.env)] = null;\\n//\"`\n\nclient.query(sql,
        (err, res) => {\n  client.end()\n})\n```\n Vulnerable Module: pg\n Vulnerable
        Versions: < 2.11.2 || >= 3.0.0 < 3.6.4 ||  >= 4.0.0 < 4.5.7 || >= 5.0.0 <
        5.2.1 || >= 6.0.0 < 6.0.5 || >= 6.1.0 < 6.1.6 || >= 6.2.0 < 6.2.5 || >= 6.3.0
        < 6.3.3 || >= 6.4.0 < 6.4.2 || >= 7.0.0 < 7.0.2 || >= 7.1.0 < 7.1.2\n Patched
        Version: >= 2.11.2 < 3.0.0|| >= 3.6.4 < 4.0.0 ||  >= 4.5.7 < 5.0.0 || >= 5.2.1
        < 6.0.0 || >= 6.0.5  < 6.1.0 || >= 6.1.6 < 6.2.0 || >= 6.2.5 < 6.3.0 || >=
        6.3.3 < 6.4.0 || >= 6.4.2 < 7.0.0 || >= 7.0.2 < 7.1.0 || >= 7.1.2\n Vulnerable
        Paths: \n  - 5.1.0:pg-promise>pg\n CWE: CWE-94\n Access: public\n\n\n*Mitigation*:\n*
        Version 2.x.x: Update to version 2.11.2 or later.\n* Version 3.x.x: Update
        to version 3.6.4 or later.\n* Version 4.x.x: Update to version 4.5.7 or later.\n*
        Version 5.x.x: Update to version 5.2.1 or later.\n* Version 6.x.x: Update
        to version 6.4.2 or later. ( Note that versions 6.1.6, 6.2.5, and 6.3.3 are
        also patched. )\n* Version 7.x.x: Update to version 7.1.2 or later. ( Note
        that version 7.0.2 is also patched. )\n\n\n\n*Impact*:\nNo impact provided\n\n\n\n\n\n*References*:\nhttps://nodesecurity.io/advisories/521\n\n\n\n\n\n*Reporter:*
        [(admin) ()|mailto:]\n\n\n\nh1. Findings\n\nh3. [2222Remote Code Execution
        Different Title - (Pg, &lt; 2.11.2  &gt;= 3.0.0 &lt; 3.6.4   &gt;= 4.0.0 &lt;
        4.5.7  &gt;= 5.0.0 &lt; 5.2.1  &gt;= 6.0.0 &lt; 6.0.5  &gt;= 6.1.0 &lt; 6.1.6  &gt;=
        6.2.0 &lt; 6.2.5  &gt;= 6.3.0 &lt; 6.3.3  &gt;= 6.4.0 &lt; 6.4.2  &gt;= 7.0.0
        &lt; 7.0.2  &gt;= 7.1.0 &lt; 7.1.2)|http://localhost:8080/finding/288]\n*Defect
        Dojo link:* http://localhost:8080/finding/288 (288)\n*Severity:* Medium\n
        *Due Date:* Oct. 23, 2025 \n *CWE:* [CWE-94|https://cwe.mitre.org/data/definitions/94.html]
        \n*CVE:* [CVE-2019-16082|https://nvd.nist.gov/vuln/detail/CVE-2019-16082]\n\n\n\n\n\n\n*Source
        File*: pg-promise&gt;pg\n\n\n\n\n*Description*:\nhttps://nodesecurity.io/advisories/522\nAffected
        versions of `pg` contain a remote code execution vulnerability that occurs
        when the remote database or query specifies a crafted column name. \n\nThere
        are two specific scenarios in which it is likely for an application to be
        vulnerable:\n1. The application executes unsafe, user-supplied sql which contains
        malicious column names.\n2. The application connects to an untrusted database
        and executes a query returning results which contain a malicious column name.\n\n##
        Proof of Concept\n```\nconst { Client } = require(''pg'')\nconst client =
        new Client()\nclient.connect()\n\nconst sql = `SELECT 1 AS \"\\\\''/*\", 2
        AS \"\\\\''*/\\n + console.log(process.env)] = null;\\n//\"`\n\nclient.query(sql,
        (err, res) => {\n  client.end()\n})\n```\n Vulnerable Module: pg\n Vulnerable
        Versions: < 2.11.2 || >= 3.0.0 < 3.6.4 ||  >= 4.0.0 < 4.5.7 || >= 5.0.0 <
        5.2.1 || >= 6.0.0 < 6.0.5 || >= 6.1.0 < 6.1.6 || >= 6.2.0 < 6.2.5 || >= 6.3.0
        < 6.3.3 || >= 6.4.0 < 6.4.2 || >= 7.0.0 < 7.0.2 || >= 7.1.0 < 7.1.2\n Patched
        Version: >= 2.11.2 < 3.0.0|| >= 3.6.4 < 4.0.0 ||  >= 4.5.7 < 5.0.0 || >= 5.2.1
        < 6.0.0 || >= 6.0.5  < 6.1.0 || >= 6.1.6 < 6.2.0 || >= 6.2.5 < 6.3.0 || >=
        6.3.3 < 6.4.0 || >= 6.4.2 < 7.0.0 || >= 7.0.2 < 7.1.0 || >= 7.1.2\n Vulnerable
        Paths: \n  - 5.1.0:pg-promise>pg\n CWE: CWE-94\n Access: public\n\n\n*Mitigation*:\n*
        Version 2.x.x: Update to version 2.11.2 or later.\n* Version 3.x.x: Update
        to version 3.6.4 or later.\n* Version 4.x.x: Update to version 4.5.7 or later.\n*
        Version 5.x.x: Update to version 5.2.1 or later.\n* Version 6.x.x: Update
        to version 6.4.2 or later. ( Note that versions 6.1.6, 6.2.5, and 6.3.3 are
        also patched. )\n* Version 7.x.x: Update to version 7.1.2 or later. ( Note
        that version 7.0.2 is also patched. )\n\n\n\n*Impact*:\nNo impact provided\n\n\n\n\n\n*References*:\nhttps://nodesecurity.io/advisories/522\n\n\n\n\n\n*Reporter:*
        [(admin) ()|mailto:]\n","customfield_10010":null,"customfield_10014":null,"timetracking":{},"customfield_10015":null,"customfield_10005":null,"customfield_10006":null,"customfield_10007":null,"security":null,"customfield_10008":null,"attachment":[],"customfield_10009":null,"summary":"Findings
        in: pg:5.1.0","customfield_10001":null,"customfield_10002":[],"customfield_10003":null,"customfield_10004":null,"environment":null,"duedate":null,"comment":{"comments":[],"self":"https://defectdojo.atlassian.net/rest/api/2/issue/21281/comment","maxResults":0,"total":0,"startAt":0}}}'
    headers:
      Atl-Request-Id:
      - 436803e0-5d38-4aaf-85f3-a98798f20e37
      Atl-Traceid:
      - 436803e05d384aaf85f3a98798f20e37
      Cache-Control:
      - no-cache, no-store, no-transform
      Connection:
      - keep-alive
      Content-Encoding:
      - gzip
      Content-Type:
      - application/json;charset=UTF-8
      Date:
      - Fri, 25 Jul 2025 19:06:17 GMT
      Nel:
      - '{"failure_fraction": 0.001, "include_subdomains": true, "max_age": 600, "report_to":
        "endpoint-1"}'
      Report-To:
      - '{"endpoints": [{"url": "https://dz8aopenkvv6s.cloudfront.net"}], "group":
        "endpoint-1", "include_subdomains": true, "max_age": 600}'
      Server:
      - AtlassianEdge
      Server-Timing:
      - cdn-upstream-layer;desc="EDGE",cdn-upstream-dns;dur=0,cdn-upstream-connect;dur=0,cdn-upstream-fbl;dur=487,atl-edge;dur=485,atl-edge-internal;dur=15,atl-edge-upstream;dur=470,atl-edge-pop;desc="aws-ap-southeast-2",cdn-cache-miss,cdn-pop;desc="SYD3-P2",cdn-rid;desc="5hD_gBU5d3jhVWh58UdqygGcTJTTZLXfAqrkYgmgSVgDB8GKgi4Czw==",cdn-downstream-fbl;dur=491
      Strict-Transport-Security:
      - max-age=63072000; includeSubDomains; preload
      Timing-Allow-Origin:
      - '*'
      Transfer-Encoding:
      - chunked
      Vary:
      - Accept-Encoding
      Via:
      - 1.1 14ad4e3e12857f3153259ccd2089a180.cloudfront.net (CloudFront)
      X-Aaccountid:
      - 712020%3A292a8b4c-ebd5-44be-bb94-d07c56a14dc5
      X-Amz-Cf-Id:
      - 5hD_gBU5d3jhVWh58UdqygGcTJTTZLXfAqrkYgmgSVgDB8GKgi4Czw==
      X-Amz-Cf-Pop:
      - SYD3-P2
      X-Arequestid:
      - ced0d72274629fcf6a3621583451ef10
      X-Cache:
      - Miss from cloudfront
      X-Content-Type-Options:
      - nosniff
      X-Xss-Protection:
      - 1; mode=block
    status:
      code: 200
      message: OK
- request:
    body: null
    headers:
      Accept:
      - application/json,*/*;q=0.9
      Accept-Encoding:
      - gzip, deflate
      Cache-Control:
      - no-cache
      Connection:
      - keep-alive
      Content-Type:
      - application/json
      User-Agent:
      - python-requests/2.32.4
    method: GET
    uri: https://defectdojo.atlassian.net/rest/api/2/serverInfo
  response:
    body:
      string: '{"baseUrl":"https://defectdojo.atlassian.net","displayUrl":"https://defectdojo.atlassian.net","displayUrlServicedeskHelpCenter":"https://defectdojo.atlassian.net","displayUrlConfluence":"https://defectdojo.atlassian.net","version":"1001.0.0-SNAPSHOT","versionNumbers":[1001,0,0],"deploymentType":"Cloud","buildNumber":100287,"buildDate":"2025-07-24T13:05:26.000+0200","serverTime":"2025-07-25T21:06:18.507+0200","scmInfo":"0139ea21e0f8b5dafbd2e1eb33923e0c468b7f69","serverTitle":"Jira","defaultLocale":{"locale":"en_US"},"serverTimeZone":"Etc/UTC"}'
    headers:
      Atl-Request-Id:
      - 957cb74b-acc2-43ca-b31f-ef0ba0ee8a49
      Atl-Traceid:
      - 957cb74bacc243cab31fef0ba0ee8a49
      Cache-Control:
      - no-cache, no-store, no-transform
      Connection:
      - keep-alive
      Content-Encoding:
      - gzip
      Content-Type:
      - application/json;charset=UTF-8
      Date:
      - Fri, 25 Jul 2025 19:06:18 GMT
      Nel:
      - '{"failure_fraction": 0.001, "include_subdomains": true, "max_age": 600, "report_to":
        "endpoint-1"}'
      Report-To:
      - '{"endpoints": [{"url": "https://dz8aopenkvv6s.cloudfront.net"}], "group":
        "endpoint-1", "include_subdomains": true, "max_age": 600}'
      Server:
      - AtlassianEdge
      Server-Timing:
      - cdn-upstream-layer;desc="EDGE",cdn-upstream-dns;dur=0,cdn-upstream-connect;dur=0,cdn-upstream-fbl;dur=327,atl-edge;dur=325,atl-edge-internal;dur=18,atl-edge-upstream;dur=307,atl-edge-pop;desc="aws-ap-southeast-2",cdn-cache-miss,cdn-pop;desc="SYD62-P3",cdn-rid;desc="hW7omAvRssc1_fnB20WpagIOSdsRSbFkNxUoQ0CsJ-evzzxKwbKdOQ==",cdn-downstream-fbl;dur=331
      Strict-Transport-Security:
      - max-age=63072000; includeSubDomains; preload
      Timing-Allow-Origin:
      - '*'
      Transfer-Encoding:
      - chunked
      Vary:
      - Accept-Encoding
      Via:
      - 1.1 0b8c49517c533bb6e0c14033e0c899b0.cloudfront.net (CloudFront)
      X-Aaccountid:
      - 712020%3A292a8b4c-ebd5-44be-bb94-d07c56a14dc5
      X-Amz-Cf-Id:
      - hW7omAvRssc1_fnB20WpagIOSdsRSbFkNxUoQ0CsJ-evzzxKwbKdOQ==
      X-Amz-Cf-Pop:
      - SYD62-P3
      X-Arequestid:
      - b2e59e283c3a40a69463c4ee9718baa0
      X-Cache:
      - Miss from cloudfront
      X-Content-Type-Options:
      - nosniff
      X-Xss-Protection:
      - 1; mode=block
    status:
      code: 200
      message: OK
- request:
    body: null
    headers:
      Accept:
      - application/json,*/*;q=0.9
      Accept-Encoding:
      - gzip, deflate
      Cache-Control:
      - no-cache
      Connection:
      - keep-alive
      Content-Type:
      - application/json
      User-Agent:
      - python-requests/2.32.4
    method: GET
    uri: https://defectdojo.atlassian.net/rest/api/2/issue/createmeta?projectKeys=NTEST&issuetypeNames=Task&expand=projects.issuetypes.fields
  response:
    body:
      string: '{"expand":"projects","projects":[{"expand":"issuetypes","self":"https://defectdojo.atlassian.net/rest/api/2/project/10000","id":"10000","key":"NTEST","name":"Unittests","avatarUrls":{"48x48":"https://defectdojo.atlassian.net/rest/api/2/universal_avatar/view/type/project/avatar/10407","24x24":"https://defectdojo.atlassian.net/rest/api/2/universal_avatar/view/type/project/avatar/10407?size=small","16x16":"https://defectdojo.atlassian.net/rest/api/2/universal_avatar/view/type/project/avatar/10407?size=xsmall","32x32":"https://defectdojo.atlassian.net/rest/api/2/universal_avatar/view/type/project/avatar/10407?size=medium"},"issuetypes":[{"self":"https://defectdojo.atlassian.net/rest/api/2/issuetype/10002","id":"10002","description":"A
        small, distinct piece of work.","iconUrl":"https://defectdojo.atlassian.net/rest/api/2/universal_avatar/view/type/issuetype/avatar/10318?size=medium","name":"Task","untranslatedName":"Task","subtask":false,"hierarchyLevel":0,"expand":"fields","fields":{"summary":{"required":true,"schema":{"type":"string","system":"summary"},"name":"Summary","key":"summary","hasDefaultValue":false,"operations":["set"]},"issuetype":{"required":true,"schema":{"type":"issuetype","system":"issuetype"},"name":"Issue
        Type","key":"issuetype","hasDefaultValue":false,"operations":[],"allowedValues":[{"self":"https://defectdojo.atlassian.net/rest/api/2/issuetype/10002","id":"10002","description":"A
        small, distinct piece of work.","iconUrl":"https://defectdojo.atlassian.net/rest/api/2/universal_avatar/view/type/issuetype/avatar/10318?size=medium","name":"Task","subtask":false,"avatarId":10318,"hierarchyLevel":0}]},"parent":{"required":false,"schema":{"type":"issuelink","system":"parent"},"name":"Parent","key":"parent","hasDefaultValue":false,"operations":["set"]},"components":{"required":false,"schema":{"type":"array","items":"component","system":"components"},"name":"Components","key":"components","hasDefaultValue":false,"operations":["add","set","remove"],"allowedValues":[]},"description":{"required":false,"schema":{"type":"string","system":"description"},"name":"Description","key":"description","hasDefaultValue":false,"operations":["set"]},"project":{"required":true,"schema":{"type":"project","system":"project"},"name":"Project","key":"project","hasDefaultValue":false,"operations":["set"],"allowedValues":[{"self":"https://defectdojo.atlassian.net/rest/api/2/project/10000","id":"10000","key":"NTEST","name":"Unittests","projectTypeKey":"software","simplified":false,"avatarUrls":{"48x48":"https://defectdojo.atlassian.net/rest/api/2/universal_avatar/view/type/project/avatar/10407","24x24":"https://defectdojo.atlassian.net/rest/api/2/universal_avatar/view/type/project/avatar/10407?size=small","16x16":"https://defectdojo.atlassian.net/rest/api/2/universal_avatar/view/type/project/avatar/10407?size=xsmall","32x32":"https://defectdojo.atlassian.net/rest/api/2/universal_avatar/view/type/project/avatar/10407?size=medium"}}]},"fixVersions":{"required":false,"schema":{"type":"array","items":"version","system":"fixVersions"},"name":"Fix
        versions","key":"fixVersions","hasDefaultValue":false,"operations":["set","add","remove"],"allowedValues":[]},"priority":{"required":false,"schema":{"type":"priority","system":"priority"},"name":"Priority","key":"priority","hasDefaultValue":true,"operations":["set"],"allowedValues":[{"self":"https://defectdojo.atlassian.net/rest/api/2/priority/1","iconUrl":"https://defectdojo.atlassian.net/images/icons/priorities/highest_new.svg","name":"Highest","id":"1"},{"self":"https://defectdojo.atlassian.net/rest/api/2/priority/2","iconUrl":"https://defectdojo.atlassian.net/images/icons/priorities/high_new.svg","name":"High","id":"2"},{"self":"https://defectdojo.atlassian.net/rest/api/2/priority/3","iconUrl":"https://defectdojo.atlassian.net/images/icons/priorities/medium_new.svg","name":"Medium","id":"3"},{"self":"https://defectdojo.atlassian.net/rest/api/2/priority/4","iconUrl":"https://defectdojo.atlassian.net/images/icons/priorities/low_new.svg","name":"Low","id":"4"},{"self":"https://defectdojo.atlassian.net/rest/api/2/priority/5","iconUrl":"https://defectdojo.atlassian.net/images/icons/priorities/lowest_new.svg","name":"Lowest","id":"5"}],"defaultValue":{"self":"https://defectdojo.atlassian.net/rest/api/2/priority/3","iconUrl":"https://defectdojo.atlassian.net/images/icons/priorities/medium_new.svg","name":"Medium","id":"3"}},"customfield_10014":{"required":false,"schema":{"type":"any","custom":"com.pyxis.greenhopper.jira:gh-epic-link","customId":10014},"name":"Epic
        Link","key":"customfield_10014","hasDefaultValue":false,"operations":["set"]},"labels":{"required":false,"schema":{"type":"array","items":"string","system":"labels"},"name":"Labels","key":"labels","autoCompleteUrl":"https://defectdojo.atlassian.net/rest/api/1.0/labels/suggest?query=","hasDefaultValue":false,"operations":["add","set","remove"]},"attachment":{"required":false,"schema":{"type":"array","items":"attachment","system":"attachment"},"name":"Attachment","key":"attachment","hasDefaultValue":false,"operations":["set","copy"]},"issuelinks":{"required":false,"schema":{"type":"array","items":"issuelinks","system":"issuelinks"},"name":"Linked
        Issues","key":"issuelinks","autoCompleteUrl":"https://defectdojo.atlassian.net/rest/api/2/issue/picker?currentProjectId=&showSubTaskParent=true&showSubTasks=true&currentIssueKey=null&query=","hasDefaultValue":false,"operations":["add","copy"]},"assignee":{"required":false,"schema":{"type":"user","system":"assignee"},"name":"Assignee","key":"assignee","autoCompleteUrl":"https://defectdojo.atlassian.net/rest/api/2/user/assignable/search?project=NTEST&query=","hasDefaultValue":false,"operations":["set"]}}}]}]}'
    headers:
      Atl-Request-Id:
      - 607a16ba-8c47-4ed0-a4cc-70e0bc01c436
      Atl-Traceid:
      - 607a16ba8c474ed0a4cc70e0bc01c436
      Cache-Control:
      - no-cache, no-store, no-transform
      Connection:
      - keep-alive
      Content-Encoding:
      - gzip
      Content-Type:
      - application/json;charset=UTF-8
      Date:
      - Fri, 25 Jul 2025 19:06:20 GMT
      Nel:
      - '{"failure_fraction": 0.001, "include_subdomains": true, "max_age": 600, "report_to":
        "endpoint-1"}'
      Report-To:
      - '{"endpoints": [{"url": "https://dz8aopenkvv6s.cloudfront.net"}], "group":
        "endpoint-1", "include_subdomains": true, "max_age": 600}'
      Server:
      - AtlassianEdge
      Server-Timing:
      - cdn-upstream-layer;desc="EDGE",cdn-upstream-dns;dur=0,cdn-upstream-connect;dur=0,cdn-upstream-fbl;dur=977,atl-edge;dur=975,atl-edge-internal;dur=16,atl-edge-upstream;dur=959,atl-edge-pop;desc="aws-ap-southeast-2",cdn-cache-miss,cdn-pop;desc="SYD62-P1",cdn-rid;desc="jbQ3nZeKGAXlFQ99UIo8VAn4Qmw6rlm02X5oYBKdQCoK1cSVzSyAhA==",cdn-downstream-fbl;dur=981
      Strict-Transport-Security:
      - max-age=63072000; includeSubDomains; preload
      Timing-Allow-Origin:
      - '*'
      Transfer-Encoding:
      - chunked
      Vary:
      - Accept-Encoding
      Via:
      - 1.1 e3f64b5e1795622ac1fd367fad798c10.cloudfront.net (CloudFront)
      Warning:
      - 'The issue create meta endpoint has been deprecated. (Deprecation start date:
        June 03, 2024)'
      X-Aaccountid:
      - 712020%3A292a8b4c-ebd5-44be-bb94-d07c56a14dc5
      X-Amz-Cf-Id:
      - jbQ3nZeKGAXlFQ99UIo8VAn4Qmw6rlm02X5oYBKdQCoK1cSVzSyAhA==
      X-Amz-Cf-Pop:
      - SYD62-P1
      X-Arequestid:
      - e1ab88b5611db18c3cd72977b85ebc9d
      X-Cache:
      - Miss from cloudfront
      X-Content-Type-Options:
      - nosniff
      X-Xss-Protection:
      - 1; mode=block
    status:
      code: 200
      message: OK
- request:
    body: '{"fields": {"project": {"key": "NTEST"}, "issuetype": {"name": "Task"},
      "summary": "Findings in: fresh:0.3.0", "description": "\n\n\n\n\n\n\n\nA group
      of Findings has been pushed to JIRA to be investigated and fixed:\n\nh2. Group\n*Group*:
      [Findings in: fresh:0.3.0|http://localhost:8080/finding_group/24] in [Security
      How-to|http://localhost:8080/product/2] / [1st Quarter Engagement|http://localhost:8080/engagement/1]
      / [NPM Audit Scan|http://localhost:8080/test/102]\n\nh2. Summary\n*Severity:*
      Medium  *Due Date:* Oct. 23, 2025 \n\nFindings matching the Active, Verified
      and Severity criteria:\n|| Severity || CVE || CWE || Component || Version ||
      Title || Status ||\n|Medium|[CVE-2017-16119|https://nvd.nist.gov/vuln/detail/CVE-2017-16119]|[400|https://cwe.mitre.org/data/definitions/400.html]|fresh|0.3.0|[Regular
      Expression Denial of Service Different Title - (Fresh, &lt; 0.5.2)|http://localhost:8080/finding/287]|Active,
      Verified|\n\nFindings *not* matching the Active, Verified and Severity criteria:\n||
      Severity || CVE || CWE || Component || Version || Title || Status ||\n\n\n\n\n\n\n\n\n\n\nh1.
      Findings\n\nh3. [Regular Expression Denial of Service Different Title - (Fresh,
      &lt; 0.5.2)|http://localhost:8080/finding/287]\n*Defect Dojo link:* http://localhost:8080/finding/287
      (287)\n*Severity:* Medium\n *Due Date:* Oct. 23, 2025 \n *CWE:* [CWE-400|https://cwe.mitre.org/data/definitions/400.html]
      \n*CVE:* [CVE-2017-16119|https://nvd.nist.gov/vuln/detail/CVE-2017-16119]\n\n\n\n\n\n\n*Source
      File*: express&gt;fresh\n\n\n\n\n*Description*:\nhttps://nodesecurity.io/advisories/526\nAffected
      versions of `fresh` are vulnerable to regular expression denial of service when
      parsing specially crafted user input.\n Vulnerable Module: fresh\n Vulnerable
      Versions: < 0.5.2\n Patched Version: >= 0.5.2\n Vulnerable Paths: \n  - 0.3.0:express>fresh,express>send>fresh,express>serve-static>send>fresh,serve-favicon>fresh\n
      CWE: CWE-400\n Access: public\n\n\n*Mitigation*:\nUpdate to version 0.5.2 or
      later.\n\n\n\n*Impact*:\nNo impact provided\n\n\n\n\n\n*References*:\nhttps://nodesecurity.io/advisories/526\n\n\n\n\n\n*Reporter:*
      [(admin) ()|mailto:]\n", "priority": {"name": "Medium"}}}'
    headers:
      Accept:
      - application/json,*/*;q=0.9
      Accept-Encoding:
      - gzip, deflate
      Cache-Control:
      - no-cache
      Connection:
      - keep-alive
      Content-Length:
      - '2196'
      Content-Type:
      - application/json
      User-Agent:
      - python-requests/2.32.4
    method: POST
    uri: https://defectdojo.atlassian.net/rest/api/2/issue
  response:
    body:
      string: '{"id":"21282","key":"NTEST-3103","self":"https://defectdojo.atlassian.net/rest/api/2/issue/21282"}'
    headers:
      Atl-Request-Id:
      - f0bc3a45-7760-4b49-a661-ce27a795c378
      Atl-Traceid:
      - f0bc3a4577604b49a661ce27a795c378
      Cache-Control:
      - no-cache, no-store, no-transform
      Connection:
      - keep-alive
      Content-Type:
      - application/json;charset=UTF-8
      Date:
      - Fri, 25 Jul 2025 19:06:22 GMT
      Nel:
      - '{"failure_fraction": 0.001, "include_subdomains": true, "max_age": 600, "report_to":
        "endpoint-1"}'
      Report-To:
      - '{"endpoints": [{"url": "https://dz8aopenkvv6s.cloudfront.net"}], "group":
        "endpoint-1", "include_subdomains": true, "max_age": 600}'
      Server:
      - AtlassianEdge
      Server-Timing:
      - cdn-upstream-layer;desc="EDGE",cdn-upstream-dns;dur=0,cdn-upstream-connect;dur=0,cdn-upstream-fbl;dur=869,atl-edge;dur=867,atl-edge-internal;dur=14,atl-edge-upstream;dur=852,atl-edge-pop;desc="aws-ap-southeast-2",cdn-cache-miss,cdn-pop;desc="SYD3-P1",cdn-rid;desc="J72rSEEThZxr2tjreu9dE8kgp445F5BzToE0Ibo6vZPU-D5YP7wpkQ==",cdn-downstream-fbl;dur=872
      Strict-Transport-Security:
      - max-age=63072000; includeSubDomains; preload
      Timing-Allow-Origin:
      - '*'
      Transfer-Encoding:
      - chunked
      Vary:
      - Accept-Encoding
      Via:
      - 1.1 782fcf79958c13c01bfababc6fc4b8ce.cloudfront.net (CloudFront)
      X-Aaccountid:
      - 712020%3A292a8b4c-ebd5-44be-bb94-d07c56a14dc5
      X-Amz-Cf-Id:
      - J72rSEEThZxr2tjreu9dE8kgp445F5BzToE0Ibo6vZPU-D5YP7wpkQ==
      X-Amz-Cf-Pop:
      - SYD3-P1
      X-Arequestid:
      - aa6b3eaf67347851214cd44d1a371a26
      X-Cache:
      - Miss from cloudfront
      X-Content-Type-Options:
      - nosniff
      X-Xss-Protection:
      - 1; mode=block
    status:
      code: 201
      message: Created
- request:
    body: null
    headers:
      Accept:
      - application/json,*/*;q=0.9
      Accept-Encoding:
      - gzip, deflate
      Cache-Control:
      - no-cache
      Connection:
      - keep-alive
      Content-Type:
      - application/json
      User-Agent:
      - python-requests/2.32.4
    method: GET
    uri: https://defectdojo.atlassian.net/rest/api/2/issue/NTEST-3103
  response:
    body:
      string: '{"expand":"renderedFields,names,schema,operations,editmeta,changelog,versionedRepresentations,customfield_10010.requestTypePractice","id":"21282","self":"https://defectdojo.atlassian.net/rest/api/2/issue/21282","key":"NTEST-3103","fields":{"statuscategorychangedate":"2025-07-25T21:06:22.081+0200","fixVersions":[],"statusCategory":{"self":"https://defectdojo.atlassian.net/rest/api/2/statuscategory/2","id":2,"key":"new","colorName":"blue-gray","name":"To
        Do"},"resolution":null,"lastViewed":null,"customfield_10060":null,"customfield_10061":null,"customfield_10062":null,"customfield_10063":null,"customfield_10064":null,"customfield_10065":null,"customfield_10066":null,"priority":{"self":"https://defectdojo.atlassian.net/rest/api/2/priority/3","iconUrl":"https://defectdojo.atlassian.net/images/icons/priorities/medium_new.svg","name":"Medium","id":"3"},"labels":[],"timeestimate":null,"aggregatetimeoriginalestimate":null,"versions":[],"issuelinks":[],"assignee":null,"status":{"self":"https://defectdojo.atlassian.net/rest/api/2/status/10000","description":"","iconUrl":"https://defectdojo.atlassian.net/","name":"Backlog","id":"10000","statusCategory":{"self":"https://defectdojo.atlassian.net/rest/api/2/statuscategory/2","id":2,"key":"new","colorName":"blue-gray","name":"To
        Do"}},"components":[],"customfield_10050":null,"customfield_10051":null,"customfield_10053":null,"customfield_10055":null,"customfield_10056":null,"customfield_10057":null,"customfield_10058":null,"customfield_10059":null,"customfield_10049":null,"aggregatetimeestimate":null,"creator":{"self":"https://defectdojo.atlassian.net/rest/api/2/user?accountId=712020%3A292a8b4c-ebd5-44be-bb94-d07c56a14dc5","accountId":"712020:292a8b4c-ebd5-44be-bb94-d07c56a14dc5","emailAddress":"valentijn@defectdojo.com","avatarUrls":{"48x48":"https://secure.gravatar.com/avatar/d05de848fe8cc7816c52a5e34e327bad?d=https%3A%2F%2Favatar-management--avatars.us-west-2.prod.public.atl-paas.net%2Finitials%2FVS-3.png","24x24":"https://secure.gravatar.com/avatar/d05de848fe8cc7816c52a5e34e327bad?d=https%3A%2F%2Favatar-management--avatars.us-west-2.prod.public.atl-paas.net%2Finitials%2FVS-3.png","16x16":"https://secure.gravatar.com/avatar/d05de848fe8cc7816c52a5e34e327bad?d=https%3A%2F%2Favatar-management--avatars.us-west-2.prod.public.atl-paas.net%2Finitials%2FVS-3.png","32x32":"https://secure.gravatar.com/avatar/d05de848fe8cc7816c52a5e34e327bad?d=https%3A%2F%2Favatar-management--avatars.us-west-2.prod.public.atl-paas.net%2Finitials%2FVS-3.png"},"displayName":"Valentijn
        Scholten","active":true,"timeZone":"Europe/Zurich","accountType":"atlassian"},"subtasks":[],"customfield_10040":null,"customfield_10041":null,"customfield_10042":null,"reporter":{"self":"https://defectdojo.atlassian.net/rest/api/2/user?accountId=712020%3A292a8b4c-ebd5-44be-bb94-d07c56a14dc5","accountId":"712020:292a8b4c-ebd5-44be-bb94-d07c56a14dc5","emailAddress":"valentijn@defectdojo.com","avatarUrls":{"48x48":"https://secure.gravatar.com/avatar/d05de848fe8cc7816c52a5e34e327bad?d=https%3A%2F%2Favatar-management--avatars.us-west-2.prod.public.atl-paas.net%2Finitials%2FVS-3.png","24x24":"https://secure.gravatar.com/avatar/d05de848fe8cc7816c52a5e34e327bad?d=https%3A%2F%2Favatar-management--avatars.us-west-2.prod.public.atl-paas.net%2Finitials%2FVS-3.png","16x16":"https://secure.gravatar.com/avatar/d05de848fe8cc7816c52a5e34e327bad?d=https%3A%2F%2Favatar-management--avatars.us-west-2.prod.public.atl-paas.net%2Finitials%2FVS-3.png","32x32":"https://secure.gravatar.com/avatar/d05de848fe8cc7816c52a5e34e327bad?d=https%3A%2F%2Favatar-management--avatars.us-west-2.prod.public.atl-paas.net%2Finitials%2FVS-3.png"},"displayName":"Valentijn
        Scholten","active":true,"timeZone":"Europe/Zurich","accountType":"atlassian"},"customfield_10043":null,"aggregateprogress":{"progress":0,"total":0},"customfield_10044":null,"customfield_10045":null,"customfield_10046":null,"customfield_10047":null,"customfield_10048":null,"customfield_10038":null,"customfield_10039":null,"progress":{"progress":0,"total":0},"votes":{"self":"https://defectdojo.atlassian.net/rest/api/2/issue/NTEST-3103/votes","votes":0,"hasVoted":false},"worklog":{"startAt":0,"maxResults":20,"total":0,"worklogs":[]},"issuetype":{"self":"https://defectdojo.atlassian.net/rest/api/2/issuetype/10002","id":"10002","description":"A
        small, distinct piece of work.","iconUrl":"https://defectdojo.atlassian.net/rest/api/2/universal_avatar/view/type/issuetype/avatar/10318?size=medium","name":"Task","subtask":false,"avatarId":10318,"hierarchyLevel":0},"timespent":null,"customfield_10030":null,"project":{"self":"https://defectdojo.atlassian.net/rest/api/2/project/10000","id":"10000","key":"NTEST","name":"Unittests","projectTypeKey":"software","simplified":false,"avatarUrls":{"48x48":"https://defectdojo.atlassian.net/rest/api/2/universal_avatar/view/type/project/avatar/10407","24x24":"https://defectdojo.atlassian.net/rest/api/2/universal_avatar/view/type/project/avatar/10407?size=small","16x16":"https://defectdojo.atlassian.net/rest/api/2/universal_avatar/view/type/project/avatar/10407?size=xsmall","32x32":"https://defectdojo.atlassian.net/rest/api/2/universal_avatar/view/type/project/avatar/10407?size=medium"}},"customfield_10031":null,"customfield_10032":null,"customfield_10033":null,"aggregatetimespent":null,"customfield_10035":null,"customfield_10036":null,"customfield_10037":null,"customfield_10027":null,"customfield_10028":null,"customfield_10029":null,"resolutiondate":null,"workratio":-1,"watches":{"self":"https://defectdojo.atlassian.net/rest/api/2/issue/NTEST-3103/watchers","watchCount":1,"isWatching":true},"created":"2025-07-25T21:06:21.833+0200","customfield_10020":null,"customfield_10021":null,"customfield_10022":null,"customfield_10023":null,"customfield_10016":null,"customfield_10017":null,"customfield_10019":"0|i012c7:","updated":"2025-07-25T21:06:21.931+0200","timeoriginalestimate":null,"description":"\n\n\n\n\n\n\n\nA
        group of Findings has been pushed to JIRA to be investigated and fixed:\n\nh2.
        Group\n*Group*: [Findings in: fresh:0.3.0|http://localhost:8080/finding_group/24]
        in [Security How-to|http://localhost:8080/product/2] / [1st Quarter Engagement|http://localhost:8080/engagement/1]
        / [NPM Audit Scan|http://localhost:8080/test/102]\n\nh2. Summary\n*Severity:*
        Medium  *Due Date:* Oct. 23, 2025 \n\nFindings matching the Active, Verified
        and Severity criteria:\n|| Severity || CVE || CWE || Component || Version
        || Title || Status ||\n|Medium|[CVE-2017-16119|https://nvd.nist.gov/vuln/detail/CVE-2017-16119]|[400|https://cwe.mitre.org/data/definitions/400.html]|fresh|0.3.0|[Regular
        Expression Denial of Service Different Title - (Fresh, &lt; 0.5.2)|http://localhost:8080/finding/287]|Active,
        Verified|\n\nFindings *not* matching the Active, Verified and Severity criteria:\n||
        Severity || CVE || CWE || Component || Version || Title || Status ||\n\n\n\n\n\n\n\n\n\n\nh1.
        Findings\n\nh3. [Regular Expression Denial of Service Different Title - (Fresh,
        &lt; 0.5.2)|http://localhost:8080/finding/287]\n*Defect Dojo link:* http://localhost:8080/finding/287
        (287)\n*Severity:* Medium\n *Due Date:* Oct. 23, 2025 \n *CWE:* [CWE-400|https://cwe.mitre.org/data/definitions/400.html]
        \n*CVE:* [CVE-2017-16119|https://nvd.nist.gov/vuln/detail/CVE-2017-16119]\n\n\n\n\n\n\n*Source
        File*: express&gt;fresh\n\n\n\n\n*Description*:\nhttps://nodesecurity.io/advisories/526\nAffected
        versions of `fresh` are vulnerable to regular expression denial of service
        when parsing specially crafted user input.\n Vulnerable Module: fresh\n Vulnerable
        Versions: < 0.5.2\n Patched Version: >= 0.5.2\n Vulnerable Paths: \n  - 0.3.0:express>fresh,express>send>fresh,express>serve-static>send>fresh,serve-favicon>fresh\n
        CWE: CWE-400\n Access: public\n\n\n*Mitigation*:\nUpdate to version 0.5.2
        or later.\n\n\n\n*Impact*:\nNo impact provided\n\n\n\n\n\n*References*:\nhttps://nodesecurity.io/advisories/526\n\n\n\n\n\n*Reporter:*
        [(admin) ()|mailto:]\n","customfield_10010":null,"customfield_10014":null,"timetracking":{},"customfield_10015":null,"customfield_10005":null,"customfield_10006":null,"customfield_10007":null,"security":null,"customfield_10008":null,"attachment":[],"customfield_10009":null,"summary":"Findings
        in: fresh:0.3.0","customfield_10001":null,"customfield_10002":[],"customfield_10003":null,"customfield_10004":null,"environment":null,"duedate":null,"comment":{"comments":[],"self":"https://defectdojo.atlassian.net/rest/api/2/issue/21282/comment","maxResults":0,"total":0,"startAt":0}}}'
    headers:
      Atl-Request-Id:
      - dce423b6-3ae6-4ffe-b70c-f92baca013a0
      Atl-Traceid:
      - dce423b63ae64ffeb70cf92baca013a0
      Cache-Control:
      - no-cache, no-store, no-transform
      Connection:
      - keep-alive
      Content-Encoding:
      - gzip
      Content-Type:
      - application/json;charset=UTF-8
      Date:
      - Fri, 25 Jul 2025 19:06:23 GMT
      Nel:
      - '{"failure_fraction": 0.001, "include_subdomains": true, "max_age": 600, "report_to":
        "endpoint-1"}'
      Report-To:
      - '{"endpoints": [{"url": "https://dz8aopenkvv6s.cloudfront.net"}], "group":
        "endpoint-1", "include_subdomains": true, "max_age": 600}'
      Server:
      - AtlassianEdge
      Server-Timing:
      - cdn-upstream-layer;desc="EDGE",cdn-upstream-dns;dur=0,cdn-upstream-connect;dur=0,cdn-upstream-fbl;dur=488,atl-edge;dur=487,atl-edge-internal;dur=14,atl-edge-upstream;dur=472,atl-edge-pop;desc="aws-ap-southeast-2",cdn-cache-miss,cdn-pop;desc="SYD62-P2",cdn-rid;desc="5dmMwRRrgTN4478XYnxqhNYT28zrp_Ki5L_-lyxYZKc2JCtL5Djctw==",cdn-downstream-fbl;dur=492
      Strict-Transport-Security:
      - max-age=63072000; includeSubDomains; preload
      Timing-Allow-Origin:
      - '*'
      Transfer-Encoding:
      - chunked
      Vary:
      - Accept-Encoding
      Via:
      - 1.1 902b6168cd46b8e2de576dabe4e7f0f8.cloudfront.net (CloudFront)
      X-Aaccountid:
      - 712020%3A292a8b4c-ebd5-44be-bb94-d07c56a14dc5
      X-Amz-Cf-Id:
      - 5dmMwRRrgTN4478XYnxqhNYT28zrp_Ki5L_-lyxYZKc2JCtL5Djctw==
      X-Amz-Cf-Pop:
      - SYD62-P2
      X-Arequestid:
      - cacc0ba22195941312a990cf61cc2815
      X-Cache:
      - Miss from cloudfront
      X-Content-Type-Options:
      - nosniff
      X-Xss-Protection:
      - 1; mode=block
    status:
      code: 200
      message: OK
- request:
    body: null
    headers:
      Accept:
      - application/json,*/*;q=0.9
      Accept-Encoding:
      - gzip, deflate
      Cache-Control:
      - no-cache
      Connection:
      - keep-alive
      Content-Type:
      - application/json
      User-Agent:
      - python-requests/2.32.4
    method: GET
    uri: https://defectdojo.atlassian.net/rest/api/2/issue/21282
  response:
    body:
      string: '{"expand":"renderedFields,names,schema,operations,editmeta,changelog,versionedRepresentations,customfield_10010.requestTypePractice","id":"21282","self":"https://defectdojo.atlassian.net/rest/api/2/issue/21282","key":"NTEST-3103","fields":{"statuscategorychangedate":"2025-07-25T21:06:22.081+0200","fixVersions":[],"statusCategory":{"self":"https://defectdojo.atlassian.net/rest/api/2/statuscategory/2","id":2,"key":"new","colorName":"blue-gray","name":"To
        Do"},"resolution":null,"lastViewed":null,"customfield_10060":null,"customfield_10061":null,"customfield_10062":null,"customfield_10063":null,"customfield_10064":null,"customfield_10065":null,"customfield_10066":null,"priority":{"self":"https://defectdojo.atlassian.net/rest/api/2/priority/3","iconUrl":"https://defectdojo.atlassian.net/images/icons/priorities/medium_new.svg","name":"Medium","id":"3"},"labels":[],"timeestimate":null,"aggregatetimeoriginalestimate":null,"versions":[],"issuelinks":[],"assignee":null,"status":{"self":"https://defectdojo.atlassian.net/rest/api/2/status/10000","description":"","iconUrl":"https://defectdojo.atlassian.net/","name":"Backlog","id":"10000","statusCategory":{"self":"https://defectdojo.atlassian.net/rest/api/2/statuscategory/2","id":2,"key":"new","colorName":"blue-gray","name":"To
        Do"}},"components":[],"customfield_10050":null,"customfield_10051":null,"customfield_10053":null,"customfield_10055":null,"customfield_10056":null,"customfield_10057":null,"customfield_10058":null,"customfield_10059":null,"customfield_10049":null,"aggregatetimeestimate":null,"creator":{"self":"https://defectdojo.atlassian.net/rest/api/2/user?accountId=712020%3A292a8b4c-ebd5-44be-bb94-d07c56a14dc5","accountId":"712020:292a8b4c-ebd5-44be-bb94-d07c56a14dc5","emailAddress":"valentijn@defectdojo.com","avatarUrls":{"48x48":"https://secure.gravatar.com/avatar/d05de848fe8cc7816c52a5e34e327bad?d=https%3A%2F%2Favatar-management--avatars.us-west-2.prod.public.atl-paas.net%2Finitials%2FVS-3.png","24x24":"https://secure.gravatar.com/avatar/d05de848fe8cc7816c52a5e34e327bad?d=https%3A%2F%2Favatar-management--avatars.us-west-2.prod.public.atl-paas.net%2Finitials%2FVS-3.png","16x16":"https://secure.gravatar.com/avatar/d05de848fe8cc7816c52a5e34e327bad?d=https%3A%2F%2Favatar-management--avatars.us-west-2.prod.public.atl-paas.net%2Finitials%2FVS-3.png","32x32":"https://secure.gravatar.com/avatar/d05de848fe8cc7816c52a5e34e327bad?d=https%3A%2F%2Favatar-management--avatars.us-west-2.prod.public.atl-paas.net%2Finitials%2FVS-3.png"},"displayName":"Valentijn
        Scholten","active":true,"timeZone":"Europe/Zurich","accountType":"atlassian"},"subtasks":[],"customfield_10040":null,"customfield_10041":null,"customfield_10042":null,"reporter":{"self":"https://defectdojo.atlassian.net/rest/api/2/user?accountId=712020%3A292a8b4c-ebd5-44be-bb94-d07c56a14dc5","accountId":"712020:292a8b4c-ebd5-44be-bb94-d07c56a14dc5","emailAddress":"valentijn@defectdojo.com","avatarUrls":{"48x48":"https://secure.gravatar.com/avatar/d05de848fe8cc7816c52a5e34e327bad?d=https%3A%2F%2Favatar-management--avatars.us-west-2.prod.public.atl-paas.net%2Finitials%2FVS-3.png","24x24":"https://secure.gravatar.com/avatar/d05de848fe8cc7816c52a5e34e327bad?d=https%3A%2F%2Favatar-management--avatars.us-west-2.prod.public.atl-paas.net%2Finitials%2FVS-3.png","16x16":"https://secure.gravatar.com/avatar/d05de848fe8cc7816c52a5e34e327bad?d=https%3A%2F%2Favatar-management--avatars.us-west-2.prod.public.atl-paas.net%2Finitials%2FVS-3.png","32x32":"https://secure.gravatar.com/avatar/d05de848fe8cc7816c52a5e34e327bad?d=https%3A%2F%2Favatar-management--avatars.us-west-2.prod.public.atl-paas.net%2Finitials%2FVS-3.png"},"displayName":"Valentijn
        Scholten","active":true,"timeZone":"Europe/Zurich","accountType":"atlassian"},"customfield_10043":null,"aggregateprogress":{"progress":0,"total":0},"customfield_10044":null,"customfield_10045":null,"customfield_10046":null,"customfield_10047":null,"customfield_10048":null,"customfield_10038":null,"customfield_10039":null,"progress":{"progress":0,"total":0},"votes":{"self":"https://defectdojo.atlassian.net/rest/api/2/issue/NTEST-3103/votes","votes":0,"hasVoted":false},"worklog":{"startAt":0,"maxResults":20,"total":0,"worklogs":[]},"issuetype":{"self":"https://defectdojo.atlassian.net/rest/api/2/issuetype/10002","id":"10002","description":"A
        small, distinct piece of work.","iconUrl":"https://defectdojo.atlassian.net/rest/api/2/universal_avatar/view/type/issuetype/avatar/10318?size=medium","name":"Task","subtask":false,"avatarId":10318,"hierarchyLevel":0},"timespent":null,"customfield_10030":null,"project":{"self":"https://defectdojo.atlassian.net/rest/api/2/project/10000","id":"10000","key":"NTEST","name":"Unittests","projectTypeKey":"software","simplified":false,"avatarUrls":{"48x48":"https://defectdojo.atlassian.net/rest/api/2/universal_avatar/view/type/project/avatar/10407","24x24":"https://defectdojo.atlassian.net/rest/api/2/universal_avatar/view/type/project/avatar/10407?size=small","16x16":"https://defectdojo.atlassian.net/rest/api/2/universal_avatar/view/type/project/avatar/10407?size=xsmall","32x32":"https://defectdojo.atlassian.net/rest/api/2/universal_avatar/view/type/project/avatar/10407?size=medium"}},"customfield_10031":null,"customfield_10032":null,"customfield_10033":null,"aggregatetimespent":null,"customfield_10035":null,"customfield_10036":null,"customfield_10037":null,"customfield_10027":null,"customfield_10028":null,"customfield_10029":null,"resolutiondate":null,"workratio":-1,"watches":{"self":"https://defectdojo.atlassian.net/rest/api/2/issue/NTEST-3103/watchers","watchCount":1,"isWatching":true},"created":"2025-07-25T21:06:21.833+0200","customfield_10020":null,"customfield_10021":null,"customfield_10022":null,"customfield_10023":null,"customfield_10016":null,"customfield_10017":null,"customfield_10019":"0|i012c7:","updated":"2025-07-25T21:06:21.931+0200","timeoriginalestimate":null,"description":"\n\n\n\n\n\n\n\nA
        group of Findings has been pushed to JIRA to be investigated and fixed:\n\nh2.
        Group\n*Group*: [Findings in: fresh:0.3.0|http://localhost:8080/finding_group/24]
        in [Security How-to|http://localhost:8080/product/2] / [1st Quarter Engagement|http://localhost:8080/engagement/1]
        / [NPM Audit Scan|http://localhost:8080/test/102]\n\nh2. Summary\n*Severity:*
        Medium  *Due Date:* Oct. 23, 2025 \n\nFindings matching the Active, Verified
        and Severity criteria:\n|| Severity || CVE || CWE || Component || Version
        || Title || Status ||\n|Medium|[CVE-2017-16119|https://nvd.nist.gov/vuln/detail/CVE-2017-16119]|[400|https://cwe.mitre.org/data/definitions/400.html]|fresh|0.3.0|[Regular
        Expression Denial of Service Different Title - (Fresh, &lt; 0.5.2)|http://localhost:8080/finding/287]|Active,
        Verified|\n\nFindings *not* matching the Active, Verified and Severity criteria:\n||
        Severity || CVE || CWE || Component || Version || Title || Status ||\n\n\n\n\n\n\n\n\n\n\nh1.
        Findings\n\nh3. [Regular Expression Denial of Service Different Title - (Fresh,
        &lt; 0.5.2)|http://localhost:8080/finding/287]\n*Defect Dojo link:* http://localhost:8080/finding/287
        (287)\n*Severity:* Medium\n *Due Date:* Oct. 23, 2025 \n *CWE:* [CWE-400|https://cwe.mitre.org/data/definitions/400.html]
        \n*CVE:* [CVE-2017-16119|https://nvd.nist.gov/vuln/detail/CVE-2017-16119]\n\n\n\n\n\n\n*Source
        File*: express&gt;fresh\n\n\n\n\n*Description*:\nhttps://nodesecurity.io/advisories/526\nAffected
        versions of `fresh` are vulnerable to regular expression denial of service
        when parsing specially crafted user input.\n Vulnerable Module: fresh\n Vulnerable
        Versions: < 0.5.2\n Patched Version: >= 0.5.2\n Vulnerable Paths: \n  - 0.3.0:express>fresh,express>send>fresh,express>serve-static>send>fresh,serve-favicon>fresh\n
        CWE: CWE-400\n Access: public\n\n\n*Mitigation*:\nUpdate to version 0.5.2
        or later.\n\n\n\n*Impact*:\nNo impact provided\n\n\n\n\n\n*References*:\nhttps://nodesecurity.io/advisories/526\n\n\n\n\n\n*Reporter:*
        [(admin) ()|mailto:]\n","customfield_10010":null,"customfield_10014":null,"timetracking":{},"customfield_10015":null,"customfield_10005":null,"customfield_10006":null,"customfield_10007":null,"security":null,"customfield_10008":null,"attachment":[],"customfield_10009":null,"summary":"Findings
        in: fresh:0.3.0","customfield_10001":null,"customfield_10002":[],"customfield_10003":null,"customfield_10004":null,"environment":null,"duedate":null,"comment":{"comments":[],"self":"https://defectdojo.atlassian.net/rest/api/2/issue/21282/comment","maxResults":0,"total":0,"startAt":0}}}'
    headers:
      Atl-Request-Id:
      - 212d3f9f-ed89-4298-ba6c-d5bfe51899fd
      Atl-Traceid:
      - 212d3f9fed894298ba6cd5bfe51899fd
      Cache-Control:
      - no-cache, no-store, no-transform
      Connection:
      - keep-alive
      Content-Encoding:
      - gzip
      Content-Type:
      - application/json;charset=UTF-8
      Date:
      - Fri, 25 Jul 2025 19:06:24 GMT
      Nel:
      - '{"failure_fraction": 0.001, "include_subdomains": true, "max_age": 600, "report_to":
        "endpoint-1"}'
      Report-To:
      - '{"endpoints": [{"url": "https://dz8aopenkvv6s.cloudfront.net"}], "group":
        "endpoint-1", "include_subdomains": true, "max_age": 600}'
      Server:
      - AtlassianEdge
      Server-Timing:
      - cdn-upstream-layer;desc="EDGE",cdn-upstream-dns;dur=0,cdn-upstream-connect;dur=0,cdn-upstream-fbl;dur=413,atl-edge;dur=410,atl-edge-internal;dur=16,atl-edge-upstream;dur=394,atl-edge-pop;desc="aws-ap-southeast-2",cdn-cache-miss,cdn-pop;desc="SYD62-P3",cdn-rid;desc="CJeU3peIIrGHPtE26l12UmdwwjGKHpQCT2y6D_zA5CQ-GUq4WTmIdw==",cdn-downstream-fbl;dur=416
      Strict-Transport-Security:
      - max-age=63072000; includeSubDomains; preload
      Timing-Allow-Origin:
      - '*'
      Transfer-Encoding:
      - chunked
      Vary:
      - Accept-Encoding
      Via:
      - 1.1 7f1eebb2ab7fd9ddd5ae296bfe0194d2.cloudfront.net (CloudFront)
      X-Aaccountid:
      - 712020%3A292a8b4c-ebd5-44be-bb94-d07c56a14dc5
      X-Amz-Cf-Id:
      - CJeU3peIIrGHPtE26l12UmdwwjGKHpQCT2y6D_zA5CQ-GUq4WTmIdw==
      X-Amz-Cf-Pop:
      - SYD62-P3
      X-Arequestid:
      - 24aacb8ea391da71208bbeeca81ec474
      X-Cache:
      - Miss from cloudfront
      X-Content-Type-Options:
      - nosniff
      X-Xss-Protection:
      - 1; mode=block
    status:
      code: 200
      message: OK
- request:
    body: '{"description": "Event test_added has occurred.", "title": "Test created
      for Security How-to: 1st Quarter Engagement: NPM Audit Scan", "user": null,
      "url_ui": "http://localhost:8080/test/102", "url_api": "http://localhost:8080/api/v2/tests/102/",
      "product_type": {"name": "ebooks", "id": 2, "url_ui": "http://localhost:8080/product/type/2",
      "url_api": "http://localhost:8080/api/v2/product_types/2/"}, "product": {"name":
      "Security How-to", "id": 2, "url_ui": "http://localhost:8080/product/2", "url_api":
      "http://localhost:8080/api/v2/products/2/"}, "engagement": {"name": "1st Quarter
      Engagement", "id": 1, "url_ui": "http://localhost:8080/engagement/1", "url_api":
      "http://localhost:8080/api/v2/engagements/1/"}, "test": {"title": null, "id":
      102, "url_ui": "http://localhost:8080/test/102", "url_api": "http://localhost:8080/api/v2/tests/102/"}}'
    headers:
      Accept:
      - application/json
      Accept-Encoding:
      - gzip, deflate
      Auth:
      - Token xxx
      Connection:
      - keep-alive
      Content-Length:
      - '849'
      Content-Type:
      - application/json
      User-Agent:
      - DefectDojo-2.48.4
      X-DefectDojo-Event:
      - test_added
      X-DefectDojo-Instance:
      - http://localhost:8080
    method: POST
    uri: http://webhook.endpoint:8080/post
  response:
    body:
      string: "{\n  \"args\": {},\n  \"headers\": {\n    \"Accept\": [\n      \"application/json\"\n
        \   ],\n    \"Accept-Encoding\": [\n      \"gzip, deflate\"\n    ],\n    \"Auth\":
        [\n      \"Token xxx\"\n    ],\n    \"Connection\": [\n      \"keep-alive\"\n
        \   ],\n    \"Content-Length\": [\n      \"849\"\n    ],\n    \"Content-Type\":
        [\n      \"application/json\"\n    ],\n    \"Host\": [\n      \"webhook.endpoint:8080\"\n
        \   ],\n    \"User-Agent\": [\n      \"DefectDojo-2.48.4\"\n    ],\n    \"X-Defectdojo-Event\":
        [\n      \"test_added\"\n    ],\n    \"X-Defectdojo-Instance\": [\n      \"http://localhost:8080\"\n
        \   ]\n  },\n  \"method\": \"POST\",\n  \"origin\": \"10.250.1.7\",\n  \"url\":
        \"http://webhook.endpoint:8080/post\",\n  \"data\": \"{\\\"description\\\":
        \\\"Event test_added has occurred.\\\", \\\"title\\\": \\\"Test created for
        Security How-to: 1st Quarter Engagement: NPM Audit Scan\\\", \\\"user\\\":
        null, \\\"url_ui\\\": \\\"http://localhost:8080/test/102\\\", \\\"url_api\\\":
        \\\"http://localhost:8080/api/v2/tests/102/\\\", \\\"product_type\\\": {\\\"name\\\":
        \\\"ebooks\\\", \\\"id\\\": 2, \\\"url_ui\\\": \\\"http://localhost:8080/product/type/2\\\",
        \\\"url_api\\\": \\\"http://localhost:8080/api/v2/product_types/2/\\\"}, \\\"product\\\":
        {\\\"name\\\": \\\"Security How-to\\\", \\\"id\\\": 2, \\\"url_ui\\\": \\\"http://localhost:8080/product/2\\\",
        \\\"url_api\\\": \\\"http://localhost:8080/api/v2/products/2/\\\"}, \\\"engagement\\\":
        {\\\"name\\\": \\\"1st Quarter Engagement\\\", \\\"id\\\": 1, \\\"url_ui\\\":
        \\\"http://localhost:8080/engagement/1\\\", \\\"url_api\\\": \\\"http://localhost:8080/api/v2/engagements/1/\\\"},
        \\\"test\\\": {\\\"title\\\": null, \\\"id\\\": 102, \\\"url_ui\\\": \\\"http://localhost:8080/test/102\\\",
        \\\"url_api\\\": \\\"http://localhost:8080/api/v2/tests/102/\\\"}}\",\n  \"files\":
        {},\n  \"form\": {},\n  \"json\": {\n    \"description\": \"Event test_added
        has occurred.\",\n    \"engagement\": {\n      \"id\": 1,\n      \"name\":
        \"1st Quarter Engagement\",\n      \"url_api\": \"http://localhost:8080/api/v2/engagements/1/\",\n
        \     \"url_ui\": \"http://localhost:8080/engagement/1\"\n    },\n    \"product\":
        {\n      \"id\": 2,\n      \"name\": \"Security How-to\",\n      \"url_api\":
        \"http://localhost:8080/api/v2/products/2/\",\n      \"url_ui\": \"http://localhost:8080/product/2\"\n
        \   },\n    \"product_type\": {\n      \"id\": 2,\n      \"name\": \"ebooks\",\n
        \     \"url_api\": \"http://localhost:8080/api/v2/product_types/2/\",\n      \"url_ui\":
        \"http://localhost:8080/product/type/2\"\n    },\n    \"test\": {\n      \"id\":
        102,\n      \"title\": null,\n      \"url_api\": \"http://localhost:8080/api/v2/tests/102/\",\n
        \     \"url_ui\": \"http://localhost:8080/test/102\"\n    },\n    \"title\":
        \"Test created for Security How-to: 1st Quarter Engagement: NPM Audit Scan\",\n
        \   \"url_api\": \"http://localhost:8080/api/v2/tests/102/\",\n    \"url_ui\":
        \"http://localhost:8080/test/102\",\n    \"user\": null\n  }\n}\n"
    headers:
      Access-Control-Allow-Credentials:
      - 'true'
      Access-Control-Allow-Origin:
      - '*'
      Content-Type:
      - application/json; charset=utf-8
      Date:
      - Fri, 25 Jul 2025 19:06:25 GMT
      Transfer-Encoding:
      - chunked
    status:
      code: 200
      message: OK
- request:
    body: '{"description": "Event scan_added has occurred.", "title": "Created/Updated
      5 findings for Security How-to: 1st Quarter Engagement: NPM Audit Scan", "user":
      null, "url_ui": "http://localhost:8080/test/102", "url_api": "http://localhost:8080/api/v2/tests/102/",
      "product_type": {"name": "ebooks", "id": 2, "url_ui": "http://localhost:8080/product/type/2",
      "url_api": "http://localhost:8080/api/v2/product_types/2/"}, "product": {"name":
      "Security How-to", "id": 2, "url_ui": "http://localhost:8080/product/2", "url_api":
      "http://localhost:8080/api/v2/products/2/"}, "engagement": {"name": "1st Quarter
      Engagement", "id": 1, "url_ui": "http://localhost:8080/engagement/1", "url_api":
      "http://localhost:8080/api/v2/engagements/1/"}, "test": {"title": null, "id":
      102, "url_ui": "http://localhost:8080/test/102", "url_api": "http://localhost:8080/api/v2/tests/102/"},
      "finding_count": 5, "findings": {"new": [{"id": 285, "title": "2222Regular Expression
      Denial of Service Different Title - (Negotiator, <= 0.6.0)", "severity": "High",
      "url_ui": "http://localhost:8080/finding/285", "url_api": "http://localhost:8080/api/v2/findings/285/"},
      {"id": 286, "title": "Remote Code Execution Different Title - (Pg, < 2.11.2
      || >= 3.0.0 < 3.6.4 ||  >= 4.0.0 < 4.5.7 || >= 5.0.0 < 5.2.1 || >= 6.0.0 < 6.0.5
      || >= 6.1.0 < 6.1.6 || >= 6.2.0 < 6.2.5 || >= 6.3.0 < 6.3.3 || >= 6.4.0 < 6.4.2
      || >= 7.0.0 < 7.0.2 || >= 7.1.0 < 7.1.2)", "severity": "High", "url_ui": "http://localhost:8080/finding/286",
      "url_api": "http://localhost:8080/api/v2/findings/286/"}, {"id": 284, "title":
      "Regular Expression Denial of Service Different Title - (Negotiator, <= 0.6.0)",
      "severity": "Medium", "url_ui": "http://localhost:8080/finding/284", "url_api":
      "http://localhost:8080/api/v2/findings/284/"}, {"id": 287, "title": "Regular
      Expression Denial of Service Different Title - (Fresh, < 0.5.2)", "severity":
      "Medium", "url_ui": "http://localhost:8080/finding/287", "url_api": "http://localhost:8080/api/v2/findings/287/"},
      {"id": 288, "title": "2222Remote Code Execution Different Title - (Pg, < 2.11.2
      || >= 3.0.0 < 3.6.4 ||  >= 4.0.0 < 4.5.7 || >= 5.0.0 < 5.2.1 || >= 6.0.0 < 6.0.5
      || >= 6.1.0 < 6.1.6 || >= 6.2.0 < 6.2.5 || >= 6.3.0 < 6.3.3 || >= 6.4.0 < 6.4.2
      || >= 7.0.0 < 7.0.2 || >= 7.1.0 < 7.1.2)", "severity": "Medium", "url_ui": "http://localhost:8080/finding/288",
      "url_api": "http://localhost:8080/api/v2/findings/288/"}], "reactivated": [],
      "mitigated": [], "untouched": []}}'
    headers:
      Accept:
      - application/json
      Accept-Encoding:
      - gzip, deflate
      Auth:
      - Token xxx
      Connection:
      - keep-alive
      Content-Length:
      - '2458'
      Content-Type:
      - application/json
      User-Agent:
      - DefectDojo-2.48.4
      X-DefectDojo-Event:
      - scan_added
      X-DefectDojo-Instance:
      - http://localhost:8080
    method: POST
    uri: http://webhook.endpoint:8080/post
  response:
    body:
      string: "{\n  \"args\": {},\n  \"headers\": {\n    \"Accept\": [\n      \"application/json\"\n
        \   ],\n    \"Accept-Encoding\": [\n      \"gzip, deflate\"\n    ],\n    \"Auth\":
        [\n      \"Token xxx\"\n    ],\n    \"Connection\": [\n      \"keep-alive\"\n
        \   ],\n    \"Content-Length\": [\n      \"2458\"\n    ],\n    \"Content-Type\":
        [\n      \"application/json\"\n    ],\n    \"Host\": [\n      \"webhook.endpoint:8080\"\n
        \   ],\n    \"User-Agent\": [\n      \"DefectDojo-2.48.4\"\n    ],\n    \"X-Defectdojo-Event\":
        [\n      \"scan_added\"\n    ],\n    \"X-Defectdojo-Instance\": [\n      \"http://localhost:8080\"\n
        \   ]\n  },\n  \"method\": \"POST\",\n  \"origin\": \"10.250.1.7\",\n  \"url\":
        \"http://webhook.endpoint:8080/post\",\n  \"data\": \"{\\\"description\\\":
        \\\"Event scan_added has occurred.\\\", \\\"title\\\": \\\"Created/Updated
        5 findings for Security How-to: 1st Quarter Engagement: NPM Audit Scan\\\",
        \\\"user\\\": null, \\\"url_ui\\\": \\\"http://localhost:8080/test/102\\\",
        \\\"url_api\\\": \\\"http://localhost:8080/api/v2/tests/102/\\\", \\\"product_type\\\":
        {\\\"name\\\": \\\"ebooks\\\", \\\"id\\\": 2, \\\"url_ui\\\": \\\"http://localhost:8080/product/type/2\\\",
        \\\"url_api\\\": \\\"http://localhost:8080/api/v2/product_types/2/\\\"}, \\\"product\\\":
        {\\\"name\\\": \\\"Security How-to\\\", \\\"id\\\": 2, \\\"url_ui\\\": \\\"http://localhost:8080/product/2\\\",
        \\\"url_api\\\": \\\"http://localhost:8080/api/v2/products/2/\\\"}, \\\"engagement\\\":
        {\\\"name\\\": \\\"1st Quarter Engagement\\\", \\\"id\\\": 1, \\\"url_ui\\\":
        \\\"http://localhost:8080/engagement/1\\\", \\\"url_api\\\": \\\"http://localhost:8080/api/v2/engagements/1/\\\"},
        \\\"test\\\": {\\\"title\\\": null, \\\"id\\\": 102, \\\"url_ui\\\": \\\"http://localhost:8080/test/102\\\",
        \\\"url_api\\\": \\\"http://localhost:8080/api/v2/tests/102/\\\"}, \\\"finding_count\\\":
        5, \\\"findings\\\": {\\\"new\\\": [{\\\"id\\\": 285, \\\"title\\\": \\\"2222Regular
        Expression Denial of Service Different Title - (Negotiator, <= 0.6.0)\\\",
        \\\"severity\\\": \\\"High\\\", \\\"url_ui\\\": \\\"http://localhost:8080/finding/285\\\",
        \\\"url_api\\\": \\\"http://localhost:8080/api/v2/findings/285/\\\"}, {\\\"id\\\":
        286, \\\"title\\\": \\\"Remote Code Execution Different Title - (Pg, < 2.11.2
        || >= 3.0.0 < 3.6.4 ||  >= 4.0.0 < 4.5.7 || >= 5.0.0 < 5.2.1 || >= 6.0.0 <
        6.0.5 || >= 6.1.0 < 6.1.6 || >= 6.2.0 < 6.2.5 || >= 6.3.0 < 6.3.3 || >= 6.4.0
        < 6.4.2 || >= 7.0.0 < 7.0.2 || >= 7.1.0 < 7.1.2)\\\", \\\"severity\\\": \\\"High\\\",
        \\\"url_ui\\\": \\\"http://localhost:8080/finding/286\\\", \\\"url_api\\\":
        \\\"http://localhost:8080/api/v2/findings/286/\\\"}, {\\\"id\\\": 284, \\\"title\\\":
        \\\"Regular Expression Denial of Service Different Title - (Negotiator, <=
        0.6.0)\\\", \\\"severity\\\": \\\"Medium\\\", \\\"url_ui\\\": \\\"http://localhost:8080/finding/284\\\",
        \\\"url_api\\\": \\\"http://localhost:8080/api/v2/findings/284/\\\"}, {\\\"id\\\":
        287, \\\"title\\\": \\\"Regular Expression Denial of Service Different Title
        - (Fresh, < 0.5.2)\\\", \\\"severity\\\": \\\"Medium\\\", \\\"url_ui\\\":
        \\\"http://localhost:8080/finding/287\\\", \\\"url_api\\\": \\\"http://localhost:8080/api/v2/findings/287/\\\"},
        {\\\"id\\\": 288, \\\"title\\\": \\\"2222Remote Code Execution Different Title
        - (Pg, < 2.11.2 || >= 3.0.0 < 3.6.4 ||  >= 4.0.0 < 4.5.7 || >= 5.0.0 < 5.2.1
        || >= 6.0.0 < 6.0.5 || >= 6.1.0 < 6.1.6 || >= 6.2.0 < 6.2.5 || >= 6.3.0 <
        6.3.3 || >= 6.4.0 < 6.4.2 || >= 7.0.0 < 7.0.2 || >= 7.1.0 < 7.1.2)\\\", \\\"severity\\\":
        \\\"Medium\\\", \\\"url_ui\\\": \\\"http://localhost:8080/finding/288\\\",
        \\\"url_api\\\": \\\"http://localhost:8080/api/v2/findings/288/\\\"}], \\\"reactivated\\\":
        [], \\\"mitigated\\\": [], \\\"untouched\\\": []}}\",\n  \"files\": {},\n
        \ \"form\": {},\n  \"json\": {\n    \"description\": \"Event scan_added has
        occurred.\",\n    \"engagement\": {\n      \"id\": 1,\n      \"name\": \"1st
        Quarter Engagement\",\n      \"url_api\": \"http://localhost:8080/api/v2/engagements/1/\",\n
        \     \"url_ui\": \"http://localhost:8080/engagement/1\"\n    },\n    \"finding_count\":
        5,\n    \"findings\": {\n      \"mitigated\": [],\n      \"new\": [\n        {\n
        \         \"id\": 285,\n          \"severity\": \"High\",\n          \"title\":
        \"2222Regular Expression Denial of Service Different Title - (Negotiator,
        <= 0.6.0)\",\n          \"url_api\": \"http://localhost:8080/api/v2/findings/285/\",\n
        \         \"url_ui\": \"http://localhost:8080/finding/285\"\n        },\n
        \       {\n          \"id\": 286,\n          \"severity\": \"High\",\n          \"title\":
        \"Remote Code Execution Different Title - (Pg, < 2.11.2 || >= 3.0.0 < 3.6.4
        ||  >= 4.0.0 < 4.5.7 || >= 5.0.0 < 5.2.1 || >= 6.0.0 < 6.0.5 || >= 6.1.0 <
        6.1.6 || >= 6.2.0 < 6.2.5 || >= 6.3.0 < 6.3.3 || >= 6.4.0 < 6.4.2 || >= 7.0.0
        < 7.0.2 || >= 7.1.0 < 7.1.2)\",\n          \"url_api\": \"http://localhost:8080/api/v2/findings/286/\",\n
        \         \"url_ui\": \"http://localhost:8080/finding/286\"\n        },\n
        \       {\n          \"id\": 284,\n          \"severity\": \"Medium\",\n          \"title\":
        \"Regular Expression Denial of Service Different Title - (Negotiator, <= 0.6.0)\",\n
        \         \"url_api\": \"http://localhost:8080/api/v2/findings/284/\",\n          \"url_ui\":
        \"http://localhost:8080/finding/284\"\n        },\n        {\n          \"id\":
        287,\n          \"severity\": \"Medium\",\n          \"title\": \"Regular
        Expression Denial of Service Different Title - (Fresh, < 0.5.2)\",\n          \"url_api\":
        \"http://localhost:8080/api/v2/findings/287/\",\n          \"url_ui\": \"http://localhost:8080/finding/287\"\n
        \       },\n        {\n          \"id\": 288,\n          \"severity\": \"Medium\",\n
        \         \"title\": \"2222Remote Code Execution Different Title - (Pg, <
        2.11.2 || >= 3.0.0 < 3.6.4 ||  >= 4.0.0 < 4.5.7 || >= 5.0.0 < 5.2.1 || >=
        6.0.0 < 6.0.5 || >= 6.1.0 < 6.1.6 || >= 6.2.0 < 6.2.5 || >= 6.3.0 < 6.3.3
        || >= 6.4.0 < 6.4.2 || >= 7.0.0 < 7.0.2 || >= 7.1.0 < 7.1.2)\",\n          \"url_api\":
        \"http://localhost:8080/api/v2/findings/288/\",\n          \"url_ui\": \"http://localhost:8080/finding/288\"\n
        \       }\n      ],\n      \"reactivated\": [],\n      \"untouched\": []\n
        \   },\n    \"product\": {\n      \"id\": 2,\n      \"name\": \"Security How-to\",\n
        \     \"url_api\": \"http://localhost:8080/api/v2/products/2/\",\n      \"url_ui\":
        \"http://localhost:8080/product/2\"\n    },\n    \"product_type\": {\n      \"id\":
        2,\n      \"name\": \"ebooks\",\n      \"url_api\": \"http://localhost:8080/api/v2/product_types/2/\",\n
        \     \"url_ui\": \"http://localhost:8080/product/type/2\"\n    },\n    \"test\":
        {\n      \"id\": 102,\n      \"title\": null,\n      \"url_api\": \"http://localhost:8080/api/v2/tests/102/\",\n
        \     \"url_ui\": \"http://localhost:8080/test/102\"\n    },\n    \"title\":
        \"Created/Updated 5 findings for Security How-to: 1st Quarter Engagement:
        NPM Audit Scan\",\n    \"url_api\": \"http://localhost:8080/api/v2/tests/102/\",\n
        \   \"url_ui\": \"http://localhost:8080/test/102\",\n    \"user\": null\n
        \ }\n}\n"
    headers:
      Access-Control-Allow-Credentials:
      - 'true'
      Access-Control-Allow-Origin:
      - '*'
      Content-Type:
      - application/json; charset=utf-8
      Date:
      - Fri, 25 Jul 2025 19:06:25 GMT
      Transfer-Encoding:
      - chunked
    status:
      code: 200
      message: OK
version: 1
