interactions:
- request:
    body: '{"description": "Event test_added has occurred.", "title": "Test created
      for Security How-to: 1st Quarter Engagement: ZAP Scan", "user": null, "url_ui":
      "http://localhost:8080/test/138", "url_api": "http://localhost:8080/api/v2/tests/138/",
      "product_type": {"name": "ebooks", "id": 2, "url_ui": "http://localhost:8080/product/type/2",
      "url_api": "http://localhost:8080/api/v2/product_types/2/"}, "product": {"name":
      "Security How-to", "id": 2, "url_ui": "http://localhost:8080/product/2", "url_api":
      "http://localhost:8080/api/v2/products/2/"}, "engagement": {"name": "1st Quarter
      Engagement", "id": 1, "url_ui": "http://localhost:8080/engagement/1", "url_api":
      "http://localhost:8080/api/v2/engagements/1/"}, "test": {"title": null, "id":
      138, "url_ui": "http://localhost:8080/test/138", "url_api": "http://localhost:8080/api/v2/tests/138/"}}'
    headers:
      Accept:
      - application/json
      Accept-Encoding:
      - gzip, deflate
      Auth:
      - Token xxx
      Connection:
      - keep-alive
      Content-Length:
      - '843'
      Content-Type:
      - application/json
      User-Agent:
      - DefectDojo-2.46.2
      X-DefectDojo-Event:
      - test_added
      X-DefectDojo-Instance:
      - http://localhost:8080
    method: POST
    uri: http://webhook.endpoint:8080/post
  response:
    body:
      string: "{\n  \"args\": {},\n  \"headers\": {\n    \"Accept\": [\n      \"application/json\"\n
        \   ],\n    \"Accept-Encoding\": [\n      \"gzip, deflate\"\n    ],\n    \"Auth\":
        [\n      \"Token xxx\"\n    ],\n    \"Connection\": [\n      \"keep-alive\"\n
        \   ],\n    \"Content-Length\": [\n      \"843\"\n    ],\n    \"Content-Type\":
        [\n      \"application/json\"\n    ],\n    \"Host\": [\n      \"webhook.endpoint:8080\"\n
        \   ],\n    \"User-Agent\": [\n      \"DefectDojo-2.46.2\"\n    ],\n    \"X-Defectdojo-Event\":
        [\n      \"test_added\"\n    ],\n    \"X-Defectdojo-Instance\": [\n      \"http://localhost:8080\"\n
        \   ]\n  },\n  \"method\": \"POST\",\n  \"origin\": \"10.250.1.6:45314\",\n
        \ \"url\": \"http://webhook.endpoint:8080/post\",\n  \"data\": \"{\\\"description\\\":
        \\\"Event test_added has occurred.\\\", \\\"title\\\": \\\"Test created for
        Security How-to: 1st Quarter Engagement: ZAP Scan\\\", \\\"user\\\": null,
        \\\"url_ui\\\": \\\"http://localhost:8080/test/138\\\", \\\"url_api\\\": \\\"http://localhost:8080/api/v2/tests/138/\\\",
        \\\"product_type\\\": {\\\"name\\\": \\\"ebooks\\\", \\\"id\\\": 2, \\\"url_ui\\\":
        \\\"http://localhost:8080/product/type/2\\\", \\\"url_api\\\": \\\"http://localhost:8080/api/v2/product_types/2/\\\"},
        \\\"product\\\": {\\\"name\\\": \\\"Security How-to\\\", \\\"id\\\": 2, \\\"url_ui\\\":
        \\\"http://localhost:8080/product/2\\\", \\\"url_api\\\": \\\"http://localhost:8080/api/v2/products/2/\\\"},
        \\\"engagement\\\": {\\\"name\\\": \\\"1st Quarter Engagement\\\", \\\"id\\\":
        1, \\\"url_ui\\\": \\\"http://localhost:8080/engagement/1\\\", \\\"url_api\\\":
        \\\"http://localhost:8080/api/v2/engagements/1/\\\"}, \\\"test\\\": {\\\"title\\\":
        null, \\\"id\\\": 138, \\\"url_ui\\\": \\\"http://localhost:8080/test/138\\\",
        \\\"url_api\\\": \\\"http://localhost:8080/api/v2/tests/138/\\\"}}\",\n  \"files\":
        {},\n  \"form\": {},\n  \"json\": {\n    \"description\": \"Event test_added
        has occurred.\",\n    \"engagement\": {\n      \"id\": 1,\n      \"name\":
        \"1st Quarter Engagement\",\n      \"url_api\": \"http://localhost:8080/api/v2/engagements/1/\",\n
        \     \"url_ui\": \"http://localhost:8080/engagement/1\"\n    },\n    \"product\":
        {\n      \"id\": 2,\n      \"name\": \"Security How-to\",\n      \"url_api\":
        \"http://localhost:8080/api/v2/products/2/\",\n      \"url_ui\": \"http://localhost:8080/product/2\"\n
        \   },\n    \"product_type\": {\n      \"id\": 2,\n      \"name\": \"ebooks\",\n
        \     \"url_api\": \"http://localhost:8080/api/v2/product_types/2/\",\n      \"url_ui\":
        \"http://localhost:8080/product/type/2\"\n    },\n    \"test\": {\n      \"id\":
        138,\n      \"title\": null,\n      \"url_api\": \"http://localhost:8080/api/v2/tests/138/\",\n
        \     \"url_ui\": \"http://localhost:8080/test/138\"\n    },\n    \"title\":
        \"Test created for Security How-to: 1st Quarter Engagement: ZAP Scan\",\n
        \   \"url_api\": \"http://localhost:8080/api/v2/tests/138/\",\n    \"url_ui\":
        \"http://localhost:8080/test/138\",\n    \"user\": null\n  }\n}\n"
    headers:
      Access-Control-Allow-Credentials:
      - 'true'
      Access-Control-Allow-Origin:
      - '*'
      Content-Type:
      - application/json; charset=utf-8
      Date:
      - Tue, 20 May 2025 19:54:22 GMT
      Transfer-Encoding:
      - chunked
    status:
      code: 200
      message: OK
- request:
    body: '{"description": "Event scan_added has occurred.", "title": "Created/Updated
      2 findings for Security How-to: 1st Quarter Engagement: ZAP Scan", "user": null,
      "url_ui": "http://localhost:8080/test/138", "url_api": "http://localhost:8080/api/v2/tests/138/",
      "product_type": {"name": "ebooks", "id": 2, "url_ui": "http://localhost:8080/product/type/2",
      "url_api": "http://localhost:8080/api/v2/product_types/2/"}, "product": {"name":
      "Security How-to", "id": 2, "url_ui": "http://localhost:8080/product/2", "url_api":
      "http://localhost:8080/api/v2/products/2/"}, "engagement": {"name": "1st Quarter
      Engagement", "id": 1, "url_ui": "http://localhost:8080/engagement/1", "url_api":
      "http://localhost:8080/api/v2/engagements/1/"}, "test": {"title": null, "id":
      138, "url_ui": "http://localhost:8080/test/138", "url_api": "http://localhost:8080/api/v2/tests/138/"},
      "finding_count": 2, "findings": {"new": [{"id": 396, "title": "Zap1: Cookie
      Without Secure Flag", "severity": "Low", "url_ui": "http://localhost:8080/finding/396",
      "url_api": "http://localhost:8080/api/v2/findings/396/"}, {"id": 397, "title":
      "Zap2: Cookie Without Secure Flag", "severity": "Low", "url_ui": "http://localhost:8080/finding/397",
      "url_api": "http://localhost:8080/api/v2/findings/397/"}], "reactivated": [],
      "mitigated": [], "untouched": []}}'
    headers:
      Accept:
      - application/json
      Accept-Encoding:
      - gzip, deflate
      Auth:
      - Token xxx
      Connection:
      - keep-alive
      Content-Length:
      - '1315'
      Content-Type:
      - application/json
      User-Agent:
      - DefectDojo-2.46.2
      X-DefectDojo-Event:
      - scan_added
      X-DefectDojo-Instance:
      - http://localhost:8080
    method: POST
    uri: http://webhook.endpoint:8080/post
  response:
    body:
      string: "{\n  \"args\": {},\n  \"headers\": {\n    \"Accept\": [\n      \"application/json\"\n
        \   ],\n    \"Accept-Encoding\": [\n      \"gzip, deflate\"\n    ],\n    \"Auth\":
        [\n      \"Token xxx\"\n    ],\n    \"Connection\": [\n      \"keep-alive\"\n
        \   ],\n    \"Content-Length\": [\n      \"1315\"\n    ],\n    \"Content-Type\":
        [\n      \"application/json\"\n    ],\n    \"Host\": [\n      \"webhook.endpoint:8080\"\n
        \   ],\n    \"User-Agent\": [\n      \"DefectDojo-2.46.2\"\n    ],\n    \"X-Defectdojo-Event\":
        [\n      \"scan_added\"\n    ],\n    \"X-Defectdojo-Instance\": [\n      \"http://localhost:8080\"\n
        \   ]\n  },\n  \"method\": \"POST\",\n  \"origin\": \"10.250.1.6:45328\",\n
        \ \"url\": \"http://webhook.endpoint:8080/post\",\n  \"data\": \"{\\\"description\\\":
        \\\"Event scan_added has occurred.\\\", \\\"title\\\": \\\"Created/Updated
        2 findings for Security How-to: 1st Quarter Engagement: ZAP Scan\\\", \\\"user\\\":
        null, \\\"url_ui\\\": \\\"http://localhost:8080/test/138\\\", \\\"url_api\\\":
        \\\"http://localhost:8080/api/v2/tests/138/\\\", \\\"product_type\\\": {\\\"name\\\":
        \\\"ebooks\\\", \\\"id\\\": 2, \\\"url_ui\\\": \\\"http://localhost:8080/product/type/2\\\",
        \\\"url_api\\\": \\\"http://localhost:8080/api/v2/product_types/2/\\\"}, \\\"product\\\":
        {\\\"name\\\": \\\"Security How-to\\\", \\\"id\\\": 2, \\\"url_ui\\\": \\\"http://localhost:8080/product/2\\\",
        \\\"url_api\\\": \\\"http://localhost:8080/api/v2/products/2/\\\"}, \\\"engagement\\\":
        {\\\"name\\\": \\\"1st Quarter Engagement\\\", \\\"id\\\": 1, \\\"url_ui\\\":
        \\\"http://localhost:8080/engagement/1\\\", \\\"url_api\\\": \\\"http://localhost:8080/api/v2/engagements/1/\\\"},
        \\\"test\\\": {\\\"title\\\": null, \\\"id\\\": 138, \\\"url_ui\\\": \\\"http://localhost:8080/test/138\\\",
        \\\"url_api\\\": \\\"http://localhost:8080/api/v2/tests/138/\\\"}, \\\"finding_count\\\":
        2, \\\"findings\\\": {\\\"new\\\": [{\\\"id\\\": 396, \\\"title\\\": \\\"Zap1:
        Cookie Without Secure Flag\\\", \\\"severity\\\": \\\"Low\\\", \\\"url_ui\\\":
        \\\"http://localhost:8080/finding/396\\\", \\\"url_api\\\": \\\"http://localhost:8080/api/v2/findings/396/\\\"},
        {\\\"id\\\": 397, \\\"title\\\": \\\"Zap2: Cookie Without Secure Flag\\\",
        \\\"severity\\\": \\\"Low\\\", \\\"url_ui\\\": \\\"http://localhost:8080/finding/397\\\",
        \\\"url_api\\\": \\\"http://localhost:8080/api/v2/findings/397/\\\"}], \\\"reactivated\\\":
        [], \\\"mitigated\\\": [], \\\"untouched\\\": []}}\",\n  \"files\": {},\n
        \ \"form\": {},\n  \"json\": {\n    \"description\": \"Event scan_added has
        occurred.\",\n    \"engagement\": {\n      \"id\": 1,\n      \"name\": \"1st
        Quarter Engagement\",\n      \"url_api\": \"http://localhost:8080/api/v2/engagements/1/\",\n
        \     \"url_ui\": \"http://localhost:8080/engagement/1\"\n    },\n    \"finding_count\":
        2,\n    \"findings\": {\n      \"mitigated\": [],\n      \"new\": [\n        {\n
        \         \"id\": 396,\n          \"severity\": \"Low\",\n          \"title\":
        \"Zap1: Cookie Without Secure Flag\",\n          \"url_api\": \"http://localhost:8080/api/v2/findings/396/\",\n
        \         \"url_ui\": \"http://localhost:8080/finding/396\"\n        },\n
        \       {\n          \"id\": 397,\n          \"severity\": \"Low\",\n          \"title\":
        \"Zap2: Cookie Without Secure Flag\",\n          \"url_api\": \"http://localhost:8080/api/v2/findings/397/\",\n
        \         \"url_ui\": \"http://localhost:8080/finding/397\"\n        }\n      ],\n
        \     \"reactivated\": [],\n      \"untouched\": []\n    },\n    \"product\":
        {\n      \"id\": 2,\n      \"name\": \"Security How-to\",\n      \"url_api\":
        \"http://localhost:8080/api/v2/products/2/\",\n      \"url_ui\": \"http://localhost:8080/product/2\"\n
        \   },\n    \"product_type\": {\n      \"id\": 2,\n      \"name\": \"ebooks\",\n
        \     \"url_api\": \"http://localhost:8080/api/v2/product_types/2/\",\n      \"url_ui\":
        \"http://localhost:8080/product/type/2\"\n    },\n    \"test\": {\n      \"id\":
        138,\n      \"title\": null,\n      \"url_api\": \"http://localhost:8080/api/v2/tests/138/\",\n
        \     \"url_ui\": \"http://localhost:8080/test/138\"\n    },\n    \"title\":
        \"Created/Updated 2 findings for Security How-to: 1st Quarter Engagement:
        ZAP Scan\",\n    \"url_api\": \"http://localhost:8080/api/v2/tests/138/\",\n
        \   \"url_ui\": \"http://localhost:8080/test/138\",\n    \"user\": null\n
        \ }\n}\n"
    headers:
      Access-Control-Allow-Credentials:
      - 'true'
      Access-Control-Allow-Origin:
      - '*'
      Content-Type:
      - application/json; charset=utf-8
      Date:
      - Tue, 20 May 2025 19:54:22 GMT
      Transfer-Encoding:
      - chunked
    status:
      code: 200
      message: OK
- request:
    body: null
    headers:
      Accept:
      - application/json,*/*;q=0.9
      Accept-Encoding:
      - gzip, deflate
      Cache-Control:
      - no-cache
      Connection:
      - keep-alive
      Content-Type:
      - application/json
      User-Agent:
      - python-requests/2.32.3
    method: GET
    uri: https://defectdojo.atlassian.net/rest/api/2/serverInfo
  response:
    body:
      string: '{"baseUrl":"https://defectdojo.atlassian.net","displayUrl":"https://defectdojo.atlassian.net","displayUrlServicedeskHelpCenter":"https://defectdojo.atlassian.net","displayUrlConfluence":"https://defectdojo.atlassian.net","version":"1001.0.0-SNAPSHOT","versionNumbers":[1001,0,0],"deploymentType":"Cloud","buildNumber":100283,"buildDate":"2025-05-19T14:58:42.000+0200","serverTime":"2025-05-20T21:54:24.932+0200","scmInfo":"f8932c93bd159910951acd497204161705f6d7b8","serverTitle":"Jira","defaultLocale":{"locale":"en_US"},"serverTimeZone":"Etc/UTC"}'
    headers:
      Atl-Request-Id:
      - a6a436f4-fbe9-44a7-b7cc-51406bbdf0ba
      Atl-Traceid:
      - a6a436f4fbe944a7b7cc51406bbdf0ba
      Cache-Control:
      - no-cache, no-store, no-transform
      Connection:
      - keep-alive
      Content-Encoding:
      - gzip
      Content-Type:
      - application/json;charset=UTF-8
      Date:
      - Tue, 20 May 2025 19:54:24 GMT
      Nel:
      - '{"failure_fraction": 0.001, "include_subdomains": true, "max_age": 600, "report_to":
        "endpoint-1"}'
      Report-To:
      - '{"endpoints": [{"url": "https://dz8aopenkvv6s.cloudfront.net"}], "group":
        "endpoint-1", "include_subdomains": true, "max_age": 600}'
      Server:
      - AtlassianEdge
      Server-Timing:
      - cdn-upstream-layer;desc="EDGE",cdn-upstream-dns;dur=0,cdn-upstream-connect;dur=0,cdn-upstream-fbl;dur=115,atl-edge;dur=108,atl-edge-internal;dur=15,atl-edge-upstream;dur=94,atl-edge-pop;desc="aws-eu-central-1",cdn-cache-miss,cdn-pop;desc="AMS1-P1",cdn-rid;desc="hDUI4t8nOcQJWKp0svYLmMqQ7k3oolLkPElkcCOicVp-HHmmhDf-Kg==",cdn-downstream-fbl;dur=120
      Strict-Transport-Security:
      - max-age=63072000; includeSubDomains; preload
      Timing-Allow-Origin:
      - '*'
      Transfer-Encoding:
      - chunked
      Vary:
      - Accept-Encoding
      Via:
      - 1.1 29676c2ee539645954aa742bde1ce894.cloudfront.net (CloudFront)
      X-Aaccountid:
      - 712020%3A292a8b4c-ebd5-44be-bb94-d07c56a14dc5
      X-Amz-Cf-Id:
      - hDUI4t8nOcQJWKp0svYLmMqQ7k3oolLkPElkcCOicVp-HHmmhDf-Kg==
      X-Amz-Cf-Pop:
      - AMS1-P1
      X-Arequestid:
      - 427ceedc6ab8d0494135ed6cd20c33c5
      X-Cache:
      - Miss from cloudfront
      X-Content-Type-Options:
      - nosniff
      X-Xss-Protection:
      - 1; mode=block
    status:
      code: 200
      message: OK
- request:
    body: null
    headers:
      Accept:
      - application/json,*/*;q=0.9
      Accept-Encoding:
      - gzip, deflate
      Cache-Control:
      - no-cache
      Connection:
      - keep-alive
      Content-Type:
      - application/json
      User-Agent:
      - python-requests/2.32.3
    method: GET
    uri: https://defectdojo.atlassian.net/rest/api/2/issue/createmeta?projectKeys=NTEST&issuetypeNames=Task&expand=projects.issuetypes.fields
  response:
    body:
      string: '{"expand":"projects","projects":[{"expand":"issuetypes","self":"https://defectdojo.atlassian.net/rest/api/2/project/10000","id":"10000","key":"NTEST","name":"Unittests","avatarUrls":{"48x48":"https://defectdojo.atlassian.net/rest/api/2/universal_avatar/view/type/project/avatar/10407","24x24":"https://defectdojo.atlassian.net/rest/api/2/universal_avatar/view/type/project/avatar/10407?size=small","16x16":"https://defectdojo.atlassian.net/rest/api/2/universal_avatar/view/type/project/avatar/10407?size=xsmall","32x32":"https://defectdojo.atlassian.net/rest/api/2/universal_avatar/view/type/project/avatar/10407?size=medium"},"issuetypes":[{"self":"https://defectdojo.atlassian.net/rest/api/2/issuetype/10002","id":"10002","description":"A
        small, distinct piece of work.","iconUrl":"https://defectdojo.atlassian.net/rest/api/2/universal_avatar/view/type/issuetype/avatar/10318?size=medium","name":"Task","untranslatedName":"Task","subtask":false,"hierarchyLevel":0,"expand":"fields","fields":{"summary":{"required":true,"schema":{"type":"string","system":"summary"},"name":"Summary","key":"summary","hasDefaultValue":false,"operations":["set"]},"issuetype":{"required":true,"schema":{"type":"issuetype","system":"issuetype"},"name":"Issue
        Type","key":"issuetype","hasDefaultValue":false,"operations":[],"allowedValues":[{"self":"https://defectdojo.atlassian.net/rest/api/2/issuetype/10002","id":"10002","description":"A
        small, distinct piece of work.","iconUrl":"https://defectdojo.atlassian.net/rest/api/2/universal_avatar/view/type/issuetype/avatar/10318?size=medium","name":"Task","subtask":false,"avatarId":10318,"hierarchyLevel":0}]},"parent":{"required":false,"schema":{"type":"issuelink","system":"parent"},"name":"Parent","key":"parent","hasDefaultValue":false,"operations":["set"]},"components":{"required":false,"schema":{"type":"array","items":"component","system":"components"},"name":"Components","key":"components","hasDefaultValue":false,"operations":["add","set","remove"],"allowedValues":[]},"description":{"required":false,"schema":{"type":"string","system":"description"},"name":"Description","key":"description","hasDefaultValue":false,"operations":["set"]},"project":{"required":true,"schema":{"type":"project","system":"project"},"name":"Project","key":"project","hasDefaultValue":false,"operations":["set"],"allowedValues":[{"self":"https://defectdojo.atlassian.net/rest/api/2/project/10000","id":"10000","key":"NTEST","name":"Unittests","projectTypeKey":"software","simplified":false,"avatarUrls":{"48x48":"https://defectdojo.atlassian.net/rest/api/2/universal_avatar/view/type/project/avatar/10407","24x24":"https://defectdojo.atlassian.net/rest/api/2/universal_avatar/view/type/project/avatar/10407?size=small","16x16":"https://defectdojo.atlassian.net/rest/api/2/universal_avatar/view/type/project/avatar/10407?size=xsmall","32x32":"https://defectdojo.atlassian.net/rest/api/2/universal_avatar/view/type/project/avatar/10407?size=medium"}}]},"fixVersions":{"required":false,"schema":{"type":"array","items":"version","system":"fixVersions"},"name":"Fix
        versions","key":"fixVersions","hasDefaultValue":false,"operations":["set","add","remove"],"allowedValues":[]},"priority":{"required":false,"schema":{"type":"priority","system":"priority"},"name":"Priority","key":"priority","hasDefaultValue":true,"operations":["set"],"allowedValues":[{"self":"https://defectdojo.atlassian.net/rest/api/2/priority/1","iconUrl":"https://defectdojo.atlassian.net/images/icons/priorities/highest.svg","name":"Highest","id":"1"},{"self":"https://defectdojo.atlassian.net/rest/api/2/priority/2","iconUrl":"https://defectdojo.atlassian.net/images/icons/priorities/high.svg","name":"High","id":"2"},{"self":"https://defectdojo.atlassian.net/rest/api/2/priority/3","iconUrl":"https://defectdojo.atlassian.net/images/icons/priorities/medium.svg","name":"Medium","id":"3"},{"self":"https://defectdojo.atlassian.net/rest/api/2/priority/4","iconUrl":"https://defectdojo.atlassian.net/images/icons/priorities/low.svg","name":"Low","id":"4"},{"self":"https://defectdojo.atlassian.net/rest/api/2/priority/5","iconUrl":"https://defectdojo.atlassian.net/images/icons/priorities/lowest.svg","name":"Lowest","id":"5"}],"defaultValue":{"self":"https://defectdojo.atlassian.net/rest/api/2/priority/3","iconUrl":"https://defectdojo.atlassian.net/images/icons/priorities/medium.svg","name":"Medium","id":"3"}},"customfield_10014":{"required":false,"schema":{"type":"any","custom":"com.pyxis.greenhopper.jira:gh-epic-link","customId":10014},"name":"Epic
        Link","key":"customfield_10014","hasDefaultValue":false,"operations":["set"]},"labels":{"required":false,"schema":{"type":"array","items":"string","system":"labels"},"name":"Labels","key":"labels","autoCompleteUrl":"https://defectdojo.atlassian.net/rest/api/1.0/labels/suggest?query=","hasDefaultValue":false,"operations":["add","set","remove"]},"attachment":{"required":false,"schema":{"type":"array","items":"attachment","system":"attachment"},"name":"Attachment","key":"attachment","hasDefaultValue":false,"operations":["set","copy"]},"issuelinks":{"required":false,"schema":{"type":"array","items":"issuelinks","system":"issuelinks"},"name":"Linked
        Issues","key":"issuelinks","autoCompleteUrl":"https://defectdojo.atlassian.net/rest/api/2/issue/picker?currentProjectId=&showSubTaskParent=true&showSubTasks=true&currentIssueKey=null&query=","hasDefaultValue":false,"operations":["add","copy"]},"assignee":{"required":false,"schema":{"type":"user","system":"assignee"},"name":"Assignee","key":"assignee","autoCompleteUrl":"https://defectdojo.atlassian.net/rest/api/2/user/assignable/search?project=NTEST&query=","hasDefaultValue":false,"operations":["set"]}}}]}]}'
    headers:
      Atl-Request-Id:
      - 2cb3283e-be4b-49ae-851a-2bee613bd6bd
      Atl-Traceid:
      - 2cb3283ebe4b49ae851a2bee613bd6bd
      Cache-Control:
      - no-cache, no-store, no-transform
      Connection:
      - keep-alive
      Content-Encoding:
      - gzip
      Content-Type:
      - application/json;charset=UTF-8
      Date:
      - Tue, 20 May 2025 19:54:25 GMT
      Nel:
      - '{"failure_fraction": 0.001, "include_subdomains": true, "max_age": 600, "report_to":
        "endpoint-1"}'
      Report-To:
      - '{"endpoints": [{"url": "https://dz8aopenkvv6s.cloudfront.net"}], "group":
        "endpoint-1", "include_subdomains": true, "max_age": 600}'
      Server:
      - AtlassianEdge
      Server-Timing:
      - cdn-upstream-layer;desc="EDGE",cdn-upstream-dns;dur=0,cdn-upstream-connect;dur=0,cdn-upstream-fbl;dur=257,atl-edge;dur=250,atl-edge-internal;dur=14,atl-edge-upstream;dur=236,atl-edge-pop;desc="aws-eu-central-1",cdn-cache-miss,cdn-pop;desc="AMS1-P1",cdn-rid;desc="4OFHyJFGYnc7QU6S-eO0ysXWxwT_Pew6hSLQp5qmdRfPWmP3VnTunw==",cdn-downstream-fbl;dur=263
      Strict-Transport-Security:
      - max-age=63072000; includeSubDomains; preload
      Timing-Allow-Origin:
      - '*'
      Transfer-Encoding:
      - chunked
      Vary:
      - Accept-Encoding
      Via:
      - 1.1 4ab1227a56c7dfaf7a8f7750683df1be.cloudfront.net (CloudFront)
      Warning:
      - 'The issue create meta endpoint has been deprecated. (Deprecation start date:
        June 03, 2024)'
      X-Aaccountid:
      - 712020%3A292a8b4c-ebd5-44be-bb94-d07c56a14dc5
      X-Amz-Cf-Id:
      - 4OFHyJFGYnc7QU6S-eO0ysXWxwT_Pew6hSLQp5qmdRfPWmP3VnTunw==
      X-Amz-Cf-Pop:
      - AMS1-P1
      X-Arequestid:
      - 6b019563127c40dfa8aa851951180575
      X-Cache:
      - Miss from cloudfront
      X-Content-Type-Options:
      - nosniff
      X-Xss-Protection:
      - 1; mode=block
    status:
      code: 200
      message: OK
- request:
    body: '{"fields": {"project": {"key": "NTEST"}, "issuetype": {"name": "Task"},
      "summary": "CVE-2018-20839 - (Systemd, 237-3ubuntu10.29)", "description": "\n\n\n\n\n\n*Title*:
      [CVE-2018-20839 - (Systemd, 237-3ubuntu10.29)|http://localhost:8080/finding/398]\n\n*Defect
      Dojo link:* http://localhost:8080/finding/398 (398)\n\n*Severity:* Medium\n\n\n*Due
      Date:* Aug. 18, 2025\n\n\n\n\n\n*CVE:* [CVE-2018-20839|https://nvd.nist.gov/vuln/detail/CVE-2018-20839]\n\n\n\n\n*Product/Engagement/Test:*
      [Security How-to|http://localhost:8080/product/2] / [1st Quarter Engagement|http://localhost:8080/engagement/1]
      / [Clair Scan|http://localhost:8080/test/139]\n\n\n\n\n\n\n\n\n\n\n*Vulnerable
      Component*: systemd - 237-3ubuntu10.29\n\n\n\n\n\n\n\n*Description*:\nsystemd
      242 changes the VT1 mode upon a logout, which allows attackers to read cleartext
      passwords in certain circumstances, such as watching a shutdown, or using Ctrl-Alt-F1
      and Ctrl-Alt-F2. This occurs because the KDGKBMODE (aka current keyboard mode)
      check is mishandled.\n Vulnerable feature: systemd\n Vulnerable Versions: 237-3ubuntu10.29\n
      Fixed by: \n Namespace: ubuntu:18.04\n CVE: CVE-2018-20839\n\n\n\n\n*Impact*:\nNo
      impact provided\n\n\n\n\n\n*References*:\nhttp://people.ubuntu.com/~ubuntu-security/cve/CVE-2018-20839\n\n\n*Reporter:*
      [(admin) ()|mailto:]\n", "priority": {"name": "Medium"}}}'
    headers:
      Accept:
      - application/json,*/*;q=0.9
      Accept-Encoding:
      - gzip, deflate
      Cache-Control:
      - no-cache
      Connection:
      - keep-alive
      Content-Length:
      - '1351'
      Content-Type:
      - application/json
      User-Agent:
      - python-requests/2.32.3
    method: POST
    uri: https://defectdojo.atlassian.net/rest/api/2/issue
  response:
    body:
      string: '{"id":"19243","key":"NTEST-2665","self":"https://defectdojo.atlassian.net/rest/api/2/issue/19243"}'
    headers:
      Atl-Request-Id:
      - 6a1902ad-8c74-4f23-af57-40396b7b302f
      Atl-Traceid:
      - 6a1902ad8c744f23af5740396b7b302f
      Cache-Control:
      - no-cache, no-store, no-transform
      Connection:
      - keep-alive
      Content-Type:
      - application/json;charset=UTF-8
      Date:
      - Tue, 20 May 2025 19:54:26 GMT
      Nel:
      - '{"failure_fraction": 0.001, "include_subdomains": true, "max_age": 600, "report_to":
        "endpoint-1"}'
      Report-To:
      - '{"endpoints": [{"url": "https://dz8aopenkvv6s.cloudfront.net"}], "group":
        "endpoint-1", "include_subdomains": true, "max_age": 600}'
      Server:
      - AtlassianEdge
      Server-Timing:
      - cdn-upstream-layer;desc="EDGE",cdn-upstream-dns;dur=0,cdn-upstream-connect;dur=0,cdn-upstream-fbl;dur=742,atl-edge;dur=734,atl-edge-internal;dur=14,atl-edge-upstream;dur=720,atl-edge-pop;desc="aws-eu-central-1",cdn-cache-miss,cdn-pop;desc="AMS1-P1",cdn-rid;desc="Ar4H1r5RvJQ9dBJPklZAkQ1CZDDRDl5v0dN4qCADZ0NwCo-wSuwHyA==",cdn-downstream-fbl;dur=746
      Strict-Transport-Security:
      - max-age=63072000; includeSubDomains; preload
      Timing-Allow-Origin:
      - '*'
      Transfer-Encoding:
      - chunked
      Vary:
      - Accept-Encoding
      Via:
      - 1.1 2f7b5be8899520ed019685dc425dc306.cloudfront.net (CloudFront)
      X-Aaccountid:
      - 712020%3A292a8b4c-ebd5-44be-bb94-d07c56a14dc5
      X-Amz-Cf-Id:
      - Ar4H1r5RvJQ9dBJPklZAkQ1CZDDRDl5v0dN4qCADZ0NwCo-wSuwHyA==
      X-Amz-Cf-Pop:
      - AMS1-P1
      X-Arequestid:
      - e6ad44a6f6d2bff51aeef98b7106b59d
      X-Cache:
      - Miss from cloudfront
      X-Content-Type-Options:
      - nosniff
      X-Xss-Protection:
      - 1; mode=block
    status:
      code: 201
      message: Created
- request:
    body: null
    headers:
      Accept:
      - application/json,*/*;q=0.9
      Accept-Encoding:
      - gzip, deflate
      Cache-Control:
      - no-cache
      Connection:
      - keep-alive
      Content-Type:
      - application/json
      User-Agent:
      - python-requests/2.32.3
    method: GET
    uri: https://defectdojo.atlassian.net/rest/api/2/issue/NTEST-2665
  response:
    body:
      string: '{"expand":"renderedFields,names,schema,operations,editmeta,changelog,versionedRepresentations,customfield_10010.requestTypePractice","id":"19243","self":"https://defectdojo.atlassian.net/rest/api/2/issue/19243","key":"NTEST-2665","fields":{"statuscategorychangedate":"2025-05-20T21:54:25.996+0200","issuetype":{"self":"https://defectdojo.atlassian.net/rest/api/2/issuetype/10002","id":"10002","description":"A
        small, distinct piece of work.","iconUrl":"https://defectdojo.atlassian.net/rest/api/2/universal_avatar/view/type/issuetype/avatar/10318?size=medium","name":"Task","subtask":false,"avatarId":10318,"hierarchyLevel":0},"timespent":null,"customfield_10030":null,"customfield_10031":null,"project":{"self":"https://defectdojo.atlassian.net/rest/api/2/project/10000","id":"10000","key":"NTEST","name":"Unittests","projectTypeKey":"software","simplified":false,"avatarUrls":{"48x48":"https://defectdojo.atlassian.net/rest/api/2/universal_avatar/view/type/project/avatar/10407","24x24":"https://defectdojo.atlassian.net/rest/api/2/universal_avatar/view/type/project/avatar/10407?size=small","16x16":"https://defectdojo.atlassian.net/rest/api/2/universal_avatar/view/type/project/avatar/10407?size=xsmall","32x32":"https://defectdojo.atlassian.net/rest/api/2/universal_avatar/view/type/project/avatar/10407?size=medium"}},"customfield_10032":null,"customfield_10033":null,"fixVersions":[],"aggregatetimespent":null,"statusCategory":{"self":"https://defectdojo.atlassian.net/rest/api/2/statuscategory/2","id":2,"key":"new","colorName":"blue-gray","name":"To
        Do"},"customfield_10035":null,"resolution":null,"customfield_10036":null,"customfield_10037":null,"customfield_10027":null,"customfield_10028":null,"customfield_10029":null,"resolutiondate":null,"workratio":-1,"watches":{"self":"https://defectdojo.atlassian.net/rest/api/2/issue/NTEST-2665/watchers","watchCount":1,"isWatching":true},"lastViewed":null,"created":"2025-05-20T21:54:25.649+0200","customfield_10020":null,"customfield_10021":null,"customfield_10022":null,"customfield_10023":null,"priority":{"self":"https://defectdojo.atlassian.net/rest/api/2/priority/3","iconUrl":"https://defectdojo.atlassian.net/images/icons/priorities/medium.svg","name":"Medium","id":"3"},"labels":[],"customfield_10016":null,"customfield_10017":null,"customfield_10018":{"hasEpicLinkFieldDependency":false,"showField":false,"nonEditableReason":{"reason":"PLUGIN_LICENSE_ERROR","message":"The
        Parent Link is only available to Jira Premium users."}},"customfield_10019":"0|i00y6v:","timeestimate":null,"aggregatetimeoriginalestimate":null,"versions":[],"issuelinks":[],"assignee":null,"updated":"2025-05-20T21:54:25.737+0200","status":{"self":"https://defectdojo.atlassian.net/rest/api/2/status/10000","description":"","iconUrl":"https://defectdojo.atlassian.net/","name":"Backlog","id":"10000","statusCategory":{"self":"https://defectdojo.atlassian.net/rest/api/2/statuscategory/2","id":2,"key":"new","colorName":"blue-gray","name":"To
        Do"}},"components":[],"customfield_10050":null,"customfield_10051":null,"timeoriginalestimate":null,"customfield_10053":null,"description":"\n\n\n\n\n\n*Title*:
        [CVE-2018-20839 - (Systemd, 237-3ubuntu10.29)|http://localhost:8080/finding/398]\n\n*Defect
        Dojo link:* http://localhost:8080/finding/398 (398)\n\n*Severity:* Medium\n\n\n*Due
        Date:* Aug. 18, 2025\n\n\n\n\n\n*CVE:* [CVE-2018-20839|https://nvd.nist.gov/vuln/detail/CVE-2018-20839]\n\n\n\n\n*Product/Engagement/Test:*
        [Security How-to|http://localhost:8080/product/2] / [1st Quarter Engagement|http://localhost:8080/engagement/1]
        / [Clair Scan|http://localhost:8080/test/139]\n\n\n\n\n\n\n\n\n\n\n*Vulnerable
        Component*: systemd - 237-3ubuntu10.29\n\n\n\n\n\n\n\n*Description*:\nsystemd
        242 changes the VT1 mode upon a logout, which allows attackers to read cleartext
        passwords in certain circumstances, such as watching a shutdown, or using
        Ctrl-Alt-F1 and Ctrl-Alt-F2. This occurs because the KDGKBMODE (aka current
        keyboard mode) check is mishandled.\n Vulnerable feature: systemd\n Vulnerable
        Versions: 237-3ubuntu10.29\n Fixed by: \n Namespace: ubuntu:18.04\n CVE: CVE-2018-20839\n\n\n\n\n*Impact*:\nNo
        impact provided\n\n\n\n\n\n*References*:\nhttp://people.ubuntu.com/~ubuntu-security/cve/CVE-2018-20839\n\n\n*Reporter:*
        [(admin) ()|mailto:]\n","customfield_10010":null,"customfield_10055":null,"customfield_10056":null,"customfield_10014":null,"timetracking":{},"customfield_10015":null,"customfield_10005":null,"customfield_10049":null,"customfield_10006":null,"customfield_10007":null,"security":null,"customfield_10008":null,"attachment":[],"customfield_10009":null,"aggregatetimeestimate":null,"summary":"CVE-2018-20839
        - (Systemd, 237-3ubuntu10.29)","creator":{"self":"https://defectdojo.atlassian.net/rest/api/2/user?accountId=712020%3A292a8b4c-ebd5-44be-bb94-d07c56a14dc5","accountId":"712020:292a8b4c-ebd5-44be-bb94-d07c56a14dc5","emailAddress":"valentijn@defectdojo.com","avatarUrls":{"48x48":"https://secure.gravatar.com/avatar/d05de848fe8cc7816c52a5e34e327bad?d=https%3A%2F%2Favatar-management--avatars.us-west-2.prod.public.atl-paas.net%2Finitials%2FVS-3.png","24x24":"https://secure.gravatar.com/avatar/d05de848fe8cc7816c52a5e34e327bad?d=https%3A%2F%2Favatar-management--avatars.us-west-2.prod.public.atl-paas.net%2Finitials%2FVS-3.png","16x16":"https://secure.gravatar.com/avatar/d05de848fe8cc7816c52a5e34e327bad?d=https%3A%2F%2Favatar-management--avatars.us-west-2.prod.public.atl-paas.net%2Finitials%2FVS-3.png","32x32":"https://secure.gravatar.com/avatar/d05de848fe8cc7816c52a5e34e327bad?d=https%3A%2F%2Favatar-management--avatars.us-west-2.prod.public.atl-paas.net%2Finitials%2FVS-3.png"},"displayName":"Valentijn
        Scholten","active":true,"timeZone":"Europe/Zurich","accountType":"atlassian"},"subtasks":[],"customfield_10040":null,"customfield_10041":null,"customfield_10042":null,"reporter":{"self":"https://defectdojo.atlassian.net/rest/api/2/user?accountId=712020%3A292a8b4c-ebd5-44be-bb94-d07c56a14dc5","accountId":"712020:292a8b4c-ebd5-44be-bb94-d07c56a14dc5","emailAddress":"valentijn@defectdojo.com","avatarUrls":{"48x48":"https://secure.gravatar.com/avatar/d05de848fe8cc7816c52a5e34e327bad?d=https%3A%2F%2Favatar-management--avatars.us-west-2.prod.public.atl-paas.net%2Finitials%2FVS-3.png","24x24":"https://secure.gravatar.com/avatar/d05de848fe8cc7816c52a5e34e327bad?d=https%3A%2F%2Favatar-management--avatars.us-west-2.prod.public.atl-paas.net%2Finitials%2FVS-3.png","16x16":"https://secure.gravatar.com/avatar/d05de848fe8cc7816c52a5e34e327bad?d=https%3A%2F%2Favatar-management--avatars.us-west-2.prod.public.atl-paas.net%2Finitials%2FVS-3.png","32x32":"https://secure.gravatar.com/avatar/d05de848fe8cc7816c52a5e34e327bad?d=https%3A%2F%2Favatar-management--avatars.us-west-2.prod.public.atl-paas.net%2Finitials%2FVS-3.png"},"displayName":"Valentijn
        Scholten","active":true,"timeZone":"Europe/Zurich","accountType":"atlassian"},"customfield_10043":null,"aggregateprogress":{"progress":0,"total":0},"customfield_10044":null,"customfield_10045":null,"customfield_10001":null,"customfield_10046":null,"customfield_10002":[],"customfield_10003":null,"customfield_10047":null,"customfield_10004":null,"customfield_10048":null,"customfield_10038":null,"customfield_10039":null,"environment":null,"duedate":null,"progress":{"progress":0,"total":0},"votes":{"self":"https://defectdojo.atlassian.net/rest/api/2/issue/NTEST-2665/votes","votes":0,"hasVoted":false},"comment":{"comments":[],"self":"https://defectdojo.atlassian.net/rest/api/2/issue/19243/comment","maxResults":0,"total":0,"startAt":0},"worklog":{"startAt":0,"maxResults":20,"total":0,"worklogs":[]}}}'
    headers:
      Atl-Request-Id:
      - db4df29f-2432-4667-83cf-e7c68fdb3027
      Atl-Traceid:
      - db4df29f2432466783cfe7c68fdb3027
      Cache-Control:
      - no-cache, no-store, no-transform
      Connection:
      - keep-alive
      Content-Encoding:
      - gzip
      Content-Type:
      - application/json;charset=UTF-8
      Date:
      - Tue, 20 May 2025 19:54:26 GMT
      Nel:
      - '{"failure_fraction": 0.001, "include_subdomains": true, "max_age": 600, "report_to":
        "endpoint-1"}'
      Report-To:
      - '{"endpoints": [{"url": "https://dz8aopenkvv6s.cloudfront.net"}], "group":
        "endpoint-1", "include_subdomains": true, "max_age": 600}'
      Server:
      - AtlassianEdge
      Server-Timing:
      - cdn-upstream-layer;desc="EDGE",cdn-upstream-dns;dur=0,cdn-upstream-connect;dur=0,cdn-upstream-fbl;dur=258,atl-edge;dur=249,atl-edge-internal;dur=16,atl-edge-upstream;dur=234,atl-edge-pop;desc="aws-eu-central-1",cdn-cache-miss,cdn-pop;desc="AMS1-P1",cdn-rid;desc="ZTcM1wuPLaQx4s3vv7J7GsciZW6yxwrmtK92BXkXofTwPlCZ-HIatw==",cdn-downstream-fbl;dur=263
      Strict-Transport-Security:
      - max-age=63072000; includeSubDomains; preload
      Timing-Allow-Origin:
      - '*'
      Transfer-Encoding:
      - chunked
      Vary:
      - Accept-Encoding
      Via:
      - 1.1 e086ec27af2d3105a1a9fa7efa1be454.cloudfront.net (CloudFront)
      X-Aaccountid:
      - 712020%3A292a8b4c-ebd5-44be-bb94-d07c56a14dc5
      X-Amz-Cf-Id:
      - ZTcM1wuPLaQx4s3vv7J7GsciZW6yxwrmtK92BXkXofTwPlCZ-HIatw==
      X-Amz-Cf-Pop:
      - AMS1-P1
      X-Arequestid:
      - cdad3cdd6f5e1d05668e62d9bba63216
      X-Cache:
      - Miss from cloudfront
      X-Content-Type-Options:
      - nosniff
      X-Xss-Protection:
      - 1; mode=block
    status:
      code: 200
      message: OK
- request:
    body: null
    headers:
      Accept:
      - application/json,*/*;q=0.9
      Accept-Encoding:
      - gzip, deflate
      Cache-Control:
      - no-cache
      Connection:
      - keep-alive
      Content-Type:
      - application/json
      User-Agent:
      - python-requests/2.32.3
    method: GET
    uri: https://defectdojo.atlassian.net/rest/api/2/issue/19243
  response:
    body:
      string: '{"expand":"renderedFields,names,schema,operations,editmeta,changelog,versionedRepresentations,customfield_10010.requestTypePractice","id":"19243","self":"https://defectdojo.atlassian.net/rest/api/2/issue/19243","key":"NTEST-2665","fields":{"statuscategorychangedate":"2025-05-20T21:54:25.996+0200","issuetype":{"self":"https://defectdojo.atlassian.net/rest/api/2/issuetype/10002","id":"10002","description":"A
        small, distinct piece of work.","iconUrl":"https://defectdojo.atlassian.net/rest/api/2/universal_avatar/view/type/issuetype/avatar/10318?size=medium","name":"Task","subtask":false,"avatarId":10318,"hierarchyLevel":0},"timespent":null,"customfield_10030":null,"customfield_10031":null,"project":{"self":"https://defectdojo.atlassian.net/rest/api/2/project/10000","id":"10000","key":"NTEST","name":"Unittests","projectTypeKey":"software","simplified":false,"avatarUrls":{"48x48":"https://defectdojo.atlassian.net/rest/api/2/universal_avatar/view/type/project/avatar/10407","24x24":"https://defectdojo.atlassian.net/rest/api/2/universal_avatar/view/type/project/avatar/10407?size=small","16x16":"https://defectdojo.atlassian.net/rest/api/2/universal_avatar/view/type/project/avatar/10407?size=xsmall","32x32":"https://defectdojo.atlassian.net/rest/api/2/universal_avatar/view/type/project/avatar/10407?size=medium"}},"customfield_10032":null,"customfield_10033":null,"fixVersions":[],"aggregatetimespent":null,"statusCategory":{"self":"https://defectdojo.atlassian.net/rest/api/2/statuscategory/2","id":2,"key":"new","colorName":"blue-gray","name":"To
        Do"},"customfield_10035":null,"resolution":null,"customfield_10036":null,"customfield_10037":null,"customfield_10027":null,"customfield_10028":null,"customfield_10029":null,"resolutiondate":null,"workratio":-1,"watches":{"self":"https://defectdojo.atlassian.net/rest/api/2/issue/NTEST-2665/watchers","watchCount":1,"isWatching":true},"lastViewed":null,"created":"2025-05-20T21:54:25.649+0200","customfield_10020":null,"customfield_10021":null,"customfield_10022":null,"customfield_10023":null,"priority":{"self":"https://defectdojo.atlassian.net/rest/api/2/priority/3","iconUrl":"https://defectdojo.atlassian.net/images/icons/priorities/medium.svg","name":"Medium","id":"3"},"labels":[],"customfield_10016":null,"customfield_10017":null,"customfield_10018":{"hasEpicLinkFieldDependency":false,"showField":false,"nonEditableReason":{"reason":"PLUGIN_LICENSE_ERROR","message":"The
        Parent Link is only available to Jira Premium users."}},"customfield_10019":"0|i00y6v:","timeestimate":null,"aggregatetimeoriginalestimate":null,"versions":[],"issuelinks":[],"assignee":null,"updated":"2025-05-20T21:54:25.737+0200","status":{"self":"https://defectdojo.atlassian.net/rest/api/2/status/10000","description":"","iconUrl":"https://defectdojo.atlassian.net/","name":"Backlog","id":"10000","statusCategory":{"self":"https://defectdojo.atlassian.net/rest/api/2/statuscategory/2","id":2,"key":"new","colorName":"blue-gray","name":"To
        Do"}},"components":[],"customfield_10050":null,"customfield_10051":null,"timeoriginalestimate":null,"customfield_10053":null,"description":"\n\n\n\n\n\n*Title*:
        [CVE-2018-20839 - (Systemd, 237-3ubuntu10.29)|http://localhost:8080/finding/398]\n\n*Defect
        Dojo link:* http://localhost:8080/finding/398 (398)\n\n*Severity:* Medium\n\n\n*Due
        Date:* Aug. 18, 2025\n\n\n\n\n\n*CVE:* [CVE-2018-20839|https://nvd.nist.gov/vuln/detail/CVE-2018-20839]\n\n\n\n\n*Product/Engagement/Test:*
        [Security How-to|http://localhost:8080/product/2] / [1st Quarter Engagement|http://localhost:8080/engagement/1]
        / [Clair Scan|http://localhost:8080/test/139]\n\n\n\n\n\n\n\n\n\n\n*Vulnerable
        Component*: systemd - 237-3ubuntu10.29\n\n\n\n\n\n\n\n*Description*:\nsystemd
        242 changes the VT1 mode upon a logout, which allows attackers to read cleartext
        passwords in certain circumstances, such as watching a shutdown, or using
        Ctrl-Alt-F1 and Ctrl-Alt-F2. This occurs because the KDGKBMODE (aka current
        keyboard mode) check is mishandled.\n Vulnerable feature: systemd\n Vulnerable
        Versions: 237-3ubuntu10.29\n Fixed by: \n Namespace: ubuntu:18.04\n CVE: CVE-2018-20839\n\n\n\n\n*Impact*:\nNo
        impact provided\n\n\n\n\n\n*References*:\nhttp://people.ubuntu.com/~ubuntu-security/cve/CVE-2018-20839\n\n\n*Reporter:*
        [(admin) ()|mailto:]\n","customfield_10010":null,"customfield_10055":null,"customfield_10056":null,"customfield_10014":null,"timetracking":{},"customfield_10015":null,"customfield_10005":null,"customfield_10049":null,"customfield_10006":null,"customfield_10007":null,"security":null,"customfield_10008":null,"attachment":[],"customfield_10009":null,"aggregatetimeestimate":null,"summary":"CVE-2018-20839
        - (Systemd, 237-3ubuntu10.29)","creator":{"self":"https://defectdojo.atlassian.net/rest/api/2/user?accountId=712020%3A292a8b4c-ebd5-44be-bb94-d07c56a14dc5","accountId":"712020:292a8b4c-ebd5-44be-bb94-d07c56a14dc5","emailAddress":"valentijn@defectdojo.com","avatarUrls":{"48x48":"https://secure.gravatar.com/avatar/d05de848fe8cc7816c52a5e34e327bad?d=https%3A%2F%2Favatar-management--avatars.us-west-2.prod.public.atl-paas.net%2Finitials%2FVS-3.png","24x24":"https://secure.gravatar.com/avatar/d05de848fe8cc7816c52a5e34e327bad?d=https%3A%2F%2Favatar-management--avatars.us-west-2.prod.public.atl-paas.net%2Finitials%2FVS-3.png","16x16":"https://secure.gravatar.com/avatar/d05de848fe8cc7816c52a5e34e327bad?d=https%3A%2F%2Favatar-management--avatars.us-west-2.prod.public.atl-paas.net%2Finitials%2FVS-3.png","32x32":"https://secure.gravatar.com/avatar/d05de848fe8cc7816c52a5e34e327bad?d=https%3A%2F%2Favatar-management--avatars.us-west-2.prod.public.atl-paas.net%2Finitials%2FVS-3.png"},"displayName":"Valentijn
        Scholten","active":true,"timeZone":"Europe/Zurich","accountType":"atlassian"},"subtasks":[],"customfield_10040":null,"customfield_10041":null,"customfield_10042":null,"reporter":{"self":"https://defectdojo.atlassian.net/rest/api/2/user?accountId=712020%3A292a8b4c-ebd5-44be-bb94-d07c56a14dc5","accountId":"712020:292a8b4c-ebd5-44be-bb94-d07c56a14dc5","emailAddress":"valentijn@defectdojo.com","avatarUrls":{"48x48":"https://secure.gravatar.com/avatar/d05de848fe8cc7816c52a5e34e327bad?d=https%3A%2F%2Favatar-management--avatars.us-west-2.prod.public.atl-paas.net%2Finitials%2FVS-3.png","24x24":"https://secure.gravatar.com/avatar/d05de848fe8cc7816c52a5e34e327bad?d=https%3A%2F%2Favatar-management--avatars.us-west-2.prod.public.atl-paas.net%2Finitials%2FVS-3.png","16x16":"https://secure.gravatar.com/avatar/d05de848fe8cc7816c52a5e34e327bad?d=https%3A%2F%2Favatar-management--avatars.us-west-2.prod.public.atl-paas.net%2Finitials%2FVS-3.png","32x32":"https://secure.gravatar.com/avatar/d05de848fe8cc7816c52a5e34e327bad?d=https%3A%2F%2Favatar-management--avatars.us-west-2.prod.public.atl-paas.net%2Finitials%2FVS-3.png"},"displayName":"Valentijn
        Scholten","active":true,"timeZone":"Europe/Zurich","accountType":"atlassian"},"customfield_10043":null,"aggregateprogress":{"progress":0,"total":0},"customfield_10044":null,"customfield_10045":null,"customfield_10001":null,"customfield_10046":null,"customfield_10002":[],"customfield_10003":null,"customfield_10047":null,"customfield_10004":null,"customfield_10048":null,"customfield_10038":null,"customfield_10039":null,"environment":null,"duedate":null,"progress":{"progress":0,"total":0},"votes":{"self":"https://defectdojo.atlassian.net/rest/api/2/issue/NTEST-2665/votes","votes":0,"hasVoted":false},"comment":{"comments":[],"self":"https://defectdojo.atlassian.net/rest/api/2/issue/19243/comment","maxResults":0,"total":0,"startAt":0},"worklog":{"startAt":0,"maxResults":20,"total":0,"worklogs":[]}}}'
    headers:
      Atl-Request-Id:
      - 4f9a68bc-e7ec-4149-8171-f8f61c8e7ed4
      Atl-Traceid:
      - 4f9a68bce7ec41498171f8f61c8e7ed4
      Cache-Control:
      - no-cache, no-store, no-transform
      Connection:
      - keep-alive
      Content-Encoding:
      - gzip
      Content-Type:
      - application/json;charset=UTF-8
      Date:
      - Tue, 20 May 2025 19:54:26 GMT
      Nel:
      - '{"failure_fraction": 0.001, "include_subdomains": true, "max_age": 600, "report_to":
        "endpoint-1"}'
      Report-To:
      - '{"endpoints": [{"url": "https://dz8aopenkvv6s.cloudfront.net"}], "group":
        "endpoint-1", "include_subdomains": true, "max_age": 600}'
      Server:
      - AtlassianEdge
      Server-Timing:
      - cdn-cache-miss,cdn-pop;desc="AMS1-P1",cdn-rid;desc="SyZYc_FnwtQGjVOllVrlR2GqK-HknYOxDAPl9KdBLT9ATGY_rFGkfQ==",cdn-downstream-fbl;dur=264,cdn-upstream-layer;desc="EDGE",cdn-upstream-dns;dur=0,cdn-upstream-connect;dur=21,cdn-upstream-fbl;dur=260,atl-edge;dur=229,atl-edge-internal;dur=18,atl-edge-upstream;dur=211,atl-edge-pop;desc="aws-eu-central-1"
      Strict-Transport-Security:
      - max-age=63072000; includeSubDomains; preload
      Timing-Allow-Origin:
      - '*'
      Transfer-Encoding:
      - chunked
      Vary:
      - Accept-Encoding
      Via:
      - 1.1 9835af751c15612a813bbc131d2ce1e6.cloudfront.net (CloudFront)
      X-Aaccountid:
      - 712020%3A292a8b4c-ebd5-44be-bb94-d07c56a14dc5
      X-Amz-Cf-Id:
      - SyZYc_FnwtQGjVOllVrlR2GqK-HknYOxDAPl9KdBLT9ATGY_rFGkfQ==
      X-Amz-Cf-Pop:
      - AMS1-P1
      X-Arequestid:
      - 435b6e2a3a77ee6cd0d6dddc9d5dd2b5
      X-Cache:
      - Miss from cloudfront
      X-Content-Type-Options:
      - nosniff
      X-Xss-Protection:
      - 1; mode=block
    status:
      code: 200
      message: OK
- request:
    body: null
    headers:
      Accept:
      - application/json,*/*;q=0.9
      Accept-Encoding:
      - gzip, deflate
      Cache-Control:
      - no-cache
      Connection:
      - keep-alive
      Content-Type:
      - application/json
      User-Agent:
      - python-requests/2.32.3
    method: GET
    uri: https://defectdojo.atlassian.net/rest/api/2/serverInfo
  response:
    body:
      string: '{"baseUrl":"https://defectdojo.atlassian.net","displayUrl":"https://defectdojo.atlassian.net","displayUrlServicedeskHelpCenter":"https://defectdojo.atlassian.net","displayUrlConfluence":"https://defectdojo.atlassian.net","version":"1001.0.0-SNAPSHOT","versionNumbers":[1001,0,0],"deploymentType":"Cloud","buildNumber":100283,"buildDate":"2025-05-19T14:58:42.000+0200","serverTime":"2025-05-20T21:54:26.995+0200","scmInfo":"f8932c93bd159910951acd497204161705f6d7b8","serverTitle":"Jira","defaultLocale":{"locale":"en_US"},"serverTimeZone":"Etc/UTC"}'
    headers:
      Atl-Request-Id:
      - b408ab0d-5e88-41c3-877f-9f0cc16f099f
      Atl-Traceid:
      - b408ab0d5e8841c3877f9f0cc16f099f
      Cache-Control:
      - no-cache, no-store, no-transform
      Connection:
      - keep-alive
      Content-Encoding:
      - gzip
      Content-Type:
      - application/json;charset=UTF-8
      Date:
      - Tue, 20 May 2025 19:54:27 GMT
      Nel:
      - '{"failure_fraction": 0.001, "include_subdomains": true, "max_age": 600, "report_to":
        "endpoint-1"}'
      Report-To:
      - '{"endpoints": [{"url": "https://dz8aopenkvv6s.cloudfront.net"}], "group":
        "endpoint-1", "include_subdomains": true, "max_age": 600}'
      Server:
      - AtlassianEdge
      Server-Timing:
      - cdn-upstream-layer;desc="EDGE",cdn-upstream-dns;dur=0,cdn-upstream-connect;dur=0,cdn-upstream-fbl;dur=113,atl-edge;dur=105,atl-edge-internal;dur=15,atl-edge-upstream;dur=90,atl-edge-pop;desc="aws-eu-central-1",cdn-cache-miss,cdn-pop;desc="AMS1-P1",cdn-rid;desc="GmcSMDydyqRRugvmHcWrEeeehRF-wpe0hnGRk6fZN2HHV8HBtrh2Cw==",cdn-downstream-fbl;dur=117
      Strict-Transport-Security:
      - max-age=63072000; includeSubDomains; preload
      Timing-Allow-Origin:
      - '*'
      Transfer-Encoding:
      - chunked
      Vary:
      - Accept-Encoding
      Via:
      - 1.1 cf45fdeb5348a5648604f5f9e4f2b8a8.cloudfront.net (CloudFront)
      X-Aaccountid:
      - 712020%3A292a8b4c-ebd5-44be-bb94-d07c56a14dc5
      X-Amz-Cf-Id:
      - GmcSMDydyqRRugvmHcWrEeeehRF-wpe0hnGRk6fZN2HHV8HBtrh2Cw==
      X-Amz-Cf-Pop:
      - AMS1-P1
      X-Arequestid:
      - e59d5a2493141e8f253d11c74b4fd219
      X-Cache:
      - Miss from cloudfront
      X-Content-Type-Options:
      - nosniff
      X-Xss-Protection:
      - 1; mode=block
    status:
      code: 200
      message: OK
- request:
    body: null
    headers:
      Accept:
      - application/json,*/*;q=0.9
      Accept-Encoding:
      - gzip, deflate
      Cache-Control:
      - no-cache
      Connection:
      - keep-alive
      Content-Type:
      - application/json
      User-Agent:
      - python-requests/2.32.3
    method: GET
    uri: https://defectdojo.atlassian.net/rest/api/2/issue/createmeta?projectKeys=NTEST&issuetypeNames=Task&expand=projects.issuetypes.fields
  response:
    body:
      string: '{"expand":"projects","projects":[{"expand":"issuetypes","self":"https://defectdojo.atlassian.net/rest/api/2/project/10000","id":"10000","key":"NTEST","name":"Unittests","avatarUrls":{"48x48":"https://defectdojo.atlassian.net/rest/api/2/universal_avatar/view/type/project/avatar/10407","24x24":"https://defectdojo.atlassian.net/rest/api/2/universal_avatar/view/type/project/avatar/10407?size=small","16x16":"https://defectdojo.atlassian.net/rest/api/2/universal_avatar/view/type/project/avatar/10407?size=xsmall","32x32":"https://defectdojo.atlassian.net/rest/api/2/universal_avatar/view/type/project/avatar/10407?size=medium"},"issuetypes":[{"self":"https://defectdojo.atlassian.net/rest/api/2/issuetype/10002","id":"10002","description":"A
        small, distinct piece of work.","iconUrl":"https://defectdojo.atlassian.net/rest/api/2/universal_avatar/view/type/issuetype/avatar/10318?size=medium","name":"Task","untranslatedName":"Task","subtask":false,"hierarchyLevel":0,"expand":"fields","fields":{"summary":{"required":true,"schema":{"type":"string","system":"summary"},"name":"Summary","key":"summary","hasDefaultValue":false,"operations":["set"]},"issuetype":{"required":true,"schema":{"type":"issuetype","system":"issuetype"},"name":"Issue
        Type","key":"issuetype","hasDefaultValue":false,"operations":[],"allowedValues":[{"self":"https://defectdojo.atlassian.net/rest/api/2/issuetype/10002","id":"10002","description":"A
        small, distinct piece of work.","iconUrl":"https://defectdojo.atlassian.net/rest/api/2/universal_avatar/view/type/issuetype/avatar/10318?size=medium","name":"Task","subtask":false,"avatarId":10318,"hierarchyLevel":0}]},"parent":{"required":false,"schema":{"type":"issuelink","system":"parent"},"name":"Parent","key":"parent","hasDefaultValue":false,"operations":["set"]},"components":{"required":false,"schema":{"type":"array","items":"component","system":"components"},"name":"Components","key":"components","hasDefaultValue":false,"operations":["add","set","remove"],"allowedValues":[]},"description":{"required":false,"schema":{"type":"string","system":"description"},"name":"Description","key":"description","hasDefaultValue":false,"operations":["set"]},"project":{"required":true,"schema":{"type":"project","system":"project"},"name":"Project","key":"project","hasDefaultValue":false,"operations":["set"],"allowedValues":[{"self":"https://defectdojo.atlassian.net/rest/api/2/project/10000","id":"10000","key":"NTEST","name":"Unittests","projectTypeKey":"software","simplified":false,"avatarUrls":{"48x48":"https://defectdojo.atlassian.net/rest/api/2/universal_avatar/view/type/project/avatar/10407","24x24":"https://defectdojo.atlassian.net/rest/api/2/universal_avatar/view/type/project/avatar/10407?size=small","16x16":"https://defectdojo.atlassian.net/rest/api/2/universal_avatar/view/type/project/avatar/10407?size=xsmall","32x32":"https://defectdojo.atlassian.net/rest/api/2/universal_avatar/view/type/project/avatar/10407?size=medium"}}]},"fixVersions":{"required":false,"schema":{"type":"array","items":"version","system":"fixVersions"},"name":"Fix
        versions","key":"fixVersions","hasDefaultValue":false,"operations":["set","add","remove"],"allowedValues":[]},"priority":{"required":false,"schema":{"type":"priority","system":"priority"},"name":"Priority","key":"priority","hasDefaultValue":true,"operations":["set"],"allowedValues":[{"self":"https://defectdojo.atlassian.net/rest/api/2/priority/1","iconUrl":"https://defectdojo.atlassian.net/images/icons/priorities/highest.svg","name":"Highest","id":"1"},{"self":"https://defectdojo.atlassian.net/rest/api/2/priority/2","iconUrl":"https://defectdojo.atlassian.net/images/icons/priorities/high.svg","name":"High","id":"2"},{"self":"https://defectdojo.atlassian.net/rest/api/2/priority/3","iconUrl":"https://defectdojo.atlassian.net/images/icons/priorities/medium.svg","name":"Medium","id":"3"},{"self":"https://defectdojo.atlassian.net/rest/api/2/priority/4","iconUrl":"https://defectdojo.atlassian.net/images/icons/priorities/low.svg","name":"Low","id":"4"},{"self":"https://defectdojo.atlassian.net/rest/api/2/priority/5","iconUrl":"https://defectdojo.atlassian.net/images/icons/priorities/lowest.svg","name":"Lowest","id":"5"}],"defaultValue":{"self":"https://defectdojo.atlassian.net/rest/api/2/priority/3","iconUrl":"https://defectdojo.atlassian.net/images/icons/priorities/medium.svg","name":"Medium","id":"3"}},"customfield_10014":{"required":false,"schema":{"type":"any","custom":"com.pyxis.greenhopper.jira:gh-epic-link","customId":10014},"name":"Epic
        Link","key":"customfield_10014","hasDefaultValue":false,"operations":["set"]},"labels":{"required":false,"schema":{"type":"array","items":"string","system":"labels"},"name":"Labels","key":"labels","autoCompleteUrl":"https://defectdojo.atlassian.net/rest/api/1.0/labels/suggest?query=","hasDefaultValue":false,"operations":["add","set","remove"]},"attachment":{"required":false,"schema":{"type":"array","items":"attachment","system":"attachment"},"name":"Attachment","key":"attachment","hasDefaultValue":false,"operations":["set","copy"]},"issuelinks":{"required":false,"schema":{"type":"array","items":"issuelinks","system":"issuelinks"},"name":"Linked
        Issues","key":"issuelinks","autoCompleteUrl":"https://defectdojo.atlassian.net/rest/api/2/issue/picker?currentProjectId=&showSubTaskParent=true&showSubTasks=true&currentIssueKey=null&query=","hasDefaultValue":false,"operations":["add","copy"]},"assignee":{"required":false,"schema":{"type":"user","system":"assignee"},"name":"Assignee","key":"assignee","autoCompleteUrl":"https://defectdojo.atlassian.net/rest/api/2/user/assignable/search?project=NTEST&query=","hasDefaultValue":false,"operations":["set"]}}}]}]}'
    headers:
      Atl-Request-Id:
      - 24b6a13c-db53-474f-82a0-d83a39795585
      Atl-Traceid:
      - 24b6a13cdb53474f82a0d83a39795585
      Cache-Control:
      - no-cache, no-store, no-transform
      Connection:
      - keep-alive
      Content-Encoding:
      - gzip
      Content-Type:
      - application/json;charset=UTF-8
      Date:
      - Tue, 20 May 2025 19:54:27 GMT
      Nel:
      - '{"failure_fraction": 0.001, "include_subdomains": true, "max_age": 600, "report_to":
        "endpoint-1"}'
      Report-To:
      - '{"endpoints": [{"url": "https://dz8aopenkvv6s.cloudfront.net"}], "group":
        "endpoint-1", "include_subdomains": true, "max_age": 600}'
      Server:
      - AtlassianEdge
      Server-Timing:
      - cdn-cache-miss,cdn-pop;desc="AMS1-P1",cdn-rid;desc="eOHzp37CNLh15VehX_V-cUsyNCZA0Tnx8pBLT5rl_fsdMNuNSOApdQ==",cdn-downstream-fbl;dur=360,cdn-upstream-layer;desc="EDGE",cdn-upstream-dns;dur=0,cdn-upstream-connect;dur=24,cdn-upstream-fbl;dur=355,atl-edge;dur=324,atl-edge-internal;dur=17,atl-edge-upstream;dur=306,atl-edge-pop;desc="aws-eu-central-1"
      Strict-Transport-Security:
      - max-age=63072000; includeSubDomains; preload
      Timing-Allow-Origin:
      - '*'
      Transfer-Encoding:
      - chunked
      Vary:
      - Accept-Encoding
      Via:
      - 1.1 acee7e60faaea7b7699fe033930a0164.cloudfront.net (CloudFront)
      Warning:
      - 'The issue create meta endpoint has been deprecated. (Deprecation start date:
        June 03, 2024)'
      X-Aaccountid:
      - 712020%3A292a8b4c-ebd5-44be-bb94-d07c56a14dc5
      X-Amz-Cf-Id:
      - eOHzp37CNLh15VehX_V-cUsyNCZA0Tnx8pBLT5rl_fsdMNuNSOApdQ==
      X-Amz-Cf-Pop:
      - AMS1-P1
      X-Arequestid:
      - 344ff29237d654d69f4260d74d704292
      X-Cache:
      - Miss from cloudfront
      X-Content-Type-Options:
      - nosniff
      X-Xss-Protection:
      - 1; mode=block
    status:
      code: 200
      message: OK
- request:
    body: '{"fields": {"project": {"key": "NTEST"}, "issuetype": {"name": "Task"},
      "summary": "CVE-2019-5094 - (E2fsprogs, 1.44.1-1ubuntu1.1)", "description":
      "\n\n\n\n\n\n*Title*: [CVE-2019-5094 - (E2fsprogs, 1.44.1-1ubuntu1.1)|http://localhost:8080/finding/399]\n\n*Defect
      Dojo link:* http://localhost:8080/finding/399 (399)\n\n*Severity:* Medium\n\n\n*Due
      Date:* Aug. 18, 2025\n\n\n\n\n\n*CVE:* [CVE-2019-5094|https://nvd.nist.gov/vuln/detail/CVE-2019-5094]\n\n\n\n\n*Product/Engagement/Test:*
      [Security How-to|http://localhost:8080/product/2] / [1st Quarter Engagement|http://localhost:8080/engagement/1]
      / [Clair Scan|http://localhost:8080/test/139]\n\n\n\n\n\n\n\n\n\n\n*Vulnerable
      Component*: e2fsprogs - 1.44.1-1ubuntu1.1\n\n\n\n\n\n\n\n*Description*:\nAn
      exploitable code execution vulnerability exists in the quota file functionality
      of E2fsprogs 1.45.3. A specially crafted ext4 partition can cause an out-of-bounds
      write on the heap, resulting in code execution. An attacker can corrupt a partition
      to trigger this vulnerability.\n Vulnerable feature: e2fsprogs\n Vulnerable
      Versions: 1.44.1-1ubuntu1.1\n Fixed by: 1.44.1-1ubuntu1.2\n Namespace: ubuntu:18.04\n
      CVE: CVE-2019-5094\n\n\n*Mitigation*:\n1.44.1-1ubuntu1.2\n\n\n\n*Impact*:\nNo
      impact provided\n\n\n\n\n\n*References*:\nhttp://people.ubuntu.com/~ubuntu-security/cve/CVE-2019-5094\n\n\n*Reporter:*
      [(admin) ()|mailto:]\n", "priority": {"name": "Medium"}}}'
    headers:
      Accept:
      - application/json,*/*;q=0.9
      Accept-Encoding:
      - gzip, deflate
      Cache-Control:
      - no-cache
      Connection:
      - keep-alive
      Content-Length:
      - '1416'
      Content-Type:
      - application/json
      User-Agent:
      - python-requests/2.32.3
    method: POST
    uri: https://defectdojo.atlassian.net/rest/api/2/issue
  response:
    body:
      string: '{"id":"19244","key":"NTEST-2666","self":"https://defectdojo.atlassian.net/rest/api/2/issue/19244"}'
    headers:
      Atl-Request-Id:
      - 4b6e2c68-56cb-4d14-8436-f6e35c746e7d
      Atl-Traceid:
      - 4b6e2c6856cb4d148436f6e35c746e7d
      Cache-Control:
      - no-cache, no-store, no-transform
      Connection:
      - keep-alive
      Content-Type:
      - application/json;charset=UTF-8
      Date:
      - Tue, 20 May 2025 19:54:28 GMT
      Nel:
      - '{"failure_fraction": 0.001, "include_subdomains": true, "max_age": 600, "report_to":
        "endpoint-1"}'
      Report-To:
      - '{"endpoints": [{"url": "https://dz8aopenkvv6s.cloudfront.net"}], "group":
        "endpoint-1", "include_subdomains": true, "max_age": 600}'
      Server:
      - AtlassianEdge
      Server-Timing:
      - cdn-upstream-layer;desc="EDGE",cdn-upstream-dns;dur=0,cdn-upstream-connect;dur=0,cdn-upstream-fbl;dur=759,atl-edge;dur=751,atl-edge-internal;dur=14,atl-edge-upstream;dur=737,atl-edge-pop;desc="aws-eu-central-1",cdn-cache-miss,cdn-pop;desc="AMS1-P1",cdn-rid;desc="35PULStl5oP2RJmxK3C-2CUrqeXWgX_T9-n9alkH4M_XUOISMpH0pA==",cdn-downstream-fbl;dur=762
      Strict-Transport-Security:
      - max-age=63072000; includeSubDomains; preload
      Timing-Allow-Origin:
      - '*'
      Transfer-Encoding:
      - chunked
      Vary:
      - Accept-Encoding
      Via:
      - 1.1 2f7b5be8899520ed019685dc425dc306.cloudfront.net (CloudFront)
      X-Aaccountid:
      - 712020%3A292a8b4c-ebd5-44be-bb94-d07c56a14dc5
      X-Amz-Cf-Id:
      - 35PULStl5oP2RJmxK3C-2CUrqeXWgX_T9-n9alkH4M_XUOISMpH0pA==
      X-Amz-Cf-Pop:
      - AMS1-P1
      X-Arequestid:
      - 7da9a5f6d81ec049fd93e5f8135549ae
      X-Cache:
      - Miss from cloudfront
      X-Content-Type-Options:
      - nosniff
      X-Xss-Protection:
      - 1; mode=block
    status:
      code: 201
      message: Created
- request:
    body: null
    headers:
      Accept:
      - application/json,*/*;q=0.9
      Accept-Encoding:
      - gzip, deflate
      Cache-Control:
      - no-cache
      Connection:
      - keep-alive
      Content-Type:
      - application/json
      User-Agent:
      - python-requests/2.32.3
    method: GET
    uri: https://defectdojo.atlassian.net/rest/api/2/issue/NTEST-2666
  response:
    body:
      string: '{"expand":"renderedFields,names,schema,operations,editmeta,changelog,versionedRepresentations,customfield_10010.requestTypePractice","id":"19244","self":"https://defectdojo.atlassian.net/rest/api/2/issue/19244","key":"NTEST-2666","fields":{"statuscategorychangedate":"2025-05-20T21:54:28.175+0200","issuetype":{"self":"https://defectdojo.atlassian.net/rest/api/2/issuetype/10002","id":"10002","description":"A
        small, distinct piece of work.","iconUrl":"https://defectdojo.atlassian.net/rest/api/2/universal_avatar/view/type/issuetype/avatar/10318?size=medium","name":"Task","subtask":false,"avatarId":10318,"hierarchyLevel":0},"timespent":null,"customfield_10030":null,"customfield_10031":null,"project":{"self":"https://defectdojo.atlassian.net/rest/api/2/project/10000","id":"10000","key":"NTEST","name":"Unittests","projectTypeKey":"software","simplified":false,"avatarUrls":{"48x48":"https://defectdojo.atlassian.net/rest/api/2/universal_avatar/view/type/project/avatar/10407","24x24":"https://defectdojo.atlassian.net/rest/api/2/universal_avatar/view/type/project/avatar/10407?size=small","16x16":"https://defectdojo.atlassian.net/rest/api/2/universal_avatar/view/type/project/avatar/10407?size=xsmall","32x32":"https://defectdojo.atlassian.net/rest/api/2/universal_avatar/view/type/project/avatar/10407?size=medium"}},"customfield_10032":null,"customfield_10033":null,"fixVersions":[],"aggregatetimespent":null,"statusCategory":{"self":"https://defectdojo.atlassian.net/rest/api/2/statuscategory/2","id":2,"key":"new","colorName":"blue-gray","name":"To
        Do"},"customfield_10035":null,"resolution":null,"customfield_10036":null,"customfield_10037":null,"customfield_10027":null,"customfield_10028":null,"customfield_10029":null,"resolutiondate":null,"workratio":-1,"watches":{"self":"https://defectdojo.atlassian.net/rest/api/2/issue/NTEST-2666/watchers","watchCount":1,"isWatching":true},"lastViewed":null,"created":"2025-05-20T21:54:27.842+0200","customfield_10020":null,"customfield_10021":null,"customfield_10022":null,"customfield_10023":null,"priority":{"self":"https://defectdojo.atlassian.net/rest/api/2/priority/3","iconUrl":"https://defectdojo.atlassian.net/images/icons/priorities/medium.svg","name":"Medium","id":"3"},"labels":[],"customfield_10016":null,"customfield_10017":null,"customfield_10018":{"hasEpicLinkFieldDependency":false,"showField":false,"nonEditableReason":{"reason":"PLUGIN_LICENSE_ERROR","message":"The
        Parent Link is only available to Jira Premium users."}},"customfield_10019":"0|i00y73:","timeestimate":null,"aggregatetimeoriginalestimate":null,"versions":[],"issuelinks":[],"assignee":null,"updated":"2025-05-20T21:54:27.926+0200","status":{"self":"https://defectdojo.atlassian.net/rest/api/2/status/10000","description":"","iconUrl":"https://defectdojo.atlassian.net/","name":"Backlog","id":"10000","statusCategory":{"self":"https://defectdojo.atlassian.net/rest/api/2/statuscategory/2","id":2,"key":"new","colorName":"blue-gray","name":"To
        Do"}},"components":[],"customfield_10050":null,"customfield_10051":null,"timeoriginalestimate":null,"customfield_10053":null,"description":"\n\n\n\n\n\n*Title*:
        [CVE-2019-5094 - (E2fsprogs, 1.44.1-1ubuntu1.1)|http://localhost:8080/finding/399]\n\n*Defect
        Dojo link:* http://localhost:8080/finding/399 (399)\n\n*Severity:* Medium\n\n\n*Due
        Date:* Aug. 18, 2025\n\n\n\n\n\n*CVE:* [CVE-2019-5094|https://nvd.nist.gov/vuln/detail/CVE-2019-5094]\n\n\n\n\n*Product/Engagement/Test:*
        [Security How-to|http://localhost:8080/product/2] / [1st Quarter Engagement|http://localhost:8080/engagement/1]
        / [Clair Scan|http://localhost:8080/test/139]\n\n\n\n\n\n\n\n\n\n\n*Vulnerable
        Component*: e2fsprogs - 1.44.1-1ubuntu1.1\n\n\n\n\n\n\n\n*Description*:\nAn
        exploitable code execution vulnerability exists in the quota file functionality
        of E2fsprogs 1.45.3. A specially crafted ext4 partition can cause an out-of-bounds
        write on the heap, resulting in code execution. An attacker can corrupt a
        partition to trigger this vulnerability.\n Vulnerable feature: e2fsprogs\n
        Vulnerable Versions: 1.44.1-1ubuntu1.1\n Fixed by: 1.44.1-1ubuntu1.2\n Namespace:
        ubuntu:18.04\n CVE: CVE-2019-5094\n\n\n*Mitigation*:\n1.44.1-1ubuntu1.2\n\n\n\n*Impact*:\nNo
        impact provided\n\n\n\n\n\n*References*:\nhttp://people.ubuntu.com/~ubuntu-security/cve/CVE-2019-5094\n\n\n*Reporter:*
        [(admin) ()|mailto:]\n","customfield_10010":null,"customfield_10055":null,"customfield_10056":null,"customfield_10014":null,"timetracking":{},"customfield_10015":null,"customfield_10005":null,"customfield_10049":null,"customfield_10006":null,"customfield_10007":null,"security":null,"customfield_10008":null,"attachment":[],"customfield_10009":null,"aggregatetimeestimate":null,"summary":"CVE-2019-5094
        - (E2fsprogs, 1.44.1-1ubuntu1.1)","creator":{"self":"https://defectdojo.atlassian.net/rest/api/2/user?accountId=712020%3A292a8b4c-ebd5-44be-bb94-d07c56a14dc5","accountId":"712020:292a8b4c-ebd5-44be-bb94-d07c56a14dc5","emailAddress":"valentijn@defectdojo.com","avatarUrls":{"48x48":"https://secure.gravatar.com/avatar/d05de848fe8cc7816c52a5e34e327bad?d=https%3A%2F%2Favatar-management--avatars.us-west-2.prod.public.atl-paas.net%2Finitials%2FVS-3.png","24x24":"https://secure.gravatar.com/avatar/d05de848fe8cc7816c52a5e34e327bad?d=https%3A%2F%2Favatar-management--avatars.us-west-2.prod.public.atl-paas.net%2Finitials%2FVS-3.png","16x16":"https://secure.gravatar.com/avatar/d05de848fe8cc7816c52a5e34e327bad?d=https%3A%2F%2Favatar-management--avatars.us-west-2.prod.public.atl-paas.net%2Finitials%2FVS-3.png","32x32":"https://secure.gravatar.com/avatar/d05de848fe8cc7816c52a5e34e327bad?d=https%3A%2F%2Favatar-management--avatars.us-west-2.prod.public.atl-paas.net%2Finitials%2FVS-3.png"},"displayName":"Valentijn
        Scholten","active":true,"timeZone":"Europe/Zurich","accountType":"atlassian"},"subtasks":[],"customfield_10040":null,"customfield_10041":null,"customfield_10042":null,"reporter":{"self":"https://defectdojo.atlassian.net/rest/api/2/user?accountId=712020%3A292a8b4c-ebd5-44be-bb94-d07c56a14dc5","accountId":"712020:292a8b4c-ebd5-44be-bb94-d07c56a14dc5","emailAddress":"valentijn@defectdojo.com","avatarUrls":{"48x48":"https://secure.gravatar.com/avatar/d05de848fe8cc7816c52a5e34e327bad?d=https%3A%2F%2Favatar-management--avatars.us-west-2.prod.public.atl-paas.net%2Finitials%2FVS-3.png","24x24":"https://secure.gravatar.com/avatar/d05de848fe8cc7816c52a5e34e327bad?d=https%3A%2F%2Favatar-management--avatars.us-west-2.prod.public.atl-paas.net%2Finitials%2FVS-3.png","16x16":"https://secure.gravatar.com/avatar/d05de848fe8cc7816c52a5e34e327bad?d=https%3A%2F%2Favatar-management--avatars.us-west-2.prod.public.atl-paas.net%2Finitials%2FVS-3.png","32x32":"https://secure.gravatar.com/avatar/d05de848fe8cc7816c52a5e34e327bad?d=https%3A%2F%2Favatar-management--avatars.us-west-2.prod.public.atl-paas.net%2Finitials%2FVS-3.png"},"displayName":"Valentijn
        Scholten","active":true,"timeZone":"Europe/Zurich","accountType":"atlassian"},"customfield_10043":null,"aggregateprogress":{"progress":0,"total":0},"customfield_10044":null,"customfield_10045":null,"customfield_10001":null,"customfield_10046":null,"customfield_10002":[],"customfield_10003":null,"customfield_10047":null,"customfield_10004":null,"customfield_10048":null,"customfield_10038":null,"customfield_10039":null,"environment":null,"duedate":null,"progress":{"progress":0,"total":0},"votes":{"self":"https://defectdojo.atlassian.net/rest/api/2/issue/NTEST-2666/votes","votes":0,"hasVoted":false},"comment":{"comments":[],"self":"https://defectdojo.atlassian.net/rest/api/2/issue/19244/comment","maxResults":0,"total":0,"startAt":0},"worklog":{"startAt":0,"maxResults":20,"total":0,"worklogs":[]}}}'
    headers:
      Atl-Request-Id:
      - 9ad115ec-8c36-4b20-bf44-e6cf41fcf839
      Atl-Traceid:
      - 9ad115ec8c364b20bf44e6cf41fcf839
      Cache-Control:
      - no-cache, no-store, no-transform
      Connection:
      - keep-alive
      Content-Encoding:
      - gzip
      Content-Type:
      - application/json;charset=UTF-8
      Date:
      - Tue, 20 May 2025 19:54:28 GMT
      Nel:
      - '{"failure_fraction": 0.001, "include_subdomains": true, "max_age": 600, "report_to":
        "endpoint-1"}'
      Report-To:
      - '{"endpoints": [{"url": "https://dz8aopenkvv6s.cloudfront.net"}], "group":
        "endpoint-1", "include_subdomains": true, "max_age": 600}'
      Server:
      - AtlassianEdge
      Server-Timing:
      - cdn-upstream-layer;desc="EDGE",cdn-upstream-dns;dur=0,cdn-upstream-connect;dur=0,cdn-upstream-fbl;dur=240,atl-edge;dur=232,atl-edge-internal;dur=16,atl-edge-upstream;dur=215,atl-edge-pop;desc="aws-eu-central-1",cdn-cache-miss,cdn-pop;desc="AMS1-P1",cdn-rid;desc="vq75LhrvSaBugcmBo7RrwOeWbuq0Ny0TfLwWZuEGTr7q0RHV8i-zcg==",cdn-downstream-fbl;dur=245
      Strict-Transport-Security:
      - max-age=63072000; includeSubDomains; preload
      Timing-Allow-Origin:
      - '*'
      Transfer-Encoding:
      - chunked
      Vary:
      - Accept-Encoding
      Via:
      - 1.1 9500c58b11c15528d15f2ca9add5bc00.cloudfront.net (CloudFront)
      X-Aaccountid:
      - 712020%3A292a8b4c-ebd5-44be-bb94-d07c56a14dc5
      X-Amz-Cf-Id:
      - vq75LhrvSaBugcmBo7RrwOeWbuq0Ny0TfLwWZuEGTr7q0RHV8i-zcg==
      X-Amz-Cf-Pop:
      - AMS1-P1
      X-Arequestid:
      - d307015d13698504978511a8c5a838a8
      X-Cache:
      - Miss from cloudfront
      X-Content-Type-Options:
      - nosniff
      X-Xss-Protection:
      - 1; mode=block
    status:
      code: 200
      message: OK
- request:
    body: null
    headers:
      Accept:
      - application/json,*/*;q=0.9
      Accept-Encoding:
      - gzip, deflate
      Cache-Control:
      - no-cache
      Connection:
      - keep-alive
      Content-Type:
      - application/json
      User-Agent:
      - python-requests/2.32.3
    method: GET
    uri: https://defectdojo.atlassian.net/rest/api/2/issue/19244
  response:
    body:
      string: '{"expand":"renderedFields,names,schema,operations,editmeta,changelog,versionedRepresentations,customfield_10010.requestTypePractice","id":"19244","self":"https://defectdojo.atlassian.net/rest/api/2/issue/19244","key":"NTEST-2666","fields":{"statuscategorychangedate":"2025-05-20T21:54:28.175+0200","issuetype":{"self":"https://defectdojo.atlassian.net/rest/api/2/issuetype/10002","id":"10002","description":"A
        small, distinct piece of work.","iconUrl":"https://defectdojo.atlassian.net/rest/api/2/universal_avatar/view/type/issuetype/avatar/10318?size=medium","name":"Task","subtask":false,"avatarId":10318,"hierarchyLevel":0},"timespent":null,"customfield_10030":null,"customfield_10031":null,"project":{"self":"https://defectdojo.atlassian.net/rest/api/2/project/10000","id":"10000","key":"NTEST","name":"Unittests","projectTypeKey":"software","simplified":false,"avatarUrls":{"48x48":"https://defectdojo.atlassian.net/rest/api/2/universal_avatar/view/type/project/avatar/10407","24x24":"https://defectdojo.atlassian.net/rest/api/2/universal_avatar/view/type/project/avatar/10407?size=small","16x16":"https://defectdojo.atlassian.net/rest/api/2/universal_avatar/view/type/project/avatar/10407?size=xsmall","32x32":"https://defectdojo.atlassian.net/rest/api/2/universal_avatar/view/type/project/avatar/10407?size=medium"}},"customfield_10032":null,"customfield_10033":null,"fixVersions":[],"aggregatetimespent":null,"statusCategory":{"self":"https://defectdojo.atlassian.net/rest/api/2/statuscategory/2","id":2,"key":"new","colorName":"blue-gray","name":"To
        Do"},"customfield_10035":null,"resolution":null,"customfield_10036":null,"customfield_10037":null,"customfield_10027":null,"customfield_10028":null,"customfield_10029":null,"resolutiondate":null,"workratio":-1,"watches":{"self":"https://defectdojo.atlassian.net/rest/api/2/issue/NTEST-2666/watchers","watchCount":1,"isWatching":true},"lastViewed":null,"created":"2025-05-20T21:54:27.842+0200","customfield_10020":null,"customfield_10021":null,"customfield_10022":null,"customfield_10023":null,"priority":{"self":"https://defectdojo.atlassian.net/rest/api/2/priority/3","iconUrl":"https://defectdojo.atlassian.net/images/icons/priorities/medium.svg","name":"Medium","id":"3"},"labels":[],"customfield_10016":null,"customfield_10017":null,"customfield_10018":{"hasEpicLinkFieldDependency":false,"showField":false,"nonEditableReason":{"reason":"PLUGIN_LICENSE_ERROR","message":"The
        Parent Link is only available to Jira Premium users."}},"customfield_10019":"0|i00y73:","timeestimate":null,"aggregatetimeoriginalestimate":null,"versions":[],"issuelinks":[],"assignee":null,"updated":"2025-05-20T21:54:27.926+0200","status":{"self":"https://defectdojo.atlassian.net/rest/api/2/status/10000","description":"","iconUrl":"https://defectdojo.atlassian.net/","name":"Backlog","id":"10000","statusCategory":{"self":"https://defectdojo.atlassian.net/rest/api/2/statuscategory/2","id":2,"key":"new","colorName":"blue-gray","name":"To
        Do"}},"components":[],"customfield_10050":null,"customfield_10051":null,"timeoriginalestimate":null,"customfield_10053":null,"description":"\n\n\n\n\n\n*Title*:
        [CVE-2019-5094 - (E2fsprogs, 1.44.1-1ubuntu1.1)|http://localhost:8080/finding/399]\n\n*Defect
        Dojo link:* http://localhost:8080/finding/399 (399)\n\n*Severity:* Medium\n\n\n*Due
        Date:* Aug. 18, 2025\n\n\n\n\n\n*CVE:* [CVE-2019-5094|https://nvd.nist.gov/vuln/detail/CVE-2019-5094]\n\n\n\n\n*Product/Engagement/Test:*
        [Security How-to|http://localhost:8080/product/2] / [1st Quarter Engagement|http://localhost:8080/engagement/1]
        / [Clair Scan|http://localhost:8080/test/139]\n\n\n\n\n\n\n\n\n\n\n*Vulnerable
        Component*: e2fsprogs - 1.44.1-1ubuntu1.1\n\n\n\n\n\n\n\n*Description*:\nAn
        exploitable code execution vulnerability exists in the quota file functionality
        of E2fsprogs 1.45.3. A specially crafted ext4 partition can cause an out-of-bounds
        write on the heap, resulting in code execution. An attacker can corrupt a
        partition to trigger this vulnerability.\n Vulnerable feature: e2fsprogs\n
        Vulnerable Versions: 1.44.1-1ubuntu1.1\n Fixed by: 1.44.1-1ubuntu1.2\n Namespace:
        ubuntu:18.04\n CVE: CVE-2019-5094\n\n\n*Mitigation*:\n1.44.1-1ubuntu1.2\n\n\n\n*Impact*:\nNo
        impact provided\n\n\n\n\n\n*References*:\nhttp://people.ubuntu.com/~ubuntu-security/cve/CVE-2019-5094\n\n\n*Reporter:*
        [(admin) ()|mailto:]\n","customfield_10010":null,"customfield_10055":null,"customfield_10056":null,"customfield_10014":null,"timetracking":{},"customfield_10015":null,"customfield_10005":null,"customfield_10049":null,"customfield_10006":null,"customfield_10007":null,"security":null,"customfield_10008":null,"attachment":[],"customfield_10009":null,"aggregatetimeestimate":null,"summary":"CVE-2019-5094
        - (E2fsprogs, 1.44.1-1ubuntu1.1)","creator":{"self":"https://defectdojo.atlassian.net/rest/api/2/user?accountId=712020%3A292a8b4c-ebd5-44be-bb94-d07c56a14dc5","accountId":"712020:292a8b4c-ebd5-44be-bb94-d07c56a14dc5","emailAddress":"valentijn@defectdojo.com","avatarUrls":{"48x48":"https://secure.gravatar.com/avatar/d05de848fe8cc7816c52a5e34e327bad?d=https%3A%2F%2Favatar-management--avatars.us-west-2.prod.public.atl-paas.net%2Finitials%2FVS-3.png","24x24":"https://secure.gravatar.com/avatar/d05de848fe8cc7816c52a5e34e327bad?d=https%3A%2F%2Favatar-management--avatars.us-west-2.prod.public.atl-paas.net%2Finitials%2FVS-3.png","16x16":"https://secure.gravatar.com/avatar/d05de848fe8cc7816c52a5e34e327bad?d=https%3A%2F%2Favatar-management--avatars.us-west-2.prod.public.atl-paas.net%2Finitials%2FVS-3.png","32x32":"https://secure.gravatar.com/avatar/d05de848fe8cc7816c52a5e34e327bad?d=https%3A%2F%2Favatar-management--avatars.us-west-2.prod.public.atl-paas.net%2Finitials%2FVS-3.png"},"displayName":"Valentijn
        Scholten","active":true,"timeZone":"Europe/Zurich","accountType":"atlassian"},"subtasks":[],"customfield_10040":null,"customfield_10041":null,"customfield_10042":null,"reporter":{"self":"https://defectdojo.atlassian.net/rest/api/2/user?accountId=712020%3A292a8b4c-ebd5-44be-bb94-d07c56a14dc5","accountId":"712020:292a8b4c-ebd5-44be-bb94-d07c56a14dc5","emailAddress":"valentijn@defectdojo.com","avatarUrls":{"48x48":"https://secure.gravatar.com/avatar/d05de848fe8cc7816c52a5e34e327bad?d=https%3A%2F%2Favatar-management--avatars.us-west-2.prod.public.atl-paas.net%2Finitials%2FVS-3.png","24x24":"https://secure.gravatar.com/avatar/d05de848fe8cc7816c52a5e34e327bad?d=https%3A%2F%2Favatar-management--avatars.us-west-2.prod.public.atl-paas.net%2Finitials%2FVS-3.png","16x16":"https://secure.gravatar.com/avatar/d05de848fe8cc7816c52a5e34e327bad?d=https%3A%2F%2Favatar-management--avatars.us-west-2.prod.public.atl-paas.net%2Finitials%2FVS-3.png","32x32":"https://secure.gravatar.com/avatar/d05de848fe8cc7816c52a5e34e327bad?d=https%3A%2F%2Favatar-management--avatars.us-west-2.prod.public.atl-paas.net%2Finitials%2FVS-3.png"},"displayName":"Valentijn
        Scholten","active":true,"timeZone":"Europe/Zurich","accountType":"atlassian"},"customfield_10043":null,"aggregateprogress":{"progress":0,"total":0},"customfield_10044":null,"customfield_10045":null,"customfield_10001":null,"customfield_10046":null,"customfield_10002":[],"customfield_10003":null,"customfield_10047":null,"customfield_10004":null,"customfield_10048":null,"customfield_10038":null,"customfield_10039":null,"environment":null,"duedate":null,"progress":{"progress":0,"total":0},"votes":{"self":"https://defectdojo.atlassian.net/rest/api/2/issue/NTEST-2666/votes","votes":0,"hasVoted":false},"comment":{"comments":[],"self":"https://defectdojo.atlassian.net/rest/api/2/issue/19244/comment","maxResults":0,"total":0,"startAt":0},"worklog":{"startAt":0,"maxResults":20,"total":0,"worklogs":[]}}}'
    headers:
      Atl-Request-Id:
      - a98262da-0eda-487e-9e92-ae2dc8404f8d
      Atl-Traceid:
      - a98262da0eda487e9e92ae2dc8404f8d
      Cache-Control:
      - no-cache, no-store, no-transform
      Connection:
      - keep-alive
      Content-Encoding:
      - gzip
      Content-Type:
      - application/json;charset=UTF-8
      Date:
      - Tue, 20 May 2025 19:54:28 GMT
      Nel:
      - '{"failure_fraction": 0.001, "include_subdomains": true, "max_age": 600, "report_to":
        "endpoint-1"}'
      Report-To:
      - '{"endpoints": [{"url": "https://dz8aopenkvv6s.cloudfront.net"}], "group":
        "endpoint-1", "include_subdomains": true, "max_age": 600}'
      Server:
      - AtlassianEdge
      Server-Timing:
      - cdn-cache-miss,cdn-pop;desc="AMS1-P1",cdn-rid;desc="zUjrzhx-Jc2i6L9dHvsvg6PKxHqT8-BZlFD1rq_7WT4vLpB8HTy6Xg==",cdn-downstream-fbl;dur=265,cdn-upstream-layer;desc="EDGE",cdn-upstream-dns;dur=0,cdn-upstream-connect;dur=21,cdn-upstream-fbl;dur=260,atl-edge;dur=229,atl-edge-internal;dur=16,atl-edge-upstream;dur=214,atl-edge-pop;desc="aws-eu-central-1"
      Strict-Transport-Security:
      - max-age=63072000; includeSubDomains; preload
      Timing-Allow-Origin:
      - '*'
      Transfer-Encoding:
      - chunked
      Vary:
      - Accept-Encoding
      Via:
      - 1.1 1a89beee9d72657437f5e91f57220804.cloudfront.net (CloudFront)
      X-Aaccountid:
      - 712020%3A292a8b4c-ebd5-44be-bb94-d07c56a14dc5
      X-Amz-Cf-Id:
      - zUjrzhx-Jc2i6L9dHvsvg6PKxHqT8-BZlFD1rq_7WT4vLpB8HTy6Xg==
      X-Amz-Cf-Pop:
      - AMS1-P1
      X-Arequestid:
      - 3d0c6b8835acffb09ba5997f8b900f9a
      X-Cache:
      - Miss from cloudfront
      X-Content-Type-Options:
      - nosniff
      X-Xss-Protection:
      - 1; mode=block
    status:
      code: 200
      message: OK
- request:
    body: null
    headers:
      Accept:
      - application/json,*/*;q=0.9
      Accept-Encoding:
      - gzip, deflate
      Cache-Control:
      - no-cache
      Connection:
      - keep-alive
      Content-Type:
      - application/json
      User-Agent:
      - python-requests/2.32.3
    method: GET
    uri: https://defectdojo.atlassian.net/rest/api/2/serverInfo
  response:
    body:
      string: '{"baseUrl":"https://defectdojo.atlassian.net","displayUrl":"https://defectdojo.atlassian.net","displayUrlServicedeskHelpCenter":"https://defectdojo.atlassian.net","displayUrlConfluence":"https://defectdojo.atlassian.net","version":"1001.0.0-SNAPSHOT","versionNumbers":[1001,0,0],"deploymentType":"Cloud","buildNumber":100283,"buildDate":"2025-05-19T14:58:42.000+0200","serverTime":"2025-05-20T21:54:29.250+0200","scmInfo":"f8932c93bd159910951acd497204161705f6d7b8","serverTitle":"Jira","defaultLocale":{"locale":"en_US"},"serverTimeZone":"Etc/UTC"}'
    headers:
      Atl-Request-Id:
      - f10fee5d-f759-4aa9-97e3-bd7b25ea88fd
      Atl-Traceid:
      - f10fee5df7594aa997e3bd7b25ea88fd
      Cache-Control:
      - no-cache, no-store, no-transform
      Connection:
      - keep-alive
      Content-Encoding:
      - gzip
      Content-Type:
      - application/json;charset=UTF-8
      Date:
      - Tue, 20 May 2025 19:54:29 GMT
      Nel:
      - '{"failure_fraction": 0.001, "include_subdomains": true, "max_age": 600, "report_to":
        "endpoint-1"}'
      Report-To:
      - '{"endpoints": [{"url": "https://dz8aopenkvv6s.cloudfront.net"}], "group":
        "endpoint-1", "include_subdomains": true, "max_age": 600}'
      Server:
      - AtlassianEdge
      Server-Timing:
      - cdn-cache-miss,cdn-pop;desc="AMS1-P1",cdn-rid;desc="onOj4-idzN4Gd16VdNJA5w12tBVWtfCFpq8FheiJL4bf6_cXnvCGLA==",cdn-downstream-fbl;dur=193,cdn-upstream-layer;desc="EDGE",cdn-upstream-dns;dur=0,cdn-upstream-connect;dur=22,cdn-upstream-fbl;dur=190,atl-edge;dur=160,atl-edge-internal;dur=14,atl-edge-upstream;dur=146,atl-edge-pop;desc="aws-eu-central-1"
      Strict-Transport-Security:
      - max-age=63072000; includeSubDomains; preload
      Timing-Allow-Origin:
      - '*'
      Transfer-Encoding:
      - chunked
      Vary:
      - Accept-Encoding
      Via:
      - 1.1 b26a5eb677aed7368a2c7fd7f1d673dc.cloudfront.net (CloudFront)
      X-Aaccountid:
      - 712020%3A292a8b4c-ebd5-44be-bb94-d07c56a14dc5
      X-Amz-Cf-Id:
      - onOj4-idzN4Gd16VdNJA5w12tBVWtfCFpq8FheiJL4bf6_cXnvCGLA==
      X-Amz-Cf-Pop:
      - AMS1-P1
      X-Arequestid:
      - 266091c2f0eb0d748d853d90a41684e5
      X-Cache:
      - Miss from cloudfront
      X-Content-Type-Options:
      - nosniff
      X-Xss-Protection:
      - 1; mode=block
    status:
      code: 200
      message: OK
- request:
    body: null
    headers:
      Accept:
      - application/json,*/*;q=0.9
      Accept-Encoding:
      - gzip, deflate
      Cache-Control:
      - no-cache
      Connection:
      - keep-alive
      Content-Type:
      - application/json
      User-Agent:
      - python-requests/2.32.3
    method: GET
    uri: https://defectdojo.atlassian.net/rest/api/2/issue/createmeta?projectKeys=NTEST&issuetypeNames=Task&expand=projects.issuetypes.fields
  response:
    body:
      string: '{"expand":"projects","projects":[{"expand":"issuetypes","self":"https://defectdojo.atlassian.net/rest/api/2/project/10000","id":"10000","key":"NTEST","name":"Unittests","avatarUrls":{"48x48":"https://defectdojo.atlassian.net/rest/api/2/universal_avatar/view/type/project/avatar/10407","24x24":"https://defectdojo.atlassian.net/rest/api/2/universal_avatar/view/type/project/avatar/10407?size=small","16x16":"https://defectdojo.atlassian.net/rest/api/2/universal_avatar/view/type/project/avatar/10407?size=xsmall","32x32":"https://defectdojo.atlassian.net/rest/api/2/universal_avatar/view/type/project/avatar/10407?size=medium"},"issuetypes":[{"self":"https://defectdojo.atlassian.net/rest/api/2/issuetype/10002","id":"10002","description":"A
        small, distinct piece of work.","iconUrl":"https://defectdojo.atlassian.net/rest/api/2/universal_avatar/view/type/issuetype/avatar/10318?size=medium","name":"Task","untranslatedName":"Task","subtask":false,"hierarchyLevel":0,"expand":"fields","fields":{"summary":{"required":true,"schema":{"type":"string","system":"summary"},"name":"Summary","key":"summary","hasDefaultValue":false,"operations":["set"]},"issuetype":{"required":true,"schema":{"type":"issuetype","system":"issuetype"},"name":"Issue
        Type","key":"issuetype","hasDefaultValue":false,"operations":[],"allowedValues":[{"self":"https://defectdojo.atlassian.net/rest/api/2/issuetype/10002","id":"10002","description":"A
        small, distinct piece of work.","iconUrl":"https://defectdojo.atlassian.net/rest/api/2/universal_avatar/view/type/issuetype/avatar/10318?size=medium","name":"Task","subtask":false,"avatarId":10318,"hierarchyLevel":0}]},"parent":{"required":false,"schema":{"type":"issuelink","system":"parent"},"name":"Parent","key":"parent","hasDefaultValue":false,"operations":["set"]},"components":{"required":false,"schema":{"type":"array","items":"component","system":"components"},"name":"Components","key":"components","hasDefaultValue":false,"operations":["add","set","remove"],"allowedValues":[]},"description":{"required":false,"schema":{"type":"string","system":"description"},"name":"Description","key":"description","hasDefaultValue":false,"operations":["set"]},"project":{"required":true,"schema":{"type":"project","system":"project"},"name":"Project","key":"project","hasDefaultValue":false,"operations":["set"],"allowedValues":[{"self":"https://defectdojo.atlassian.net/rest/api/2/project/10000","id":"10000","key":"NTEST","name":"Unittests","projectTypeKey":"software","simplified":false,"avatarUrls":{"48x48":"https://defectdojo.atlassian.net/rest/api/2/universal_avatar/view/type/project/avatar/10407","24x24":"https://defectdojo.atlassian.net/rest/api/2/universal_avatar/view/type/project/avatar/10407?size=small","16x16":"https://defectdojo.atlassian.net/rest/api/2/universal_avatar/view/type/project/avatar/10407?size=xsmall","32x32":"https://defectdojo.atlassian.net/rest/api/2/universal_avatar/view/type/project/avatar/10407?size=medium"}}]},"fixVersions":{"required":false,"schema":{"type":"array","items":"version","system":"fixVersions"},"name":"Fix
        versions","key":"fixVersions","hasDefaultValue":false,"operations":["set","add","remove"],"allowedValues":[]},"priority":{"required":false,"schema":{"type":"priority","system":"priority"},"name":"Priority","key":"priority","hasDefaultValue":true,"operations":["set"],"allowedValues":[{"self":"https://defectdojo.atlassian.net/rest/api/2/priority/1","iconUrl":"https://defectdojo.atlassian.net/images/icons/priorities/highest.svg","name":"Highest","id":"1"},{"self":"https://defectdojo.atlassian.net/rest/api/2/priority/2","iconUrl":"https://defectdojo.atlassian.net/images/icons/priorities/high.svg","name":"High","id":"2"},{"self":"https://defectdojo.atlassian.net/rest/api/2/priority/3","iconUrl":"https://defectdojo.atlassian.net/images/icons/priorities/medium.svg","name":"Medium","id":"3"},{"self":"https://defectdojo.atlassian.net/rest/api/2/priority/4","iconUrl":"https://defectdojo.atlassian.net/images/icons/priorities/low.svg","name":"Low","id":"4"},{"self":"https://defectdojo.atlassian.net/rest/api/2/priority/5","iconUrl":"https://defectdojo.atlassian.net/images/icons/priorities/lowest.svg","name":"Lowest","id":"5"}],"defaultValue":{"self":"https://defectdojo.atlassian.net/rest/api/2/priority/3","iconUrl":"https://defectdojo.atlassian.net/images/icons/priorities/medium.svg","name":"Medium","id":"3"}},"customfield_10014":{"required":false,"schema":{"type":"any","custom":"com.pyxis.greenhopper.jira:gh-epic-link","customId":10014},"name":"Epic
        Link","key":"customfield_10014","hasDefaultValue":false,"operations":["set"]},"labels":{"required":false,"schema":{"type":"array","items":"string","system":"labels"},"name":"Labels","key":"labels","autoCompleteUrl":"https://defectdojo.atlassian.net/rest/api/1.0/labels/suggest?query=","hasDefaultValue":false,"operations":["add","set","remove"]},"attachment":{"required":false,"schema":{"type":"array","items":"attachment","system":"attachment"},"name":"Attachment","key":"attachment","hasDefaultValue":false,"operations":["set","copy"]},"issuelinks":{"required":false,"schema":{"type":"array","items":"issuelinks","system":"issuelinks"},"name":"Linked
        Issues","key":"issuelinks","autoCompleteUrl":"https://defectdojo.atlassian.net/rest/api/2/issue/picker?currentProjectId=&showSubTaskParent=true&showSubTasks=true&currentIssueKey=null&query=","hasDefaultValue":false,"operations":["add","copy"]},"assignee":{"required":false,"schema":{"type":"user","system":"assignee"},"name":"Assignee","key":"assignee","autoCompleteUrl":"https://defectdojo.atlassian.net/rest/api/2/user/assignable/search?project=NTEST&query=","hasDefaultValue":false,"operations":["set"]}}}]}]}'
    headers:
      Atl-Request-Id:
      - 42aeb93e-e67a-441c-8e98-ac631a0b3ddf
      Atl-Traceid:
      - 42aeb93ee67a441c8e98ac631a0b3ddf
      Cache-Control:
      - no-cache, no-store, no-transform
      Connection:
      - keep-alive
      Content-Encoding:
      - gzip
      Content-Type:
      - application/json;charset=UTF-8
      Date:
      - Tue, 20 May 2025 19:54:29 GMT
      Nel:
      - '{"failure_fraction": 0.001, "include_subdomains": true, "max_age": 600, "report_to":
        "endpoint-1"}'
      Report-To:
      - '{"endpoints": [{"url": "https://dz8aopenkvv6s.cloudfront.net"}], "group":
        "endpoint-1", "include_subdomains": true, "max_age": 600}'
      Server:
      - AtlassianEdge
      Server-Timing:
      - cdn-upstream-layer;desc="EDGE",cdn-upstream-dns;dur=0,cdn-upstream-connect;dur=0,cdn-upstream-fbl;dur=271,atl-edge;dur=263,atl-edge-internal;dur=16,atl-edge-upstream;dur=248,atl-edge-pop;desc="aws-eu-central-1",cdn-cache-miss,cdn-pop;desc="AMS1-P1",cdn-rid;desc="_QNGUlHe7D7kLQHGHDtL1S-YS-v8ZdquuGHUdUJlWv01gSdTBgB6nA==",cdn-downstream-fbl;dur=277
      Strict-Transport-Security:
      - max-age=63072000; includeSubDomains; preload
      Timing-Allow-Origin:
      - '*'
      Transfer-Encoding:
      - chunked
      Vary:
      - Accept-Encoding
      Via:
      - 1.1 97eaba44803576cf9f5d9993fc05ccee.cloudfront.net (CloudFront)
      Warning:
      - 'The issue create meta endpoint has been deprecated. (Deprecation start date:
        June 03, 2024)'
      X-Aaccountid:
      - 712020%3A292a8b4c-ebd5-44be-bb94-d07c56a14dc5
      X-Amz-Cf-Id:
      - _QNGUlHe7D7kLQHGHDtL1S-YS-v8ZdquuGHUdUJlWv01gSdTBgB6nA==
      X-Amz-Cf-Pop:
      - AMS1-P1
      X-Arequestid:
      - be328d4342978b34f53eb2d4e48c3089
      X-Cache:
      - Miss from cloudfront
      X-Content-Type-Options:
      - nosniff
      X-Xss-Protection:
      - 1; mode=block
    status:
      code: 200
      message: OK
- request:
    body: '{"fields": {"project": {"key": "NTEST"}, "issuetype": {"name": "Task"},
      "summary": "CVE-2018-11236 - (Glibc, 2.27-3ubuntu1)", "description": "\n\n\n\n\n\n*Title*:
      [CVE-2018-11236 - (Glibc, 2.27-3ubuntu1)|http://localhost:8080/finding/400]\n\n*Defect
      Dojo link:* http://localhost:8080/finding/400 (400)\n\n*Severity:* Medium\n\n\n*Due
      Date:* Aug. 18, 2025\n\n\n\n\n\n*CVE:* [CVE-2018-11236|https://nvd.nist.gov/vuln/detail/CVE-2018-11236]\n\n\n\n\n*Product/Engagement/Test:*
      [Security How-to|http://localhost:8080/product/2] / [1st Quarter Engagement|http://localhost:8080/engagement/1]
      / [Clair Scan|http://localhost:8080/test/139]\n\n\n\n\n\n\n\n\n\n\n*Vulnerable
      Component*: glibc - 2.27-3ubuntu1\n\n\n\n\n\n\n\n*Description*:\nstdlib/canonicalize.c
      in the GNU C Library (aka glibc or libc6) 2.27 and earlier, when processing
      very long pathname arguments to the realpath function, could encounter an integer
      overflow on 32-bit architectures, leading to a stack-based buffer overflow and,
      potentially, arbitrary code execution.\n Vulnerable feature: glibc\n Vulnerable
      Versions: 2.27-3ubuntu1\n Fixed by: \n Namespace: ubuntu:18.04\n CVE: CVE-2018-11236\n\n\n\n\n*Impact*:\nNo
      impact provided\n\n\n\n\n\n*References*:\nhttp://people.ubuntu.com/~ubuntu-security/cve/CVE-2018-11236\n\n\n*Reporter:*
      [(admin) ()|mailto:]\n", "priority": {"name": "Medium"}}}'
    headers:
      Accept:
      - application/json,*/*;q=0.9
      Accept-Encoding:
      - gzip, deflate
      Cache-Control:
      - no-cache
      Connection:
      - keep-alive
      Content-Length:
      - '1355'
      Content-Type:
      - application/json
      User-Agent:
      - python-requests/2.32.3
    method: POST
    uri: https://defectdojo.atlassian.net/rest/api/2/issue
  response:
    body:
      string: '{"id":"19245","key":"NTEST-2667","self":"https://defectdojo.atlassian.net/rest/api/2/issue/19245"}'
    headers:
      Atl-Request-Id:
      - 9f968d25-1b9b-46b4-a195-7322013a0bed
      Atl-Traceid:
      - 9f968d251b9b46b4a1957322013a0bed
      Cache-Control:
      - no-cache, no-store, no-transform
      Connection:
      - keep-alive
      Content-Type:
      - application/json;charset=UTF-8
      Date:
      - Tue, 20 May 2025 19:54:30 GMT
      Nel:
      - '{"failure_fraction": 0.001, "include_subdomains": true, "max_age": 600, "report_to":
        "endpoint-1"}'
      Report-To:
      - '{"endpoints": [{"url": "https://dz8aopenkvv6s.cloudfront.net"}], "group":
        "endpoint-1", "include_subdomains": true, "max_age": 600}'
      Server:
      - AtlassianEdge
      Server-Timing:
      - cdn-upstream-layer;desc="EDGE",cdn-upstream-dns;dur=0,cdn-upstream-connect;dur=0,cdn-upstream-fbl;dur=715,atl-edge;dur=707,atl-edge-internal;dur=15,atl-edge-upstream;dur=692,atl-edge-pop;desc="aws-eu-central-1",cdn-cache-miss,cdn-pop;desc="AMS1-P1",cdn-rid;desc="4wx9OKDwlrTWaxE5RoaTPbN6iMzZbN_Eei9eKpr1werD2-8HOgz_KA==",cdn-downstream-fbl;dur=719
      Strict-Transport-Security:
      - max-age=63072000; includeSubDomains; preload
      Timing-Allow-Origin:
      - '*'
      Transfer-Encoding:
      - chunked
      Vary:
      - Accept-Encoding
      Via:
      - 1.1 2f7b5be8899520ed019685dc425dc306.cloudfront.net (CloudFront)
      X-Aaccountid:
      - 712020%3A292a8b4c-ebd5-44be-bb94-d07c56a14dc5
      X-Amz-Cf-Id:
      - 4wx9OKDwlrTWaxE5RoaTPbN6iMzZbN_Eei9eKpr1werD2-8HOgz_KA==
      X-Amz-Cf-Pop:
      - AMS1-P1
      X-Arequestid:
      - 4566681c27b19a9046e2a95e25f517f6
      X-Cache:
      - Miss from cloudfront
      X-Content-Type-Options:
      - nosniff
      X-Xss-Protection:
      - 1; mode=block
    status:
      code: 201
      message: Created
- request:
    body: null
    headers:
      Accept:
      - application/json,*/*;q=0.9
      Accept-Encoding:
      - gzip, deflate
      Cache-Control:
      - no-cache
      Connection:
      - keep-alive
      Content-Type:
      - application/json
      User-Agent:
      - python-requests/2.32.3
    method: GET
    uri: https://defectdojo.atlassian.net/rest/api/2/issue/NTEST-2667
  response:
    body:
      string: '{"expand":"renderedFields,names,schema,operations,editmeta,changelog,versionedRepresentations,customfield_10010.requestTypePractice","id":"19245","self":"https://defectdojo.atlassian.net/rest/api/2/issue/19245","key":"NTEST-2667","fields":{"statuscategorychangedate":"2025-05-20T21:54:30.316+0200","issuetype":{"self":"https://defectdojo.atlassian.net/rest/api/2/issuetype/10002","id":"10002","description":"A
        small, distinct piece of work.","iconUrl":"https://defectdojo.atlassian.net/rest/api/2/universal_avatar/view/type/issuetype/avatar/10318?size=medium","name":"Task","subtask":false,"avatarId":10318,"hierarchyLevel":0},"timespent":null,"customfield_10030":null,"customfield_10031":null,"project":{"self":"https://defectdojo.atlassian.net/rest/api/2/project/10000","id":"10000","key":"NTEST","name":"Unittests","projectTypeKey":"software","simplified":false,"avatarUrls":{"48x48":"https://defectdojo.atlassian.net/rest/api/2/universal_avatar/view/type/project/avatar/10407","24x24":"https://defectdojo.atlassian.net/rest/api/2/universal_avatar/view/type/project/avatar/10407?size=small","16x16":"https://defectdojo.atlassian.net/rest/api/2/universal_avatar/view/type/project/avatar/10407?size=xsmall","32x32":"https://defectdojo.atlassian.net/rest/api/2/universal_avatar/view/type/project/avatar/10407?size=medium"}},"customfield_10032":null,"customfield_10033":null,"fixVersions":[],"aggregatetimespent":null,"statusCategory":{"self":"https://defectdojo.atlassian.net/rest/api/2/statuscategory/2","id":2,"key":"new","colorName":"blue-gray","name":"To
        Do"},"customfield_10035":null,"resolution":null,"customfield_10036":null,"customfield_10037":null,"customfield_10027":null,"customfield_10028":null,"customfield_10029":null,"resolutiondate":null,"workratio":-1,"watches":{"self":"https://defectdojo.atlassian.net/rest/api/2/issue/NTEST-2667/watchers","watchCount":1,"isWatching":true},"lastViewed":null,"created":"2025-05-20T21:54:30.000+0200","customfield_10020":null,"customfield_10021":null,"customfield_10022":null,"customfield_10023":null,"priority":{"self":"https://defectdojo.atlassian.net/rest/api/2/priority/3","iconUrl":"https://defectdojo.atlassian.net/images/icons/priorities/medium.svg","name":"Medium","id":"3"},"labels":[],"customfield_10016":null,"customfield_10017":null,"customfield_10018":{"hasEpicLinkFieldDependency":false,"showField":false,"nonEditableReason":{"reason":"PLUGIN_LICENSE_ERROR","message":"The
        Parent Link is only available to Jira Premium users."}},"customfield_10019":"0|i00y7b:","timeestimate":null,"aggregatetimeoriginalestimate":null,"versions":[],"issuelinks":[],"assignee":null,"updated":"2025-05-20T21:54:30.081+0200","status":{"self":"https://defectdojo.atlassian.net/rest/api/2/status/10000","description":"","iconUrl":"https://defectdojo.atlassian.net/","name":"Backlog","id":"10000","statusCategory":{"self":"https://defectdojo.atlassian.net/rest/api/2/statuscategory/2","id":2,"key":"new","colorName":"blue-gray","name":"To
        Do"}},"components":[],"customfield_10050":null,"customfield_10051":null,"timeoriginalestimate":null,"customfield_10053":null,"description":"\n\n\n\n\n\n*Title*:
        [CVE-2018-11236 - (Glibc, 2.27-3ubuntu1)|http://localhost:8080/finding/400]\n\n*Defect
        Dojo link:* http://localhost:8080/finding/400 (400)\n\n*Severity:* Medium\n\n\n*Due
        Date:* Aug. 18, 2025\n\n\n\n\n\n*CVE:* [CVE-2018-11236|https://nvd.nist.gov/vuln/detail/CVE-2018-11236]\n\n\n\n\n*Product/Engagement/Test:*
        [Security How-to|http://localhost:8080/product/2] / [1st Quarter Engagement|http://localhost:8080/engagement/1]
        / [Clair Scan|http://localhost:8080/test/139]\n\n\n\n\n\n\n\n\n\n\n*Vulnerable
        Component*: glibc - 2.27-3ubuntu1\n\n\n\n\n\n\n\n*Description*:\nstdlib/canonicalize.c
        in the GNU C Library (aka glibc or libc6) 2.27 and earlier, when processing
        very long pathname arguments to the realpath function, could encounter an
        integer overflow on 32-bit architectures, leading to a stack-based buffer
        overflow and, potentially, arbitrary code execution.\n Vulnerable feature:
        glibc\n Vulnerable Versions: 2.27-3ubuntu1\n Fixed by: \n Namespace: ubuntu:18.04\n
        CVE: CVE-2018-11236\n\n\n\n\n*Impact*:\nNo impact provided\n\n\n\n\n\n*References*:\nhttp://people.ubuntu.com/~ubuntu-security/cve/CVE-2018-11236\n\n\n*Reporter:*
        [(admin) ()|mailto:]\n","customfield_10010":null,"customfield_10055":null,"customfield_10056":null,"customfield_10014":null,"timetracking":{},"customfield_10015":null,"customfield_10005":null,"customfield_10049":null,"customfield_10006":null,"customfield_10007":null,"security":null,"customfield_10008":null,"attachment":[],"customfield_10009":null,"aggregatetimeestimate":null,"summary":"CVE-2018-11236
        - (Glibc, 2.27-3ubuntu1)","creator":{"self":"https://defectdojo.atlassian.net/rest/api/2/user?accountId=712020%3A292a8b4c-ebd5-44be-bb94-d07c56a14dc5","accountId":"712020:292a8b4c-ebd5-44be-bb94-d07c56a14dc5","emailAddress":"valentijn@defectdojo.com","avatarUrls":{"48x48":"https://secure.gravatar.com/avatar/d05de848fe8cc7816c52a5e34e327bad?d=https%3A%2F%2Favatar-management--avatars.us-west-2.prod.public.atl-paas.net%2Finitials%2FVS-3.png","24x24":"https://secure.gravatar.com/avatar/d05de848fe8cc7816c52a5e34e327bad?d=https%3A%2F%2Favatar-management--avatars.us-west-2.prod.public.atl-paas.net%2Finitials%2FVS-3.png","16x16":"https://secure.gravatar.com/avatar/d05de848fe8cc7816c52a5e34e327bad?d=https%3A%2F%2Favatar-management--avatars.us-west-2.prod.public.atl-paas.net%2Finitials%2FVS-3.png","32x32":"https://secure.gravatar.com/avatar/d05de848fe8cc7816c52a5e34e327bad?d=https%3A%2F%2Favatar-management--avatars.us-west-2.prod.public.atl-paas.net%2Finitials%2FVS-3.png"},"displayName":"Valentijn
        Scholten","active":true,"timeZone":"Europe/Zurich","accountType":"atlassian"},"subtasks":[],"customfield_10040":null,"customfield_10041":null,"customfield_10042":null,"reporter":{"self":"https://defectdojo.atlassian.net/rest/api/2/user?accountId=712020%3A292a8b4c-ebd5-44be-bb94-d07c56a14dc5","accountId":"712020:292a8b4c-ebd5-44be-bb94-d07c56a14dc5","emailAddress":"valentijn@defectdojo.com","avatarUrls":{"48x48":"https://secure.gravatar.com/avatar/d05de848fe8cc7816c52a5e34e327bad?d=https%3A%2F%2Favatar-management--avatars.us-west-2.prod.public.atl-paas.net%2Finitials%2FVS-3.png","24x24":"https://secure.gravatar.com/avatar/d05de848fe8cc7816c52a5e34e327bad?d=https%3A%2F%2Favatar-management--avatars.us-west-2.prod.public.atl-paas.net%2Finitials%2FVS-3.png","16x16":"https://secure.gravatar.com/avatar/d05de848fe8cc7816c52a5e34e327bad?d=https%3A%2F%2Favatar-management--avatars.us-west-2.prod.public.atl-paas.net%2Finitials%2FVS-3.png","32x32":"https://secure.gravatar.com/avatar/d05de848fe8cc7816c52a5e34e327bad?d=https%3A%2F%2Favatar-management--avatars.us-west-2.prod.public.atl-paas.net%2Finitials%2FVS-3.png"},"displayName":"Valentijn
        Scholten","active":true,"timeZone":"Europe/Zurich","accountType":"atlassian"},"customfield_10043":null,"aggregateprogress":{"progress":0,"total":0},"customfield_10044":null,"customfield_10045":null,"customfield_10001":null,"customfield_10046":null,"customfield_10002":[],"customfield_10003":null,"customfield_10047":null,"customfield_10004":null,"customfield_10048":null,"customfield_10038":null,"customfield_10039":null,"environment":null,"duedate":null,"progress":{"progress":0,"total":0},"votes":{"self":"https://defectdojo.atlassian.net/rest/api/2/issue/NTEST-2667/votes","votes":0,"hasVoted":false},"comment":{"comments":[],"self":"https://defectdojo.atlassian.net/rest/api/2/issue/19245/comment","maxResults":0,"total":0,"startAt":0},"worklog":{"startAt":0,"maxResults":20,"total":0,"worklogs":[]}}}'
    headers:
      Atl-Request-Id:
      - a0451fd1-0c8e-423c-a1e1-13b0581596c6
      Atl-Traceid:
      - a0451fd10c8e423ca1e113b0581596c6
      Cache-Control:
      - no-cache, no-store, no-transform
      Connection:
      - keep-alive
      Content-Encoding:
      - gzip
      Content-Type:
      - application/json;charset=UTF-8
      Date:
      - Tue, 20 May 2025 19:54:30 GMT
      Nel:
      - '{"failure_fraction": 0.001, "include_subdomains": true, "max_age": 600, "report_to":
        "endpoint-1"}'
      Report-To:
      - '{"endpoints": [{"url": "https://dz8aopenkvv6s.cloudfront.net"}], "group":
        "endpoint-1", "include_subdomains": true, "max_age": 600}'
      Server:
      - AtlassianEdge
      Server-Timing:
      - cdn-upstream-layer;desc="EDGE",cdn-upstream-dns;dur=0,cdn-upstream-connect;dur=0,cdn-upstream-fbl;dur=246,atl-edge;dur=238,atl-edge-internal;dur=15,atl-edge-upstream;dur=224,atl-edge-pop;desc="aws-eu-central-1",cdn-cache-miss,cdn-pop;desc="AMS1-P1",cdn-rid;desc="v4NKI4_xKch0FcMH3xmVfASkAKaUKqn0Fu9PUDxjUDvQqR4YYzVVuw==",cdn-downstream-fbl;dur=251
      Strict-Transport-Security:
      - max-age=63072000; includeSubDomains; preload
      Timing-Allow-Origin:
      - '*'
      Transfer-Encoding:
      - chunked
      Vary:
      - Accept-Encoding
      Via:
      - 1.1 d6029710111dc7ad6216b4063753d630.cloudfront.net (CloudFront)
      X-Aaccountid:
      - 712020%3A292a8b4c-ebd5-44be-bb94-d07c56a14dc5
      X-Amz-Cf-Id:
      - v4NKI4_xKch0FcMH3xmVfASkAKaUKqn0Fu9PUDxjUDvQqR4YYzVVuw==
      X-Amz-Cf-Pop:
      - AMS1-P1
      X-Arequestid:
      - 72c34ff22c13941db041876e08823656
      X-Cache:
      - Miss from cloudfront
      X-Content-Type-Options:
      - nosniff
      X-Xss-Protection:
      - 1; mode=block
    status:
      code: 200
      message: OK
- request:
    body: null
    headers:
      Accept:
      - application/json,*/*;q=0.9
      Accept-Encoding:
      - gzip, deflate
      Cache-Control:
      - no-cache
      Connection:
      - keep-alive
      Content-Type:
      - application/json
      User-Agent:
      - python-requests/2.32.3
    method: GET
    uri: https://defectdojo.atlassian.net/rest/api/2/issue/19245
  response:
    body:
      string: '{"expand":"renderedFields,names,schema,operations,editmeta,changelog,versionedRepresentations,customfield_10010.requestTypePractice","id":"19245","self":"https://defectdojo.atlassian.net/rest/api/2/issue/19245","key":"NTEST-2667","fields":{"statuscategorychangedate":"2025-05-20T21:54:30.316+0200","issuetype":{"self":"https://defectdojo.atlassian.net/rest/api/2/issuetype/10002","id":"10002","description":"A
        small, distinct piece of work.","iconUrl":"https://defectdojo.atlassian.net/rest/api/2/universal_avatar/view/type/issuetype/avatar/10318?size=medium","name":"Task","subtask":false,"avatarId":10318,"hierarchyLevel":0},"timespent":null,"customfield_10030":null,"customfield_10031":null,"project":{"self":"https://defectdojo.atlassian.net/rest/api/2/project/10000","id":"10000","key":"NTEST","name":"Unittests","projectTypeKey":"software","simplified":false,"avatarUrls":{"48x48":"https://defectdojo.atlassian.net/rest/api/2/universal_avatar/view/type/project/avatar/10407","24x24":"https://defectdojo.atlassian.net/rest/api/2/universal_avatar/view/type/project/avatar/10407?size=small","16x16":"https://defectdojo.atlassian.net/rest/api/2/universal_avatar/view/type/project/avatar/10407?size=xsmall","32x32":"https://defectdojo.atlassian.net/rest/api/2/universal_avatar/view/type/project/avatar/10407?size=medium"}},"customfield_10032":null,"customfield_10033":null,"fixVersions":[],"aggregatetimespent":null,"statusCategory":{"self":"https://defectdojo.atlassian.net/rest/api/2/statuscategory/2","id":2,"key":"new","colorName":"blue-gray","name":"To
        Do"},"customfield_10035":null,"resolution":null,"customfield_10036":null,"customfield_10037":null,"customfield_10027":null,"customfield_10028":null,"customfield_10029":null,"resolutiondate":null,"workratio":-1,"watches":{"self":"https://defectdojo.atlassian.net/rest/api/2/issue/NTEST-2667/watchers","watchCount":1,"isWatching":true},"lastViewed":null,"created":"2025-05-20T21:54:30.000+0200","customfield_10020":null,"customfield_10021":null,"customfield_10022":null,"customfield_10023":null,"priority":{"self":"https://defectdojo.atlassian.net/rest/api/2/priority/3","iconUrl":"https://defectdojo.atlassian.net/images/icons/priorities/medium.svg","name":"Medium","id":"3"},"labels":[],"customfield_10016":null,"customfield_10017":null,"customfield_10018":{"hasEpicLinkFieldDependency":false,"showField":false,"nonEditableReason":{"reason":"PLUGIN_LICENSE_ERROR","message":"The
        Parent Link is only available to Jira Premium users."}},"customfield_10019":"0|i00y7b:","timeestimate":null,"aggregatetimeoriginalestimate":null,"versions":[],"issuelinks":[],"assignee":null,"updated":"2025-05-20T21:54:30.081+0200","status":{"self":"https://defectdojo.atlassian.net/rest/api/2/status/10000","description":"","iconUrl":"https://defectdojo.atlassian.net/","name":"Backlog","id":"10000","statusCategory":{"self":"https://defectdojo.atlassian.net/rest/api/2/statuscategory/2","id":2,"key":"new","colorName":"blue-gray","name":"To
        Do"}},"components":[],"customfield_10050":null,"customfield_10051":null,"timeoriginalestimate":null,"customfield_10053":null,"description":"\n\n\n\n\n\n*Title*:
        [CVE-2018-11236 - (Glibc, 2.27-3ubuntu1)|http://localhost:8080/finding/400]\n\n*Defect
        Dojo link:* http://localhost:8080/finding/400 (400)\n\n*Severity:* Medium\n\n\n*Due
        Date:* Aug. 18, 2025\n\n\n\n\n\n*CVE:* [CVE-2018-11236|https://nvd.nist.gov/vuln/detail/CVE-2018-11236]\n\n\n\n\n*Product/Engagement/Test:*
        [Security How-to|http://localhost:8080/product/2] / [1st Quarter Engagement|http://localhost:8080/engagement/1]
        / [Clair Scan|http://localhost:8080/test/139]\n\n\n\n\n\n\n\n\n\n\n*Vulnerable
        Component*: glibc - 2.27-3ubuntu1\n\n\n\n\n\n\n\n*Description*:\nstdlib/canonicalize.c
        in the GNU C Library (aka glibc or libc6) 2.27 and earlier, when processing
        very long pathname arguments to the realpath function, could encounter an
        integer overflow on 32-bit architectures, leading to a stack-based buffer
        overflow and, potentially, arbitrary code execution.\n Vulnerable feature:
        glibc\n Vulnerable Versions: 2.27-3ubuntu1\n Fixed by: \n Namespace: ubuntu:18.04\n
        CVE: CVE-2018-11236\n\n\n\n\n*Impact*:\nNo impact provided\n\n\n\n\n\n*References*:\nhttp://people.ubuntu.com/~ubuntu-security/cve/CVE-2018-11236\n\n\n*Reporter:*
        [(admin) ()|mailto:]\n","customfield_10010":null,"customfield_10055":null,"customfield_10056":null,"customfield_10014":null,"timetracking":{},"customfield_10015":null,"customfield_10005":null,"customfield_10049":null,"customfield_10006":null,"customfield_10007":null,"security":null,"customfield_10008":null,"attachment":[],"customfield_10009":null,"aggregatetimeestimate":null,"summary":"CVE-2018-11236
        - (Glibc, 2.27-3ubuntu1)","creator":{"self":"https://defectdojo.atlassian.net/rest/api/2/user?accountId=712020%3A292a8b4c-ebd5-44be-bb94-d07c56a14dc5","accountId":"712020:292a8b4c-ebd5-44be-bb94-d07c56a14dc5","emailAddress":"valentijn@defectdojo.com","avatarUrls":{"48x48":"https://secure.gravatar.com/avatar/d05de848fe8cc7816c52a5e34e327bad?d=https%3A%2F%2Favatar-management--avatars.us-west-2.prod.public.atl-paas.net%2Finitials%2FVS-3.png","24x24":"https://secure.gravatar.com/avatar/d05de848fe8cc7816c52a5e34e327bad?d=https%3A%2F%2Favatar-management--avatars.us-west-2.prod.public.atl-paas.net%2Finitials%2FVS-3.png","16x16":"https://secure.gravatar.com/avatar/d05de848fe8cc7816c52a5e34e327bad?d=https%3A%2F%2Favatar-management--avatars.us-west-2.prod.public.atl-paas.net%2Finitials%2FVS-3.png","32x32":"https://secure.gravatar.com/avatar/d05de848fe8cc7816c52a5e34e327bad?d=https%3A%2F%2Favatar-management--avatars.us-west-2.prod.public.atl-paas.net%2Finitials%2FVS-3.png"},"displayName":"Valentijn
        Scholten","active":true,"timeZone":"Europe/Zurich","accountType":"atlassian"},"subtasks":[],"customfield_10040":null,"customfield_10041":null,"customfield_10042":null,"reporter":{"self":"https://defectdojo.atlassian.net/rest/api/2/user?accountId=712020%3A292a8b4c-ebd5-44be-bb94-d07c56a14dc5","accountId":"712020:292a8b4c-ebd5-44be-bb94-d07c56a14dc5","emailAddress":"valentijn@defectdojo.com","avatarUrls":{"48x48":"https://secure.gravatar.com/avatar/d05de848fe8cc7816c52a5e34e327bad?d=https%3A%2F%2Favatar-management--avatars.us-west-2.prod.public.atl-paas.net%2Finitials%2FVS-3.png","24x24":"https://secure.gravatar.com/avatar/d05de848fe8cc7816c52a5e34e327bad?d=https%3A%2F%2Favatar-management--avatars.us-west-2.prod.public.atl-paas.net%2Finitials%2FVS-3.png","16x16":"https://secure.gravatar.com/avatar/d05de848fe8cc7816c52a5e34e327bad?d=https%3A%2F%2Favatar-management--avatars.us-west-2.prod.public.atl-paas.net%2Finitials%2FVS-3.png","32x32":"https://secure.gravatar.com/avatar/d05de848fe8cc7816c52a5e34e327bad?d=https%3A%2F%2Favatar-management--avatars.us-west-2.prod.public.atl-paas.net%2Finitials%2FVS-3.png"},"displayName":"Valentijn
        Scholten","active":true,"timeZone":"Europe/Zurich","accountType":"atlassian"},"customfield_10043":null,"aggregateprogress":{"progress":0,"total":0},"customfield_10044":null,"customfield_10045":null,"customfield_10001":null,"customfield_10046":null,"customfield_10002":[],"customfield_10003":null,"customfield_10047":null,"customfield_10004":null,"customfield_10048":null,"customfield_10038":null,"customfield_10039":null,"environment":null,"duedate":null,"progress":{"progress":0,"total":0},"votes":{"self":"https://defectdojo.atlassian.net/rest/api/2/issue/NTEST-2667/votes","votes":0,"hasVoted":false},"comment":{"comments":[],"self":"https://defectdojo.atlassian.net/rest/api/2/issue/19245/comment","maxResults":0,"total":0,"startAt":0},"worklog":{"startAt":0,"maxResults":20,"total":0,"worklogs":[]}}}'
    headers:
      Atl-Request-Id:
      - 5a40572b-4ba5-4a20-9c30-81f8ef46a13c
      Atl-Traceid:
      - 5a40572b4ba54a209c3081f8ef46a13c
      Cache-Control:
      - no-cache, no-store, no-transform
      Connection:
      - keep-alive
      Content-Encoding:
      - gzip
      Content-Type:
      - application/json;charset=UTF-8
      Date:
      - Tue, 20 May 2025 19:54:31 GMT
      Nel:
      - '{"failure_fraction": 0.001, "include_subdomains": true, "max_age": 600, "report_to":
        "endpoint-1"}'
      Report-To:
      - '{"endpoints": [{"url": "https://dz8aopenkvv6s.cloudfront.net"}], "group":
        "endpoint-1", "include_subdomains": true, "max_age": 600}'
      Server:
      - AtlassianEdge
      Server-Timing:
      - cdn-upstream-layer;desc="EDGE",cdn-upstream-dns;dur=0,cdn-upstream-connect;dur=0,cdn-upstream-fbl;dur=224,atl-edge;dur=217,atl-edge-internal;dur=16,atl-edge-upstream;dur=201,atl-edge-pop;desc="aws-eu-central-1",cdn-cache-miss,cdn-pop;desc="AMS1-P1",cdn-rid;desc="LJmXzPWz9PKvbc-kOpqc2bu4BTvdv7qvcYFLe-FZCGuxdCpxl6ncdA==",cdn-downstream-fbl;dur=231
      Strict-Transport-Security:
      - max-age=63072000; includeSubDomains; preload
      Timing-Allow-Origin:
      - '*'
      Transfer-Encoding:
      - chunked
      Vary:
      - Accept-Encoding
      Via:
      - 1.1 18c617ef1621da46798c2b8cbc1c808c.cloudfront.net (CloudFront)
      X-Aaccountid:
      - 712020%3A292a8b4c-ebd5-44be-bb94-d07c56a14dc5
      X-Amz-Cf-Id:
      - LJmXzPWz9PKvbc-kOpqc2bu4BTvdv7qvcYFLe-FZCGuxdCpxl6ncdA==
      X-Amz-Cf-Pop:
      - AMS1-P1
      X-Arequestid:
      - 876171d9a883efd930dbb67b3244c391
      X-Cache:
      - Miss from cloudfront
      X-Content-Type-Options:
      - nosniff
      X-Xss-Protection:
      - 1; mode=block
    status:
      code: 200
      message: OK
- request:
    body: null
    headers:
      Accept:
      - application/json,*/*;q=0.9
      Accept-Encoding:
      - gzip, deflate
      Cache-Control:
      - no-cache
      Connection:
      - keep-alive
      Content-Type:
      - application/json
      User-Agent:
      - python-requests/2.32.3
    method: GET
    uri: https://defectdojo.atlassian.net/rest/api/2/serverInfo
  response:
    body:
      string: '{"baseUrl":"https://defectdojo.atlassian.net","displayUrl":"https://defectdojo.atlassian.net","displayUrlServicedeskHelpCenter":"https://defectdojo.atlassian.net","displayUrlConfluence":"https://defectdojo.atlassian.net","version":"1001.0.0-SNAPSHOT","versionNumbers":[1001,0,0],"deploymentType":"Cloud","buildNumber":100283,"buildDate":"2025-05-19T14:58:42.000+0200","serverTime":"2025-05-20T21:54:31.293+0200","scmInfo":"f8932c93bd159910951acd497204161705f6d7b8","serverTitle":"Jira","defaultLocale":{"locale":"en_US"},"serverTimeZone":"Etc/UTC"}'
    headers:
      Atl-Request-Id:
      - b7609fd5-4c9c-439b-b571-b84f8be1a32b
      Atl-Traceid:
      - b7609fd54c9c439bb571b84f8be1a32b
      Cache-Control:
      - no-cache, no-store, no-transform
      Connection:
      - keep-alive
      Content-Encoding:
      - gzip
      Content-Type:
      - application/json;charset=UTF-8
      Date:
      - Tue, 20 May 2025 19:54:31 GMT
      Nel:
      - '{"failure_fraction": 0.001, "include_subdomains": true, "max_age": 600, "report_to":
        "endpoint-1"}'
      Report-To:
      - '{"endpoints": [{"url": "https://dz8aopenkvv6s.cloudfront.net"}], "group":
        "endpoint-1", "include_subdomains": true, "max_age": 600}'
      Server:
      - AtlassianEdge
      Server-Timing:
      - cdn-upstream-layer;desc="EDGE",cdn-upstream-dns;dur=0,cdn-upstream-connect;dur=0,cdn-upstream-fbl;dur=105,atl-edge;dur=97,atl-edge-internal;dur=15,atl-edge-upstream;dur=83,atl-edge-pop;desc="aws-eu-central-1",cdn-cache-miss,cdn-pop;desc="AMS1-P1",cdn-rid;desc="hNAsP0bKXEFuXnkzyHUxXixjJXiLFuo4L9I3UmnoASMpKYEWuBeUvw==",cdn-downstream-fbl;dur=109
      Strict-Transport-Security:
      - max-age=63072000; includeSubDomains; preload
      Timing-Allow-Origin:
      - '*'
      Transfer-Encoding:
      - chunked
      Vary:
      - Accept-Encoding
      Via:
      - 1.1 ca1ae3b3ff3d7a9e41b26e307972401e.cloudfront.net (CloudFront)
      X-Aaccountid:
      - 712020%3A292a8b4c-ebd5-44be-bb94-d07c56a14dc5
      X-Amz-Cf-Id:
      - hNAsP0bKXEFuXnkzyHUxXixjJXiLFuo4L9I3UmnoASMpKYEWuBeUvw==
      X-Amz-Cf-Pop:
      - AMS1-P1
      X-Arequestid:
      - 3232d65f8b7cfdb4cf8440aa35c738a4
      X-Cache:
      - Miss from cloudfront
      X-Content-Type-Options:
      - nosniff
      X-Xss-Protection:
      - 1; mode=block
    status:
      code: 200
      message: OK
- request:
    body: null
    headers:
      Accept:
      - application/json,*/*;q=0.9
      Accept-Encoding:
      - gzip, deflate
      Cache-Control:
      - no-cache
      Connection:
      - keep-alive
      Content-Type:
      - application/json
      User-Agent:
      - python-requests/2.32.3
    method: GET
    uri: https://defectdojo.atlassian.net/rest/api/2/issue/createmeta?projectKeys=NTEST&issuetypeNames=Task&expand=projects.issuetypes.fields
  response:
    body:
      string: '{"expand":"projects","projects":[{"expand":"issuetypes","self":"https://defectdojo.atlassian.net/rest/api/2/project/10000","id":"10000","key":"NTEST","name":"Unittests","avatarUrls":{"48x48":"https://defectdojo.atlassian.net/rest/api/2/universal_avatar/view/type/project/avatar/10407","24x24":"https://defectdojo.atlassian.net/rest/api/2/universal_avatar/view/type/project/avatar/10407?size=small","16x16":"https://defectdojo.atlassian.net/rest/api/2/universal_avatar/view/type/project/avatar/10407?size=xsmall","32x32":"https://defectdojo.atlassian.net/rest/api/2/universal_avatar/view/type/project/avatar/10407?size=medium"},"issuetypes":[{"self":"https://defectdojo.atlassian.net/rest/api/2/issuetype/10002","id":"10002","description":"A
        small, distinct piece of work.","iconUrl":"https://defectdojo.atlassian.net/rest/api/2/universal_avatar/view/type/issuetype/avatar/10318?size=medium","name":"Task","untranslatedName":"Task","subtask":false,"hierarchyLevel":0,"expand":"fields","fields":{"summary":{"required":true,"schema":{"type":"string","system":"summary"},"name":"Summary","key":"summary","hasDefaultValue":false,"operations":["set"]},"issuetype":{"required":true,"schema":{"type":"issuetype","system":"issuetype"},"name":"Issue
        Type","key":"issuetype","hasDefaultValue":false,"operations":[],"allowedValues":[{"self":"https://defectdojo.atlassian.net/rest/api/2/issuetype/10002","id":"10002","description":"A
        small, distinct piece of work.","iconUrl":"https://defectdojo.atlassian.net/rest/api/2/universal_avatar/view/type/issuetype/avatar/10318?size=medium","name":"Task","subtask":false,"avatarId":10318,"hierarchyLevel":0}]},"parent":{"required":false,"schema":{"type":"issuelink","system":"parent"},"name":"Parent","key":"parent","hasDefaultValue":false,"operations":["set"]},"components":{"required":false,"schema":{"type":"array","items":"component","system":"components"},"name":"Components","key":"components","hasDefaultValue":false,"operations":["add","set","remove"],"allowedValues":[]},"description":{"required":false,"schema":{"type":"string","system":"description"},"name":"Description","key":"description","hasDefaultValue":false,"operations":["set"]},"project":{"required":true,"schema":{"type":"project","system":"project"},"name":"Project","key":"project","hasDefaultValue":false,"operations":["set"],"allowedValues":[{"self":"https://defectdojo.atlassian.net/rest/api/2/project/10000","id":"10000","key":"NTEST","name":"Unittests","projectTypeKey":"software","simplified":false,"avatarUrls":{"48x48":"https://defectdojo.atlassian.net/rest/api/2/universal_avatar/view/type/project/avatar/10407","24x24":"https://defectdojo.atlassian.net/rest/api/2/universal_avatar/view/type/project/avatar/10407?size=small","16x16":"https://defectdojo.atlassian.net/rest/api/2/universal_avatar/view/type/project/avatar/10407?size=xsmall","32x32":"https://defectdojo.atlassian.net/rest/api/2/universal_avatar/view/type/project/avatar/10407?size=medium"}}]},"fixVersions":{"required":false,"schema":{"type":"array","items":"version","system":"fixVersions"},"name":"Fix
        versions","key":"fixVersions","hasDefaultValue":false,"operations":["set","add","remove"],"allowedValues":[]},"priority":{"required":false,"schema":{"type":"priority","system":"priority"},"name":"Priority","key":"priority","hasDefaultValue":true,"operations":["set"],"allowedValues":[{"self":"https://defectdojo.atlassian.net/rest/api/2/priority/1","iconUrl":"https://defectdojo.atlassian.net/images/icons/priorities/highest.svg","name":"Highest","id":"1"},{"self":"https://defectdojo.atlassian.net/rest/api/2/priority/2","iconUrl":"https://defectdojo.atlassian.net/images/icons/priorities/high.svg","name":"High","id":"2"},{"self":"https://defectdojo.atlassian.net/rest/api/2/priority/3","iconUrl":"https://defectdojo.atlassian.net/images/icons/priorities/medium.svg","name":"Medium","id":"3"},{"self":"https://defectdojo.atlassian.net/rest/api/2/priority/4","iconUrl":"https://defectdojo.atlassian.net/images/icons/priorities/low.svg","name":"Low","id":"4"},{"self":"https://defectdojo.atlassian.net/rest/api/2/priority/5","iconUrl":"https://defectdojo.atlassian.net/images/icons/priorities/lowest.svg","name":"Lowest","id":"5"}],"defaultValue":{"self":"https://defectdojo.atlassian.net/rest/api/2/priority/3","iconUrl":"https://defectdojo.atlassian.net/images/icons/priorities/medium.svg","name":"Medium","id":"3"}},"customfield_10014":{"required":false,"schema":{"type":"any","custom":"com.pyxis.greenhopper.jira:gh-epic-link","customId":10014},"name":"Epic
        Link","key":"customfield_10014","hasDefaultValue":false,"operations":["set"]},"labels":{"required":false,"schema":{"type":"array","items":"string","system":"labels"},"name":"Labels","key":"labels","autoCompleteUrl":"https://defectdojo.atlassian.net/rest/api/1.0/labels/suggest?query=","hasDefaultValue":false,"operations":["add","set","remove"]},"attachment":{"required":false,"schema":{"type":"array","items":"attachment","system":"attachment"},"name":"Attachment","key":"attachment","hasDefaultValue":false,"operations":["set","copy"]},"issuelinks":{"required":false,"schema":{"type":"array","items":"issuelinks","system":"issuelinks"},"name":"Linked
        Issues","key":"issuelinks","autoCompleteUrl":"https://defectdojo.atlassian.net/rest/api/2/issue/picker?currentProjectId=&showSubTaskParent=true&showSubTasks=true&currentIssueKey=null&query=","hasDefaultValue":false,"operations":["add","copy"]},"assignee":{"required":false,"schema":{"type":"user","system":"assignee"},"name":"Assignee","key":"assignee","autoCompleteUrl":"https://defectdojo.atlassian.net/rest/api/2/user/assignable/search?project=NTEST&query=","hasDefaultValue":false,"operations":["set"]}}}]}]}'
    headers:
      Atl-Request-Id:
      - 028cb674-1fcc-4b9a-a6f4-e04100a65518
      Atl-Traceid:
      - 028cb6741fcc4b9aa6f4e04100a65518
      Cache-Control:
      - no-cache, no-store, no-transform
      Connection:
      - keep-alive
      Content-Encoding:
      - gzip
      Content-Type:
      - application/json;charset=UTF-8
      Date:
      - Tue, 20 May 2025 19:54:31 GMT
      Nel:
      - '{"failure_fraction": 0.001, "include_subdomains": true, "max_age": 600, "report_to":
        "endpoint-1"}'
      Report-To:
      - '{"endpoints": [{"url": "https://dz8aopenkvv6s.cloudfront.net"}], "group":
        "endpoint-1", "include_subdomains": true, "max_age": 600}'
      Server:
      - AtlassianEdge
      Server-Timing:
      - cdn-upstream-layer;desc="EDGE",cdn-upstream-dns;dur=0,cdn-upstream-connect;dur=0,cdn-upstream-fbl;dur=244,atl-edge;dur=236,atl-edge-internal;dur=15,atl-edge-upstream;dur=221,atl-edge-pop;desc="aws-eu-central-1",cdn-cache-miss,cdn-pop;desc="AMS1-P1",cdn-rid;desc="HByObywo8poK7vcWDUzxpdJPOdjP3-nkckiqFyURwnRfpydDOkkWSg==",cdn-downstream-fbl;dur=249
      Strict-Transport-Security:
      - max-age=63072000; includeSubDomains; preload
      Timing-Allow-Origin:
      - '*'
      Transfer-Encoding:
      - chunked
      Vary:
      - Accept-Encoding
      Via:
      - 1.1 19f569e782b5b925c41d8bc4e292cc7a.cloudfront.net (CloudFront)
      Warning:
      - 'The issue create meta endpoint has been deprecated. (Deprecation start date:
        June 03, 2024)'
      X-Aaccountid:
      - 712020%3A292a8b4c-ebd5-44be-bb94-d07c56a14dc5
      X-Amz-Cf-Id:
      - HByObywo8poK7vcWDUzxpdJPOdjP3-nkckiqFyURwnRfpydDOkkWSg==
      X-Amz-Cf-Pop:
      - AMS1-P1
      X-Arequestid:
      - 242442e1097a275ca061c02a68ff0d98
      X-Cache:
      - Miss from cloudfront
      X-Content-Type-Options:
      - nosniff
      X-Xss-Protection:
      - 1; mode=block
    status:
      code: 200
      message: OK
- request:
    body: '{"fields": {"project": {"key": "NTEST"}, "issuetype": {"name": "Task"},
      "summary": "CVE-2019-13050 - (Gnupg2, 2.2.4-1ubuntu1.2)", "description": "\n\n\n\n\n\n*Title*:
      [CVE-2019-13050 - (Gnupg2, 2.2.4-1ubuntu1.2)|http://localhost:8080/finding/401]\n\n*Defect
      Dojo link:* http://localhost:8080/finding/401 (401)\n\n*Severity:* Medium\n\n\n*Due
      Date:* Aug. 18, 2025\n\n\n\n\n\n*CVE:* [CVE-2019-13050|https://nvd.nist.gov/vuln/detail/CVE-2019-13050]\n\n\n\n\n*Product/Engagement/Test:*
      [Security How-to|http://localhost:8080/product/2] / [1st Quarter Engagement|http://localhost:8080/engagement/1]
      / [Clair Scan|http://localhost:8080/test/139]\n\n\n\n\n\n\n\n\n\n\n*Vulnerable
      Component*: gnupg2 - 2.2.4-1ubuntu1.2\n\n\n\n\n\n\n\n*Description*:\nInteraction
      between the sks-keyserver code through 1.2.0 of the SKS keyserver network, and
      GnuPG through 2.2.16, makes it risky to have a GnuPG keyserver configuration
      line referring to a host on the SKS keyserver network. Retrieving data from
      this network may cause a persistent denial of service, because of a Certificate
      Spamming Attack.\n Vulnerable feature: gnupg2\n Vulnerable Versions: 2.2.4-1ubuntu1.2\n
      Fixed by: \n Namespace: ubuntu:18.04\n CVE: CVE-2019-13050\n\n\n\n\n*Impact*:\nNo
      impact provided\n\n\n\n\n\n*References*:\nhttp://people.ubuntu.com/~ubuntu-security/cve/CVE-2019-13050\n\n\n*Reporter:*
      [(admin) ()|mailto:]\n", "priority": {"name": "Medium"}}}'
    headers:
      Accept:
      - application/json,*/*;q=0.9
      Accept-Encoding:
      - gzip, deflate
      Cache-Control:
      - no-cache
      Connection:
      - keep-alive
      Content-Length:
      - '1413'
      Content-Type:
      - application/json
      User-Agent:
      - python-requests/2.32.3
    method: POST
    uri: https://defectdojo.atlassian.net/rest/api/2/issue
  response:
    body:
      string: '{"id":"19246","key":"NTEST-2668","self":"https://defectdojo.atlassian.net/rest/api/2/issue/19246"}'
    headers:
      Atl-Request-Id:
      - cab3e49e-f473-4d80-91bb-95f42e2ce5c7
      Atl-Traceid:
      - cab3e49ef4734d8091bb95f42e2ce5c7
      Cache-Control:
      - no-cache, no-store, no-transform
      Connection:
      - keep-alive
      Content-Type:
      - application/json;charset=UTF-8
      Date:
      - Tue, 20 May 2025 19:54:32 GMT
      Nel:
      - '{"failure_fraction": 0.001, "include_subdomains": true, "max_age": 600, "report_to":
        "endpoint-1"}'
      Report-To:
      - '{"endpoints": [{"url": "https://dz8aopenkvv6s.cloudfront.net"}], "group":
        "endpoint-1", "include_subdomains": true, "max_age": 600}'
      Server:
      - AtlassianEdge
      Server-Timing:
      - cdn-cache-miss,cdn-pop;desc="AMS1-P1",cdn-rid;desc="5-3CfzTpp27hQtQrx69kwgUE07_glV39qUVnRoHuvD6Vw2sA00Q7Nw==",cdn-downstream-fbl;dur=793,cdn-upstream-layer;desc="EDGE",cdn-upstream-dns;dur=0,cdn-upstream-connect;dur=23,cdn-upstream-fbl;dur=789,atl-edge;dur=758,atl-edge-internal;dur=17,atl-edge-upstream;dur=741,atl-edge-pop;desc="aws-eu-central-1"
      Strict-Transport-Security:
      - max-age=63072000; includeSubDomains; preload
      Timing-Allow-Origin:
      - '*'
      Transfer-Encoding:
      - chunked
      Vary:
      - Accept-Encoding
      Via:
      - 1.1 ca1ae3b3ff3d7a9e41b26e307972401e.cloudfront.net (CloudFront)
      X-Aaccountid:
      - 712020%3A292a8b4c-ebd5-44be-bb94-d07c56a14dc5
      X-Amz-Cf-Id:
      - 5-3CfzTpp27hQtQrx69kwgUE07_glV39qUVnRoHuvD6Vw2sA00Q7Nw==
      X-Amz-Cf-Pop:
      - AMS1-P1
      X-Arequestid:
      - fc567aaa37c0b0fccf1f1ad4a7171d32
      X-Cache:
      - Miss from cloudfront
      X-Content-Type-Options:
      - nosniff
      X-Xss-Protection:
      - 1; mode=block
    status:
      code: 201
      message: Created
- request:
    body: null
    headers:
      Accept:
      - application/json,*/*;q=0.9
      Accept-Encoding:
      - gzip, deflate
      Cache-Control:
      - no-cache
      Connection:
      - keep-alive
      Content-Type:
      - application/json
      User-Agent:
      - python-requests/2.32.3
    method: GET
    uri: https://defectdojo.atlassian.net/rest/api/2/issue/NTEST-2668
  response:
    body:
      string: '{"expand":"renderedFields,names,schema,operations,editmeta,changelog,versionedRepresentations,customfield_10010.requestTypePractice","id":"19246","self":"https://defectdojo.atlassian.net/rest/api/2/issue/19246","key":"NTEST-2668","fields":{"statuscategorychangedate":"2025-05-20T21:54:32.412+0200","issuetype":{"self":"https://defectdojo.atlassian.net/rest/api/2/issuetype/10002","id":"10002","description":"A
        small, distinct piece of work.","iconUrl":"https://defectdojo.atlassian.net/rest/api/2/universal_avatar/view/type/issuetype/avatar/10318?size=medium","name":"Task","subtask":false,"avatarId":10318,"hierarchyLevel":0},"timespent":null,"customfield_10030":null,"customfield_10031":null,"project":{"self":"https://defectdojo.atlassian.net/rest/api/2/project/10000","id":"10000","key":"NTEST","name":"Unittests","projectTypeKey":"software","simplified":false,"avatarUrls":{"48x48":"https://defectdojo.atlassian.net/rest/api/2/universal_avatar/view/type/project/avatar/10407","24x24":"https://defectdojo.atlassian.net/rest/api/2/universal_avatar/view/type/project/avatar/10407?size=small","16x16":"https://defectdojo.atlassian.net/rest/api/2/universal_avatar/view/type/project/avatar/10407?size=xsmall","32x32":"https://defectdojo.atlassian.net/rest/api/2/universal_avatar/view/type/project/avatar/10407?size=medium"}},"customfield_10032":null,"customfield_10033":null,"fixVersions":[],"aggregatetimespent":null,"statusCategory":{"self":"https://defectdojo.atlassian.net/rest/api/2/statuscategory/2","id":2,"key":"new","colorName":"blue-gray","name":"To
        Do"},"customfield_10035":null,"resolution":null,"customfield_10036":null,"customfield_10037":null,"customfield_10027":null,"customfield_10028":null,"customfield_10029":null,"resolutiondate":null,"workratio":-1,"watches":{"self":"https://defectdojo.atlassian.net/rest/api/2/issue/NTEST-2668/watchers","watchCount":1,"isWatching":true},"lastViewed":null,"created":"2025-05-20T21:54:32.077+0200","customfield_10020":null,"customfield_10021":null,"customfield_10022":null,"customfield_10023":null,"priority":{"self":"https://defectdojo.atlassian.net/rest/api/2/priority/3","iconUrl":"https://defectdojo.atlassian.net/images/icons/priorities/medium.svg","name":"Medium","id":"3"},"labels":[],"customfield_10016":null,"customfield_10017":null,"customfield_10018":{"hasEpicLinkFieldDependency":false,"showField":false,"nonEditableReason":{"reason":"PLUGIN_LICENSE_ERROR","message":"The
        Parent Link is only available to Jira Premium users."}},"customfield_10019":"0|i00y7j:","timeestimate":null,"aggregatetimeoriginalestimate":null,"versions":[],"issuelinks":[],"assignee":null,"updated":"2025-05-20T21:54:32.173+0200","status":{"self":"https://defectdojo.atlassian.net/rest/api/2/status/10000","description":"","iconUrl":"https://defectdojo.atlassian.net/","name":"Backlog","id":"10000","statusCategory":{"self":"https://defectdojo.atlassian.net/rest/api/2/statuscategory/2","id":2,"key":"new","colorName":"blue-gray","name":"To
        Do"}},"components":[],"customfield_10050":null,"customfield_10051":null,"timeoriginalestimate":null,"customfield_10053":null,"description":"\n\n\n\n\n\n*Title*:
        [CVE-2019-13050 - (Gnupg2, 2.2.4-1ubuntu1.2)|http://localhost:8080/finding/401]\n\n*Defect
        Dojo link:* http://localhost:8080/finding/401 (401)\n\n*Severity:* Medium\n\n\n*Due
        Date:* Aug. 18, 2025\n\n\n\n\n\n*CVE:* [CVE-2019-13050|https://nvd.nist.gov/vuln/detail/CVE-2019-13050]\n\n\n\n\n*Product/Engagement/Test:*
        [Security How-to|http://localhost:8080/product/2] / [1st Quarter Engagement|http://localhost:8080/engagement/1]
        / [Clair Scan|http://localhost:8080/test/139]\n\n\n\n\n\n\n\n\n\n\n*Vulnerable
        Component*: gnupg2 - 2.2.4-1ubuntu1.2\n\n\n\n\n\n\n\n*Description*:\nInteraction
        between the sks-keyserver code through 1.2.0 of the SKS keyserver network,
        and GnuPG through 2.2.16, makes it risky to have a GnuPG keyserver configuration
        line referring to a host on the SKS keyserver network. Retrieving data from
        this network may cause a persistent denial of service, because of a Certificate
        Spamming Attack.\n Vulnerable feature: gnupg2\n Vulnerable Versions: 2.2.4-1ubuntu1.2\n
        Fixed by: \n Namespace: ubuntu:18.04\n CVE: CVE-2019-13050\n\n\n\n\n*Impact*:\nNo
        impact provided\n\n\n\n\n\n*References*:\nhttp://people.ubuntu.com/~ubuntu-security/cve/CVE-2019-13050\n\n\n*Reporter:*
        [(admin) ()|mailto:]\n","customfield_10010":null,"customfield_10055":null,"customfield_10056":null,"customfield_10014":null,"timetracking":{},"customfield_10015":null,"customfield_10005":null,"customfield_10049":null,"customfield_10006":null,"customfield_10007":null,"security":null,"customfield_10008":null,"attachment":[],"customfield_10009":null,"aggregatetimeestimate":null,"summary":"CVE-2019-13050
        - (Gnupg2, 2.2.4-1ubuntu1.2)","creator":{"self":"https://defectdojo.atlassian.net/rest/api/2/user?accountId=712020%3A292a8b4c-ebd5-44be-bb94-d07c56a14dc5","accountId":"712020:292a8b4c-ebd5-44be-bb94-d07c56a14dc5","emailAddress":"valentijn@defectdojo.com","avatarUrls":{"48x48":"https://secure.gravatar.com/avatar/d05de848fe8cc7816c52a5e34e327bad?d=https%3A%2F%2Favatar-management--avatars.us-west-2.prod.public.atl-paas.net%2Finitials%2FVS-3.png","24x24":"https://secure.gravatar.com/avatar/d05de848fe8cc7816c52a5e34e327bad?d=https%3A%2F%2Favatar-management--avatars.us-west-2.prod.public.atl-paas.net%2Finitials%2FVS-3.png","16x16":"https://secure.gravatar.com/avatar/d05de848fe8cc7816c52a5e34e327bad?d=https%3A%2F%2Favatar-management--avatars.us-west-2.prod.public.atl-paas.net%2Finitials%2FVS-3.png","32x32":"https://secure.gravatar.com/avatar/d05de848fe8cc7816c52a5e34e327bad?d=https%3A%2F%2Favatar-management--avatars.us-west-2.prod.public.atl-paas.net%2Finitials%2FVS-3.png"},"displayName":"Valentijn
        Scholten","active":true,"timeZone":"Europe/Zurich","accountType":"atlassian"},"subtasks":[],"customfield_10040":null,"customfield_10041":null,"customfield_10042":null,"reporter":{"self":"https://defectdojo.atlassian.net/rest/api/2/user?accountId=712020%3A292a8b4c-ebd5-44be-bb94-d07c56a14dc5","accountId":"712020:292a8b4c-ebd5-44be-bb94-d07c56a14dc5","emailAddress":"valentijn@defectdojo.com","avatarUrls":{"48x48":"https://secure.gravatar.com/avatar/d05de848fe8cc7816c52a5e34e327bad?d=https%3A%2F%2Favatar-management--avatars.us-west-2.prod.public.atl-paas.net%2Finitials%2FVS-3.png","24x24":"https://secure.gravatar.com/avatar/d05de848fe8cc7816c52a5e34e327bad?d=https%3A%2F%2Favatar-management--avatars.us-west-2.prod.public.atl-paas.net%2Finitials%2FVS-3.png","16x16":"https://secure.gravatar.com/avatar/d05de848fe8cc7816c52a5e34e327bad?d=https%3A%2F%2Favatar-management--avatars.us-west-2.prod.public.atl-paas.net%2Finitials%2FVS-3.png","32x32":"https://secure.gravatar.com/avatar/d05de848fe8cc7816c52a5e34e327bad?d=https%3A%2F%2Favatar-management--avatars.us-west-2.prod.public.atl-paas.net%2Finitials%2FVS-3.png"},"displayName":"Valentijn
        Scholten","active":true,"timeZone":"Europe/Zurich","accountType":"atlassian"},"customfield_10043":null,"aggregateprogress":{"progress":0,"total":0},"customfield_10044":null,"customfield_10045":null,"customfield_10001":null,"customfield_10046":null,"customfield_10002":[],"customfield_10003":null,"customfield_10047":null,"customfield_10004":null,"customfield_10048":null,"customfield_10038":null,"customfield_10039":null,"environment":null,"duedate":null,"progress":{"progress":0,"total":0},"votes":{"self":"https://defectdojo.atlassian.net/rest/api/2/issue/NTEST-2668/votes","votes":0,"hasVoted":false},"comment":{"comments":[],"self":"https://defectdojo.atlassian.net/rest/api/2/issue/19246/comment","maxResults":0,"total":0,"startAt":0},"worklog":{"startAt":0,"maxResults":20,"total":0,"worklogs":[]}}}'
    headers:
      Atl-Request-Id:
      - ebd77bc0-5247-49a4-a010-5bd9489586a3
      Atl-Traceid:
      - ebd77bc0524749a4a0105bd9489586a3
      Cache-Control:
      - no-cache, no-store, no-transform
      Connection:
      - keep-alive
      Content-Encoding:
      - gzip
      Content-Type:
      - application/json;charset=UTF-8
      Date:
      - Tue, 20 May 2025 19:54:32 GMT
      Nel:
      - '{"failure_fraction": 0.001, "include_subdomains": true, "max_age": 600, "report_to":
        "endpoint-1"}'
      Report-To:
      - '{"endpoints": [{"url": "https://dz8aopenkvv6s.cloudfront.net"}], "group":
        "endpoint-1", "include_subdomains": true, "max_age": 600}'
      Server:
      - AtlassianEdge
      Server-Timing:
      - cdn-upstream-layer;desc="EDGE",cdn-upstream-dns;dur=0,cdn-upstream-connect;dur=0,cdn-upstream-fbl;dur=235,atl-edge;dur=227,atl-edge-internal;dur=15,atl-edge-upstream;dur=213,atl-edge-pop;desc="aws-eu-central-1",cdn-cache-miss,cdn-pop;desc="AMS1-P1",cdn-rid;desc="lujB_XyWUP-YfRBBYvUHlTNzXiwA9hEBOFy4WkRrleywK2WDByhdrw==",cdn-downstream-fbl;dur=241
      Strict-Transport-Security:
      - max-age=63072000; includeSubDomains; preload
      Timing-Allow-Origin:
      - '*'
      Transfer-Encoding:
      - chunked
      Vary:
      - Accept-Encoding
      Via:
      - 1.1 34833e1e6b760bb81603c4fa1e0bb5d6.cloudfront.net (CloudFront)
      X-Aaccountid:
      - 712020%3A292a8b4c-ebd5-44be-bb94-d07c56a14dc5
      X-Amz-Cf-Id:
      - lujB_XyWUP-YfRBBYvUHlTNzXiwA9hEBOFy4WkRrleywK2WDByhdrw==
      X-Amz-Cf-Pop:
      - AMS1-P1
      X-Arequestid:
      - 386f18dc9b1199e171a70ade95c545df
      X-Cache:
      - Miss from cloudfront
      X-Content-Type-Options:
      - nosniff
      X-Xss-Protection:
      - 1; mode=block
    status:
      code: 200
      message: OK
- request:
    body: null
    headers:
      Accept:
      - application/json,*/*;q=0.9
      Accept-Encoding:
      - gzip, deflate
      Cache-Control:
      - no-cache
      Connection:
      - keep-alive
      Content-Type:
      - application/json
      User-Agent:
      - python-requests/2.32.3
    method: GET
    uri: https://defectdojo.atlassian.net/rest/api/2/issue/19246
  response:
    body:
      string: '{"expand":"renderedFields,names,schema,operations,editmeta,changelog,versionedRepresentations,customfield_10010.requestTypePractice","id":"19246","self":"https://defectdojo.atlassian.net/rest/api/2/issue/19246","key":"NTEST-2668","fields":{"statuscategorychangedate":"2025-05-20T21:54:32.412+0200","issuetype":{"self":"https://defectdojo.atlassian.net/rest/api/2/issuetype/10002","id":"10002","description":"A
        small, distinct piece of work.","iconUrl":"https://defectdojo.atlassian.net/rest/api/2/universal_avatar/view/type/issuetype/avatar/10318?size=medium","name":"Task","subtask":false,"avatarId":10318,"hierarchyLevel":0},"timespent":null,"customfield_10030":null,"customfield_10031":null,"project":{"self":"https://defectdojo.atlassian.net/rest/api/2/project/10000","id":"10000","key":"NTEST","name":"Unittests","projectTypeKey":"software","simplified":false,"avatarUrls":{"48x48":"https://defectdojo.atlassian.net/rest/api/2/universal_avatar/view/type/project/avatar/10407","24x24":"https://defectdojo.atlassian.net/rest/api/2/universal_avatar/view/type/project/avatar/10407?size=small","16x16":"https://defectdojo.atlassian.net/rest/api/2/universal_avatar/view/type/project/avatar/10407?size=xsmall","32x32":"https://defectdojo.atlassian.net/rest/api/2/universal_avatar/view/type/project/avatar/10407?size=medium"}},"customfield_10032":null,"customfield_10033":null,"fixVersions":[],"aggregatetimespent":null,"statusCategory":{"self":"https://defectdojo.atlassian.net/rest/api/2/statuscategory/2","id":2,"key":"new","colorName":"blue-gray","name":"To
        Do"},"customfield_10035":null,"resolution":null,"customfield_10036":null,"customfield_10037":null,"customfield_10027":null,"customfield_10028":null,"customfield_10029":null,"resolutiondate":null,"workratio":-1,"watches":{"self":"https://defectdojo.atlassian.net/rest/api/2/issue/NTEST-2668/watchers","watchCount":1,"isWatching":true},"lastViewed":null,"created":"2025-05-20T21:54:32.077+0200","customfield_10020":null,"customfield_10021":null,"customfield_10022":null,"customfield_10023":null,"priority":{"self":"https://defectdojo.atlassian.net/rest/api/2/priority/3","iconUrl":"https://defectdojo.atlassian.net/images/icons/priorities/medium.svg","name":"Medium","id":"3"},"labels":[],"customfield_10016":null,"customfield_10017":null,"customfield_10018":{"hasEpicLinkFieldDependency":false,"showField":false,"nonEditableReason":{"reason":"PLUGIN_LICENSE_ERROR","message":"The
        Parent Link is only available to Jira Premium users."}},"customfield_10019":"0|i00y7j:","timeestimate":null,"aggregatetimeoriginalestimate":null,"versions":[],"issuelinks":[],"assignee":null,"updated":"2025-05-20T21:54:32.173+0200","status":{"self":"https://defectdojo.atlassian.net/rest/api/2/status/10000","description":"","iconUrl":"https://defectdojo.atlassian.net/","name":"Backlog","id":"10000","statusCategory":{"self":"https://defectdojo.atlassian.net/rest/api/2/statuscategory/2","id":2,"key":"new","colorName":"blue-gray","name":"To
        Do"}},"components":[],"customfield_10050":null,"customfield_10051":null,"timeoriginalestimate":null,"customfield_10053":null,"description":"\n\n\n\n\n\n*Title*:
        [CVE-2019-13050 - (Gnupg2, 2.2.4-1ubuntu1.2)|http://localhost:8080/finding/401]\n\n*Defect
        Dojo link:* http://localhost:8080/finding/401 (401)\n\n*Severity:* Medium\n\n\n*Due
        Date:* Aug. 18, 2025\n\n\n\n\n\n*CVE:* [CVE-2019-13050|https://nvd.nist.gov/vuln/detail/CVE-2019-13050]\n\n\n\n\n*Product/Engagement/Test:*
        [Security How-to|http://localhost:8080/product/2] / [1st Quarter Engagement|http://localhost:8080/engagement/1]
        / [Clair Scan|http://localhost:8080/test/139]\n\n\n\n\n\n\n\n\n\n\n*Vulnerable
        Component*: gnupg2 - 2.2.4-1ubuntu1.2\n\n\n\n\n\n\n\n*Description*:\nInteraction
        between the sks-keyserver code through 1.2.0 of the SKS keyserver network,
        and GnuPG through 2.2.16, makes it risky to have a GnuPG keyserver configuration
        line referring to a host on the SKS keyserver network. Retrieving data from
        this network may cause a persistent denial of service, because of a Certificate
        Spamming Attack.\n Vulnerable feature: gnupg2\n Vulnerable Versions: 2.2.4-1ubuntu1.2\n
        Fixed by: \n Namespace: ubuntu:18.04\n CVE: CVE-2019-13050\n\n\n\n\n*Impact*:\nNo
        impact provided\n\n\n\n\n\n*References*:\nhttp://people.ubuntu.com/~ubuntu-security/cve/CVE-2019-13050\n\n\n*Reporter:*
        [(admin) ()|mailto:]\n","customfield_10010":null,"customfield_10055":null,"customfield_10056":null,"customfield_10014":null,"timetracking":{},"customfield_10015":null,"customfield_10005":null,"customfield_10049":null,"customfield_10006":null,"customfield_10007":null,"security":null,"customfield_10008":null,"attachment":[],"customfield_10009":null,"aggregatetimeestimate":null,"summary":"CVE-2019-13050
        - (Gnupg2, 2.2.4-1ubuntu1.2)","creator":{"self":"https://defectdojo.atlassian.net/rest/api/2/user?accountId=712020%3A292a8b4c-ebd5-44be-bb94-d07c56a14dc5","accountId":"712020:292a8b4c-ebd5-44be-bb94-d07c56a14dc5","emailAddress":"valentijn@defectdojo.com","avatarUrls":{"48x48":"https://secure.gravatar.com/avatar/d05de848fe8cc7816c52a5e34e327bad?d=https%3A%2F%2Favatar-management--avatars.us-west-2.prod.public.atl-paas.net%2Finitials%2FVS-3.png","24x24":"https://secure.gravatar.com/avatar/d05de848fe8cc7816c52a5e34e327bad?d=https%3A%2F%2Favatar-management--avatars.us-west-2.prod.public.atl-paas.net%2Finitials%2FVS-3.png","16x16":"https://secure.gravatar.com/avatar/d05de848fe8cc7816c52a5e34e327bad?d=https%3A%2F%2Favatar-management--avatars.us-west-2.prod.public.atl-paas.net%2Finitials%2FVS-3.png","32x32":"https://secure.gravatar.com/avatar/d05de848fe8cc7816c52a5e34e327bad?d=https%3A%2F%2Favatar-management--avatars.us-west-2.prod.public.atl-paas.net%2Finitials%2FVS-3.png"},"displayName":"Valentijn
        Scholten","active":true,"timeZone":"Europe/Zurich","accountType":"atlassian"},"subtasks":[],"customfield_10040":null,"customfield_10041":null,"customfield_10042":null,"reporter":{"self":"https://defectdojo.atlassian.net/rest/api/2/user?accountId=712020%3A292a8b4c-ebd5-44be-bb94-d07c56a14dc5","accountId":"712020:292a8b4c-ebd5-44be-bb94-d07c56a14dc5","emailAddress":"valentijn@defectdojo.com","avatarUrls":{"48x48":"https://secure.gravatar.com/avatar/d05de848fe8cc7816c52a5e34e327bad?d=https%3A%2F%2Favatar-management--avatars.us-west-2.prod.public.atl-paas.net%2Finitials%2FVS-3.png","24x24":"https://secure.gravatar.com/avatar/d05de848fe8cc7816c52a5e34e327bad?d=https%3A%2F%2Favatar-management--avatars.us-west-2.prod.public.atl-paas.net%2Finitials%2FVS-3.png","16x16":"https://secure.gravatar.com/avatar/d05de848fe8cc7816c52a5e34e327bad?d=https%3A%2F%2Favatar-management--avatars.us-west-2.prod.public.atl-paas.net%2Finitials%2FVS-3.png","32x32":"https://secure.gravatar.com/avatar/d05de848fe8cc7816c52a5e34e327bad?d=https%3A%2F%2Favatar-management--avatars.us-west-2.prod.public.atl-paas.net%2Finitials%2FVS-3.png"},"displayName":"Valentijn
        Scholten","active":true,"timeZone":"Europe/Zurich","accountType":"atlassian"},"customfield_10043":null,"aggregateprogress":{"progress":0,"total":0},"customfield_10044":null,"customfield_10045":null,"customfield_10001":null,"customfield_10046":null,"customfield_10002":[],"customfield_10003":null,"customfield_10047":null,"customfield_10004":null,"customfield_10048":null,"customfield_10038":null,"customfield_10039":null,"environment":null,"duedate":null,"progress":{"progress":0,"total":0},"votes":{"self":"https://defectdojo.atlassian.net/rest/api/2/issue/NTEST-2668/votes","votes":0,"hasVoted":false},"comment":{"comments":[],"self":"https://defectdojo.atlassian.net/rest/api/2/issue/19246/comment","maxResults":0,"total":0,"startAt":0},"worklog":{"startAt":0,"maxResults":20,"total":0,"worklogs":[]}}}'
    headers:
      Atl-Request-Id:
      - 9c7db65a-89c9-4367-abb1-0b1e3e5cb261
      Atl-Traceid:
      - 9c7db65a89c94367abb10b1e3e5cb261
      Cache-Control:
      - no-cache, no-store, no-transform
      Connection:
      - keep-alive
      Content-Encoding:
      - gzip
      Content-Type:
      - application/json;charset=UTF-8
      Date:
      - Tue, 20 May 2025 19:54:33 GMT
      Nel:
      - '{"failure_fraction": 0.001, "include_subdomains": true, "max_age": 600, "report_to":
        "endpoint-1"}'
      Report-To:
      - '{"endpoints": [{"url": "https://dz8aopenkvv6s.cloudfront.net"}], "group":
        "endpoint-1", "include_subdomains": true, "max_age": 600}'
      Server:
      - AtlassianEdge
      Server-Timing:
      - cdn-upstream-layer;desc="EDGE",cdn-upstream-dns;dur=0,cdn-upstream-connect;dur=0,cdn-upstream-fbl;dur=224,atl-edge;dur=216,atl-edge-internal;dur=15,atl-edge-upstream;dur=201,atl-edge-pop;desc="aws-eu-central-1",cdn-cache-miss,cdn-pop;desc="AMS1-P1",cdn-rid;desc="pn6hlfYy6Fnl7rR-5xi-FW4cJhg2bdlvbTPuEakXefa-1TDsB7ifeA==",cdn-downstream-fbl;dur=228
      Strict-Transport-Security:
      - max-age=63072000; includeSubDomains; preload
      Timing-Allow-Origin:
      - '*'
      Transfer-Encoding:
      - chunked
      Vary:
      - Accept-Encoding
      Via:
      - 1.1 d6029710111dc7ad6216b4063753d630.cloudfront.net (CloudFront)
      X-Aaccountid:
      - 712020%3A292a8b4c-ebd5-44be-bb94-d07c56a14dc5
      X-Amz-Cf-Id:
      - pn6hlfYy6Fnl7rR-5xi-FW4cJhg2bdlvbTPuEakXefa-1TDsB7ifeA==
      X-Amz-Cf-Pop:
      - AMS1-P1
      X-Arequestid:
      - afb9a6fccad026ed3f012ccfae872485
      X-Cache:
      - Miss from cloudfront
      X-Content-Type-Options:
      - nosniff
      X-Xss-Protection:
      - 1; mode=block
    status:
      code: 200
      message: OK
- request:
    body: '{"description": "Event test_added has occurred.", "title": "Test created
      for Security How-to: 1st Quarter Engagement: Clair Scan", "user": null, "url_ui":
      "http://localhost:8080/test/139", "url_api": "http://localhost:8080/api/v2/tests/139/",
      "product_type": {"name": "ebooks", "id": 2, "url_ui": "http://localhost:8080/product/type/2",
      "url_api": "http://localhost:8080/api/v2/product_types/2/"}, "product": {"name":
      "Security How-to", "id": 2, "url_ui": "http://localhost:8080/product/2", "url_api":
      "http://localhost:8080/api/v2/products/2/"}, "engagement": {"name": "1st Quarter
      Engagement", "id": 1, "url_ui": "http://localhost:8080/engagement/1", "url_api":
      "http://localhost:8080/api/v2/engagements/1/"}, "test": {"title": null, "id":
      139, "url_ui": "http://localhost:8080/test/139", "url_api": "http://localhost:8080/api/v2/tests/139/"}}'
    headers:
      Accept:
      - application/json
      Accept-Encoding:
      - gzip, deflate
      Auth:
      - Token xxx
      Connection:
      - keep-alive
      Content-Length:
      - '845'
      Content-Type:
      - application/json
      User-Agent:
      - DefectDojo-2.46.2
      X-DefectDojo-Event:
      - test_added
      X-DefectDojo-Instance:
      - http://localhost:8080
    method: POST
    uri: http://webhook.endpoint:8080/post
  response:
    body:
      string: "{\n  \"args\": {},\n  \"headers\": {\n    \"Accept\": [\n      \"application/json\"\n
        \   ],\n    \"Accept-Encoding\": [\n      \"gzip, deflate\"\n    ],\n    \"Auth\":
        [\n      \"Token xxx\"\n    ],\n    \"Connection\": [\n      \"keep-alive\"\n
        \   ],\n    \"Content-Length\": [\n      \"845\"\n    ],\n    \"Content-Type\":
        [\n      \"application/json\"\n    ],\n    \"Host\": [\n      \"webhook.endpoint:8080\"\n
        \   ],\n    \"User-Agent\": [\n      \"DefectDojo-2.46.2\"\n    ],\n    \"X-Defectdojo-Event\":
        [\n      \"test_added\"\n    ],\n    \"X-Defectdojo-Instance\": [\n      \"http://localhost:8080\"\n
        \   ]\n  },\n  \"method\": \"POST\",\n  \"origin\": \"10.250.1.6:41182\",\n
        \ \"url\": \"http://webhook.endpoint:8080/post\",\n  \"data\": \"{\\\"description\\\":
        \\\"Event test_added has occurred.\\\", \\\"title\\\": \\\"Test created for
        Security How-to: 1st Quarter Engagement: Clair Scan\\\", \\\"user\\\": null,
        \\\"url_ui\\\": \\\"http://localhost:8080/test/139\\\", \\\"url_api\\\": \\\"http://localhost:8080/api/v2/tests/139/\\\",
        \\\"product_type\\\": {\\\"name\\\": \\\"ebooks\\\", \\\"id\\\": 2, \\\"url_ui\\\":
        \\\"http://localhost:8080/product/type/2\\\", \\\"url_api\\\": \\\"http://localhost:8080/api/v2/product_types/2/\\\"},
        \\\"product\\\": {\\\"name\\\": \\\"Security How-to\\\", \\\"id\\\": 2, \\\"url_ui\\\":
        \\\"http://localhost:8080/product/2\\\", \\\"url_api\\\": \\\"http://localhost:8080/api/v2/products/2/\\\"},
        \\\"engagement\\\": {\\\"name\\\": \\\"1st Quarter Engagement\\\", \\\"id\\\":
        1, \\\"url_ui\\\": \\\"http://localhost:8080/engagement/1\\\", \\\"url_api\\\":
        \\\"http://localhost:8080/api/v2/engagements/1/\\\"}, \\\"test\\\": {\\\"title\\\":
        null, \\\"id\\\": 139, \\\"url_ui\\\": \\\"http://localhost:8080/test/139\\\",
        \\\"url_api\\\": \\\"http://localhost:8080/api/v2/tests/139/\\\"}}\",\n  \"files\":
        {},\n  \"form\": {},\n  \"json\": {\n    \"description\": \"Event test_added
        has occurred.\",\n    \"engagement\": {\n      \"id\": 1,\n      \"name\":
        \"1st Quarter Engagement\",\n      \"url_api\": \"http://localhost:8080/api/v2/engagements/1/\",\n
        \     \"url_ui\": \"http://localhost:8080/engagement/1\"\n    },\n    \"product\":
        {\n      \"id\": 2,\n      \"name\": \"Security How-to\",\n      \"url_api\":
        \"http://localhost:8080/api/v2/products/2/\",\n      \"url_ui\": \"http://localhost:8080/product/2\"\n
        \   },\n    \"product_type\": {\n      \"id\": 2,\n      \"name\": \"ebooks\",\n
        \     \"url_api\": \"http://localhost:8080/api/v2/product_types/2/\",\n      \"url_ui\":
        \"http://localhost:8080/product/type/2\"\n    },\n    \"test\": {\n      \"id\":
        139,\n      \"title\": null,\n      \"url_api\": \"http://localhost:8080/api/v2/tests/139/\",\n
        \     \"url_ui\": \"http://localhost:8080/test/139\"\n    },\n    \"title\":
        \"Test created for Security How-to: 1st Quarter Engagement: Clair Scan\",\n
        \   \"url_api\": \"http://localhost:8080/api/v2/tests/139/\",\n    \"url_ui\":
        \"http://localhost:8080/test/139\",\n    \"user\": null\n  }\n}\n"
    headers:
      Access-Control-Allow-Credentials:
      - 'true'
      Access-Control-Allow-Origin:
      - '*'
      Content-Type:
      - application/json; charset=utf-8
      Date:
      - Tue, 20 May 2025 19:54:30 GMT
      Transfer-Encoding:
      - chunked
    status:
      code: 200
      message: OK
- request:
    body: '{"description": "Event scan_added has occurred.", "title": "Created/Updated
      4 findings for Security How-to: 1st Quarter Engagement: Clair Scan", "user":
      null, "url_ui": "http://localhost:8080/test/139", "url_api": "http://localhost:8080/api/v2/tests/139/",
      "product_type": {"name": "ebooks", "id": 2, "url_ui": "http://localhost:8080/product/type/2",
      "url_api": "http://localhost:8080/api/v2/product_types/2/"}, "product": {"name":
      "Security How-to", "id": 2, "url_ui": "http://localhost:8080/product/2", "url_api":
      "http://localhost:8080/api/v2/products/2/"}, "engagement": {"name": "1st Quarter
      Engagement", "id": 1, "url_ui": "http://localhost:8080/engagement/1", "url_api":
      "http://localhost:8080/api/v2/engagements/1/"}, "test": {"title": null, "id":
      139, "url_ui": "http://localhost:8080/test/139", "url_api": "http://localhost:8080/api/v2/tests/139/"},
      "finding_count": 4, "findings": {"new": [{"id": 398, "title": "CVE-2018-20839
      - (Systemd, 237-3ubuntu10.29)", "severity": "Medium", "url_ui": "http://localhost:8080/finding/398",
      "url_api": "http://localhost:8080/api/v2/findings/398/"}, {"id": 399, "title":
      "CVE-2019-5094 - (E2fsprogs, 1.44.1-1ubuntu1.1)", "severity": "Medium", "url_ui":
      "http://localhost:8080/finding/399", "url_api": "http://localhost:8080/api/v2/findings/399/"},
      {"id": 400, "title": "CVE-2018-11236 - (Glibc, 2.27-3ubuntu1)", "severity":
      "Medium", "url_ui": "http://localhost:8080/finding/400", "url_api": "http://localhost:8080/api/v2/findings/400/"},
      {"id": 401, "title": "CVE-2019-13050 - (Gnupg2, 2.2.4-1ubuntu1.2)", "severity":
      "Medium", "url_ui": "http://localhost:8080/finding/401", "url_api": "http://localhost:8080/api/v2/findings/401/"}],
      "reactivated": [], "mitigated": [], "untouched": []}}'
    headers:
      Accept:
      - application/json
      Accept-Encoding:
      - gzip, deflate
      Auth:
      - Token xxx
      Connection:
      - keep-alive
      Content-Length:
      - '1735'
      Content-Type:
      - application/json
      User-Agent:
      - DefectDojo-2.46.2
      X-DefectDojo-Event:
      - scan_added
      X-DefectDojo-Instance:
      - http://localhost:8080
    method: POST
    uri: http://webhook.endpoint:8080/post
  response:
    body:
      string: "{\n  \"args\": {},\n  \"headers\": {\n    \"Accept\": [\n      \"application/json\"\n
        \   ],\n    \"Accept-Encoding\": [\n      \"gzip, deflate\"\n    ],\n    \"Auth\":
        [\n      \"Token xxx\"\n    ],\n    \"Connection\": [\n      \"keep-alive\"\n
        \   ],\n    \"Content-Length\": [\n      \"1735\"\n    ],\n    \"Content-Type\":
        [\n      \"application/json\"\n    ],\n    \"Host\": [\n      \"webhook.endpoint:8080\"\n
        \   ],\n    \"User-Agent\": [\n      \"DefectDojo-2.46.2\"\n    ],\n    \"X-Defectdojo-Event\":
        [\n      \"scan_added\"\n    ],\n    \"X-Defectdojo-Instance\": [\n      \"http://localhost:8080\"\n
        \   ]\n  },\n  \"method\": \"POST\",\n  \"origin\": \"10.250.1.6:41186\",\n
        \ \"url\": \"http://webhook.endpoint:8080/post\",\n  \"data\": \"{\\\"description\\\":
        \\\"Event scan_added has occurred.\\\", \\\"title\\\": \\\"Created/Updated
        4 findings for Security How-to: 1st Quarter Engagement: Clair Scan\\\", \\\"user\\\":
        null, \\\"url_ui\\\": \\\"http://localhost:8080/test/139\\\", \\\"url_api\\\":
        \\\"http://localhost:8080/api/v2/tests/139/\\\", \\\"product_type\\\": {\\\"name\\\":
        \\\"ebooks\\\", \\\"id\\\": 2, \\\"url_ui\\\": \\\"http://localhost:8080/product/type/2\\\",
        \\\"url_api\\\": \\\"http://localhost:8080/api/v2/product_types/2/\\\"}, \\\"product\\\":
        {\\\"name\\\": \\\"Security How-to\\\", \\\"id\\\": 2, \\\"url_ui\\\": \\\"http://localhost:8080/product/2\\\",
        \\\"url_api\\\": \\\"http://localhost:8080/api/v2/products/2/\\\"}, \\\"engagement\\\":
        {\\\"name\\\": \\\"1st Quarter Engagement\\\", \\\"id\\\": 1, \\\"url_ui\\\":
        \\\"http://localhost:8080/engagement/1\\\", \\\"url_api\\\": \\\"http://localhost:8080/api/v2/engagements/1/\\\"},
        \\\"test\\\": {\\\"title\\\": null, \\\"id\\\": 139, \\\"url_ui\\\": \\\"http://localhost:8080/test/139\\\",
        \\\"url_api\\\": \\\"http://localhost:8080/api/v2/tests/139/\\\"}, \\\"finding_count\\\":
        4, \\\"findings\\\": {\\\"new\\\": [{\\\"id\\\": 398, \\\"title\\\": \\\"CVE-2018-20839
        - (Systemd, 237-3ubuntu10.29)\\\", \\\"severity\\\": \\\"Medium\\\", \\\"url_ui\\\":
        \\\"http://localhost:8080/finding/398\\\", \\\"url_api\\\": \\\"http://localhost:8080/api/v2/findings/398/\\\"},
        {\\\"id\\\": 399, \\\"title\\\": \\\"CVE-2019-5094 - (E2fsprogs, 1.44.1-1ubuntu1.1)\\\",
        \\\"severity\\\": \\\"Medium\\\", \\\"url_ui\\\": \\\"http://localhost:8080/finding/399\\\",
        \\\"url_api\\\": \\\"http://localhost:8080/api/v2/findings/399/\\\"}, {\\\"id\\\":
        400, \\\"title\\\": \\\"CVE-2018-11236 - (Glibc, 2.27-3ubuntu1)\\\", \\\"severity\\\":
        \\\"Medium\\\", \\\"url_ui\\\": \\\"http://localhost:8080/finding/400\\\",
        \\\"url_api\\\": \\\"http://localhost:8080/api/v2/findings/400/\\\"}, {\\\"id\\\":
        401, \\\"title\\\": \\\"CVE-2019-13050 - (Gnupg2, 2.2.4-1ubuntu1.2)\\\", \\\"severity\\\":
        \\\"Medium\\\", \\\"url_ui\\\": \\\"http://localhost:8080/finding/401\\\",
        \\\"url_api\\\": \\\"http://localhost:8080/api/v2/findings/401/\\\"}], \\\"reactivated\\\":
        [], \\\"mitigated\\\": [], \\\"untouched\\\": []}}\",\n  \"files\": {},\n
        \ \"form\": {},\n  \"json\": {\n    \"description\": \"Event scan_added has
        occurred.\",\n    \"engagement\": {\n      \"id\": 1,\n      \"name\": \"1st
        Quarter Engagement\",\n      \"url_api\": \"http://localhost:8080/api/v2/engagements/1/\",\n
        \     \"url_ui\": \"http://localhost:8080/engagement/1\"\n    },\n    \"finding_count\":
        4,\n    \"findings\": {\n      \"mitigated\": [],\n      \"new\": [\n        {\n
        \         \"id\": 398,\n          \"severity\": \"Medium\",\n          \"title\":
        \"CVE-2018-20839 - (Systemd, 237-3ubuntu10.29)\",\n          \"url_api\":
        \"http://localhost:8080/api/v2/findings/398/\",\n          \"url_ui\": \"http://localhost:8080/finding/398\"\n
        \       },\n        {\n          \"id\": 399,\n          \"severity\": \"Medium\",\n
        \         \"title\": \"CVE-2019-5094 - (E2fsprogs, 1.44.1-1ubuntu1.1)\",\n
        \         \"url_api\": \"http://localhost:8080/api/v2/findings/399/\",\n          \"url_ui\":
        \"http://localhost:8080/finding/399\"\n        },\n        {\n          \"id\":
        400,\n          \"severity\": \"Medium\",\n          \"title\": \"CVE-2018-11236
        - (Glibc, 2.27-3ubuntu1)\",\n          \"url_api\": \"http://localhost:8080/api/v2/findings/400/\",\n
        \         \"url_ui\": \"http://localhost:8080/finding/400\"\n        },\n
        \       {\n          \"id\": 401,\n          \"severity\": \"Medium\",\n          \"title\":
        \"CVE-2019-13050 - (Gnupg2, 2.2.4-1ubuntu1.2)\",\n          \"url_api\": \"http://localhost:8080/api/v2/findings/401/\",\n
        \         \"url_ui\": \"http://localhost:8080/finding/401\"\n        }\n      ],\n
        \     \"reactivated\": [],\n      \"untouched\": []\n    },\n    \"product\":
        {\n      \"id\": 2,\n      \"name\": \"Security How-to\",\n      \"url_api\":
        \"http://localhost:8080/api/v2/products/2/\",\n      \"url_ui\": \"http://localhost:8080/product/2\"\n
        \   },\n    \"product_type\": {\n      \"id\": 2,\n      \"name\": \"ebooks\",\n
        \     \"url_api\": \"http://localhost:8080/api/v2/product_types/2/\",\n      \"url_ui\":
        \"http://localhost:8080/product/type/2\"\n    },\n    \"test\": {\n      \"id\":
        139,\n      \"title\": null,\n      \"url_api\": \"http://localhost:8080/api/v2/tests/139/\",\n
        \     \"url_ui\": \"http://localhost:8080/test/139\"\n    },\n    \"title\":
        \"Created/Updated 4 findings for Security How-to: 1st Quarter Engagement:
        Clair Scan\",\n    \"url_api\": \"http://localhost:8080/api/v2/tests/139/\",\n
        \   \"url_ui\": \"http://localhost:8080/test/139\",\n    \"user\": null\n
        \ }\n}\n"
    headers:
      Access-Control-Allow-Credentials:
      - 'true'
      Access-Control-Allow-Origin:
      - '*'
      Content-Type:
      - application/json; charset=utf-8
      Date:
      - Tue, 20 May 2025 19:54:30 GMT
      Transfer-Encoding:
      - chunked
    status:
      code: 200
      message: OK
version: 1
