interactions:
- request:
    body: null
    headers:
      Accept:
      - application/json,*/*;q=0.9
      Accept-Encoding:
      - gzip, deflate
      Cache-Control:
      - no-cache
      Connection:
      - keep-alive
      Content-Type:
      - application/json
      User-Agent:
      - python-requests/2.32.3
    method: GET
    uri: https://defectdojo.atlassian.net/rest/api/2/serverInfo
  response:
    body:
      string: '{"baseUrl":"https://defectdojo.atlassian.net","displayUrl":"https://defectdojo.atlassian.net","displayUrlServicedeskHelpCenter":"https://defectdojo.atlassian.net","displayUrlConfluence":"https://defectdojo.atlassian.net","version":"1001.0.0-SNAPSHOT","versionNumbers":[1001,0,0],"deploymentType":"Cloud","buildNumber":100283,"buildDate":"2025-05-19T14:58:42.000+0200","serverTime":"2025-05-20T21:53:21.526+0200","scmInfo":"f8932c93bd159910951acd497204161705f6d7b8","serverTitle":"Jira","defaultLocale":{"locale":"en_US"},"serverTimeZone":"Etc/UTC"}'
    headers:
      Atl-Request-Id:
      - 989648e5-5cfb-43a8-b518-b11a78cae12d
      Atl-Traceid:
      - 989648e55cfb43a8b518b11a78cae12d
      Cache-Control:
      - no-cache, no-store, no-transform
      Connection:
      - keep-alive
      Content-Encoding:
      - gzip
      Content-Type:
      - application/json;charset=UTF-8
      Date:
      - Tue, 20 May 2025 19:53:21 GMT
      Nel:
      - '{"failure_fraction": 0.001, "include_subdomains": true, "max_age": 600, "report_to":
        "endpoint-1"}'
      Report-To:
      - '{"endpoints": [{"url": "https://dz8aopenkvv6s.cloudfront.net"}], "group":
        "endpoint-1", "include_subdomains": true, "max_age": 600}'
      Server:
      - AtlassianEdge
      Server-Timing:
      - cdn-upstream-layer;desc="EDGE",cdn-upstream-dns;dur=0,cdn-upstream-connect;dur=0,cdn-upstream-fbl;dur=111,atl-edge;dur=104,atl-edge-internal;dur=14,atl-edge-upstream;dur=90,atl-edge-pop;desc="aws-eu-central-1",cdn-cache-miss,cdn-pop;desc="AMS1-P1",cdn-rid;desc="9ZpEi4cfVEaY9HOtsMuIfAcRit2ilVw7S4L7uIWlFn40OBF3ffZ_rg==",cdn-downstream-fbl;dur=116
      Strict-Transport-Security:
      - max-age=63072000; includeSubDomains; preload
      Timing-Allow-Origin:
      - '*'
      Transfer-Encoding:
      - chunked
      Vary:
      - Accept-Encoding
      Via:
      - 1.1 e4bbc916b7f96771ed58c0d668318acc.cloudfront.net (CloudFront)
      X-Aaccountid:
      - 712020%3A292a8b4c-ebd5-44be-bb94-d07c56a14dc5
      X-Amz-Cf-Id:
      - 9ZpEi4cfVEaY9HOtsMuIfAcRit2ilVw7S4L7uIWlFn40OBF3ffZ_rg==
      X-Amz-Cf-Pop:
      - AMS1-P1
      X-Arequestid:
      - 7ca7e0b4255d2812b6255c9a18c7f4ab
      X-Cache:
      - Miss from cloudfront
      X-Content-Type-Options:
      - nosniff
      X-Xss-Protection:
      - 1; mode=block
    status:
      code: 200
      message: OK
- request:
    body: null
    headers:
      Accept:
      - application/json,*/*;q=0.9
      Accept-Encoding:
      - gzip, deflate
      Cache-Control:
      - no-cache
      Connection:
      - keep-alive
      Content-Type:
      - application/json
      User-Agent:
      - python-requests/2.32.3
    method: GET
    uri: https://defectdojo.atlassian.net/rest/api/2/issue/createmeta?projectKeys=NTEST&issuetypeNames=Task&expand=projects.issuetypes.fields
  response:
    body:
      string: '{"expand":"projects","projects":[{"expand":"issuetypes","self":"https://defectdojo.atlassian.net/rest/api/2/project/10000","id":"10000","key":"NTEST","name":"Unittests","avatarUrls":{"48x48":"https://defectdojo.atlassian.net/rest/api/2/universal_avatar/view/type/project/avatar/10407","24x24":"https://defectdojo.atlassian.net/rest/api/2/universal_avatar/view/type/project/avatar/10407?size=small","16x16":"https://defectdojo.atlassian.net/rest/api/2/universal_avatar/view/type/project/avatar/10407?size=xsmall","32x32":"https://defectdojo.atlassian.net/rest/api/2/universal_avatar/view/type/project/avatar/10407?size=medium"},"issuetypes":[{"self":"https://defectdojo.atlassian.net/rest/api/2/issuetype/10002","id":"10002","description":"A
        small, distinct piece of work.","iconUrl":"https://defectdojo.atlassian.net/rest/api/2/universal_avatar/view/type/issuetype/avatar/10318?size=medium","name":"Task","untranslatedName":"Task","subtask":false,"hierarchyLevel":0,"expand":"fields","fields":{"summary":{"required":true,"schema":{"type":"string","system":"summary"},"name":"Summary","key":"summary","hasDefaultValue":false,"operations":["set"]},"issuetype":{"required":true,"schema":{"type":"issuetype","system":"issuetype"},"name":"Issue
        Type","key":"issuetype","hasDefaultValue":false,"operations":[],"allowedValues":[{"self":"https://defectdojo.atlassian.net/rest/api/2/issuetype/10002","id":"10002","description":"A
        small, distinct piece of work.","iconUrl":"https://defectdojo.atlassian.net/rest/api/2/universal_avatar/view/type/issuetype/avatar/10318?size=medium","name":"Task","subtask":false,"avatarId":10318,"hierarchyLevel":0}]},"parent":{"required":false,"schema":{"type":"issuelink","system":"parent"},"name":"Parent","key":"parent","hasDefaultValue":false,"operations":["set"]},"components":{"required":false,"schema":{"type":"array","items":"component","system":"components"},"name":"Components","key":"components","hasDefaultValue":false,"operations":["add","set","remove"],"allowedValues":[]},"description":{"required":false,"schema":{"type":"string","system":"description"},"name":"Description","key":"description","hasDefaultValue":false,"operations":["set"]},"project":{"required":true,"schema":{"type":"project","system":"project"},"name":"Project","key":"project","hasDefaultValue":false,"operations":["set"],"allowedValues":[{"self":"https://defectdojo.atlassian.net/rest/api/2/project/10000","id":"10000","key":"NTEST","name":"Unittests","projectTypeKey":"software","simplified":false,"avatarUrls":{"48x48":"https://defectdojo.atlassian.net/rest/api/2/universal_avatar/view/type/project/avatar/10407","24x24":"https://defectdojo.atlassian.net/rest/api/2/universal_avatar/view/type/project/avatar/10407?size=small","16x16":"https://defectdojo.atlassian.net/rest/api/2/universal_avatar/view/type/project/avatar/10407?size=xsmall","32x32":"https://defectdojo.atlassian.net/rest/api/2/universal_avatar/view/type/project/avatar/10407?size=medium"}}]},"fixVersions":{"required":false,"schema":{"type":"array","items":"version","system":"fixVersions"},"name":"Fix
        versions","key":"fixVersions","hasDefaultValue":false,"operations":["set","add","remove"],"allowedValues":[]},"priority":{"required":false,"schema":{"type":"priority","system":"priority"},"name":"Priority","key":"priority","hasDefaultValue":true,"operations":["set"],"allowedValues":[{"self":"https://defectdojo.atlassian.net/rest/api/2/priority/1","iconUrl":"https://defectdojo.atlassian.net/images/icons/priorities/highest.svg","name":"Highest","id":"1"},{"self":"https://defectdojo.atlassian.net/rest/api/2/priority/2","iconUrl":"https://defectdojo.atlassian.net/images/icons/priorities/high.svg","name":"High","id":"2"},{"self":"https://defectdojo.atlassian.net/rest/api/2/priority/3","iconUrl":"https://defectdojo.atlassian.net/images/icons/priorities/medium.svg","name":"Medium","id":"3"},{"self":"https://defectdojo.atlassian.net/rest/api/2/priority/4","iconUrl":"https://defectdojo.atlassian.net/images/icons/priorities/low.svg","name":"Low","id":"4"},{"self":"https://defectdojo.atlassian.net/rest/api/2/priority/5","iconUrl":"https://defectdojo.atlassian.net/images/icons/priorities/lowest.svg","name":"Lowest","id":"5"}],"defaultValue":{"self":"https://defectdojo.atlassian.net/rest/api/2/priority/3","iconUrl":"https://defectdojo.atlassian.net/images/icons/priorities/medium.svg","name":"Medium","id":"3"}},"customfield_10014":{"required":false,"schema":{"type":"any","custom":"com.pyxis.greenhopper.jira:gh-epic-link","customId":10014},"name":"Epic
        Link","key":"customfield_10014","hasDefaultValue":false,"operations":["set"]},"labels":{"required":false,"schema":{"type":"array","items":"string","system":"labels"},"name":"Labels","key":"labels","autoCompleteUrl":"https://defectdojo.atlassian.net/rest/api/1.0/labels/suggest?query=","hasDefaultValue":false,"operations":["add","set","remove"]},"attachment":{"required":false,"schema":{"type":"array","items":"attachment","system":"attachment"},"name":"Attachment","key":"attachment","hasDefaultValue":false,"operations":["set","copy"]},"issuelinks":{"required":false,"schema":{"type":"array","items":"issuelinks","system":"issuelinks"},"name":"Linked
        Issues","key":"issuelinks","autoCompleteUrl":"https://defectdojo.atlassian.net/rest/api/2/issue/picker?currentProjectId=&showSubTaskParent=true&showSubTasks=true&currentIssueKey=null&query=","hasDefaultValue":false,"operations":["add","copy"]},"assignee":{"required":false,"schema":{"type":"user","system":"assignee"},"name":"Assignee","key":"assignee","autoCompleteUrl":"https://defectdojo.atlassian.net/rest/api/2/user/assignable/search?project=NTEST&query=","hasDefaultValue":false,"operations":["set"]}}}]}]}'
    headers:
      Atl-Request-Id:
      - bdb33cde-155c-49bd-a28e-bb49b19c20b2
      Atl-Traceid:
      - bdb33cde155c49bda28ebb49b19c20b2
      Cache-Control:
      - no-cache, no-store, no-transform
      Connection:
      - keep-alive
      Content-Encoding:
      - gzip
      Content-Type:
      - application/json;charset=UTF-8
      Date:
      - Tue, 20 May 2025 19:53:21 GMT
      Nel:
      - '{"failure_fraction": 0.001, "include_subdomains": true, "max_age": 600, "report_to":
        "endpoint-1"}'
      Report-To:
      - '{"endpoints": [{"url": "https://dz8aopenkvv6s.cloudfront.net"}], "group":
        "endpoint-1", "include_subdomains": true, "max_age": 600}'
      Server:
      - AtlassianEdge
      Server-Timing:
      - cdn-upstream-layer;desc="EDGE",cdn-upstream-dns;dur=0,cdn-upstream-connect;dur=0,cdn-upstream-fbl;dur=249,atl-edge;dur=242,atl-edge-internal;dur=15,atl-edge-upstream;dur=227,atl-edge-pop;desc="aws-eu-central-1",cdn-cache-miss,cdn-pop;desc="AMS1-P1",cdn-rid;desc="NusJAdjnt_1TdKyUJ2hIBu3pH4YWPAivoYZH4b3cdxMav_1PikdUCA==",cdn-downstream-fbl;dur=254
      Strict-Transport-Security:
      - max-age=63072000; includeSubDomains; preload
      Timing-Allow-Origin:
      - '*'
      Transfer-Encoding:
      - chunked
      Vary:
      - Accept-Encoding
      Via:
      - 1.1 e4bbc916b7f96771ed58c0d668318acc.cloudfront.net (CloudFront)
      Warning:
      - 'The issue create meta endpoint has been deprecated. (Deprecation start date:
        June 03, 2024)'
      X-Aaccountid:
      - 712020%3A292a8b4c-ebd5-44be-bb94-d07c56a14dc5
      X-Amz-Cf-Id:
      - NusJAdjnt_1TdKyUJ2hIBu3pH4YWPAivoYZH4b3cdxMav_1PikdUCA==
      X-Amz-Cf-Pop:
      - AMS1-P1
      X-Arequestid:
      - 1e823f7e5a1b569bb512292dfb4b19d1
      X-Cache:
      - Miss from cloudfront
      X-Content-Type-Options:
      - nosniff
      X-Xss-Protection:
      - 1; mode=block
    status:
      code: 200
      message: OK
- request:
    body: '{"fields": {"project": {"key": "NTEST"}, "issuetype": {"name": "Task"},
      "summary": "Findings in: negotiator:0.5.3", "description": "\n\n\n\n\n\n\nA
      group of Findings has been pushed to JIRA to be investigated and fixed:\n\nh2.
      Group\n*Group*: [Findings in: negotiator:0.5.3|http://localhost:8080/finding_group/637]
      in [Security How-to|http://localhost:8080/product/2] / [1st Quarter Engagement|http://localhost:8080/engagement/1]
      / [NPM Audit Scan|http://localhost:8080/test/124]\n\nh2. Summary\n*Severity:*
      High  *Due Date:* None \n\nFindings matching the Active, and Severity criteria:\n||
      Severity || CVE || CWE || Component || Version || Title || Status ||\n|High|[CVE-2019-10321|https://nvd.nist.gov/vuln/detail/CVE-2019-10321]|[300|https://cwe.mitre.org/data/definitions/300.html]|negotiator|0.5.3|[2222Regular
      Expression Denial of Service - (Negotiator, &lt;= 0.6.0)|http://localhost:8080/finding/356]|Active,
      Verified|\n|Medium|[CVE-2016-10539|https://nvd.nist.gov/vuln/detail/CVE-2016-10539]|[400|https://cwe.mitre.org/data/definitions/400.html]|negotiator|0.5.3|[Regular
      Expression Denial of Service - (Negotiator, &lt;= 0.6.0)|http://localhost:8080/finding/355]|Active,
      Verified|\n\nFindings *not* matching the Active, and Severity criteria:\n||
      Severity || CVE || CWE || Component || Version || Title || Status ||\n\n\n\n\n\n\n\n\n\n\nh1.
      Findings\n\nh3. [2222Regular Expression Denial of Service - (Negotiator, &lt;=
      0.6.0)|http://localhost:8080/finding/356]\n*Defect Dojo link:* http://localhost:8080/finding/356
      (356)\n*Severity:* High\n *Due Date:* June 19, 2025 \n *CWE:* [CWE-300|https://cwe.mitre.org/data/definitions/300.html]
      \n*CVE:* [CVE-2019-10321|https://nvd.nist.gov/vuln/detail/CVE-2019-10321]\n\n\n\n\n\n\n*Source
      File*: express&gt;accepts&gt;negotiator\n\n\n\n\n*Description*:\nhttps://nodesecurity.io/advisories/107\nAffected
      versions of `negotiator` are vulnerable to regular expression denial of service
      attacks, which trigger upon parsing a specially crafted `Accept-Language` header
      value.\n\n\n Vulnerable Module: negotiator\n Vulnerable Versions: <= 0.6.0\n
      Patched Version: >= 0.6.1\n Vulnerable Paths: \n  - 0.5.3:express>accepts>negotiator\n
      CWE: CWE-300\n Access: public\n\n\n*Mitigation*:\nUpdate to version 0.6.1 or
      later.\n\n\n\n*Impact*:\nNo impact provided\n\n\n\n\n\n*References*:\nhttps://nodesecurity.io/advisories/107\n\n\n*Reporter:*
      [(admin) ()|mailto:]\n\n\n\nh1. Findings\n\nh3. [Regular Expression Denial of
      Service - (Negotiator, &lt;= 0.6.0)|http://localhost:8080/finding/355]\n*Defect
      Dojo link:* http://localhost:8080/finding/355 (355)\n*Severity:* Medium\n *Due
      Date:* Aug. 18, 2025 \n *CWE:* [CWE-400|https://cwe.mitre.org/data/definitions/400.html]
      \n*CVE:* [CVE-2016-10539|https://nvd.nist.gov/vuln/detail/CVE-2016-10539]\n\n\n\n\n\n\n*Source
      File*: express&gt;accepts&gt;negotiator\n\n\n\n\n*Description*:\nhttps://nodesecurity.io/advisories/106\nAffected
      versions of `negotiator` are vulnerable to regular expression denial of service
      attacks, which trigger upon parsing a specially crafted `Accept-Language` header
      value.\n\n\n Vulnerable Module: negotiator\n Vulnerable Versions: <= 0.6.0\n
      Patched Version: >= 0.6.1\n Vulnerable Paths: \n  - 0.5.3:express>accepts>negotiator\n
      CWE: CWE-400\n Access: public\n\n\n*Mitigation*:\nUpdate to version 0.6.1 or
      later.\n\n\n\n*Impact*:\nNo impact provided\n\n\n\n\n\n*References*:\nhttps://nodesecurity.io/advisories/106\n\n\n*Reporter:*
      [(admin) ()|mailto:]\n", "priority": {"name": "High"}}}'
    headers:
      Accept:
      - application/json,*/*;q=0.9
      Accept-Encoding:
      - gzip, deflate
      Cache-Control:
      - no-cache
      Connection:
      - keep-alive
      Content-Length:
      - '3502'
      Content-Type:
      - application/json
      User-Agent:
      - python-requests/2.32.3
    method: POST
    uri: https://defectdojo.atlassian.net/rest/api/2/issue
  response:
    body:
      string: '{"id":"19217","key":"NTEST-2639","self":"https://defectdojo.atlassian.net/rest/api/2/issue/19217"}'
    headers:
      Atl-Request-Id:
      - f00030fe-9cf3-49bd-8749-015299d52ca2
      Atl-Traceid:
      - f00030fe9cf349bd8749015299d52ca2
      Cache-Control:
      - no-cache, no-store, no-transform
      Connection:
      - keep-alive
      Content-Type:
      - application/json;charset=UTF-8
      Date:
      - Tue, 20 May 2025 19:53:22 GMT
      Nel:
      - '{"failure_fraction": 0.001, "include_subdomains": true, "max_age": 600, "report_to":
        "endpoint-1"}'
      Report-To:
      - '{"endpoints": [{"url": "https://dz8aopenkvv6s.cloudfront.net"}], "group":
        "endpoint-1", "include_subdomains": true, "max_age": 600}'
      Server:
      - AtlassianEdge
      Server-Timing:
      - cdn-upstream-layer;desc="EDGE",cdn-upstream-dns;dur=0,cdn-upstream-connect;dur=0,cdn-upstream-fbl;dur=717,atl-edge;dur=709,atl-edge-internal;dur=16,atl-edge-upstream;dur=694,atl-edge-pop;desc="aws-eu-central-1",cdn-cache-miss,cdn-pop;desc="AMS1-P1",cdn-rid;desc="iFsUu9sxCsFP6DgyzAReYUSibNdc3s3wpm_0zTGkI_97jPxV-WEMXA==",cdn-downstream-fbl;dur=722
      Strict-Transport-Security:
      - max-age=63072000; includeSubDomains; preload
      Timing-Allow-Origin:
      - '*'
      Transfer-Encoding:
      - chunked
      Vary:
      - Accept-Encoding
      Via:
      - 1.1 37bca31d9c7de06b67b2363770e065b4.cloudfront.net (CloudFront)
      X-Aaccountid:
      - 712020%3A292a8b4c-ebd5-44be-bb94-d07c56a14dc5
      X-Amz-Cf-Id:
      - iFsUu9sxCsFP6DgyzAReYUSibNdc3s3wpm_0zTGkI_97jPxV-WEMXA==
      X-Amz-Cf-Pop:
      - AMS1-P1
      X-Arequestid:
      - 84b1d823a01f8addb282c67c54cad1df
      X-Cache:
      - Miss from cloudfront
      X-Content-Type-Options:
      - nosniff
      X-Xss-Protection:
      - 1; mode=block
    status:
      code: 201
      message: Created
- request:
    body: null
    headers:
      Accept:
      - application/json,*/*;q=0.9
      Accept-Encoding:
      - gzip, deflate
      Cache-Control:
      - no-cache
      Connection:
      - keep-alive
      Content-Type:
      - application/json
      User-Agent:
      - python-requests/2.32.3
    method: GET
    uri: https://defectdojo.atlassian.net/rest/api/2/issue/NTEST-2639
  response:
    body:
      string: '{"expand":"renderedFields,names,schema,operations,editmeta,changelog,versionedRepresentations,customfield_10010.requestTypePractice","id":"19217","self":"https://defectdojo.atlassian.net/rest/api/2/issue/19217","key":"NTEST-2639","fields":{"statuscategorychangedate":"2025-05-20T21:53:22.692+0200","issuetype":{"self":"https://defectdojo.atlassian.net/rest/api/2/issuetype/10002","id":"10002","description":"A
        small, distinct piece of work.","iconUrl":"https://defectdojo.atlassian.net/rest/api/2/universal_avatar/view/type/issuetype/avatar/10318?size=medium","name":"Task","subtask":false,"avatarId":10318,"hierarchyLevel":0},"timespent":null,"customfield_10030":null,"customfield_10031":null,"project":{"self":"https://defectdojo.atlassian.net/rest/api/2/project/10000","id":"10000","key":"NTEST","name":"Unittests","projectTypeKey":"software","simplified":false,"avatarUrls":{"48x48":"https://defectdojo.atlassian.net/rest/api/2/universal_avatar/view/type/project/avatar/10407","24x24":"https://defectdojo.atlassian.net/rest/api/2/universal_avatar/view/type/project/avatar/10407?size=small","16x16":"https://defectdojo.atlassian.net/rest/api/2/universal_avatar/view/type/project/avatar/10407?size=xsmall","32x32":"https://defectdojo.atlassian.net/rest/api/2/universal_avatar/view/type/project/avatar/10407?size=medium"}},"customfield_10032":null,"customfield_10033":null,"fixVersions":[],"aggregatetimespent":null,"statusCategory":{"self":"https://defectdojo.atlassian.net/rest/api/2/statuscategory/2","id":2,"key":"new","colorName":"blue-gray","name":"To
        Do"},"customfield_10035":null,"resolution":null,"customfield_10036":null,"customfield_10037":null,"customfield_10027":null,"customfield_10028":null,"customfield_10029":null,"resolutiondate":null,"workratio":-1,"watches":{"self":"https://defectdojo.atlassian.net/rest/api/2/issue/NTEST-2639/watchers","watchCount":1,"isWatching":true},"lastViewed":null,"created":"2025-05-20T21:53:22.352+0200","customfield_10020":null,"customfield_10021":null,"customfield_10022":null,"customfield_10023":null,"priority":{"self":"https://defectdojo.atlassian.net/rest/api/2/priority/2","iconUrl":"https://defectdojo.atlassian.net/images/icons/priorities/high.svg","name":"High","id":"2"},"labels":[],"customfield_10016":null,"customfield_10017":null,"customfield_10018":{"hasEpicLinkFieldDependency":false,"showField":false,"nonEditableReason":{"reason":"PLUGIN_LICENSE_ERROR","message":"The
        Parent Link is only available to Jira Premium users."}},"customfield_10019":"0|i00y13:","timeestimate":null,"aggregatetimeoriginalestimate":null,"versions":[],"issuelinks":[],"assignee":null,"updated":"2025-05-20T21:53:22.438+0200","status":{"self":"https://defectdojo.atlassian.net/rest/api/2/status/10000","description":"","iconUrl":"https://defectdojo.atlassian.net/","name":"Backlog","id":"10000","statusCategory":{"self":"https://defectdojo.atlassian.net/rest/api/2/statuscategory/2","id":2,"key":"new","colorName":"blue-gray","name":"To
        Do"}},"components":[],"customfield_10050":null,"customfield_10051":null,"timeoriginalestimate":null,"customfield_10053":null,"description":"\n\n\n\n\n\n\nA
        group of Findings has been pushed to JIRA to be investigated and fixed:\n\nh2.
        Group\n*Group*: [Findings in: negotiator:0.5.3|http://localhost:8080/finding_group/637]
        in [Security How-to|http://localhost:8080/product/2] / [1st Quarter Engagement|http://localhost:8080/engagement/1]
        / [NPM Audit Scan|http://localhost:8080/test/124]\n\nh2. Summary\n*Severity:*
        High  *Due Date:* None \n\nFindings matching the Active, and Severity criteria:\n||
        Severity || CVE || CWE || Component || Version || Title || Status ||\n|High|[CVE-2019-10321|https://nvd.nist.gov/vuln/detail/CVE-2019-10321]|[300|https://cwe.mitre.org/data/definitions/300.html]|negotiator|0.5.3|[2222Regular
        Expression Denial of Service - (Negotiator, &lt;= 0.6.0)|http://localhost:8080/finding/356]|Active,
        Verified|\n|Medium|[CVE-2016-10539|https://nvd.nist.gov/vuln/detail/CVE-2016-10539]|[400|https://cwe.mitre.org/data/definitions/400.html]|negotiator|0.5.3|[Regular
        Expression Denial of Service - (Negotiator, &lt;= 0.6.0)|http://localhost:8080/finding/355]|Active,
        Verified|\n\nFindings *not* matching the Active, and Severity criteria:\n||
        Severity || CVE || CWE || Component || Version || Title || Status ||\n\n\n\n\n\n\n\n\n\n\nh1.
        Findings\n\nh3. [2222Regular Expression Denial of Service - (Negotiator, &lt;=
        0.6.0)|http://localhost:8080/finding/356]\n*Defect Dojo link:* http://localhost:8080/finding/356
        (356)\n*Severity:* High\n *Due Date:* June 19, 2025 \n *CWE:* [CWE-300|https://cwe.mitre.org/data/definitions/300.html]
        \n*CVE:* [CVE-2019-10321|https://nvd.nist.gov/vuln/detail/CVE-2019-10321]\n\n\n\n\n\n\n*Source
        File*: express&gt;accepts&gt;negotiator\n\n\n\n\n*Description*:\nhttps://nodesecurity.io/advisories/107\nAffected
        versions of `negotiator` are vulnerable to regular expression denial of service
        attacks, which trigger upon parsing a specially crafted `Accept-Language`
        header value.\n\n\n Vulnerable Module: negotiator\n Vulnerable Versions: <=
        0.6.0\n Patched Version: >= 0.6.1\n Vulnerable Paths: \n  - 0.5.3:express>accepts>negotiator\n
        CWE: CWE-300\n Access: public\n\n\n*Mitigation*:\nUpdate to version 0.6.1
        or later.\n\n\n\n*Impact*:\nNo impact provided\n\n\n\n\n\n*References*:\nhttps://nodesecurity.io/advisories/107\n\n\n*Reporter:*
        [(admin) ()|mailto:]\n\n\n\nh1. Findings\n\nh3. [Regular Expression Denial
        of Service - (Negotiator, &lt;= 0.6.0)|http://localhost:8080/finding/355]\n*Defect
        Dojo link:* http://localhost:8080/finding/355 (355)\n*Severity:* Medium\n
        *Due Date:* Aug. 18, 2025 \n *CWE:* [CWE-400|https://cwe.mitre.org/data/definitions/400.html]
        \n*CVE:* [CVE-2016-10539|https://nvd.nist.gov/vuln/detail/CVE-2016-10539]\n\n\n\n\n\n\n*Source
        File*: express&gt;accepts&gt;negotiator\n\n\n\n\n*Description*:\nhttps://nodesecurity.io/advisories/106\nAffected
        versions of `negotiator` are vulnerable to regular expression denial of service
        attacks, which trigger upon parsing a specially crafted `Accept-Language`
        header value.\n\n\n Vulnerable Module: negotiator\n Vulnerable Versions: <=
        0.6.0\n Patched Version: >= 0.6.1\n Vulnerable Paths: \n  - 0.5.3:express>accepts>negotiator\n
        CWE: CWE-400\n Access: public\n\n\n*Mitigation*:\nUpdate to version 0.6.1
        or later.\n\n\n\n*Impact*:\nNo impact provided\n\n\n\n\n\n*References*:\nhttps://nodesecurity.io/advisories/106\n\n\n*Reporter:*
        [(admin) ()|mailto:]\n","customfield_10010":null,"customfield_10055":null,"customfield_10056":null,"customfield_10014":null,"timetracking":{},"customfield_10015":null,"customfield_10005":null,"customfield_10049":null,"customfield_10006":null,"customfield_10007":null,"security":null,"customfield_10008":null,"attachment":[],"customfield_10009":null,"aggregatetimeestimate":null,"summary":"Findings
        in: negotiator:0.5.3","creator":{"self":"https://defectdojo.atlassian.net/rest/api/2/user?accountId=712020%3A292a8b4c-ebd5-44be-bb94-d07c56a14dc5","accountId":"712020:292a8b4c-ebd5-44be-bb94-d07c56a14dc5","emailAddress":"valentijn@defectdojo.com","avatarUrls":{"48x48":"https://secure.gravatar.com/avatar/d05de848fe8cc7816c52a5e34e327bad?d=https%3A%2F%2Favatar-management--avatars.us-west-2.prod.public.atl-paas.net%2Finitials%2FVS-3.png","24x24":"https://secure.gravatar.com/avatar/d05de848fe8cc7816c52a5e34e327bad?d=https%3A%2F%2Favatar-management--avatars.us-west-2.prod.public.atl-paas.net%2Finitials%2FVS-3.png","16x16":"https://secure.gravatar.com/avatar/d05de848fe8cc7816c52a5e34e327bad?d=https%3A%2F%2Favatar-management--avatars.us-west-2.prod.public.atl-paas.net%2Finitials%2FVS-3.png","32x32":"https://secure.gravatar.com/avatar/d05de848fe8cc7816c52a5e34e327bad?d=https%3A%2F%2Favatar-management--avatars.us-west-2.prod.public.atl-paas.net%2Finitials%2FVS-3.png"},"displayName":"Valentijn
        Scholten","active":true,"timeZone":"Europe/Zurich","accountType":"atlassian"},"subtasks":[],"customfield_10040":null,"customfield_10041":null,"customfield_10042":null,"reporter":{"self":"https://defectdojo.atlassian.net/rest/api/2/user?accountId=712020%3A292a8b4c-ebd5-44be-bb94-d07c56a14dc5","accountId":"712020:292a8b4c-ebd5-44be-bb94-d07c56a14dc5","emailAddress":"valentijn@defectdojo.com","avatarUrls":{"48x48":"https://secure.gravatar.com/avatar/d05de848fe8cc7816c52a5e34e327bad?d=https%3A%2F%2Favatar-management--avatars.us-west-2.prod.public.atl-paas.net%2Finitials%2FVS-3.png","24x24":"https://secure.gravatar.com/avatar/d05de848fe8cc7816c52a5e34e327bad?d=https%3A%2F%2Favatar-management--avatars.us-west-2.prod.public.atl-paas.net%2Finitials%2FVS-3.png","16x16":"https://secure.gravatar.com/avatar/d05de848fe8cc7816c52a5e34e327bad?d=https%3A%2F%2Favatar-management--avatars.us-west-2.prod.public.atl-paas.net%2Finitials%2FVS-3.png","32x32":"https://secure.gravatar.com/avatar/d05de848fe8cc7816c52a5e34e327bad?d=https%3A%2F%2Favatar-management--avatars.us-west-2.prod.public.atl-paas.net%2Finitials%2FVS-3.png"},"displayName":"Valentijn
        Scholten","active":true,"timeZone":"Europe/Zurich","accountType":"atlassian"},"customfield_10043":null,"aggregateprogress":{"progress":0,"total":0},"customfield_10044":null,"customfield_10045":null,"customfield_10001":null,"customfield_10046":null,"customfield_10002":[],"customfield_10003":null,"customfield_10047":null,"customfield_10004":null,"customfield_10048":null,"customfield_10038":null,"customfield_10039":null,"environment":null,"duedate":null,"progress":{"progress":0,"total":0},"votes":{"self":"https://defectdojo.atlassian.net/rest/api/2/issue/NTEST-2639/votes","votes":0,"hasVoted":false},"comment":{"comments":[],"self":"https://defectdojo.atlassian.net/rest/api/2/issue/19217/comment","maxResults":0,"total":0,"startAt":0},"worklog":{"startAt":0,"maxResults":20,"total":0,"worklogs":[]}}}'
    headers:
      Atl-Request-Id:
      - 6a155972-6237-4b83-bd09-442f40a9323b
      Atl-Traceid:
      - 6a15597262374b83bd09442f40a9323b
      Cache-Control:
      - no-cache, no-store, no-transform
      Connection:
      - keep-alive
      Content-Encoding:
      - gzip
      Content-Type:
      - application/json;charset=UTF-8
      Date:
      - Tue, 20 May 2025 19:53:23 GMT
      Nel:
      - '{"failure_fraction": 0.001, "include_subdomains": true, "max_age": 600, "report_to":
        "endpoint-1"}'
      Report-To:
      - '{"endpoints": [{"url": "https://dz8aopenkvv6s.cloudfront.net"}], "group":
        "endpoint-1", "include_subdomains": true, "max_age": 600}'
      Server:
      - AtlassianEdge
      Server-Timing:
      - cdn-upstream-layer;desc="EDGE",cdn-upstream-dns;dur=0,cdn-upstream-connect;dur=0,cdn-upstream-fbl;dur=223,atl-edge;dur=215,atl-edge-internal;dur=14,atl-edge-upstream;dur=201,atl-edge-pop;desc="aws-eu-central-1",cdn-cache-miss,cdn-pop;desc="AMS1-P1",cdn-rid;desc="y3BVtsmu4QiooFEZv_qy5U-kqeXPtlsMlUq2IziAYUap1rlq7k04JA==",cdn-downstream-fbl;dur=228
      Strict-Transport-Security:
      - max-age=63072000; includeSubDomains; preload
      Timing-Allow-Origin:
      - '*'
      Transfer-Encoding:
      - chunked
      Vary:
      - Accept-Encoding
      Via:
      - 1.1 29676c2ee539645954aa742bde1ce894.cloudfront.net (CloudFront)
      X-Aaccountid:
      - 712020%3A292a8b4c-ebd5-44be-bb94-d07c56a14dc5
      X-Amz-Cf-Id:
      - y3BVtsmu4QiooFEZv_qy5U-kqeXPtlsMlUq2IziAYUap1rlq7k04JA==
      X-Amz-Cf-Pop:
      - AMS1-P1
      X-Arequestid:
      - b0b13fc61537b7fdfd064d40f4d744ed
      X-Cache:
      - Miss from cloudfront
      X-Content-Type-Options:
      - nosniff
      X-Xss-Protection:
      - 1; mode=block
    status:
      code: 200
      message: OK
- request:
    body: null
    headers:
      Accept:
      - application/json,*/*;q=0.9
      Accept-Encoding:
      - gzip, deflate
      Cache-Control:
      - no-cache
      Connection:
      - keep-alive
      Content-Type:
      - application/json
      User-Agent:
      - python-requests/2.32.3
    method: GET
    uri: https://defectdojo.atlassian.net/rest/api/2/issue/19217
  response:
    body:
      string: '{"expand":"renderedFields,names,schema,operations,editmeta,changelog,versionedRepresentations,customfield_10010.requestTypePractice","id":"19217","self":"https://defectdojo.atlassian.net/rest/api/2/issue/19217","key":"NTEST-2639","fields":{"statuscategorychangedate":"2025-05-20T21:53:22.692+0200","issuetype":{"self":"https://defectdojo.atlassian.net/rest/api/2/issuetype/10002","id":"10002","description":"A
        small, distinct piece of work.","iconUrl":"https://defectdojo.atlassian.net/rest/api/2/universal_avatar/view/type/issuetype/avatar/10318?size=medium","name":"Task","subtask":false,"avatarId":10318,"hierarchyLevel":0},"timespent":null,"customfield_10030":null,"customfield_10031":null,"project":{"self":"https://defectdojo.atlassian.net/rest/api/2/project/10000","id":"10000","key":"NTEST","name":"Unittests","projectTypeKey":"software","simplified":false,"avatarUrls":{"48x48":"https://defectdojo.atlassian.net/rest/api/2/universal_avatar/view/type/project/avatar/10407","24x24":"https://defectdojo.atlassian.net/rest/api/2/universal_avatar/view/type/project/avatar/10407?size=small","16x16":"https://defectdojo.atlassian.net/rest/api/2/universal_avatar/view/type/project/avatar/10407?size=xsmall","32x32":"https://defectdojo.atlassian.net/rest/api/2/universal_avatar/view/type/project/avatar/10407?size=medium"}},"customfield_10032":null,"customfield_10033":null,"fixVersions":[],"aggregatetimespent":null,"statusCategory":{"self":"https://defectdojo.atlassian.net/rest/api/2/statuscategory/2","id":2,"key":"new","colorName":"blue-gray","name":"To
        Do"},"customfield_10035":null,"resolution":null,"customfield_10036":null,"customfield_10037":null,"customfield_10027":null,"customfield_10028":null,"customfield_10029":null,"resolutiondate":null,"workratio":-1,"watches":{"self":"https://defectdojo.atlassian.net/rest/api/2/issue/NTEST-2639/watchers","watchCount":1,"isWatching":true},"lastViewed":null,"created":"2025-05-20T21:53:22.352+0200","customfield_10020":null,"customfield_10021":null,"customfield_10022":null,"customfield_10023":null,"priority":{"self":"https://defectdojo.atlassian.net/rest/api/2/priority/2","iconUrl":"https://defectdojo.atlassian.net/images/icons/priorities/high.svg","name":"High","id":"2"},"labels":[],"customfield_10016":null,"customfield_10017":null,"customfield_10018":{"hasEpicLinkFieldDependency":false,"showField":false,"nonEditableReason":{"reason":"PLUGIN_LICENSE_ERROR","message":"The
        Parent Link is only available to Jira Premium users."}},"customfield_10019":"0|i00y13:","timeestimate":null,"aggregatetimeoriginalestimate":null,"versions":[],"issuelinks":[],"assignee":null,"updated":"2025-05-20T21:53:22.438+0200","status":{"self":"https://defectdojo.atlassian.net/rest/api/2/status/10000","description":"","iconUrl":"https://defectdojo.atlassian.net/","name":"Backlog","id":"10000","statusCategory":{"self":"https://defectdojo.atlassian.net/rest/api/2/statuscategory/2","id":2,"key":"new","colorName":"blue-gray","name":"To
        Do"}},"components":[],"customfield_10050":null,"customfield_10051":null,"timeoriginalestimate":null,"customfield_10053":null,"description":"\n\n\n\n\n\n\nA
        group of Findings has been pushed to JIRA to be investigated and fixed:\n\nh2.
        Group\n*Group*: [Findings in: negotiator:0.5.3|http://localhost:8080/finding_group/637]
        in [Security How-to|http://localhost:8080/product/2] / [1st Quarter Engagement|http://localhost:8080/engagement/1]
        / [NPM Audit Scan|http://localhost:8080/test/124]\n\nh2. Summary\n*Severity:*
        High  *Due Date:* None \n\nFindings matching the Active, and Severity criteria:\n||
        Severity || CVE || CWE || Component || Version || Title || Status ||\n|High|[CVE-2019-10321|https://nvd.nist.gov/vuln/detail/CVE-2019-10321]|[300|https://cwe.mitre.org/data/definitions/300.html]|negotiator|0.5.3|[2222Regular
        Expression Denial of Service - (Negotiator, &lt;= 0.6.0)|http://localhost:8080/finding/356]|Active,
        Verified|\n|Medium|[CVE-2016-10539|https://nvd.nist.gov/vuln/detail/CVE-2016-10539]|[400|https://cwe.mitre.org/data/definitions/400.html]|negotiator|0.5.3|[Regular
        Expression Denial of Service - (Negotiator, &lt;= 0.6.0)|http://localhost:8080/finding/355]|Active,
        Verified|\n\nFindings *not* matching the Active, and Severity criteria:\n||
        Severity || CVE || CWE || Component || Version || Title || Status ||\n\n\n\n\n\n\n\n\n\n\nh1.
        Findings\n\nh3. [2222Regular Expression Denial of Service - (Negotiator, &lt;=
        0.6.0)|http://localhost:8080/finding/356]\n*Defect Dojo link:* http://localhost:8080/finding/356
        (356)\n*Severity:* High\n *Due Date:* June 19, 2025 \n *CWE:* [CWE-300|https://cwe.mitre.org/data/definitions/300.html]
        \n*CVE:* [CVE-2019-10321|https://nvd.nist.gov/vuln/detail/CVE-2019-10321]\n\n\n\n\n\n\n*Source
        File*: express&gt;accepts&gt;negotiator\n\n\n\n\n*Description*:\nhttps://nodesecurity.io/advisories/107\nAffected
        versions of `negotiator` are vulnerable to regular expression denial of service
        attacks, which trigger upon parsing a specially crafted `Accept-Language`
        header value.\n\n\n Vulnerable Module: negotiator\n Vulnerable Versions: <=
        0.6.0\n Patched Version: >= 0.6.1\n Vulnerable Paths: \n  - 0.5.3:express>accepts>negotiator\n
        CWE: CWE-300\n Access: public\n\n\n*Mitigation*:\nUpdate to version 0.6.1
        or later.\n\n\n\n*Impact*:\nNo impact provided\n\n\n\n\n\n*References*:\nhttps://nodesecurity.io/advisories/107\n\n\n*Reporter:*
        [(admin) ()|mailto:]\n\n\n\nh1. Findings\n\nh3. [Regular Expression Denial
        of Service - (Negotiator, &lt;= 0.6.0)|http://localhost:8080/finding/355]\n*Defect
        Dojo link:* http://localhost:8080/finding/355 (355)\n*Severity:* Medium\n
        *Due Date:* Aug. 18, 2025 \n *CWE:* [CWE-400|https://cwe.mitre.org/data/definitions/400.html]
        \n*CVE:* [CVE-2016-10539|https://nvd.nist.gov/vuln/detail/CVE-2016-10539]\n\n\n\n\n\n\n*Source
        File*: express&gt;accepts&gt;negotiator\n\n\n\n\n*Description*:\nhttps://nodesecurity.io/advisories/106\nAffected
        versions of `negotiator` are vulnerable to regular expression denial of service
        attacks, which trigger upon parsing a specially crafted `Accept-Language`
        header value.\n\n\n Vulnerable Module: negotiator\n Vulnerable Versions: <=
        0.6.0\n Patched Version: >= 0.6.1\n Vulnerable Paths: \n  - 0.5.3:express>accepts>negotiator\n
        CWE: CWE-400\n Access: public\n\n\n*Mitigation*:\nUpdate to version 0.6.1
        or later.\n\n\n\n*Impact*:\nNo impact provided\n\n\n\n\n\n*References*:\nhttps://nodesecurity.io/advisories/106\n\n\n*Reporter:*
        [(admin) ()|mailto:]\n","customfield_10010":null,"customfield_10055":null,"customfield_10056":null,"customfield_10014":null,"timetracking":{},"customfield_10015":null,"customfield_10005":null,"customfield_10049":null,"customfield_10006":null,"customfield_10007":null,"security":null,"customfield_10008":null,"attachment":[],"customfield_10009":null,"aggregatetimeestimate":null,"summary":"Findings
        in: negotiator:0.5.3","creator":{"self":"https://defectdojo.atlassian.net/rest/api/2/user?accountId=712020%3A292a8b4c-ebd5-44be-bb94-d07c56a14dc5","accountId":"712020:292a8b4c-ebd5-44be-bb94-d07c56a14dc5","emailAddress":"valentijn@defectdojo.com","avatarUrls":{"48x48":"https://secure.gravatar.com/avatar/d05de848fe8cc7816c52a5e34e327bad?d=https%3A%2F%2Favatar-management--avatars.us-west-2.prod.public.atl-paas.net%2Finitials%2FVS-3.png","24x24":"https://secure.gravatar.com/avatar/d05de848fe8cc7816c52a5e34e327bad?d=https%3A%2F%2Favatar-management--avatars.us-west-2.prod.public.atl-paas.net%2Finitials%2FVS-3.png","16x16":"https://secure.gravatar.com/avatar/d05de848fe8cc7816c52a5e34e327bad?d=https%3A%2F%2Favatar-management--avatars.us-west-2.prod.public.atl-paas.net%2Finitials%2FVS-3.png","32x32":"https://secure.gravatar.com/avatar/d05de848fe8cc7816c52a5e34e327bad?d=https%3A%2F%2Favatar-management--avatars.us-west-2.prod.public.atl-paas.net%2Finitials%2FVS-3.png"},"displayName":"Valentijn
        Scholten","active":true,"timeZone":"Europe/Zurich","accountType":"atlassian"},"subtasks":[],"customfield_10040":null,"customfield_10041":null,"customfield_10042":null,"reporter":{"self":"https://defectdojo.atlassian.net/rest/api/2/user?accountId=712020%3A292a8b4c-ebd5-44be-bb94-d07c56a14dc5","accountId":"712020:292a8b4c-ebd5-44be-bb94-d07c56a14dc5","emailAddress":"valentijn@defectdojo.com","avatarUrls":{"48x48":"https://secure.gravatar.com/avatar/d05de848fe8cc7816c52a5e34e327bad?d=https%3A%2F%2Favatar-management--avatars.us-west-2.prod.public.atl-paas.net%2Finitials%2FVS-3.png","24x24":"https://secure.gravatar.com/avatar/d05de848fe8cc7816c52a5e34e327bad?d=https%3A%2F%2Favatar-management--avatars.us-west-2.prod.public.atl-paas.net%2Finitials%2FVS-3.png","16x16":"https://secure.gravatar.com/avatar/d05de848fe8cc7816c52a5e34e327bad?d=https%3A%2F%2Favatar-management--avatars.us-west-2.prod.public.atl-paas.net%2Finitials%2FVS-3.png","32x32":"https://secure.gravatar.com/avatar/d05de848fe8cc7816c52a5e34e327bad?d=https%3A%2F%2Favatar-management--avatars.us-west-2.prod.public.atl-paas.net%2Finitials%2FVS-3.png"},"displayName":"Valentijn
        Scholten","active":true,"timeZone":"Europe/Zurich","accountType":"atlassian"},"customfield_10043":null,"aggregateprogress":{"progress":0,"total":0},"customfield_10044":null,"customfield_10045":null,"customfield_10001":null,"customfield_10046":null,"customfield_10002":[],"customfield_10003":null,"customfield_10047":null,"customfield_10004":null,"customfield_10048":null,"customfield_10038":null,"customfield_10039":null,"environment":null,"duedate":null,"progress":{"progress":0,"total":0},"votes":{"self":"https://defectdojo.atlassian.net/rest/api/2/issue/NTEST-2639/votes","votes":0,"hasVoted":false},"comment":{"comments":[],"self":"https://defectdojo.atlassian.net/rest/api/2/issue/19217/comment","maxResults":0,"total":0,"startAt":0},"worklog":{"startAt":0,"maxResults":20,"total":0,"worklogs":[]}}}'
    headers:
      Atl-Request-Id:
      - 01da54ea-34b5-44ba-8015-a8d15fc232aa
      Atl-Traceid:
      - 01da54ea34b544ba8015a8d15fc232aa
      Cache-Control:
      - no-cache, no-store, no-transform
      Connection:
      - keep-alive
      Content-Encoding:
      - gzip
      Content-Type:
      - application/json;charset=UTF-8
      Date:
      - Tue, 20 May 2025 19:53:23 GMT
      Nel:
      - '{"failure_fraction": 0.001, "include_subdomains": true, "max_age": 600, "report_to":
        "endpoint-1"}'
      Report-To:
      - '{"endpoints": [{"url": "https://dz8aopenkvv6s.cloudfront.net"}], "group":
        "endpoint-1", "include_subdomains": true, "max_age": 600}'
      Server:
      - AtlassianEdge
      Server-Timing:
      - cdn-cache-miss,cdn-pop;desc="AMS1-P1",cdn-rid;desc="i3wM6b4DeflAx4cN6l5nc8U62IeNmQK8okQh9mxcghIyLwa1gT04Kw==",cdn-downstream-fbl;dur=240,cdn-upstream-layer;desc="EDGE",cdn-upstream-dns;dur=0,cdn-upstream-connect;dur=21,cdn-upstream-fbl;dur=237,atl-edge;dur=208,atl-edge-internal;dur=14,atl-edge-upstream;dur=194,atl-edge-pop;desc="aws-eu-central-1"
      Strict-Transport-Security:
      - max-age=63072000; includeSubDomains; preload
      Timing-Allow-Origin:
      - '*'
      Transfer-Encoding:
      - chunked
      Vary:
      - Accept-Encoding
      Via:
      - 1.1 13a0a1a7b326f5c854b35536576cfe0e.cloudfront.net (CloudFront)
      X-Aaccountid:
      - 712020%3A292a8b4c-ebd5-44be-bb94-d07c56a14dc5
      X-Amz-Cf-Id:
      - i3wM6b4DeflAx4cN6l5nc8U62IeNmQK8okQh9mxcghIyLwa1gT04Kw==
      X-Amz-Cf-Pop:
      - AMS1-P1
      X-Arequestid:
      - 40d13d60ffcf980d6fcd927b799d4113
      X-Cache:
      - Miss from cloudfront
      X-Content-Type-Options:
      - nosniff
      X-Xss-Protection:
      - 1; mode=block
    status:
      code: 200
      message: OK
- request:
    body: null
    headers:
      Accept:
      - application/json,*/*;q=0.9
      Accept-Encoding:
      - gzip, deflate
      Cache-Control:
      - no-cache
      Connection:
      - keep-alive
      Content-Type:
      - application/json
      User-Agent:
      - python-requests/2.32.3
    method: GET
    uri: https://defectdojo.atlassian.net/rest/api/2/serverInfo
  response:
    body:
      string: '{"baseUrl":"https://defectdojo.atlassian.net","displayUrl":"https://defectdojo.atlassian.net","displayUrlServicedeskHelpCenter":"https://defectdojo.atlassian.net","displayUrlConfluence":"https://defectdojo.atlassian.net","version":"1001.0.0-SNAPSHOT","versionNumbers":[1001,0,0],"deploymentType":"Cloud","buildNumber":100283,"buildDate":"2025-05-19T14:58:42.000+0200","serverTime":"2025-05-20T21:53:23.614+0200","scmInfo":"f8932c93bd159910951acd497204161705f6d7b8","serverTitle":"Jira","defaultLocale":{"locale":"en_US"},"serverTimeZone":"Etc/UTC"}'
    headers:
      Atl-Request-Id:
      - 582e1ff3-24ff-4eba-b9c2-86db831994dc
      Atl-Traceid:
      - 582e1ff324ff4ebab9c286db831994dc
      Cache-Control:
      - no-cache, no-store, no-transform
      Connection:
      - keep-alive
      Content-Encoding:
      - gzip
      Content-Type:
      - application/json;charset=UTF-8
      Date:
      - Tue, 20 May 2025 19:53:23 GMT
      Nel:
      - '{"failure_fraction": 0.001, "include_subdomains": true, "max_age": 600, "report_to":
        "endpoint-1"}'
      Report-To:
      - '{"endpoints": [{"url": "https://dz8aopenkvv6s.cloudfront.net"}], "group":
        "endpoint-1", "include_subdomains": true, "max_age": 600}'
      Server:
      - AtlassianEdge
      Server-Timing:
      - cdn-upstream-layer;desc="EDGE",cdn-upstream-dns;dur=0,cdn-upstream-connect;dur=0,cdn-upstream-fbl;dur=114,atl-edge;dur=106,atl-edge-internal;dur=14,atl-edge-upstream;dur=93,atl-edge-pop;desc="aws-eu-central-1",cdn-cache-miss,cdn-pop;desc="AMS1-P1",cdn-rid;desc="sOPXFvZLBdObaGYA6iA-9tmYl0wF-dNpPv86Gnqo3mdxxpZqNipUGA==",cdn-downstream-fbl;dur=120
      Strict-Transport-Security:
      - max-age=63072000; includeSubDomains; preload
      Timing-Allow-Origin:
      - '*'
      Transfer-Encoding:
      - chunked
      Vary:
      - Accept-Encoding
      Via:
      - 1.1 19f569e782b5b925c41d8bc4e292cc7a.cloudfront.net (CloudFront)
      X-Aaccountid:
      - 712020%3A292a8b4c-ebd5-44be-bb94-d07c56a14dc5
      X-Amz-Cf-Id:
      - sOPXFvZLBdObaGYA6iA-9tmYl0wF-dNpPv86Gnqo3mdxxpZqNipUGA==
      X-Amz-Cf-Pop:
      - AMS1-P1
      X-Arequestid:
      - 11c90d5d432b0670f96abcd289a3f73e
      X-Cache:
      - Miss from cloudfront
      X-Content-Type-Options:
      - nosniff
      X-Xss-Protection:
      - 1; mode=block
    status:
      code: 200
      message: OK
- request:
    body: null
    headers:
      Accept:
      - application/json,*/*;q=0.9
      Accept-Encoding:
      - gzip, deflate
      Cache-Control:
      - no-cache
      Connection:
      - keep-alive
      Content-Type:
      - application/json
      User-Agent:
      - python-requests/2.32.3
    method: GET
    uri: https://defectdojo.atlassian.net/rest/api/2/issue/createmeta?projectKeys=NTEST&issuetypeNames=Task&expand=projects.issuetypes.fields
  response:
    body:
      string: '{"expand":"projects","projects":[{"expand":"issuetypes","self":"https://defectdojo.atlassian.net/rest/api/2/project/10000","id":"10000","key":"NTEST","name":"Unittests","avatarUrls":{"48x48":"https://defectdojo.atlassian.net/rest/api/2/universal_avatar/view/type/project/avatar/10407","24x24":"https://defectdojo.atlassian.net/rest/api/2/universal_avatar/view/type/project/avatar/10407?size=small","16x16":"https://defectdojo.atlassian.net/rest/api/2/universal_avatar/view/type/project/avatar/10407?size=xsmall","32x32":"https://defectdojo.atlassian.net/rest/api/2/universal_avatar/view/type/project/avatar/10407?size=medium"},"issuetypes":[{"self":"https://defectdojo.atlassian.net/rest/api/2/issuetype/10002","id":"10002","description":"A
        small, distinct piece of work.","iconUrl":"https://defectdojo.atlassian.net/rest/api/2/universal_avatar/view/type/issuetype/avatar/10318?size=medium","name":"Task","untranslatedName":"Task","subtask":false,"hierarchyLevel":0,"expand":"fields","fields":{"summary":{"required":true,"schema":{"type":"string","system":"summary"},"name":"Summary","key":"summary","hasDefaultValue":false,"operations":["set"]},"issuetype":{"required":true,"schema":{"type":"issuetype","system":"issuetype"},"name":"Issue
        Type","key":"issuetype","hasDefaultValue":false,"operations":[],"allowedValues":[{"self":"https://defectdojo.atlassian.net/rest/api/2/issuetype/10002","id":"10002","description":"A
        small, distinct piece of work.","iconUrl":"https://defectdojo.atlassian.net/rest/api/2/universal_avatar/view/type/issuetype/avatar/10318?size=medium","name":"Task","subtask":false,"avatarId":10318,"hierarchyLevel":0}]},"parent":{"required":false,"schema":{"type":"issuelink","system":"parent"},"name":"Parent","key":"parent","hasDefaultValue":false,"operations":["set"]},"components":{"required":false,"schema":{"type":"array","items":"component","system":"components"},"name":"Components","key":"components","hasDefaultValue":false,"operations":["add","set","remove"],"allowedValues":[]},"description":{"required":false,"schema":{"type":"string","system":"description"},"name":"Description","key":"description","hasDefaultValue":false,"operations":["set"]},"project":{"required":true,"schema":{"type":"project","system":"project"},"name":"Project","key":"project","hasDefaultValue":false,"operations":["set"],"allowedValues":[{"self":"https://defectdojo.atlassian.net/rest/api/2/project/10000","id":"10000","key":"NTEST","name":"Unittests","projectTypeKey":"software","simplified":false,"avatarUrls":{"48x48":"https://defectdojo.atlassian.net/rest/api/2/universal_avatar/view/type/project/avatar/10407","24x24":"https://defectdojo.atlassian.net/rest/api/2/universal_avatar/view/type/project/avatar/10407?size=small","16x16":"https://defectdojo.atlassian.net/rest/api/2/universal_avatar/view/type/project/avatar/10407?size=xsmall","32x32":"https://defectdojo.atlassian.net/rest/api/2/universal_avatar/view/type/project/avatar/10407?size=medium"}}]},"fixVersions":{"required":false,"schema":{"type":"array","items":"version","system":"fixVersions"},"name":"Fix
        versions","key":"fixVersions","hasDefaultValue":false,"operations":["set","add","remove"],"allowedValues":[]},"priority":{"required":false,"schema":{"type":"priority","system":"priority"},"name":"Priority","key":"priority","hasDefaultValue":true,"operations":["set"],"allowedValues":[{"self":"https://defectdojo.atlassian.net/rest/api/2/priority/1","iconUrl":"https://defectdojo.atlassian.net/images/icons/priorities/highest.svg","name":"Highest","id":"1"},{"self":"https://defectdojo.atlassian.net/rest/api/2/priority/2","iconUrl":"https://defectdojo.atlassian.net/images/icons/priorities/high.svg","name":"High","id":"2"},{"self":"https://defectdojo.atlassian.net/rest/api/2/priority/3","iconUrl":"https://defectdojo.atlassian.net/images/icons/priorities/medium.svg","name":"Medium","id":"3"},{"self":"https://defectdojo.atlassian.net/rest/api/2/priority/4","iconUrl":"https://defectdojo.atlassian.net/images/icons/priorities/low.svg","name":"Low","id":"4"},{"self":"https://defectdojo.atlassian.net/rest/api/2/priority/5","iconUrl":"https://defectdojo.atlassian.net/images/icons/priorities/lowest.svg","name":"Lowest","id":"5"}],"defaultValue":{"self":"https://defectdojo.atlassian.net/rest/api/2/priority/3","iconUrl":"https://defectdojo.atlassian.net/images/icons/priorities/medium.svg","name":"Medium","id":"3"}},"customfield_10014":{"required":false,"schema":{"type":"any","custom":"com.pyxis.greenhopper.jira:gh-epic-link","customId":10014},"name":"Epic
        Link","key":"customfield_10014","hasDefaultValue":false,"operations":["set"]},"labels":{"required":false,"schema":{"type":"array","items":"string","system":"labels"},"name":"Labels","key":"labels","autoCompleteUrl":"https://defectdojo.atlassian.net/rest/api/1.0/labels/suggest?query=","hasDefaultValue":false,"operations":["add","set","remove"]},"attachment":{"required":false,"schema":{"type":"array","items":"attachment","system":"attachment"},"name":"Attachment","key":"attachment","hasDefaultValue":false,"operations":["set","copy"]},"issuelinks":{"required":false,"schema":{"type":"array","items":"issuelinks","system":"issuelinks"},"name":"Linked
        Issues","key":"issuelinks","autoCompleteUrl":"https://defectdojo.atlassian.net/rest/api/2/issue/picker?currentProjectId=&showSubTaskParent=true&showSubTasks=true&currentIssueKey=null&query=","hasDefaultValue":false,"operations":["add","copy"]},"assignee":{"required":false,"schema":{"type":"user","system":"assignee"},"name":"Assignee","key":"assignee","autoCompleteUrl":"https://defectdojo.atlassian.net/rest/api/2/user/assignable/search?project=NTEST&query=","hasDefaultValue":false,"operations":["set"]}}}]}]}'
    headers:
      Atl-Request-Id:
      - 2487759f-1d11-4a75-9daf-58d50a3b8266
      Atl-Traceid:
      - 2487759f1d114a759daf58d50a3b8266
      Cache-Control:
      - no-cache, no-store, no-transform
      Connection:
      - keep-alive
      Content-Encoding:
      - gzip
      Content-Type:
      - application/json;charset=UTF-8
      Date:
      - Tue, 20 May 2025 19:53:23 GMT
      Nel:
      - '{"failure_fraction": 0.001, "include_subdomains": true, "max_age": 600, "report_to":
        "endpoint-1"}'
      Report-To:
      - '{"endpoints": [{"url": "https://dz8aopenkvv6s.cloudfront.net"}], "group":
        "endpoint-1", "include_subdomains": true, "max_age": 600}'
      Server:
      - AtlassianEdge
      Server-Timing:
      - cdn-upstream-layer;desc="EDGE",cdn-upstream-dns;dur=0,cdn-upstream-connect;dur=6,cdn-upstream-fbl;dur=259,atl-edge;dur=234,atl-edge-internal;dur=15,atl-edge-upstream;dur=219,atl-edge-pop;desc="aws-eu-central-1",cdn-cache-miss,cdn-pop;desc="AMS1-P1",cdn-rid;desc="fAokiOen-rx_co2S0irL3o4LHu-bGVTnQtAhD1ab8IO-uNX-GIeKuw==",cdn-downstream-fbl;dur=265
      Strict-Transport-Security:
      - max-age=63072000; includeSubDomains; preload
      Timing-Allow-Origin:
      - '*'
      Transfer-Encoding:
      - chunked
      Vary:
      - Accept-Encoding
      Via:
      - 1.1 00f66bc6263192200d1a0cdb83e969f8.cloudfront.net (CloudFront)
      Warning:
      - 'The issue create meta endpoint has been deprecated. (Deprecation start date:
        June 03, 2024)'
      X-Aaccountid:
      - 712020%3A292a8b4c-ebd5-44be-bb94-d07c56a14dc5
      X-Amz-Cf-Id:
      - fAokiOen-rx_co2S0irL3o4LHu-bGVTnQtAhD1ab8IO-uNX-GIeKuw==
      X-Amz-Cf-Pop:
      - AMS1-P1
      X-Arequestid:
      - 44798ca96e53e82fceb067cdc6ec9f5d
      X-Cache:
      - Miss from cloudfront
      X-Content-Type-Options:
      - nosniff
      X-Xss-Protection:
      - 1; mode=block
    status:
      code: 200
      message: OK
- request:
    body: '{"fields": {"project": {"key": "NTEST"}, "issuetype": {"name": "Task"},
      "summary": "Findings in: pg:5.1.0", "description": "\n\n\n\n\n\n\nA group of
      Findings has been pushed to JIRA to be investigated and fixed:\n\nh2. Group\n*Group*:
      [Findings in: pg:5.1.0|http://localhost:8080/finding_group/638] in [Security
      How-to|http://localhost:8080/product/2] / [1st Quarter Engagement|http://localhost:8080/engagement/1]
      / [NPM Audit Scan|http://localhost:8080/test/124]\n\nh2. Summary\n*Severity:*
      High  *Due Date:* None \n\nFindings matching the Active, and Severity criteria:\n||
      Severity || CVE || CWE || Component || Version || Title || Status ||\n|High|[CVE-2017-16082|https://nvd.nist.gov/vuln/detail/CVE-2017-16082]|[94|https://cwe.mitre.org/data/definitions/94.html]|pg|5.1.0|[Remote
      Code Execution - (Pg, &lt; 2.11.2  &gt;= 3.0.0 &lt; 3.6.4   &gt;= 4.0.0 &lt;
      4.5.7  &gt;= 5.0.0 &lt; 5.2.1  &gt;= 6.0.0 &lt; 6.0.5  &gt;= 6.1.0 &lt; 6.1.6  &gt;=
      6.2.0 &lt; 6.2.5  &gt;= 6.3.0 &lt; 6.3.3  &gt;= 6.4.0 &lt; 6.4.2  &gt;= 7.0.0
      &lt; 7.0.2  &gt;= 7.1.0 &lt; 7.1.2)|http://localhost:8080/finding/357]|Active,
      Verified|\n|Medium|[CVE-2019-16082|https://nvd.nist.gov/vuln/detail/CVE-2019-16082]|[94|https://cwe.mitre.org/data/definitions/94.html]|pg|5.1.0|[2222Remote
      Code Execution - (Pg, &lt; 2.11.2  &gt;= 3.0.0 &lt; 3.6.4   &gt;= 4.0.0 &lt;
      4.5.7  &gt;= 5.0.0 &lt; 5.2.1  &gt;= 6.0.0 &lt; 6.0.5  &gt;= 6.1.0 &lt; 6.1.6  &gt;=
      6.2.0 &lt; 6.2.5  &gt;= 6.3.0 &lt; 6.3.3  &gt;= 6.4.0 &lt; 6.4.2  &gt;= 7.0.0
      &lt; 7.0.2  &gt;= 7.1.0 &lt; 7.1.2)|http://localhost:8080/finding/359]|Active,
      Verified|\n\nFindings *not* matching the Active, and Severity criteria:\n||
      Severity || CVE || CWE || Component || Version || Title || Status ||\n\n\n\n\n\n\n\n\n\n\nh1.
      Findings\n\nh3. [Remote Code Execution - (Pg, &lt; 2.11.2  &gt;= 3.0.0 &lt;
      3.6.4   &gt;= 4.0.0 &lt; 4.5.7  &gt;= 5.0.0 &lt; 5.2.1  &gt;= 6.0.0 &lt; 6.0.5  &gt;=
      6.1.0 &lt; 6.1.6  &gt;= 6.2.0 &lt; 6.2.5  &gt;= 6.3.0 &lt; 6.3.3  &gt;= 6.4.0
      &lt; 6.4.2  &gt;= 7.0.0 &lt; 7.0.2  &gt;= 7.1.0 &lt; 7.1.2)|http://localhost:8080/finding/357]\n*Defect
      Dojo link:* http://localhost:8080/finding/357 (357)\n*Severity:* High\n *Due
      Date:* June 19, 2025 \n *CWE:* [CWE-94|https://cwe.mitre.org/data/definitions/94.html]
      \n*CVE:* [CVE-2017-16082|https://nvd.nist.gov/vuln/detail/CVE-2017-16082]\n\n\n\n\n\n\n*Source
      File*: pg-promise&gt;pg\n\n\n\n\n*Description*:\nhttps://nodesecurity.io/advisories/521\nAffected
      versions of `pg` contain a remote code execution vulnerability that occurs when
      the remote database or query specifies a crafted column name. \n\nThere are
      two specific scenarios in which it is likely for an application to be vulnerable:\n1.
      The application executes unsafe, user-supplied sql which contains malicious
      column names.\n2. The application connects to an untrusted database and executes
      a query returning results which contain a malicious column name.\n\n## Proof
      of Concept\n```\nconst { Client } = require(''pg'')\nconst client = new Client()\nclient.connect()\n\nconst
      sql = `SELECT 1 AS \"\\\\''/*\", 2 AS \"\\\\''*/\\n + console.log(process.env)]
      = null;\\n//\"`\n\nclient.query(sql, (err, res) => {\n  client.end()\n})\n```\n
      Vulnerable Module: pg\n Vulnerable Versions: < 2.11.2 || >= 3.0.0 < 3.6.4 ||  >=
      4.0.0 < 4.5.7 || >= 5.0.0 < 5.2.1 || >= 6.0.0 < 6.0.5 || >= 6.1.0 < 6.1.6 ||
      >= 6.2.0 < 6.2.5 || >= 6.3.0 < 6.3.3 || >= 6.4.0 < 6.4.2 || >= 7.0.0 < 7.0.2
      || >= 7.1.0 < 7.1.2\n Patched Version: >= 2.11.2 < 3.0.0|| >= 3.6.4 < 4.0.0
      ||  >= 4.5.7 < 5.0.0 || >= 5.2.1 < 6.0.0 || >= 6.0.5  < 6.1.0 || >= 6.1.6 <
      6.2.0 || >= 6.2.5 < 6.3.0 || >= 6.3.3 < 6.4.0 || >= 6.4.2 < 7.0.0 || >= 7.0.2
      < 7.1.0 || >= 7.1.2\n Vulnerable Paths: \n  - 5.1.0:pg-promise>pg\n CWE: CWE-94\n
      Access: public\n\n\n*Mitigation*:\n* Version 2.x.x: Update to version 2.11.2
      or later.\n* Version 3.x.x: Update to version 3.6.4 or later.\n* Version 4.x.x:
      Update to version 4.5.7 or later.\n* Version 5.x.x: Update to version 5.2.1
      or later.\n* Version 6.x.x: Update to version 6.4.2 or later. ( Note that versions
      6.1.6, 6.2.5, and 6.3.3 are also patched. )\n* Version 7.x.x: Update to version
      7.1.2 or later. ( Note that version 7.0.2 is also patched. )\n\n\n\n*Impact*:\nNo
      impact provided\n\n\n\n\n\n*References*:\nhttps://nodesecurity.io/advisories/521\n\n\n*Reporter:*
      [(admin) ()|mailto:]\n\n\n\nh1. Findings\n\nh3. [2222Remote Code Execution -
      (Pg, &lt; 2.11.2  &gt;= 3.0.0 &lt; 3.6.4   &gt;= 4.0.0 &lt; 4.5.7  &gt;= 5.0.0
      &lt; 5.2.1  &gt;= 6.0.0 &lt; 6.0.5  &gt;= 6.1.0 &lt; 6.1.6  &gt;= 6.2.0 &lt;
      6.2.5  &gt;= 6.3.0 &lt; 6.3.3  &gt;= 6.4.0 &lt; 6.4.2  &gt;= 7.0.0 &lt; 7.0.2  &gt;=
      7.1.0 &lt; 7.1.2)|http://localhost:8080/finding/359]\n*Defect Dojo link:* http://localhost:8080/finding/359
      (359)\n*Severity:* Medium\n *Due Date:* Aug. 18, 2025 \n *CWE:* [CWE-94|https://cwe.mitre.org/data/definitions/94.html]
      \n*CVE:* [CVE-2019-16082|https://nvd.nist.gov/vuln/detail/CVE-2019-16082]\n\n\n\n\n\n\n*Source
      File*: pg-promise&gt;pg\n\n\n\n\n*Description*:\nhttps://nodesecurity.io/advisories/522\nAffected
      versions of `pg` contain a remote code execution vulnerability that occurs when
      the remote database or query specifies a crafted column name. \n\nThere are
      two specific scenarios in which it is likely for an application to be vulnerable:\n1.
      The application executes unsafe, user-supplied sql which contains malicious
      column names.\n2. The application connects to an untrusted database and executes
      a query returning results which contain a malicious column name.\n\n## Proof
      of Concept\n```\nconst { Client } = require(''pg'')\nconst client = new Client()\nclient.connect()\n\nconst
      sql = `SELECT 1 AS \"\\\\''/*\", 2 AS \"\\\\''*/\\n + console.log(process.env)]
      = null;\\n//\"`\n\nclient.query(sql, (err, res) => {\n  client.end()\n})\n```\n
      Vulnerable Module: pg\n Vulnerable Versions: < 2.11.2 || >= 3.0.0 < 3.6.4 ||  >=
      4.0.0 < 4.5.7 || >= 5.0.0 < 5.2.1 || >= 6.0.0 < 6.0.5 || >= 6.1.0 < 6.1.6 ||
      >= 6.2.0 < 6.2.5 || >= 6.3.0 < 6.3.3 || >= 6.4.0 < 6.4.2 || >= 7.0.0 < 7.0.2
      || >= 7.1.0 < 7.1.2\n Patched Version: >= 2.11.2 < 3.0.0|| >= 3.6.4 < 4.0.0
      ||  >= 4.5.7 < 5.0.0 || >= 5.2.1 < 6.0.0 || >= 6.0.5  < 6.1.0 || >= 6.1.6 <
      6.2.0 || >= 6.2.5 < 6.3.0 || >= 6.3.3 < 6.4.0 || >= 6.4.2 < 7.0.0 || >= 7.0.2
      < 7.1.0 || >= 7.1.2\n Vulnerable Paths: \n  - 5.1.0:pg-promise>pg\n CWE: CWE-94\n
      Access: public\n\n\n*Mitigation*:\n* Version 2.x.x: Update to version 2.11.2
      or later.\n* Version 3.x.x: Update to version 3.6.4 or later.\n* Version 4.x.x:
      Update to version 4.5.7 or later.\n* Version 5.x.x: Update to version 5.2.1
      or later.\n* Version 6.x.x: Update to version 6.4.2 or later. ( Note that versions
      6.1.6, 6.2.5, and 6.3.3 are also patched. )\n* Version 7.x.x: Update to version
      7.1.2 or later. ( Note that version 7.0.2 is also patched. )\n\n\n\n*Impact*:\nNo
      impact provided\n\n\n\n\n\n*References*:\nhttps://nodesecurity.io/advisories/522\n\n\n*Reporter:*
      [(admin) ()|mailto:]\n", "priority": {"name": "High"}}}'
    headers:
      Accept:
      - application/json,*/*;q=0.9
      Accept-Encoding:
      - gzip, deflate
      Cache-Control:
      - no-cache
      Connection:
      - keep-alive
      Content-Length:
      - '6972'
      Content-Type:
      - application/json
      User-Agent:
      - python-requests/2.32.3
    method: POST
    uri: https://defectdojo.atlassian.net/rest/api/2/issue
  response:
    body:
      string: '{"id":"19218","key":"NTEST-2640","self":"https://defectdojo.atlassian.net/rest/api/2/issue/19218"}'
    headers:
      Atl-Request-Id:
      - 977a9b00-0453-490d-b3d4-835ed4e22fe7
      Atl-Traceid:
      - 977a9b000453490db3d4835ed4e22fe7
      Cache-Control:
      - no-cache, no-store, no-transform
      Connection:
      - keep-alive
      Content-Type:
      - application/json;charset=UTF-8
      Date:
      - Tue, 20 May 2025 19:53:24 GMT
      Nel:
      - '{"failure_fraction": 0.001, "include_subdomains": true, "max_age": 600, "report_to":
        "endpoint-1"}'
      Report-To:
      - '{"endpoints": [{"url": "https://dz8aopenkvv6s.cloudfront.net"}], "group":
        "endpoint-1", "include_subdomains": true, "max_age": 600}'
      Server:
      - AtlassianEdge
      Server-Timing:
      - cdn-upstream-layer;desc="EDGE",cdn-upstream-dns;dur=0,cdn-upstream-connect;dur=0,cdn-upstream-fbl;dur=667,atl-edge;dur=660,atl-edge-internal;dur=15,atl-edge-upstream;dur=645,atl-edge-pop;desc="aws-eu-central-1",cdn-cache-miss,cdn-pop;desc="AMS1-P1",cdn-rid;desc="VEgF7nXPzDM_Ibu-teXdOUMxzYWfpOa8ipuPGeWZ-0CR6FAwwMtc-g==",cdn-downstream-fbl;dur=672
      Strict-Transport-Security:
      - max-age=63072000; includeSubDomains; preload
      Timing-Allow-Origin:
      - '*'
      Transfer-Encoding:
      - chunked
      Vary:
      - Accept-Encoding
      Via:
      - 1.1 490623df85c571a18ba7da1511cc969e.cloudfront.net (CloudFront)
      X-Aaccountid:
      - 712020%3A292a8b4c-ebd5-44be-bb94-d07c56a14dc5
      X-Amz-Cf-Id:
      - VEgF7nXPzDM_Ibu-teXdOUMxzYWfpOa8ipuPGeWZ-0CR6FAwwMtc-g==
      X-Amz-Cf-Pop:
      - AMS1-P1
      X-Arequestid:
      - d6156f43401c1564d30ce22cd4c7f641
      X-Cache:
      - Miss from cloudfront
      X-Content-Type-Options:
      - nosniff
      X-Xss-Protection:
      - 1; mode=block
    status:
      code: 201
      message: Created
- request:
    body: null
    headers:
      Accept:
      - application/json,*/*;q=0.9
      Accept-Encoding:
      - gzip, deflate
      Cache-Control:
      - no-cache
      Connection:
      - keep-alive
      Content-Type:
      - application/json
      User-Agent:
      - python-requests/2.32.3
    method: GET
    uri: https://defectdojo.atlassian.net/rest/api/2/issue/NTEST-2640
  response:
    body:
      string: '{"expand":"renderedFields,names,schema,operations,editmeta,changelog,versionedRepresentations,customfield_10010.requestTypePractice","id":"19218","self":"https://defectdojo.atlassian.net/rest/api/2/issue/19218","key":"NTEST-2640","fields":{"statuscategorychangedate":"2025-05-20T21:53:24.695+0200","issuetype":{"self":"https://defectdojo.atlassian.net/rest/api/2/issuetype/10002","id":"10002","description":"A
        small, distinct piece of work.","iconUrl":"https://defectdojo.atlassian.net/rest/api/2/universal_avatar/view/type/issuetype/avatar/10318?size=medium","name":"Task","subtask":false,"avatarId":10318,"hierarchyLevel":0},"timespent":null,"customfield_10030":null,"customfield_10031":null,"project":{"self":"https://defectdojo.atlassian.net/rest/api/2/project/10000","id":"10000","key":"NTEST","name":"Unittests","projectTypeKey":"software","simplified":false,"avatarUrls":{"48x48":"https://defectdojo.atlassian.net/rest/api/2/universal_avatar/view/type/project/avatar/10407","24x24":"https://defectdojo.atlassian.net/rest/api/2/universal_avatar/view/type/project/avatar/10407?size=small","16x16":"https://defectdojo.atlassian.net/rest/api/2/universal_avatar/view/type/project/avatar/10407?size=xsmall","32x32":"https://defectdojo.atlassian.net/rest/api/2/universal_avatar/view/type/project/avatar/10407?size=medium"}},"customfield_10032":null,"customfield_10033":null,"fixVersions":[],"aggregatetimespent":null,"statusCategory":{"self":"https://defectdojo.atlassian.net/rest/api/2/statuscategory/2","id":2,"key":"new","colorName":"blue-gray","name":"To
        Do"},"customfield_10035":null,"resolution":null,"customfield_10036":null,"customfield_10037":null,"customfield_10027":null,"customfield_10028":null,"customfield_10029":null,"resolutiondate":null,"workratio":-1,"watches":{"self":"https://defectdojo.atlassian.net/rest/api/2/issue/NTEST-2640/watchers","watchCount":1,"isWatching":true},"lastViewed":null,"created":"2025-05-20T21:53:24.410+0200","customfield_10020":null,"customfield_10021":null,"customfield_10022":null,"customfield_10023":null,"priority":{"self":"https://defectdojo.atlassian.net/rest/api/2/priority/2","iconUrl":"https://defectdojo.atlassian.net/images/icons/priorities/high.svg","name":"High","id":"2"},"labels":[],"customfield_10016":null,"customfield_10017":null,"customfield_10018":{"hasEpicLinkFieldDependency":false,"showField":false,"nonEditableReason":{"reason":"PLUGIN_LICENSE_ERROR","message":"The
        Parent Link is only available to Jira Premium users."}},"customfield_10019":"0|i00y1b:","timeestimate":null,"aggregatetimeoriginalestimate":null,"versions":[],"issuelinks":[],"assignee":null,"updated":"2025-05-20T21:53:24.489+0200","status":{"self":"https://defectdojo.atlassian.net/rest/api/2/status/10000","description":"","iconUrl":"https://defectdojo.atlassian.net/","name":"Backlog","id":"10000","statusCategory":{"self":"https://defectdojo.atlassian.net/rest/api/2/statuscategory/2","id":2,"key":"new","colorName":"blue-gray","name":"To
        Do"}},"components":[],"customfield_10050":null,"customfield_10051":null,"timeoriginalestimate":null,"customfield_10053":null,"description":"\n\n\n\n\n\n\nA
        group of Findings has been pushed to JIRA to be investigated and fixed:\n\nh2.
        Group\n*Group*: [Findings in: pg:5.1.0|http://localhost:8080/finding_group/638]
        in [Security How-to|http://localhost:8080/product/2] / [1st Quarter Engagement|http://localhost:8080/engagement/1]
        / [NPM Audit Scan|http://localhost:8080/test/124]\n\nh2. Summary\n*Severity:*
        High  *Due Date:* None \n\nFindings matching the Active, and Severity criteria:\n||
        Severity || CVE || CWE || Component || Version || Title || Status ||\n|High|[CVE-2017-16082|https://nvd.nist.gov/vuln/detail/CVE-2017-16082]|[94|https://cwe.mitre.org/data/definitions/94.html]|pg|5.1.0|[Remote
        Code Execution - (Pg, &lt; 2.11.2  &gt;= 3.0.0 &lt; 3.6.4   &gt;= 4.0.0 &lt;
        4.5.7  &gt;= 5.0.0 &lt; 5.2.1  &gt;= 6.0.0 &lt; 6.0.5  &gt;= 6.1.0 &lt; 6.1.6  &gt;=
        6.2.0 &lt; 6.2.5  &gt;= 6.3.0 &lt; 6.3.3  &gt;= 6.4.0 &lt; 6.4.2  &gt;= 7.0.0
        &lt; 7.0.2  &gt;= 7.1.0 &lt; 7.1.2)|http://localhost:8080/finding/357]|Active,
        Verified|\n|Medium|[CVE-2019-16082|https://nvd.nist.gov/vuln/detail/CVE-2019-16082]|[94|https://cwe.mitre.org/data/definitions/94.html]|pg|5.1.0|[2222Remote
        Code Execution - (Pg, &lt; 2.11.2  &gt;= 3.0.0 &lt; 3.6.4   &gt;= 4.0.0 &lt;
        4.5.7  &gt;= 5.0.0 &lt; 5.2.1  &gt;= 6.0.0 &lt; 6.0.5  &gt;= 6.1.0 &lt; 6.1.6  &gt;=
        6.2.0 &lt; 6.2.5  &gt;= 6.3.0 &lt; 6.3.3  &gt;= 6.4.0 &lt; 6.4.2  &gt;= 7.0.0
        &lt; 7.0.2  &gt;= 7.1.0 &lt; 7.1.2)|http://localhost:8080/finding/359]|Active,
        Verified|\n\nFindings *not* matching the Active, and Severity criteria:\n||
        Severity || CVE || CWE || Component || Version || Title || Status ||\n\n\n\n\n\n\n\n\n\n\nh1.
        Findings\n\nh3. [Remote Code Execution - (Pg, &lt; 2.11.2  &gt;= 3.0.0 &lt;
        3.6.4   &gt;= 4.0.0 &lt; 4.5.7  &gt;= 5.0.0 &lt; 5.2.1  &gt;= 6.0.0 &lt; 6.0.5  &gt;=
        6.1.0 &lt; 6.1.6  &gt;= 6.2.0 &lt; 6.2.5  &gt;= 6.3.0 &lt; 6.3.3  &gt;= 6.4.0
        &lt; 6.4.2  &gt;= 7.0.0 &lt; 7.0.2  &gt;= 7.1.0 &lt; 7.1.2)|http://localhost:8080/finding/357]\n*Defect
        Dojo link:* http://localhost:8080/finding/357 (357)\n*Severity:* High\n *Due
        Date:* June 19, 2025 \n *CWE:* [CWE-94|https://cwe.mitre.org/data/definitions/94.html]
        \n*CVE:* [CVE-2017-16082|https://nvd.nist.gov/vuln/detail/CVE-2017-16082]\n\n\n\n\n\n\n*Source
        File*: pg-promise&gt;pg\n\n\n\n\n*Description*:\nhttps://nodesecurity.io/advisories/521\nAffected
        versions of `pg` contain a remote code execution vulnerability that occurs
        when the remote database or query specifies a crafted column name. \n\nThere
        are two specific scenarios in which it is likely for an application to be
        vulnerable:\n1. The application executes unsafe, user-supplied sql which contains
        malicious column names.\n2. The application connects to an untrusted database
        and executes a query returning results which contain a malicious column name.\n\n##
        Proof of Concept\n```\nconst { Client } = require(''pg'')\nconst client =
        new Client()\nclient.connect()\n\nconst sql = `SELECT 1 AS \"\\\\''/*\", 2
        AS \"\\\\''*/\\n + console.log(process.env)] = null;\\n//\"`\n\nclient.query(sql,
        (err, res) => {\n  client.end()\n})\n```\n Vulnerable Module: pg\n Vulnerable
        Versions: < 2.11.2 || >= 3.0.0 < 3.6.4 ||  >= 4.0.0 < 4.5.7 || >= 5.0.0 <
        5.2.1 || >= 6.0.0 < 6.0.5 || >= 6.1.0 < 6.1.6 || >= 6.2.0 < 6.2.5 || >= 6.3.0
        < 6.3.3 || >= 6.4.0 < 6.4.2 || >= 7.0.0 < 7.0.2 || >= 7.1.0 < 7.1.2\n Patched
        Version: >= 2.11.2 < 3.0.0|| >= 3.6.4 < 4.0.0 ||  >= 4.5.7 < 5.0.0 || >= 5.2.1
        < 6.0.0 || >= 6.0.5  < 6.1.0 || >= 6.1.6 < 6.2.0 || >= 6.2.5 < 6.3.0 || >=
        6.3.3 < 6.4.0 || >= 6.4.2 < 7.0.0 || >= 7.0.2 < 7.1.0 || >= 7.1.2\n Vulnerable
        Paths: \n  - 5.1.0:pg-promise>pg\n CWE: CWE-94\n Access: public\n\n\n*Mitigation*:\n*
        Version 2.x.x: Update to version 2.11.2 or later.\n* Version 3.x.x: Update
        to version 3.6.4 or later.\n* Version 4.x.x: Update to version 4.5.7 or later.\n*
        Version 5.x.x: Update to version 5.2.1 or later.\n* Version 6.x.x: Update
        to version 6.4.2 or later. ( Note that versions 6.1.6, 6.2.5, and 6.3.3 are
        also patched. )\n* Version 7.x.x: Update to version 7.1.2 or later. ( Note
        that version 7.0.2 is also patched. )\n\n\n\n*Impact*:\nNo impact provided\n\n\n\n\n\n*References*:\nhttps://nodesecurity.io/advisories/521\n\n\n*Reporter:*
        [(admin) ()|mailto:]\n\n\n\nh1. Findings\n\nh3. [2222Remote Code Execution
        - (Pg, &lt; 2.11.2  &gt;= 3.0.0 &lt; 3.6.4   &gt;= 4.0.0 &lt; 4.5.7  &gt;=
        5.0.0 &lt; 5.2.1  &gt;= 6.0.0 &lt; 6.0.5  &gt;= 6.1.0 &lt; 6.1.6  &gt;= 6.2.0
        &lt; 6.2.5  &gt;= 6.3.0 &lt; 6.3.3  &gt;= 6.4.0 &lt; 6.4.2  &gt;= 7.0.0 &lt;
        7.0.2  &gt;= 7.1.0 &lt; 7.1.2)|http://localhost:8080/finding/359]\n*Defect
        Dojo link:* http://localhost:8080/finding/359 (359)\n*Severity:* Medium\n
        *Due Date:* Aug. 18, 2025 \n *CWE:* [CWE-94|https://cwe.mitre.org/data/definitions/94.html]
        \n*CVE:* [CVE-2019-16082|https://nvd.nist.gov/vuln/detail/CVE-2019-16082]\n\n\n\n\n\n\n*Source
        File*: pg-promise&gt;pg\n\n\n\n\n*Description*:\nhttps://nodesecurity.io/advisories/522\nAffected
        versions of `pg` contain a remote code execution vulnerability that occurs
        when the remote database or query specifies a crafted column name. \n\nThere
        are two specific scenarios in which it is likely for an application to be
        vulnerable:\n1. The application executes unsafe, user-supplied sql which contains
        malicious column names.\n2. The application connects to an untrusted database
        and executes a query returning results which contain a malicious column name.\n\n##
        Proof of Concept\n```\nconst { Client } = require(''pg'')\nconst client =
        new Client()\nclient.connect()\n\nconst sql = `SELECT 1 AS \"\\\\''/*\", 2
        AS \"\\\\''*/\\n + console.log(process.env)] = null;\\n//\"`\n\nclient.query(sql,
        (err, res) => {\n  client.end()\n})\n```\n Vulnerable Module: pg\n Vulnerable
        Versions: < 2.11.2 || >= 3.0.0 < 3.6.4 ||  >= 4.0.0 < 4.5.7 || >= 5.0.0 <
        5.2.1 || >= 6.0.0 < 6.0.5 || >= 6.1.0 < 6.1.6 || >= 6.2.0 < 6.2.5 || >= 6.3.0
        < 6.3.3 || >= 6.4.0 < 6.4.2 || >= 7.0.0 < 7.0.2 || >= 7.1.0 < 7.1.2\n Patched
        Version: >= 2.11.2 < 3.0.0|| >= 3.6.4 < 4.0.0 ||  >= 4.5.7 < 5.0.0 || >= 5.2.1
        < 6.0.0 || >= 6.0.5  < 6.1.0 || >= 6.1.6 < 6.2.0 || >= 6.2.5 < 6.3.0 || >=
        6.3.3 < 6.4.0 || >= 6.4.2 < 7.0.0 || >= 7.0.2 < 7.1.0 || >= 7.1.2\n Vulnerable
        Paths: \n  - 5.1.0:pg-promise>pg\n CWE: CWE-94\n Access: public\n\n\n*Mitigation*:\n*
        Version 2.x.x: Update to version 2.11.2 or later.\n* Version 3.x.x: Update
        to version 3.6.4 or later.\n* Version 4.x.x: Update to version 4.5.7 or later.\n*
        Version 5.x.x: Update to version 5.2.1 or later.\n* Version 6.x.x: Update
        to version 6.4.2 or later. ( Note that versions 6.1.6, 6.2.5, and 6.3.3 are
        also patched. )\n* Version 7.x.x: Update to version 7.1.2 or later. ( Note
        that version 7.0.2 is also patched. )\n\n\n\n*Impact*:\nNo impact provided\n\n\n\n\n\n*References*:\nhttps://nodesecurity.io/advisories/522\n\n\n*Reporter:*
        [(admin) ()|mailto:]\n","customfield_10010":null,"customfield_10055":null,"customfield_10056":null,"customfield_10014":null,"timetracking":{},"customfield_10015":null,"customfield_10005":null,"customfield_10049":null,"customfield_10006":null,"customfield_10007":null,"security":null,"customfield_10008":null,"attachment":[],"customfield_10009":null,"aggregatetimeestimate":null,"summary":"Findings
        in: pg:5.1.0","creator":{"self":"https://defectdojo.atlassian.net/rest/api/2/user?accountId=712020%3A292a8b4c-ebd5-44be-bb94-d07c56a14dc5","accountId":"712020:292a8b4c-ebd5-44be-bb94-d07c56a14dc5","emailAddress":"valentijn@defectdojo.com","avatarUrls":{"48x48":"https://secure.gravatar.com/avatar/d05de848fe8cc7816c52a5e34e327bad?d=https%3A%2F%2Favatar-management--avatars.us-west-2.prod.public.atl-paas.net%2Finitials%2FVS-3.png","24x24":"https://secure.gravatar.com/avatar/d05de848fe8cc7816c52a5e34e327bad?d=https%3A%2F%2Favatar-management--avatars.us-west-2.prod.public.atl-paas.net%2Finitials%2FVS-3.png","16x16":"https://secure.gravatar.com/avatar/d05de848fe8cc7816c52a5e34e327bad?d=https%3A%2F%2Favatar-management--avatars.us-west-2.prod.public.atl-paas.net%2Finitials%2FVS-3.png","32x32":"https://secure.gravatar.com/avatar/d05de848fe8cc7816c52a5e34e327bad?d=https%3A%2F%2Favatar-management--avatars.us-west-2.prod.public.atl-paas.net%2Finitials%2FVS-3.png"},"displayName":"Valentijn
        Scholten","active":true,"timeZone":"Europe/Zurich","accountType":"atlassian"},"subtasks":[],"customfield_10040":null,"customfield_10041":null,"customfield_10042":null,"reporter":{"self":"https://defectdojo.atlassian.net/rest/api/2/user?accountId=712020%3A292a8b4c-ebd5-44be-bb94-d07c56a14dc5","accountId":"712020:292a8b4c-ebd5-44be-bb94-d07c56a14dc5","emailAddress":"valentijn@defectdojo.com","avatarUrls":{"48x48":"https://secure.gravatar.com/avatar/d05de848fe8cc7816c52a5e34e327bad?d=https%3A%2F%2Favatar-management--avatars.us-west-2.prod.public.atl-paas.net%2Finitials%2FVS-3.png","24x24":"https://secure.gravatar.com/avatar/d05de848fe8cc7816c52a5e34e327bad?d=https%3A%2F%2Favatar-management--avatars.us-west-2.prod.public.atl-paas.net%2Finitials%2FVS-3.png","16x16":"https://secure.gravatar.com/avatar/d05de848fe8cc7816c52a5e34e327bad?d=https%3A%2F%2Favatar-management--avatars.us-west-2.prod.public.atl-paas.net%2Finitials%2FVS-3.png","32x32":"https://secure.gravatar.com/avatar/d05de848fe8cc7816c52a5e34e327bad?d=https%3A%2F%2Favatar-management--avatars.us-west-2.prod.public.atl-paas.net%2Finitials%2FVS-3.png"},"displayName":"Valentijn
        Scholten","active":true,"timeZone":"Europe/Zurich","accountType":"atlassian"},"customfield_10043":null,"aggregateprogress":{"progress":0,"total":0},"customfield_10044":null,"customfield_10045":null,"customfield_10001":null,"customfield_10046":null,"customfield_10002":[],"customfield_10003":null,"customfield_10047":null,"customfield_10004":null,"customfield_10048":null,"customfield_10038":null,"customfield_10039":null,"environment":null,"duedate":null,"progress":{"progress":0,"total":0},"votes":{"self":"https://defectdojo.atlassian.net/rest/api/2/issue/NTEST-2640/votes","votes":0,"hasVoted":false},"comment":{"comments":[],"self":"https://defectdojo.atlassian.net/rest/api/2/issue/19218/comment","maxResults":0,"total":0,"startAt":0},"worklog":{"startAt":0,"maxResults":20,"total":0,"worklogs":[]}}}'
    headers:
      Atl-Request-Id:
      - d5baa390-0b78-4947-bd19-3457b3f20119
      Atl-Traceid:
      - d5baa3900b784947bd193457b3f20119
      Cache-Control:
      - no-cache, no-store, no-transform
      Connection:
      - keep-alive
      Content-Encoding:
      - gzip
      Content-Type:
      - application/json;charset=UTF-8
      Date:
      - Tue, 20 May 2025 19:53:25 GMT
      Nel:
      - '{"failure_fraction": 0.001, "include_subdomains": true, "max_age": 600, "report_to":
        "endpoint-1"}'
      Report-To:
      - '{"endpoints": [{"url": "https://dz8aopenkvv6s.cloudfront.net"}], "group":
        "endpoint-1", "include_subdomains": true, "max_age": 600}'
      Server:
      - AtlassianEdge
      Server-Timing:
      - cdn-upstream-layer;desc="EDGE",cdn-upstream-dns;dur=0,cdn-upstream-connect;dur=0,cdn-upstream-fbl;dur=251,atl-edge;dur=243,atl-edge-internal;dur=15,atl-edge-upstream;dur=229,atl-edge-pop;desc="aws-eu-central-1",cdn-cache-miss,cdn-pop;desc="AMS1-P1",cdn-rid;desc="kLIbjWnsmZOQGJ7HnyHpJCtw60ihQ14WLfIuG90uwpHtjFVmtpLdkA==",cdn-downstream-fbl;dur=257
      Strict-Transport-Security:
      - max-age=63072000; includeSubDomains; preload
      Timing-Allow-Origin:
      - '*'
      Transfer-Encoding:
      - chunked
      Vary:
      - Accept-Encoding
      Via:
      - 1.1 a4583a5b47f0a64ec35be32f95ac1b46.cloudfront.net (CloudFront)
      X-Aaccountid:
      - 712020%3A292a8b4c-ebd5-44be-bb94-d07c56a14dc5
      X-Amz-Cf-Id:
      - kLIbjWnsmZOQGJ7HnyHpJCtw60ihQ14WLfIuG90uwpHtjFVmtpLdkA==
      X-Amz-Cf-Pop:
      - AMS1-P1
      X-Arequestid:
      - 9fdae60e282aad5f5fce1cb02dd1376d
      X-Cache:
      - Miss from cloudfront
      X-Content-Type-Options:
      - nosniff
      X-Xss-Protection:
      - 1; mode=block
    status:
      code: 200
      message: OK
- request:
    body: null
    headers:
      Accept:
      - application/json,*/*;q=0.9
      Accept-Encoding:
      - gzip, deflate
      Cache-Control:
      - no-cache
      Connection:
      - keep-alive
      Content-Type:
      - application/json
      User-Agent:
      - python-requests/2.32.3
    method: GET
    uri: https://defectdojo.atlassian.net/rest/api/2/issue/19218
  response:
    body:
      string: '{"expand":"renderedFields,names,schema,operations,editmeta,changelog,versionedRepresentations,customfield_10010.requestTypePractice","id":"19218","self":"https://defectdojo.atlassian.net/rest/api/2/issue/19218","key":"NTEST-2640","fields":{"statuscategorychangedate":"2025-05-20T21:53:24.695+0200","issuetype":{"self":"https://defectdojo.atlassian.net/rest/api/2/issuetype/10002","id":"10002","description":"A
        small, distinct piece of work.","iconUrl":"https://defectdojo.atlassian.net/rest/api/2/universal_avatar/view/type/issuetype/avatar/10318?size=medium","name":"Task","subtask":false,"avatarId":10318,"hierarchyLevel":0},"timespent":null,"customfield_10030":null,"customfield_10031":null,"project":{"self":"https://defectdojo.atlassian.net/rest/api/2/project/10000","id":"10000","key":"NTEST","name":"Unittests","projectTypeKey":"software","simplified":false,"avatarUrls":{"48x48":"https://defectdojo.atlassian.net/rest/api/2/universal_avatar/view/type/project/avatar/10407","24x24":"https://defectdojo.atlassian.net/rest/api/2/universal_avatar/view/type/project/avatar/10407?size=small","16x16":"https://defectdojo.atlassian.net/rest/api/2/universal_avatar/view/type/project/avatar/10407?size=xsmall","32x32":"https://defectdojo.atlassian.net/rest/api/2/universal_avatar/view/type/project/avatar/10407?size=medium"}},"customfield_10032":null,"customfield_10033":null,"fixVersions":[],"aggregatetimespent":null,"statusCategory":{"self":"https://defectdojo.atlassian.net/rest/api/2/statuscategory/2","id":2,"key":"new","colorName":"blue-gray","name":"To
        Do"},"customfield_10035":null,"resolution":null,"customfield_10036":null,"customfield_10037":null,"customfield_10027":null,"customfield_10028":null,"customfield_10029":null,"resolutiondate":null,"workratio":-1,"watches":{"self":"https://defectdojo.atlassian.net/rest/api/2/issue/NTEST-2640/watchers","watchCount":1,"isWatching":true},"lastViewed":null,"created":"2025-05-20T21:53:24.410+0200","customfield_10020":null,"customfield_10021":null,"customfield_10022":null,"customfield_10023":null,"priority":{"self":"https://defectdojo.atlassian.net/rest/api/2/priority/2","iconUrl":"https://defectdojo.atlassian.net/images/icons/priorities/high.svg","name":"High","id":"2"},"labels":[],"customfield_10016":null,"customfield_10017":null,"customfield_10018":{"hasEpicLinkFieldDependency":false,"showField":false,"nonEditableReason":{"reason":"PLUGIN_LICENSE_ERROR","message":"The
        Parent Link is only available to Jira Premium users."}},"customfield_10019":"0|i00y1b:","timeestimate":null,"aggregatetimeoriginalestimate":null,"versions":[],"issuelinks":[],"assignee":null,"updated":"2025-05-20T21:53:24.489+0200","status":{"self":"https://defectdojo.atlassian.net/rest/api/2/status/10000","description":"","iconUrl":"https://defectdojo.atlassian.net/","name":"Backlog","id":"10000","statusCategory":{"self":"https://defectdojo.atlassian.net/rest/api/2/statuscategory/2","id":2,"key":"new","colorName":"blue-gray","name":"To
        Do"}},"components":[],"customfield_10050":null,"customfield_10051":null,"timeoriginalestimate":null,"customfield_10053":null,"description":"\n\n\n\n\n\n\nA
        group of Findings has been pushed to JIRA to be investigated and fixed:\n\nh2.
        Group\n*Group*: [Findings in: pg:5.1.0|http://localhost:8080/finding_group/638]
        in [Security How-to|http://localhost:8080/product/2] / [1st Quarter Engagement|http://localhost:8080/engagement/1]
        / [NPM Audit Scan|http://localhost:8080/test/124]\n\nh2. Summary\n*Severity:*
        High  *Due Date:* None \n\nFindings matching the Active, and Severity criteria:\n||
        Severity || CVE || CWE || Component || Version || Title || Status ||\n|High|[CVE-2017-16082|https://nvd.nist.gov/vuln/detail/CVE-2017-16082]|[94|https://cwe.mitre.org/data/definitions/94.html]|pg|5.1.0|[Remote
        Code Execution - (Pg, &lt; 2.11.2  &gt;= 3.0.0 &lt; 3.6.4   &gt;= 4.0.0 &lt;
        4.5.7  &gt;= 5.0.0 &lt; 5.2.1  &gt;= 6.0.0 &lt; 6.0.5  &gt;= 6.1.0 &lt; 6.1.6  &gt;=
        6.2.0 &lt; 6.2.5  &gt;= 6.3.0 &lt; 6.3.3  &gt;= 6.4.0 &lt; 6.4.2  &gt;= 7.0.0
        &lt; 7.0.2  &gt;= 7.1.0 &lt; 7.1.2)|http://localhost:8080/finding/357]|Active,
        Verified|\n|Medium|[CVE-2019-16082|https://nvd.nist.gov/vuln/detail/CVE-2019-16082]|[94|https://cwe.mitre.org/data/definitions/94.html]|pg|5.1.0|[2222Remote
        Code Execution - (Pg, &lt; 2.11.2  &gt;= 3.0.0 &lt; 3.6.4   &gt;= 4.0.0 &lt;
        4.5.7  &gt;= 5.0.0 &lt; 5.2.1  &gt;= 6.0.0 &lt; 6.0.5  &gt;= 6.1.0 &lt; 6.1.6  &gt;=
        6.2.0 &lt; 6.2.5  &gt;= 6.3.0 &lt; 6.3.3  &gt;= 6.4.0 &lt; 6.4.2  &gt;= 7.0.0
        &lt; 7.0.2  &gt;= 7.1.0 &lt; 7.1.2)|http://localhost:8080/finding/359]|Active,
        Verified|\n\nFindings *not* matching the Active, and Severity criteria:\n||
        Severity || CVE || CWE || Component || Version || Title || Status ||\n\n\n\n\n\n\n\n\n\n\nh1.
        Findings\n\nh3. [Remote Code Execution - (Pg, &lt; 2.11.2  &gt;= 3.0.0 &lt;
        3.6.4   &gt;= 4.0.0 &lt; 4.5.7  &gt;= 5.0.0 &lt; 5.2.1  &gt;= 6.0.0 &lt; 6.0.5  &gt;=
        6.1.0 &lt; 6.1.6  &gt;= 6.2.0 &lt; 6.2.5  &gt;= 6.3.0 &lt; 6.3.3  &gt;= 6.4.0
        &lt; 6.4.2  &gt;= 7.0.0 &lt; 7.0.2  &gt;= 7.1.0 &lt; 7.1.2)|http://localhost:8080/finding/357]\n*Defect
        Dojo link:* http://localhost:8080/finding/357 (357)\n*Severity:* High\n *Due
        Date:* June 19, 2025 \n *CWE:* [CWE-94|https://cwe.mitre.org/data/definitions/94.html]
        \n*CVE:* [CVE-2017-16082|https://nvd.nist.gov/vuln/detail/CVE-2017-16082]\n\n\n\n\n\n\n*Source
        File*: pg-promise&gt;pg\n\n\n\n\n*Description*:\nhttps://nodesecurity.io/advisories/521\nAffected
        versions of `pg` contain a remote code execution vulnerability that occurs
        when the remote database or query specifies a crafted column name. \n\nThere
        are two specific scenarios in which it is likely for an application to be
        vulnerable:\n1. The application executes unsafe, user-supplied sql which contains
        malicious column names.\n2. The application connects to an untrusted database
        and executes a query returning results which contain a malicious column name.\n\n##
        Proof of Concept\n```\nconst { Client } = require(''pg'')\nconst client =
        new Client()\nclient.connect()\n\nconst sql = `SELECT 1 AS \"\\\\''/*\", 2
        AS \"\\\\''*/\\n + console.log(process.env)] = null;\\n//\"`\n\nclient.query(sql,
        (err, res) => {\n  client.end()\n})\n```\n Vulnerable Module: pg\n Vulnerable
        Versions: < 2.11.2 || >= 3.0.0 < 3.6.4 ||  >= 4.0.0 < 4.5.7 || >= 5.0.0 <
        5.2.1 || >= 6.0.0 < 6.0.5 || >= 6.1.0 < 6.1.6 || >= 6.2.0 < 6.2.5 || >= 6.3.0
        < 6.3.3 || >= 6.4.0 < 6.4.2 || >= 7.0.0 < 7.0.2 || >= 7.1.0 < 7.1.2\n Patched
        Version: >= 2.11.2 < 3.0.0|| >= 3.6.4 < 4.0.0 ||  >= 4.5.7 < 5.0.0 || >= 5.2.1
        < 6.0.0 || >= 6.0.5  < 6.1.0 || >= 6.1.6 < 6.2.0 || >= 6.2.5 < 6.3.0 || >=
        6.3.3 < 6.4.0 || >= 6.4.2 < 7.0.0 || >= 7.0.2 < 7.1.0 || >= 7.1.2\n Vulnerable
        Paths: \n  - 5.1.0:pg-promise>pg\n CWE: CWE-94\n Access: public\n\n\n*Mitigation*:\n*
        Version 2.x.x: Update to version 2.11.2 or later.\n* Version 3.x.x: Update
        to version 3.6.4 or later.\n* Version 4.x.x: Update to version 4.5.7 or later.\n*
        Version 5.x.x: Update to version 5.2.1 or later.\n* Version 6.x.x: Update
        to version 6.4.2 or later. ( Note that versions 6.1.6, 6.2.5, and 6.3.3 are
        also patched. )\n* Version 7.x.x: Update to version 7.1.2 or later. ( Note
        that version 7.0.2 is also patched. )\n\n\n\n*Impact*:\nNo impact provided\n\n\n\n\n\n*References*:\nhttps://nodesecurity.io/advisories/521\n\n\n*Reporter:*
        [(admin) ()|mailto:]\n\n\n\nh1. Findings\n\nh3. [2222Remote Code Execution
        - (Pg, &lt; 2.11.2  &gt;= 3.0.0 &lt; 3.6.4   &gt;= 4.0.0 &lt; 4.5.7  &gt;=
        5.0.0 &lt; 5.2.1  &gt;= 6.0.0 &lt; 6.0.5  &gt;= 6.1.0 &lt; 6.1.6  &gt;= 6.2.0
        &lt; 6.2.5  &gt;= 6.3.0 &lt; 6.3.3  &gt;= 6.4.0 &lt; 6.4.2  &gt;= 7.0.0 &lt;
        7.0.2  &gt;= 7.1.0 &lt; 7.1.2)|http://localhost:8080/finding/359]\n*Defect
        Dojo link:* http://localhost:8080/finding/359 (359)\n*Severity:* Medium\n
        *Due Date:* Aug. 18, 2025 \n *CWE:* [CWE-94|https://cwe.mitre.org/data/definitions/94.html]
        \n*CVE:* [CVE-2019-16082|https://nvd.nist.gov/vuln/detail/CVE-2019-16082]\n\n\n\n\n\n\n*Source
        File*: pg-promise&gt;pg\n\n\n\n\n*Description*:\nhttps://nodesecurity.io/advisories/522\nAffected
        versions of `pg` contain a remote code execution vulnerability that occurs
        when the remote database or query specifies a crafted column name. \n\nThere
        are two specific scenarios in which it is likely for an application to be
        vulnerable:\n1. The application executes unsafe, user-supplied sql which contains
        malicious column names.\n2. The application connects to an untrusted database
        and executes a query returning results which contain a malicious column name.\n\n##
        Proof of Concept\n```\nconst { Client } = require(''pg'')\nconst client =
        new Client()\nclient.connect()\n\nconst sql = `SELECT 1 AS \"\\\\''/*\", 2
        AS \"\\\\''*/\\n + console.log(process.env)] = null;\\n//\"`\n\nclient.query(sql,
        (err, res) => {\n  client.end()\n})\n```\n Vulnerable Module: pg\n Vulnerable
        Versions: < 2.11.2 || >= 3.0.0 < 3.6.4 ||  >= 4.0.0 < 4.5.7 || >= 5.0.0 <
        5.2.1 || >= 6.0.0 < 6.0.5 || >= 6.1.0 < 6.1.6 || >= 6.2.0 < 6.2.5 || >= 6.3.0
        < 6.3.3 || >= 6.4.0 < 6.4.2 || >= 7.0.0 < 7.0.2 || >= 7.1.0 < 7.1.2\n Patched
        Version: >= 2.11.2 < 3.0.0|| >= 3.6.4 < 4.0.0 ||  >= 4.5.7 < 5.0.0 || >= 5.2.1
        < 6.0.0 || >= 6.0.5  < 6.1.0 || >= 6.1.6 < 6.2.0 || >= 6.2.5 < 6.3.0 || >=
        6.3.3 < 6.4.0 || >= 6.4.2 < 7.0.0 || >= 7.0.2 < 7.1.0 || >= 7.1.2\n Vulnerable
        Paths: \n  - 5.1.0:pg-promise>pg\n CWE: CWE-94\n Access: public\n\n\n*Mitigation*:\n*
        Version 2.x.x: Update to version 2.11.2 or later.\n* Version 3.x.x: Update
        to version 3.6.4 or later.\n* Version 4.x.x: Update to version 4.5.7 or later.\n*
        Version 5.x.x: Update to version 5.2.1 or later.\n* Version 6.x.x: Update
        to version 6.4.2 or later. ( Note that versions 6.1.6, 6.2.5, and 6.3.3 are
        also patched. )\n* Version 7.x.x: Update to version 7.1.2 or later. ( Note
        that version 7.0.2 is also patched. )\n\n\n\n*Impact*:\nNo impact provided\n\n\n\n\n\n*References*:\nhttps://nodesecurity.io/advisories/522\n\n\n*Reporter:*
        [(admin) ()|mailto:]\n","customfield_10010":null,"customfield_10055":null,"customfield_10056":null,"customfield_10014":null,"timetracking":{},"customfield_10015":null,"customfield_10005":null,"customfield_10049":null,"customfield_10006":null,"customfield_10007":null,"security":null,"customfield_10008":null,"attachment":[],"customfield_10009":null,"aggregatetimeestimate":null,"summary":"Findings
        in: pg:5.1.0","creator":{"self":"https://defectdojo.atlassian.net/rest/api/2/user?accountId=712020%3A292a8b4c-ebd5-44be-bb94-d07c56a14dc5","accountId":"712020:292a8b4c-ebd5-44be-bb94-d07c56a14dc5","emailAddress":"valentijn@defectdojo.com","avatarUrls":{"48x48":"https://secure.gravatar.com/avatar/d05de848fe8cc7816c52a5e34e327bad?d=https%3A%2F%2Favatar-management--avatars.us-west-2.prod.public.atl-paas.net%2Finitials%2FVS-3.png","24x24":"https://secure.gravatar.com/avatar/d05de848fe8cc7816c52a5e34e327bad?d=https%3A%2F%2Favatar-management--avatars.us-west-2.prod.public.atl-paas.net%2Finitials%2FVS-3.png","16x16":"https://secure.gravatar.com/avatar/d05de848fe8cc7816c52a5e34e327bad?d=https%3A%2F%2Favatar-management--avatars.us-west-2.prod.public.atl-paas.net%2Finitials%2FVS-3.png","32x32":"https://secure.gravatar.com/avatar/d05de848fe8cc7816c52a5e34e327bad?d=https%3A%2F%2Favatar-management--avatars.us-west-2.prod.public.atl-paas.net%2Finitials%2FVS-3.png"},"displayName":"Valentijn
        Scholten","active":true,"timeZone":"Europe/Zurich","accountType":"atlassian"},"subtasks":[],"customfield_10040":null,"customfield_10041":null,"customfield_10042":null,"reporter":{"self":"https://defectdojo.atlassian.net/rest/api/2/user?accountId=712020%3A292a8b4c-ebd5-44be-bb94-d07c56a14dc5","accountId":"712020:292a8b4c-ebd5-44be-bb94-d07c56a14dc5","emailAddress":"valentijn@defectdojo.com","avatarUrls":{"48x48":"https://secure.gravatar.com/avatar/d05de848fe8cc7816c52a5e34e327bad?d=https%3A%2F%2Favatar-management--avatars.us-west-2.prod.public.atl-paas.net%2Finitials%2FVS-3.png","24x24":"https://secure.gravatar.com/avatar/d05de848fe8cc7816c52a5e34e327bad?d=https%3A%2F%2Favatar-management--avatars.us-west-2.prod.public.atl-paas.net%2Finitials%2FVS-3.png","16x16":"https://secure.gravatar.com/avatar/d05de848fe8cc7816c52a5e34e327bad?d=https%3A%2F%2Favatar-management--avatars.us-west-2.prod.public.atl-paas.net%2Finitials%2FVS-3.png","32x32":"https://secure.gravatar.com/avatar/d05de848fe8cc7816c52a5e34e327bad?d=https%3A%2F%2Favatar-management--avatars.us-west-2.prod.public.atl-paas.net%2Finitials%2FVS-3.png"},"displayName":"Valentijn
        Scholten","active":true,"timeZone":"Europe/Zurich","accountType":"atlassian"},"customfield_10043":null,"aggregateprogress":{"progress":0,"total":0},"customfield_10044":null,"customfield_10045":null,"customfield_10001":null,"customfield_10046":null,"customfield_10002":[],"customfield_10003":null,"customfield_10047":null,"customfield_10004":null,"customfield_10048":null,"customfield_10038":null,"customfield_10039":null,"environment":null,"duedate":null,"progress":{"progress":0,"total":0},"votes":{"self":"https://defectdojo.atlassian.net/rest/api/2/issue/NTEST-2640/votes","votes":0,"hasVoted":false},"comment":{"comments":[],"self":"https://defectdojo.atlassian.net/rest/api/2/issue/19218/comment","maxResults":0,"total":0,"startAt":0},"worklog":{"startAt":0,"maxResults":20,"total":0,"worklogs":[]}}}'
    headers:
      Atl-Request-Id:
      - 458ba5dd-eb0f-4ade-b183-605bd39fa0fa
      Atl-Traceid:
      - 458ba5ddeb0f4adeb183605bd39fa0fa
      Cache-Control:
      - no-cache, no-store, no-transform
      Connection:
      - keep-alive
      Content-Encoding:
      - gzip
      Content-Type:
      - application/json;charset=UTF-8
      Date:
      - Tue, 20 May 2025 19:53:25 GMT
      Nel:
      - '{"failure_fraction": 0.001, "include_subdomains": true, "max_age": 600, "report_to":
        "endpoint-1"}'
      Report-To:
      - '{"endpoints": [{"url": "https://dz8aopenkvv6s.cloudfront.net"}], "group":
        "endpoint-1", "include_subdomains": true, "max_age": 600}'
      Server:
      - AtlassianEdge
      Server-Timing:
      - cdn-upstream-layer;desc="EDGE",cdn-upstream-dns;dur=0,cdn-upstream-connect;dur=0,cdn-upstream-fbl;dur=253,atl-edge;dur=245,atl-edge-internal;dur=15,atl-edge-upstream;dur=231,atl-edge-pop;desc="aws-eu-central-1",cdn-cache-miss,cdn-pop;desc="AMS1-P1",cdn-rid;desc="tj2sRzI9Sp0BkPVLXPYW7m10voKcRZDISmlO8o1SjeXGkmrSM82O3Q==",cdn-downstream-fbl;dur=257
      Strict-Transport-Security:
      - max-age=63072000; includeSubDomains; preload
      Timing-Allow-Origin:
      - '*'
      Transfer-Encoding:
      - chunked
      Vary:
      - Accept-Encoding
      Via:
      - 1.1 ca1ae3b3ff3d7a9e41b26e307972401e.cloudfront.net (CloudFront)
      X-Aaccountid:
      - 712020%3A292a8b4c-ebd5-44be-bb94-d07c56a14dc5
      X-Amz-Cf-Id:
      - tj2sRzI9Sp0BkPVLXPYW7m10voKcRZDISmlO8o1SjeXGkmrSM82O3Q==
      X-Amz-Cf-Pop:
      - AMS1-P1
      X-Arequestid:
      - 1bd192d2cdcda22ec7081418648f3f00
      X-Cache:
      - Miss from cloudfront
      X-Content-Type-Options:
      - nosniff
      X-Xss-Protection:
      - 1; mode=block
    status:
      code: 200
      message: OK
- request:
    body: null
    headers:
      Accept:
      - application/json,*/*;q=0.9
      Accept-Encoding:
      - gzip, deflate
      Cache-Control:
      - no-cache
      Connection:
      - keep-alive
      Content-Type:
      - application/json
      User-Agent:
      - python-requests/2.32.3
    method: GET
    uri: https://defectdojo.atlassian.net/rest/api/2/serverInfo
  response:
    body:
      string: '{"baseUrl":"https://defectdojo.atlassian.net","displayUrl":"https://defectdojo.atlassian.net","displayUrlServicedeskHelpCenter":"https://defectdojo.atlassian.net","displayUrlConfluence":"https://defectdojo.atlassian.net","version":"1001.0.0-SNAPSHOT","versionNumbers":[1001,0,0],"deploymentType":"Cloud","buildNumber":100283,"buildDate":"2025-05-19T14:58:42.000+0200","serverTime":"2025-05-20T21:53:25.664+0200","scmInfo":"f8932c93bd159910951acd497204161705f6d7b8","serverTitle":"Jira","defaultLocale":{"locale":"en_US"},"serverTimeZone":"Etc/UTC"}'
    headers:
      Atl-Request-Id:
      - a3f46cab-1788-45d9-aabb-a3af12c06fae
      Atl-Traceid:
      - a3f46cab178845d9aabba3af12c06fae
      Cache-Control:
      - no-cache, no-store, no-transform
      Connection:
      - keep-alive
      Content-Encoding:
      - gzip
      Content-Type:
      - application/json;charset=UTF-8
      Date:
      - Tue, 20 May 2025 19:53:25 GMT
      Nel:
      - '{"failure_fraction": 0.001, "include_subdomains": true, "max_age": 600, "report_to":
        "endpoint-1"}'
      Report-To:
      - '{"endpoints": [{"url": "https://dz8aopenkvv6s.cloudfront.net"}], "group":
        "endpoint-1", "include_subdomains": true, "max_age": 600}'
      Server:
      - AtlassianEdge
      Server-Timing:
      - cdn-upstream-layer;desc="EDGE",cdn-upstream-dns;dur=0,cdn-upstream-connect;dur=0,cdn-upstream-fbl;dur=114,atl-edge;dur=107,atl-edge-internal;dur=13,atl-edge-upstream;dur=95,atl-edge-pop;desc="aws-eu-central-1",cdn-cache-miss,cdn-pop;desc="AMS1-P1",cdn-rid;desc="9D_3wsv2yyxuygAo9xgAaQTZkY5IhwJRaElRuxD-0xX1mBKrGjn4vg==",cdn-downstream-fbl;dur=120
      Strict-Transport-Security:
      - max-age=63072000; includeSubDomains; preload
      Timing-Allow-Origin:
      - '*'
      Transfer-Encoding:
      - chunked
      Vary:
      - Accept-Encoding
      Via:
      - 1.1 490623df85c571a18ba7da1511cc969e.cloudfront.net (CloudFront)
      X-Aaccountid:
      - 712020%3A292a8b4c-ebd5-44be-bb94-d07c56a14dc5
      X-Amz-Cf-Id:
      - 9D_3wsv2yyxuygAo9xgAaQTZkY5IhwJRaElRuxD-0xX1mBKrGjn4vg==
      X-Amz-Cf-Pop:
      - AMS1-P1
      X-Arequestid:
      - 619b3f0ae66063ca02e972e5b1f08b7c
      X-Cache:
      - Miss from cloudfront
      X-Content-Type-Options:
      - nosniff
      X-Xss-Protection:
      - 1; mode=block
    status:
      code: 200
      message: OK
- request:
    body: null
    headers:
      Accept:
      - application/json,*/*;q=0.9
      Accept-Encoding:
      - gzip, deflate
      Cache-Control:
      - no-cache
      Connection:
      - keep-alive
      Content-Type:
      - application/json
      User-Agent:
      - python-requests/2.32.3
    method: GET
    uri: https://defectdojo.atlassian.net/rest/api/2/issue/createmeta?projectKeys=NTEST&issuetypeNames=Task&expand=projects.issuetypes.fields
  response:
    body:
      string: '{"expand":"projects","projects":[{"expand":"issuetypes","self":"https://defectdojo.atlassian.net/rest/api/2/project/10000","id":"10000","key":"NTEST","name":"Unittests","avatarUrls":{"48x48":"https://defectdojo.atlassian.net/rest/api/2/universal_avatar/view/type/project/avatar/10407","24x24":"https://defectdojo.atlassian.net/rest/api/2/universal_avatar/view/type/project/avatar/10407?size=small","16x16":"https://defectdojo.atlassian.net/rest/api/2/universal_avatar/view/type/project/avatar/10407?size=xsmall","32x32":"https://defectdojo.atlassian.net/rest/api/2/universal_avatar/view/type/project/avatar/10407?size=medium"},"issuetypes":[{"self":"https://defectdojo.atlassian.net/rest/api/2/issuetype/10002","id":"10002","description":"A
        small, distinct piece of work.","iconUrl":"https://defectdojo.atlassian.net/rest/api/2/universal_avatar/view/type/issuetype/avatar/10318?size=medium","name":"Task","untranslatedName":"Task","subtask":false,"hierarchyLevel":0,"expand":"fields","fields":{"summary":{"required":true,"schema":{"type":"string","system":"summary"},"name":"Summary","key":"summary","hasDefaultValue":false,"operations":["set"]},"issuetype":{"required":true,"schema":{"type":"issuetype","system":"issuetype"},"name":"Issue
        Type","key":"issuetype","hasDefaultValue":false,"operations":[],"allowedValues":[{"self":"https://defectdojo.atlassian.net/rest/api/2/issuetype/10002","id":"10002","description":"A
        small, distinct piece of work.","iconUrl":"https://defectdojo.atlassian.net/rest/api/2/universal_avatar/view/type/issuetype/avatar/10318?size=medium","name":"Task","subtask":false,"avatarId":10318,"hierarchyLevel":0}]},"parent":{"required":false,"schema":{"type":"issuelink","system":"parent"},"name":"Parent","key":"parent","hasDefaultValue":false,"operations":["set"]},"components":{"required":false,"schema":{"type":"array","items":"component","system":"components"},"name":"Components","key":"components","hasDefaultValue":false,"operations":["add","set","remove"],"allowedValues":[]},"description":{"required":false,"schema":{"type":"string","system":"description"},"name":"Description","key":"description","hasDefaultValue":false,"operations":["set"]},"project":{"required":true,"schema":{"type":"project","system":"project"},"name":"Project","key":"project","hasDefaultValue":false,"operations":["set"],"allowedValues":[{"self":"https://defectdojo.atlassian.net/rest/api/2/project/10000","id":"10000","key":"NTEST","name":"Unittests","projectTypeKey":"software","simplified":false,"avatarUrls":{"48x48":"https://defectdojo.atlassian.net/rest/api/2/universal_avatar/view/type/project/avatar/10407","24x24":"https://defectdojo.atlassian.net/rest/api/2/universal_avatar/view/type/project/avatar/10407?size=small","16x16":"https://defectdojo.atlassian.net/rest/api/2/universal_avatar/view/type/project/avatar/10407?size=xsmall","32x32":"https://defectdojo.atlassian.net/rest/api/2/universal_avatar/view/type/project/avatar/10407?size=medium"}}]},"fixVersions":{"required":false,"schema":{"type":"array","items":"version","system":"fixVersions"},"name":"Fix
        versions","key":"fixVersions","hasDefaultValue":false,"operations":["set","add","remove"],"allowedValues":[]},"priority":{"required":false,"schema":{"type":"priority","system":"priority"},"name":"Priority","key":"priority","hasDefaultValue":true,"operations":["set"],"allowedValues":[{"self":"https://defectdojo.atlassian.net/rest/api/2/priority/1","iconUrl":"https://defectdojo.atlassian.net/images/icons/priorities/highest.svg","name":"Highest","id":"1"},{"self":"https://defectdojo.atlassian.net/rest/api/2/priority/2","iconUrl":"https://defectdojo.atlassian.net/images/icons/priorities/high.svg","name":"High","id":"2"},{"self":"https://defectdojo.atlassian.net/rest/api/2/priority/3","iconUrl":"https://defectdojo.atlassian.net/images/icons/priorities/medium.svg","name":"Medium","id":"3"},{"self":"https://defectdojo.atlassian.net/rest/api/2/priority/4","iconUrl":"https://defectdojo.atlassian.net/images/icons/priorities/low.svg","name":"Low","id":"4"},{"self":"https://defectdojo.atlassian.net/rest/api/2/priority/5","iconUrl":"https://defectdojo.atlassian.net/images/icons/priorities/lowest.svg","name":"Lowest","id":"5"}],"defaultValue":{"self":"https://defectdojo.atlassian.net/rest/api/2/priority/3","iconUrl":"https://defectdojo.atlassian.net/images/icons/priorities/medium.svg","name":"Medium","id":"3"}},"customfield_10014":{"required":false,"schema":{"type":"any","custom":"com.pyxis.greenhopper.jira:gh-epic-link","customId":10014},"name":"Epic
        Link","key":"customfield_10014","hasDefaultValue":false,"operations":["set"]},"labels":{"required":false,"schema":{"type":"array","items":"string","system":"labels"},"name":"Labels","key":"labels","autoCompleteUrl":"https://defectdojo.atlassian.net/rest/api/1.0/labels/suggest?query=","hasDefaultValue":false,"operations":["add","set","remove"]},"attachment":{"required":false,"schema":{"type":"array","items":"attachment","system":"attachment"},"name":"Attachment","key":"attachment","hasDefaultValue":false,"operations":["set","copy"]},"issuelinks":{"required":false,"schema":{"type":"array","items":"issuelinks","system":"issuelinks"},"name":"Linked
        Issues","key":"issuelinks","autoCompleteUrl":"https://defectdojo.atlassian.net/rest/api/2/issue/picker?currentProjectId=&showSubTaskParent=true&showSubTasks=true&currentIssueKey=null&query=","hasDefaultValue":false,"operations":["add","copy"]},"assignee":{"required":false,"schema":{"type":"user","system":"assignee"},"name":"Assignee","key":"assignee","autoCompleteUrl":"https://defectdojo.atlassian.net/rest/api/2/user/assignable/search?project=NTEST&query=","hasDefaultValue":false,"operations":["set"]}}}]}]}'
    headers:
      Atl-Request-Id:
      - 6b09c557-2738-46d9-8932-2e888ce2a551
      Atl-Traceid:
      - 6b09c557273846d989322e888ce2a551
      Cache-Control:
      - no-cache, no-store, no-transform
      Connection:
      - keep-alive
      Content-Encoding:
      - gzip
      Content-Type:
      - application/json;charset=UTF-8
      Date:
      - Tue, 20 May 2025 19:53:26 GMT
      Nel:
      - '{"failure_fraction": 0.001, "include_subdomains": true, "max_age": 600, "report_to":
        "endpoint-1"}'
      Report-To:
      - '{"endpoints": [{"url": "https://dz8aopenkvv6s.cloudfront.net"}], "group":
        "endpoint-1", "include_subdomains": true, "max_age": 600}'
      Server:
      - AtlassianEdge
      Server-Timing:
      - cdn-upstream-layer;desc="EDGE",cdn-upstream-dns;dur=0,cdn-upstream-connect;dur=0,cdn-upstream-fbl;dur=295,atl-edge;dur=288,atl-edge-internal;dur=15,atl-edge-upstream;dur=273,atl-edge-pop;desc="aws-eu-central-1",cdn-cache-miss,cdn-pop;desc="AMS1-P1",cdn-rid;desc="zv8GiBh0bq8rRMaF53oLww5pQt5Sh0y2ZyVc8xVnPyjV_mrr7Uqg-w==",cdn-downstream-fbl;dur=301
      Strict-Transport-Security:
      - max-age=63072000; includeSubDomains; preload
      Timing-Allow-Origin:
      - '*'
      Transfer-Encoding:
      - chunked
      Vary:
      - Accept-Encoding
      Via:
      - 1.1 9835af751c15612a813bbc131d2ce1e6.cloudfront.net (CloudFront)
      Warning:
      - 'The issue create meta endpoint has been deprecated. (Deprecation start date:
        June 03, 2024)'
      X-Aaccountid:
      - 712020%3A292a8b4c-ebd5-44be-bb94-d07c56a14dc5
      X-Amz-Cf-Id:
      - zv8GiBh0bq8rRMaF53oLww5pQt5Sh0y2ZyVc8xVnPyjV_mrr7Uqg-w==
      X-Amz-Cf-Pop:
      - AMS1-P1
      X-Arequestid:
      - 0b8dc1a14a8bd3b67082e28adf5cdcdb
      X-Cache:
      - Miss from cloudfront
      X-Content-Type-Options:
      - nosniff
      X-Xss-Protection:
      - 1; mode=block
    status:
      code: 200
      message: OK
- request:
    body: '{"fields": {"project": {"key": "NTEST"}, "issuetype": {"name": "Task"},
      "summary": "Findings in: fresh:0.3.0", "description": "\n\n\n\n\n\n\nA group
      of Findings has been pushed to JIRA to be investigated and fixed:\n\nh2. Group\n*Group*:
      [Findings in: fresh:0.3.0|http://localhost:8080/finding_group/639] in [Security
      How-to|http://localhost:8080/product/2] / [1st Quarter Engagement|http://localhost:8080/engagement/1]
      / [NPM Audit Scan|http://localhost:8080/test/124]\n\nh2. Summary\n*Severity:*
      Medium  *Due Date:* None \n\nFindings matching the Active, and Severity criteria:\n||
      Severity || CVE || CWE || Component || Version || Title || Status ||\n|Medium|[CVE-2017-16119|https://nvd.nist.gov/vuln/detail/CVE-2017-16119]|[400|https://cwe.mitre.org/data/definitions/400.html]|fresh|0.3.0|[Regular
      Expression Denial of Service - (Fresh, &lt; 0.5.2)|http://localhost:8080/finding/358]|Active,
      Verified|\n\nFindings *not* matching the Active, and Severity criteria:\n||
      Severity || CVE || CWE || Component || Version || Title || Status ||\n\n\n\n\n\n\n\n\n\n\nh1.
      Findings\n\nh3. [Regular Expression Denial of Service - (Fresh, &lt; 0.5.2)|http://localhost:8080/finding/358]\n*Defect
      Dojo link:* http://localhost:8080/finding/358 (358)\n*Severity:* Medium\n *Due
      Date:* Aug. 18, 2025 \n *CWE:* [CWE-400|https://cwe.mitre.org/data/definitions/400.html]
      \n*CVE:* [CVE-2017-16119|https://nvd.nist.gov/vuln/detail/CVE-2017-16119]\n\n\n\n\n\n\n*Source
      File*: express&gt;fresh\n\n\n\n\n*Description*:\nhttps://nodesecurity.io/advisories/526\nAffected
      versions of `fresh` are vulnerable to regular expression denial of service when
      parsing specially crafted user input.\n Vulnerable Module: fresh\n Vulnerable
      Versions: < 0.5.2\n Patched Version: >= 0.5.2\n Vulnerable Paths: \n  - 0.3.0:express>fresh,express>send>fresh,express>serve-static>send>fresh,serve-favicon>fresh\n
      CWE: CWE-400\n Access: public\n\n\n*Mitigation*:\nUpdate to version 0.5.2 or
      later.\n\n\n\n*Impact*:\nNo impact provided\n\n\n\n\n\n*References*:\nhttps://nodesecurity.io/advisories/526\n\n\n*Reporter:*
      [(admin) ()|mailto:]\n", "priority": {"name": "Medium"}}}'
    headers:
      Accept:
      - application/json,*/*;q=0.9
      Accept-Encoding:
      - gzip, deflate
      Cache-Control:
      - no-cache
      Connection:
      - keep-alive
      Content-Length:
      - '2130'
      Content-Type:
      - application/json
      User-Agent:
      - python-requests/2.32.3
    method: POST
    uri: https://defectdojo.atlassian.net/rest/api/2/issue
  response:
    body:
      string: '{"id":"19219","key":"NTEST-2641","self":"https://defectdojo.atlassian.net/rest/api/2/issue/19219"}'
    headers:
      Atl-Request-Id:
      - fbaee678-408a-430c-9036-a0eb9878833a
      Atl-Traceid:
      - fbaee678408a430c9036a0eb9878833a
      Cache-Control:
      - no-cache, no-store, no-transform
      Connection:
      - keep-alive
      Content-Type:
      - application/json;charset=UTF-8
      Date:
      - Tue, 20 May 2025 19:53:26 GMT
      Nel:
      - '{"failure_fraction": 0.001, "include_subdomains": true, "max_age": 600, "report_to":
        "endpoint-1"}'
      Report-To:
      - '{"endpoints": [{"url": "https://dz8aopenkvv6s.cloudfront.net"}], "group":
        "endpoint-1", "include_subdomains": true, "max_age": 600}'
      Server:
      - AtlassianEdge
      Server-Timing:
      - cdn-cache-miss,cdn-pop;desc="AMS1-P1",cdn-rid;desc="Hc0nfXCTG01Mw8bHO1G3sr3_Q2iO2rUaCxJWmW54bqnomRxiJ3bMHw==",cdn-downstream-fbl;dur=719,cdn-upstream-layer;desc="EDGE",cdn-upstream-dns;dur=0,cdn-upstream-connect;dur=22,cdn-upstream-fbl;dur=716,atl-edge;dur=686,atl-edge-internal;dur=15,atl-edge-upstream;dur=671,atl-edge-pop;desc="aws-eu-central-1"
      Strict-Transport-Security:
      - max-age=63072000; includeSubDomains; preload
      Timing-Allow-Origin:
      - '*'
      Transfer-Encoding:
      - chunked
      Vary:
      - Accept-Encoding
      Via:
      - 1.1 b0062bb33b961b53be87d688f2bdd9f8.cloudfront.net (CloudFront)
      X-Aaccountid:
      - 712020%3A292a8b4c-ebd5-44be-bb94-d07c56a14dc5
      X-Amz-Cf-Id:
      - Hc0nfXCTG01Mw8bHO1G3sr3_Q2iO2rUaCxJWmW54bqnomRxiJ3bMHw==
      X-Amz-Cf-Pop:
      - AMS1-P1
      X-Arequestid:
      - f69ee0e0669ae36f038c32334adfa458
      X-Cache:
      - Miss from cloudfront
      X-Content-Type-Options:
      - nosniff
      X-Xss-Protection:
      - 1; mode=block
    status:
      code: 201
      message: Created
- request:
    body: null
    headers:
      Accept:
      - application/json,*/*;q=0.9
      Accept-Encoding:
      - gzip, deflate
      Cache-Control:
      - no-cache
      Connection:
      - keep-alive
      Content-Type:
      - application/json
      User-Agent:
      - python-requests/2.32.3
    method: GET
    uri: https://defectdojo.atlassian.net/rest/api/2/issue/NTEST-2641
  response:
    body:
      string: '{"expand":"renderedFields,names,schema,operations,editmeta,changelog,versionedRepresentations,customfield_10010.requestTypePractice","id":"19219","self":"https://defectdojo.atlassian.net/rest/api/2/issue/19219","key":"NTEST-2641","fields":{"statuscategorychangedate":"2025-05-20T21:53:26.830+0200","issuetype":{"self":"https://defectdojo.atlassian.net/rest/api/2/issuetype/10002","id":"10002","description":"A
        small, distinct piece of work.","iconUrl":"https://defectdojo.atlassian.net/rest/api/2/universal_avatar/view/type/issuetype/avatar/10318?size=medium","name":"Task","subtask":false,"avatarId":10318,"hierarchyLevel":0},"timespent":null,"customfield_10030":null,"customfield_10031":null,"project":{"self":"https://defectdojo.atlassian.net/rest/api/2/project/10000","id":"10000","key":"NTEST","name":"Unittests","projectTypeKey":"software","simplified":false,"avatarUrls":{"48x48":"https://defectdojo.atlassian.net/rest/api/2/universal_avatar/view/type/project/avatar/10407","24x24":"https://defectdojo.atlassian.net/rest/api/2/universal_avatar/view/type/project/avatar/10407?size=small","16x16":"https://defectdojo.atlassian.net/rest/api/2/universal_avatar/view/type/project/avatar/10407?size=xsmall","32x32":"https://defectdojo.atlassian.net/rest/api/2/universal_avatar/view/type/project/avatar/10407?size=medium"}},"customfield_10032":null,"customfield_10033":null,"fixVersions":[],"aggregatetimespent":null,"statusCategory":{"self":"https://defectdojo.atlassian.net/rest/api/2/statuscategory/2","id":2,"key":"new","colorName":"blue-gray","name":"To
        Do"},"customfield_10035":null,"resolution":null,"customfield_10036":null,"customfield_10037":null,"customfield_10027":null,"customfield_10028":null,"customfield_10029":null,"resolutiondate":null,"workratio":-1,"watches":{"self":"https://defectdojo.atlassian.net/rest/api/2/issue/NTEST-2641/watchers","watchCount":1,"isWatching":true},"lastViewed":null,"created":"2025-05-20T21:53:26.499+0200","customfield_10020":null,"customfield_10021":null,"customfield_10022":null,"customfield_10023":null,"priority":{"self":"https://defectdojo.atlassian.net/rest/api/2/priority/3","iconUrl":"https://defectdojo.atlassian.net/images/icons/priorities/medium.svg","name":"Medium","id":"3"},"labels":[],"customfield_10016":null,"customfield_10017":null,"customfield_10018":{"hasEpicLinkFieldDependency":false,"showField":false,"nonEditableReason":{"reason":"PLUGIN_LICENSE_ERROR","message":"The
        Parent Link is only available to Jira Premium users."}},"customfield_10019":"0|i00y1j:","timeestimate":null,"aggregatetimeoriginalestimate":null,"versions":[],"issuelinks":[],"assignee":null,"updated":"2025-05-20T21:53:26.583+0200","status":{"self":"https://defectdojo.atlassian.net/rest/api/2/status/10000","description":"","iconUrl":"https://defectdojo.atlassian.net/","name":"Backlog","id":"10000","statusCategory":{"self":"https://defectdojo.atlassian.net/rest/api/2/statuscategory/2","id":2,"key":"new","colorName":"blue-gray","name":"To
        Do"}},"components":[],"customfield_10050":null,"customfield_10051":null,"timeoriginalestimate":null,"customfield_10053":null,"description":"\n\n\n\n\n\n\nA
        group of Findings has been pushed to JIRA to be investigated and fixed:\n\nh2.
        Group\n*Group*: [Findings in: fresh:0.3.0|http://localhost:8080/finding_group/639]
        in [Security How-to|http://localhost:8080/product/2] / [1st Quarter Engagement|http://localhost:8080/engagement/1]
        / [NPM Audit Scan|http://localhost:8080/test/124]\n\nh2. Summary\n*Severity:*
        Medium  *Due Date:* None \n\nFindings matching the Active, and Severity criteria:\n||
        Severity || CVE || CWE || Component || Version || Title || Status ||\n|Medium|[CVE-2017-16119|https://nvd.nist.gov/vuln/detail/CVE-2017-16119]|[400|https://cwe.mitre.org/data/definitions/400.html]|fresh|0.3.0|[Regular
        Expression Denial of Service - (Fresh, &lt; 0.5.2)|http://localhost:8080/finding/358]|Active,
        Verified|\n\nFindings *not* matching the Active, and Severity criteria:\n||
        Severity || CVE || CWE || Component || Version || Title || Status ||\n\n\n\n\n\n\n\n\n\n\nh1.
        Findings\n\nh3. [Regular Expression Denial of Service - (Fresh, &lt; 0.5.2)|http://localhost:8080/finding/358]\n*Defect
        Dojo link:* http://localhost:8080/finding/358 (358)\n*Severity:* Medium\n
        *Due Date:* Aug. 18, 2025 \n *CWE:* [CWE-400|https://cwe.mitre.org/data/definitions/400.html]
        \n*CVE:* [CVE-2017-16119|https://nvd.nist.gov/vuln/detail/CVE-2017-16119]\n\n\n\n\n\n\n*Source
        File*: express&gt;fresh\n\n\n\n\n*Description*:\nhttps://nodesecurity.io/advisories/526\nAffected
        versions of `fresh` are vulnerable to regular expression denial of service
        when parsing specially crafted user input.\n Vulnerable Module: fresh\n Vulnerable
        Versions: < 0.5.2\n Patched Version: >= 0.5.2\n Vulnerable Paths: \n  - 0.3.0:express>fresh,express>send>fresh,express>serve-static>send>fresh,serve-favicon>fresh\n
        CWE: CWE-400\n Access: public\n\n\n*Mitigation*:\nUpdate to version 0.5.2
        or later.\n\n\n\n*Impact*:\nNo impact provided\n\n\n\n\n\n*References*:\nhttps://nodesecurity.io/advisories/526\n\n\n*Reporter:*
        [(admin) ()|mailto:]\n","customfield_10010":null,"customfield_10055":null,"customfield_10056":null,"customfield_10014":null,"timetracking":{},"customfield_10015":null,"customfield_10005":null,"customfield_10049":null,"customfield_10006":null,"customfield_10007":null,"security":null,"customfield_10008":null,"attachment":[],"customfield_10009":null,"aggregatetimeestimate":null,"summary":"Findings
        in: fresh:0.3.0","creator":{"self":"https://defectdojo.atlassian.net/rest/api/2/user?accountId=712020%3A292a8b4c-ebd5-44be-bb94-d07c56a14dc5","accountId":"712020:292a8b4c-ebd5-44be-bb94-d07c56a14dc5","emailAddress":"valentijn@defectdojo.com","avatarUrls":{"48x48":"https://secure.gravatar.com/avatar/d05de848fe8cc7816c52a5e34e327bad?d=https%3A%2F%2Favatar-management--avatars.us-west-2.prod.public.atl-paas.net%2Finitials%2FVS-3.png","24x24":"https://secure.gravatar.com/avatar/d05de848fe8cc7816c52a5e34e327bad?d=https%3A%2F%2Favatar-management--avatars.us-west-2.prod.public.atl-paas.net%2Finitials%2FVS-3.png","16x16":"https://secure.gravatar.com/avatar/d05de848fe8cc7816c52a5e34e327bad?d=https%3A%2F%2Favatar-management--avatars.us-west-2.prod.public.atl-paas.net%2Finitials%2FVS-3.png","32x32":"https://secure.gravatar.com/avatar/d05de848fe8cc7816c52a5e34e327bad?d=https%3A%2F%2Favatar-management--avatars.us-west-2.prod.public.atl-paas.net%2Finitials%2FVS-3.png"},"displayName":"Valentijn
        Scholten","active":true,"timeZone":"Europe/Zurich","accountType":"atlassian"},"subtasks":[],"customfield_10040":null,"customfield_10041":null,"customfield_10042":null,"reporter":{"self":"https://defectdojo.atlassian.net/rest/api/2/user?accountId=712020%3A292a8b4c-ebd5-44be-bb94-d07c56a14dc5","accountId":"712020:292a8b4c-ebd5-44be-bb94-d07c56a14dc5","emailAddress":"valentijn@defectdojo.com","avatarUrls":{"48x48":"https://secure.gravatar.com/avatar/d05de848fe8cc7816c52a5e34e327bad?d=https%3A%2F%2Favatar-management--avatars.us-west-2.prod.public.atl-paas.net%2Finitials%2FVS-3.png","24x24":"https://secure.gravatar.com/avatar/d05de848fe8cc7816c52a5e34e327bad?d=https%3A%2F%2Favatar-management--avatars.us-west-2.prod.public.atl-paas.net%2Finitials%2FVS-3.png","16x16":"https://secure.gravatar.com/avatar/d05de848fe8cc7816c52a5e34e327bad?d=https%3A%2F%2Favatar-management--avatars.us-west-2.prod.public.atl-paas.net%2Finitials%2FVS-3.png","32x32":"https://secure.gravatar.com/avatar/d05de848fe8cc7816c52a5e34e327bad?d=https%3A%2F%2Favatar-management--avatars.us-west-2.prod.public.atl-paas.net%2Finitials%2FVS-3.png"},"displayName":"Valentijn
        Scholten","active":true,"timeZone":"Europe/Zurich","accountType":"atlassian"},"customfield_10043":null,"aggregateprogress":{"progress":0,"total":0},"customfield_10044":null,"customfield_10045":null,"customfield_10001":null,"customfield_10046":null,"customfield_10002":[],"customfield_10003":null,"customfield_10047":null,"customfield_10004":null,"customfield_10048":null,"customfield_10038":null,"customfield_10039":null,"environment":null,"duedate":null,"progress":{"progress":0,"total":0},"votes":{"self":"https://defectdojo.atlassian.net/rest/api/2/issue/NTEST-2641/votes","votes":0,"hasVoted":false},"comment":{"comments":[],"self":"https://defectdojo.atlassian.net/rest/api/2/issue/19219/comment","maxResults":0,"total":0,"startAt":0},"worklog":{"startAt":0,"maxResults":20,"total":0,"worklogs":[]}}}'
    headers:
      Atl-Request-Id:
      - 0d51c81e-2648-474e-9b25-d9930f86561c
      Atl-Traceid:
      - 0d51c81e2648474e9b25d9930f86561c
      Cache-Control:
      - no-cache, no-store, no-transform
      Connection:
      - keep-alive
      Content-Encoding:
      - gzip
      Content-Type:
      - application/json;charset=UTF-8
      Date:
      - Tue, 20 May 2025 19:53:27 GMT
      Nel:
      - '{"failure_fraction": 0.001, "include_subdomains": true, "max_age": 600, "report_to":
        "endpoint-1"}'
      Report-To:
      - '{"endpoints": [{"url": "https://dz8aopenkvv6s.cloudfront.net"}], "group":
        "endpoint-1", "include_subdomains": true, "max_age": 600}'
      Server:
      - AtlassianEdge
      Server-Timing:
      - cdn-upstream-layer;desc="EDGE",cdn-upstream-dns;dur=0,cdn-upstream-connect;dur=0,cdn-upstream-fbl;dur=218,atl-edge;dur=210,atl-edge-internal;dur=16,atl-edge-upstream;dur=195,atl-edge-pop;desc="aws-eu-central-1",cdn-cache-miss,cdn-pop;desc="AMS1-P1",cdn-rid;desc="SROzr1SRqjd8aPrOj2-3RBvidPPyIXqyshIZNcDiXOOQbmyjkt0B3w==",cdn-downstream-fbl;dur=223
      Strict-Transport-Security:
      - max-age=63072000; includeSubDomains; preload
      Timing-Allow-Origin:
      - '*'
      Transfer-Encoding:
      - chunked
      Vary:
      - Accept-Encoding
      Via:
      - 1.1 4ab1227a56c7dfaf7a8f7750683df1be.cloudfront.net (CloudFront)
      X-Aaccountid:
      - 712020%3A292a8b4c-ebd5-44be-bb94-d07c56a14dc5
      X-Amz-Cf-Id:
      - SROzr1SRqjd8aPrOj2-3RBvidPPyIXqyshIZNcDiXOOQbmyjkt0B3w==
      X-Amz-Cf-Pop:
      - AMS1-P1
      X-Arequestid:
      - 652243026231ab937b0d3860e6f39628
      X-Cache:
      - Miss from cloudfront
      X-Content-Type-Options:
      - nosniff
      X-Xss-Protection:
      - 1; mode=block
    status:
      code: 200
      message: OK
- request:
    body: null
    headers:
      Accept:
      - application/json,*/*;q=0.9
      Accept-Encoding:
      - gzip, deflate
      Cache-Control:
      - no-cache
      Connection:
      - keep-alive
      Content-Type:
      - application/json
      User-Agent:
      - python-requests/2.32.3
    method: GET
    uri: https://defectdojo.atlassian.net/rest/api/2/issue/19219
  response:
    body:
      string: '{"expand":"renderedFields,names,schema,operations,editmeta,changelog,versionedRepresentations,customfield_10010.requestTypePractice","id":"19219","self":"https://defectdojo.atlassian.net/rest/api/2/issue/19219","key":"NTEST-2641","fields":{"statuscategorychangedate":"2025-05-20T21:53:26.830+0200","issuetype":{"self":"https://defectdojo.atlassian.net/rest/api/2/issuetype/10002","id":"10002","description":"A
        small, distinct piece of work.","iconUrl":"https://defectdojo.atlassian.net/rest/api/2/universal_avatar/view/type/issuetype/avatar/10318?size=medium","name":"Task","subtask":false,"avatarId":10318,"hierarchyLevel":0},"timespent":null,"customfield_10030":null,"customfield_10031":null,"project":{"self":"https://defectdojo.atlassian.net/rest/api/2/project/10000","id":"10000","key":"NTEST","name":"Unittests","projectTypeKey":"software","simplified":false,"avatarUrls":{"48x48":"https://defectdojo.atlassian.net/rest/api/2/universal_avatar/view/type/project/avatar/10407","24x24":"https://defectdojo.atlassian.net/rest/api/2/universal_avatar/view/type/project/avatar/10407?size=small","16x16":"https://defectdojo.atlassian.net/rest/api/2/universal_avatar/view/type/project/avatar/10407?size=xsmall","32x32":"https://defectdojo.atlassian.net/rest/api/2/universal_avatar/view/type/project/avatar/10407?size=medium"}},"customfield_10032":null,"customfield_10033":null,"fixVersions":[],"aggregatetimespent":null,"statusCategory":{"self":"https://defectdojo.atlassian.net/rest/api/2/statuscategory/2","id":2,"key":"new","colorName":"blue-gray","name":"To
        Do"},"customfield_10035":null,"resolution":null,"customfield_10036":null,"customfield_10037":null,"customfield_10027":null,"customfield_10028":null,"customfield_10029":null,"resolutiondate":null,"workratio":-1,"watches":{"self":"https://defectdojo.atlassian.net/rest/api/2/issue/NTEST-2641/watchers","watchCount":1,"isWatching":true},"lastViewed":null,"created":"2025-05-20T21:53:26.499+0200","customfield_10020":null,"customfield_10021":null,"customfield_10022":null,"customfield_10023":null,"priority":{"self":"https://defectdojo.atlassian.net/rest/api/2/priority/3","iconUrl":"https://defectdojo.atlassian.net/images/icons/priorities/medium.svg","name":"Medium","id":"3"},"labels":[],"customfield_10016":null,"customfield_10017":null,"customfield_10018":{"hasEpicLinkFieldDependency":false,"showField":false,"nonEditableReason":{"reason":"PLUGIN_LICENSE_ERROR","message":"The
        Parent Link is only available to Jira Premium users."}},"customfield_10019":"0|i00y1j:","timeestimate":null,"aggregatetimeoriginalestimate":null,"versions":[],"issuelinks":[],"assignee":null,"updated":"2025-05-20T21:53:26.583+0200","status":{"self":"https://defectdojo.atlassian.net/rest/api/2/status/10000","description":"","iconUrl":"https://defectdojo.atlassian.net/","name":"Backlog","id":"10000","statusCategory":{"self":"https://defectdojo.atlassian.net/rest/api/2/statuscategory/2","id":2,"key":"new","colorName":"blue-gray","name":"To
        Do"}},"components":[],"customfield_10050":null,"customfield_10051":null,"timeoriginalestimate":null,"customfield_10053":null,"description":"\n\n\n\n\n\n\nA
        group of Findings has been pushed to JIRA to be investigated and fixed:\n\nh2.
        Group\n*Group*: [Findings in: fresh:0.3.0|http://localhost:8080/finding_group/639]
        in [Security How-to|http://localhost:8080/product/2] / [1st Quarter Engagement|http://localhost:8080/engagement/1]
        / [NPM Audit Scan|http://localhost:8080/test/124]\n\nh2. Summary\n*Severity:*
        Medium  *Due Date:* None \n\nFindings matching the Active, and Severity criteria:\n||
        Severity || CVE || CWE || Component || Version || Title || Status ||\n|Medium|[CVE-2017-16119|https://nvd.nist.gov/vuln/detail/CVE-2017-16119]|[400|https://cwe.mitre.org/data/definitions/400.html]|fresh|0.3.0|[Regular
        Expression Denial of Service - (Fresh, &lt; 0.5.2)|http://localhost:8080/finding/358]|Active,
        Verified|\n\nFindings *not* matching the Active, and Severity criteria:\n||
        Severity || CVE || CWE || Component || Version || Title || Status ||\n\n\n\n\n\n\n\n\n\n\nh1.
        Findings\n\nh3. [Regular Expression Denial of Service - (Fresh, &lt; 0.5.2)|http://localhost:8080/finding/358]\n*Defect
        Dojo link:* http://localhost:8080/finding/358 (358)\n*Severity:* Medium\n
        *Due Date:* Aug. 18, 2025 \n *CWE:* [CWE-400|https://cwe.mitre.org/data/definitions/400.html]
        \n*CVE:* [CVE-2017-16119|https://nvd.nist.gov/vuln/detail/CVE-2017-16119]\n\n\n\n\n\n\n*Source
        File*: express&gt;fresh\n\n\n\n\n*Description*:\nhttps://nodesecurity.io/advisories/526\nAffected
        versions of `fresh` are vulnerable to regular expression denial of service
        when parsing specially crafted user input.\n Vulnerable Module: fresh\n Vulnerable
        Versions: < 0.5.2\n Patched Version: >= 0.5.2\n Vulnerable Paths: \n  - 0.3.0:express>fresh,express>send>fresh,express>serve-static>send>fresh,serve-favicon>fresh\n
        CWE: CWE-400\n Access: public\n\n\n*Mitigation*:\nUpdate to version 0.5.2
        or later.\n\n\n\n*Impact*:\nNo impact provided\n\n\n\n\n\n*References*:\nhttps://nodesecurity.io/advisories/526\n\n\n*Reporter:*
        [(admin) ()|mailto:]\n","customfield_10010":null,"customfield_10055":null,"customfield_10056":null,"customfield_10014":null,"timetracking":{},"customfield_10015":null,"customfield_10005":null,"customfield_10049":null,"customfield_10006":null,"customfield_10007":null,"security":null,"customfield_10008":null,"attachment":[],"customfield_10009":null,"aggregatetimeestimate":null,"summary":"Findings
        in: fresh:0.3.0","creator":{"self":"https://defectdojo.atlassian.net/rest/api/2/user?accountId=712020%3A292a8b4c-ebd5-44be-bb94-d07c56a14dc5","accountId":"712020:292a8b4c-ebd5-44be-bb94-d07c56a14dc5","emailAddress":"valentijn@defectdojo.com","avatarUrls":{"48x48":"https://secure.gravatar.com/avatar/d05de848fe8cc7816c52a5e34e327bad?d=https%3A%2F%2Favatar-management--avatars.us-west-2.prod.public.atl-paas.net%2Finitials%2FVS-3.png","24x24":"https://secure.gravatar.com/avatar/d05de848fe8cc7816c52a5e34e327bad?d=https%3A%2F%2Favatar-management--avatars.us-west-2.prod.public.atl-paas.net%2Finitials%2FVS-3.png","16x16":"https://secure.gravatar.com/avatar/d05de848fe8cc7816c52a5e34e327bad?d=https%3A%2F%2Favatar-management--avatars.us-west-2.prod.public.atl-paas.net%2Finitials%2FVS-3.png","32x32":"https://secure.gravatar.com/avatar/d05de848fe8cc7816c52a5e34e327bad?d=https%3A%2F%2Favatar-management--avatars.us-west-2.prod.public.atl-paas.net%2Finitials%2FVS-3.png"},"displayName":"Valentijn
        Scholten","active":true,"timeZone":"Europe/Zurich","accountType":"atlassian"},"subtasks":[],"customfield_10040":null,"customfield_10041":null,"customfield_10042":null,"reporter":{"self":"https://defectdojo.atlassian.net/rest/api/2/user?accountId=712020%3A292a8b4c-ebd5-44be-bb94-d07c56a14dc5","accountId":"712020:292a8b4c-ebd5-44be-bb94-d07c56a14dc5","emailAddress":"valentijn@defectdojo.com","avatarUrls":{"48x48":"https://secure.gravatar.com/avatar/d05de848fe8cc7816c52a5e34e327bad?d=https%3A%2F%2Favatar-management--avatars.us-west-2.prod.public.atl-paas.net%2Finitials%2FVS-3.png","24x24":"https://secure.gravatar.com/avatar/d05de848fe8cc7816c52a5e34e327bad?d=https%3A%2F%2Favatar-management--avatars.us-west-2.prod.public.atl-paas.net%2Finitials%2FVS-3.png","16x16":"https://secure.gravatar.com/avatar/d05de848fe8cc7816c52a5e34e327bad?d=https%3A%2F%2Favatar-management--avatars.us-west-2.prod.public.atl-paas.net%2Finitials%2FVS-3.png","32x32":"https://secure.gravatar.com/avatar/d05de848fe8cc7816c52a5e34e327bad?d=https%3A%2F%2Favatar-management--avatars.us-west-2.prod.public.atl-paas.net%2Finitials%2FVS-3.png"},"displayName":"Valentijn
        Scholten","active":true,"timeZone":"Europe/Zurich","accountType":"atlassian"},"customfield_10043":null,"aggregateprogress":{"progress":0,"total":0},"customfield_10044":null,"customfield_10045":null,"customfield_10001":null,"customfield_10046":null,"customfield_10002":[],"customfield_10003":null,"customfield_10047":null,"customfield_10004":null,"customfield_10048":null,"customfield_10038":null,"customfield_10039":null,"environment":null,"duedate":null,"progress":{"progress":0,"total":0},"votes":{"self":"https://defectdojo.atlassian.net/rest/api/2/issue/NTEST-2641/votes","votes":0,"hasVoted":false},"comment":{"comments":[],"self":"https://defectdojo.atlassian.net/rest/api/2/issue/19219/comment","maxResults":0,"total":0,"startAt":0},"worklog":{"startAt":0,"maxResults":20,"total":0,"worklogs":[]}}}'
    headers:
      Atl-Request-Id:
      - dba96aa8-3605-414c-a3bb-8d41132b5aa1
      Atl-Traceid:
      - dba96aa83605414ca3bb8d41132b5aa1
      Cache-Control:
      - no-cache, no-store, no-transform
      Connection:
      - keep-alive
      Content-Encoding:
      - gzip
      Content-Type:
      - application/json;charset=UTF-8
      Date:
      - Tue, 20 May 2025 19:53:27 GMT
      Nel:
      - '{"failure_fraction": 0.001, "include_subdomains": true, "max_age": 600, "report_to":
        "endpoint-1"}'
      Report-To:
      - '{"endpoints": [{"url": "https://dz8aopenkvv6s.cloudfront.net"}], "group":
        "endpoint-1", "include_subdomains": true, "max_age": 600}'
      Server:
      - AtlassianEdge
      Server-Timing:
      - cdn-cache-miss,cdn-pop;desc="AMS1-P1",cdn-rid;desc="2eVCHkzLkwDCTiepIwWAMrElJf_eiI4AhSIFUlVSNrysnjA-hp5RpQ==",cdn-downstream-fbl;dur=239,cdn-upstream-layer;desc="EDGE",cdn-upstream-dns;dur=0,cdn-upstream-connect;dur=20,cdn-upstream-fbl;dur=236,atl-edge;dur=208,atl-edge-internal;dur=14,atl-edge-upstream;dur=195,atl-edge-pop;desc="aws-eu-central-1"
      Strict-Transport-Security:
      - max-age=63072000; includeSubDomains; preload
      Timing-Allow-Origin:
      - '*'
      Transfer-Encoding:
      - chunked
      Vary:
      - Accept-Encoding
      Via:
      - 1.1 e4bbc916b7f96771ed58c0d668318acc.cloudfront.net (CloudFront)
      X-Aaccountid:
      - 712020%3A292a8b4c-ebd5-44be-bb94-d07c56a14dc5
      X-Amz-Cf-Id:
      - 2eVCHkzLkwDCTiepIwWAMrElJf_eiI4AhSIFUlVSNrysnjA-hp5RpQ==
      X-Amz-Cf-Pop:
      - AMS1-P1
      X-Arequestid:
      - f94ffd2d06a760ab4df1199aeb239fb1
      X-Cache:
      - Miss from cloudfront
      X-Content-Type-Options:
      - nosniff
      X-Xss-Protection:
      - 1; mode=block
    status:
      code: 200
      message: OK
- request:
    body: '{"description": "Event test_added has occurred.", "title": "Test created
      for Security How-to: 1st Quarter Engagement: NPM Audit Scan", "user": null,
      "url_ui": "http://localhost:8080/test/124", "url_api": "http://localhost:8080/api/v2/tests/124/",
      "product_type": {"name": "ebooks", "id": 2, "url_ui": "http://localhost:8080/product/type/2",
      "url_api": "http://localhost:8080/api/v2/product_types/2/"}, "product": {"name":
      "Security How-to", "id": 2, "url_ui": "http://localhost:8080/product/2", "url_api":
      "http://localhost:8080/api/v2/products/2/"}, "engagement": {"name": "1st Quarter
      Engagement", "id": 1, "url_ui": "http://localhost:8080/engagement/1", "url_api":
      "http://localhost:8080/api/v2/engagements/1/"}, "test": {"title": null, "id":
      124, "url_ui": "http://localhost:8080/test/124", "url_api": "http://localhost:8080/api/v2/tests/124/"}}'
    headers:
      Accept:
      - application/json
      Accept-Encoding:
      - gzip, deflate
      Auth:
      - Token xxx
      Connection:
      - keep-alive
      Content-Length:
      - '849'
      Content-Type:
      - application/json
      User-Agent:
      - DefectDojo-2.46.2
      X-DefectDojo-Event:
      - test_added
      X-DefectDojo-Instance:
      - http://localhost:8080
    method: POST
    uri: http://webhook.endpoint:8080/post
  response:
    body:
      string: "{\n  \"args\": {},\n  \"headers\": {\n    \"Accept\": [\n      \"application/json\"\n
        \   ],\n    \"Accept-Encoding\": [\n      \"gzip, deflate\"\n    ],\n    \"Auth\":
        [\n      \"Token xxx\"\n    ],\n    \"Connection\": [\n      \"keep-alive\"\n
        \   ],\n    \"Content-Length\": [\n      \"849\"\n    ],\n    \"Content-Type\":
        [\n      \"application/json\"\n    ],\n    \"Host\": [\n      \"webhook.endpoint:8080\"\n
        \   ],\n    \"User-Agent\": [\n      \"DefectDojo-2.46.2\"\n    ],\n    \"X-Defectdojo-Event\":
        [\n      \"test_added\"\n    ],\n    \"X-Defectdojo-Instance\": [\n      \"http://localhost:8080\"\n
        \   ]\n  },\n  \"method\": \"POST\",\n  \"origin\": \"10.250.1.6:60716\",\n
        \ \"url\": \"http://webhook.endpoint:8080/post\",\n  \"data\": \"{\\\"description\\\":
        \\\"Event test_added has occurred.\\\", \\\"title\\\": \\\"Test created for
        Security How-to: 1st Quarter Engagement: NPM Audit Scan\\\", \\\"user\\\":
        null, \\\"url_ui\\\": \\\"http://localhost:8080/test/124\\\", \\\"url_api\\\":
        \\\"http://localhost:8080/api/v2/tests/124/\\\", \\\"product_type\\\": {\\\"name\\\":
        \\\"ebooks\\\", \\\"id\\\": 2, \\\"url_ui\\\": \\\"http://localhost:8080/product/type/2\\\",
        \\\"url_api\\\": \\\"http://localhost:8080/api/v2/product_types/2/\\\"}, \\\"product\\\":
        {\\\"name\\\": \\\"Security How-to\\\", \\\"id\\\": 2, \\\"url_ui\\\": \\\"http://localhost:8080/product/2\\\",
        \\\"url_api\\\": \\\"http://localhost:8080/api/v2/products/2/\\\"}, \\\"engagement\\\":
        {\\\"name\\\": \\\"1st Quarter Engagement\\\", \\\"id\\\": 1, \\\"url_ui\\\":
        \\\"http://localhost:8080/engagement/1\\\", \\\"url_api\\\": \\\"http://localhost:8080/api/v2/engagements/1/\\\"},
        \\\"test\\\": {\\\"title\\\": null, \\\"id\\\": 124, \\\"url_ui\\\": \\\"http://localhost:8080/test/124\\\",
        \\\"url_api\\\": \\\"http://localhost:8080/api/v2/tests/124/\\\"}}\",\n  \"files\":
        {},\n  \"form\": {},\n  \"json\": {\n    \"description\": \"Event test_added
        has occurred.\",\n    \"engagement\": {\n      \"id\": 1,\n      \"name\":
        \"1st Quarter Engagement\",\n      \"url_api\": \"http://localhost:8080/api/v2/engagements/1/\",\n
        \     \"url_ui\": \"http://localhost:8080/engagement/1\"\n    },\n    \"product\":
        {\n      \"id\": 2,\n      \"name\": \"Security How-to\",\n      \"url_api\":
        \"http://localhost:8080/api/v2/products/2/\",\n      \"url_ui\": \"http://localhost:8080/product/2\"\n
        \   },\n    \"product_type\": {\n      \"id\": 2,\n      \"name\": \"ebooks\",\n
        \     \"url_api\": \"http://localhost:8080/api/v2/product_types/2/\",\n      \"url_ui\":
        \"http://localhost:8080/product/type/2\"\n    },\n    \"test\": {\n      \"id\":
        124,\n      \"title\": null,\n      \"url_api\": \"http://localhost:8080/api/v2/tests/124/\",\n
        \     \"url_ui\": \"http://localhost:8080/test/124\"\n    },\n    \"title\":
        \"Test created for Security How-to: 1st Quarter Engagement: NPM Audit Scan\",\n
        \   \"url_api\": \"http://localhost:8080/api/v2/tests/124/\",\n    \"url_ui\":
        \"http://localhost:8080/test/124\",\n    \"user\": null\n  }\n}\n"
    headers:
      Access-Control-Allow-Credentials:
      - 'true'
      Access-Control-Allow-Origin:
      - '*'
      Content-Type:
      - application/json; charset=utf-8
      Date:
      - Tue, 20 May 2025 19:53:24 GMT
      Transfer-Encoding:
      - chunked
    status:
      code: 200
      message: OK
- request:
    body: '{"description": "Event scan_added has occurred.", "title": "Created/Updated
      5 findings for Security How-to: 1st Quarter Engagement: NPM Audit Scan", "user":
      null, "url_ui": "http://localhost:8080/test/124", "url_api": "http://localhost:8080/api/v2/tests/124/",
      "product_type": {"name": "ebooks", "id": 2, "url_ui": "http://localhost:8080/product/type/2",
      "url_api": "http://localhost:8080/api/v2/product_types/2/"}, "product": {"name":
      "Security How-to", "id": 2, "url_ui": "http://localhost:8080/product/2", "url_api":
      "http://localhost:8080/api/v2/products/2/"}, "engagement": {"name": "1st Quarter
      Engagement", "id": 1, "url_ui": "http://localhost:8080/engagement/1", "url_api":
      "http://localhost:8080/api/v2/engagements/1/"}, "test": {"title": null, "id":
      124, "url_ui": "http://localhost:8080/test/124", "url_api": "http://localhost:8080/api/v2/tests/124/"},
      "finding_count": 5, "findings": {"new": [{"id": 356, "title": "2222Regular Expression
      Denial of Service - (Negotiator, <= 0.6.0)", "severity": "High", "url_ui": "http://localhost:8080/finding/356",
      "url_api": "http://localhost:8080/api/v2/findings/356/"}, {"id": 357, "title":
      "Remote Code Execution - (Pg, < 2.11.2 || >= 3.0.0 < 3.6.4 ||  >= 4.0.0 < 4.5.7
      || >= 5.0.0 < 5.2.1 || >= 6.0.0 < 6.0.5 || >= 6.1.0 < 6.1.6 || >= 6.2.0 < 6.2.5
      || >= 6.3.0 < 6.3.3 || >= 6.4.0 < 6.4.2 || >= 7.0.0 < 7.0.2 || >= 7.1.0 < 7.1.2)",
      "severity": "High", "url_ui": "http://localhost:8080/finding/357", "url_api":
      "http://localhost:8080/api/v2/findings/357/"}, {"id": 355, "title": "Regular
      Expression Denial of Service - (Negotiator, <= 0.6.0)", "severity": "Medium",
      "url_ui": "http://localhost:8080/finding/355", "url_api": "http://localhost:8080/api/v2/findings/355/"},
      {"id": 358, "title": "Regular Expression Denial of Service - (Fresh, < 0.5.2)",
      "severity": "Medium", "url_ui": "http://localhost:8080/finding/358", "url_api":
      "http://localhost:8080/api/v2/findings/358/"}, {"id": 359, "title": "2222Remote
      Code Execution - (Pg, < 2.11.2 || >= 3.0.0 < 3.6.4 ||  >= 4.0.0 < 4.5.7 || >=
      5.0.0 < 5.2.1 || >= 6.0.0 < 6.0.5 || >= 6.1.0 < 6.1.6 || >= 6.2.0 < 6.2.5 ||
      >= 6.3.0 < 6.3.3 || >= 6.4.0 < 6.4.2 || >= 7.0.0 < 7.0.2 || >= 7.1.0 < 7.1.2)",
      "severity": "Medium", "url_ui": "http://localhost:8080/finding/359", "url_api":
      "http://localhost:8080/api/v2/findings/359/"}], "reactivated": [], "mitigated":
      [], "untouched": []}}'
    headers:
      Accept:
      - application/json
      Accept-Encoding:
      - gzip, deflate
      Auth:
      - Token xxx
      Connection:
      - keep-alive
      Content-Length:
      - '2378'
      Content-Type:
      - application/json
      User-Agent:
      - DefectDojo-2.46.2
      X-DefectDojo-Event:
      - scan_added
      X-DefectDojo-Instance:
      - http://localhost:8080
    method: POST
    uri: http://webhook.endpoint:8080/post
  response:
    body:
      string: "{\n  \"args\": {},\n  \"headers\": {\n    \"Accept\": [\n      \"application/json\"\n
        \   ],\n    \"Accept-Encoding\": [\n      \"gzip, deflate\"\n    ],\n    \"Auth\":
        [\n      \"Token xxx\"\n    ],\n    \"Connection\": [\n      \"keep-alive\"\n
        \   ],\n    \"Content-Length\": [\n      \"2378\"\n    ],\n    \"Content-Type\":
        [\n      \"application/json\"\n    ],\n    \"Host\": [\n      \"webhook.endpoint:8080\"\n
        \   ],\n    \"User-Agent\": [\n      \"DefectDojo-2.46.2\"\n    ],\n    \"X-Defectdojo-Event\":
        [\n      \"scan_added\"\n    ],\n    \"X-Defectdojo-Instance\": [\n      \"http://localhost:8080\"\n
        \   ]\n  },\n  \"method\": \"POST\",\n  \"origin\": \"10.250.1.6:60718\",\n
        \ \"url\": \"http://webhook.endpoint:8080/post\",\n  \"data\": \"{\\\"description\\\":
        \\\"Event scan_added has occurred.\\\", \\\"title\\\": \\\"Created/Updated
        5 findings for Security How-to: 1st Quarter Engagement: NPM Audit Scan\\\",
        \\\"user\\\": null, \\\"url_ui\\\": \\\"http://localhost:8080/test/124\\\",
        \\\"url_api\\\": \\\"http://localhost:8080/api/v2/tests/124/\\\", \\\"product_type\\\":
        {\\\"name\\\": \\\"ebooks\\\", \\\"id\\\": 2, \\\"url_ui\\\": \\\"http://localhost:8080/product/type/2\\\",
        \\\"url_api\\\": \\\"http://localhost:8080/api/v2/product_types/2/\\\"}, \\\"product\\\":
        {\\\"name\\\": \\\"Security How-to\\\", \\\"id\\\": 2, \\\"url_ui\\\": \\\"http://localhost:8080/product/2\\\",
        \\\"url_api\\\": \\\"http://localhost:8080/api/v2/products/2/\\\"}, \\\"engagement\\\":
        {\\\"name\\\": \\\"1st Quarter Engagement\\\", \\\"id\\\": 1, \\\"url_ui\\\":
        \\\"http://localhost:8080/engagement/1\\\", \\\"url_api\\\": \\\"http://localhost:8080/api/v2/engagements/1/\\\"},
        \\\"test\\\": {\\\"title\\\": null, \\\"id\\\": 124, \\\"url_ui\\\": \\\"http://localhost:8080/test/124\\\",
        \\\"url_api\\\": \\\"http://localhost:8080/api/v2/tests/124/\\\"}, \\\"finding_count\\\":
        5, \\\"findings\\\": {\\\"new\\\": [{\\\"id\\\": 356, \\\"title\\\": \\\"2222Regular
        Expression Denial of Service - (Negotiator, <= 0.6.0)\\\", \\\"severity\\\":
        \\\"High\\\", \\\"url_ui\\\": \\\"http://localhost:8080/finding/356\\\", \\\"url_api\\\":
        \\\"http://localhost:8080/api/v2/findings/356/\\\"}, {\\\"id\\\": 357, \\\"title\\\":
        \\\"Remote Code Execution - (Pg, < 2.11.2 || >= 3.0.0 < 3.6.4 ||  >= 4.0.0
        < 4.5.7 || >= 5.0.0 < 5.2.1 || >= 6.0.0 < 6.0.5 || >= 6.1.0 < 6.1.6 || >=
        6.2.0 < 6.2.5 || >= 6.3.0 < 6.3.3 || >= 6.4.0 < 6.4.2 || >= 7.0.0 < 7.0.2
        || >= 7.1.0 < 7.1.2)\\\", \\\"severity\\\": \\\"High\\\", \\\"url_ui\\\":
        \\\"http://localhost:8080/finding/357\\\", \\\"url_api\\\": \\\"http://localhost:8080/api/v2/findings/357/\\\"},
        {\\\"id\\\": 355, \\\"title\\\": \\\"Regular Expression Denial of Service
        - (Negotiator, <= 0.6.0)\\\", \\\"severity\\\": \\\"Medium\\\", \\\"url_ui\\\":
        \\\"http://localhost:8080/finding/355\\\", \\\"url_api\\\": \\\"http://localhost:8080/api/v2/findings/355/\\\"},
        {\\\"id\\\": 358, \\\"title\\\": \\\"Regular Expression Denial of Service
        - (Fresh, < 0.5.2)\\\", \\\"severity\\\": \\\"Medium\\\", \\\"url_ui\\\":
        \\\"http://localhost:8080/finding/358\\\", \\\"url_api\\\": \\\"http://localhost:8080/api/v2/findings/358/\\\"},
        {\\\"id\\\": 359, \\\"title\\\": \\\"2222Remote Code Execution - (Pg, < 2.11.2
        || >= 3.0.0 < 3.6.4 ||  >= 4.0.0 < 4.5.7 || >= 5.0.0 < 5.2.1 || >= 6.0.0 <
        6.0.5 || >= 6.1.0 < 6.1.6 || >= 6.2.0 < 6.2.5 || >= 6.3.0 < 6.3.3 || >= 6.4.0
        < 6.4.2 || >= 7.0.0 < 7.0.2 || >= 7.1.0 < 7.1.2)\\\", \\\"severity\\\": \\\"Medium\\\",
        \\\"url_ui\\\": \\\"http://localhost:8080/finding/359\\\", \\\"url_api\\\":
        \\\"http://localhost:8080/api/v2/findings/359/\\\"}], \\\"reactivated\\\":
        [], \\\"mitigated\\\": [], \\\"untouched\\\": []}}\",\n  \"files\": {},\n
        \ \"form\": {},\n  \"json\": {\n    \"description\": \"Event scan_added has
        occurred.\",\n    \"engagement\": {\n      \"id\": 1,\n      \"name\": \"1st
        Quarter Engagement\",\n      \"url_api\": \"http://localhost:8080/api/v2/engagements/1/\",\n
        \     \"url_ui\": \"http://localhost:8080/engagement/1\"\n    },\n    \"finding_count\":
        5,\n    \"findings\": {\n      \"mitigated\": [],\n      \"new\": [\n        {\n
        \         \"id\": 356,\n          \"severity\": \"High\",\n          \"title\":
        \"2222Regular Expression Denial of Service - (Negotiator, <= 0.6.0)\",\n          \"url_api\":
        \"http://localhost:8080/api/v2/findings/356/\",\n          \"url_ui\": \"http://localhost:8080/finding/356\"\n
        \       },\n        {\n          \"id\": 357,\n          \"severity\": \"High\",\n
        \         \"title\": \"Remote Code Execution - (Pg, < 2.11.2 || >= 3.0.0 <
        3.6.4 ||  >= 4.0.0 < 4.5.7 || >= 5.0.0 < 5.2.1 || >= 6.0.0 < 6.0.5 || >= 6.1.0
        < 6.1.6 || >= 6.2.0 < 6.2.5 || >= 6.3.0 < 6.3.3 || >= 6.4.0 < 6.4.2 || >=
        7.0.0 < 7.0.2 || >= 7.1.0 < 7.1.2)\",\n          \"url_api\": \"http://localhost:8080/api/v2/findings/357/\",\n
        \         \"url_ui\": \"http://localhost:8080/finding/357\"\n        },\n
        \       {\n          \"id\": 355,\n          \"severity\": \"Medium\",\n          \"title\":
        \"Regular Expression Denial of Service - (Negotiator, <= 0.6.0)\",\n          \"url_api\":
        \"http://localhost:8080/api/v2/findings/355/\",\n          \"url_ui\": \"http://localhost:8080/finding/355\"\n
        \       },\n        {\n          \"id\": 358,\n          \"severity\": \"Medium\",\n
        \         \"title\": \"Regular Expression Denial of Service - (Fresh, < 0.5.2)\",\n
        \         \"url_api\": \"http://localhost:8080/api/v2/findings/358/\",\n          \"url_ui\":
        \"http://localhost:8080/finding/358\"\n        },\n        {\n          \"id\":
        359,\n          \"severity\": \"Medium\",\n          \"title\": \"2222Remote
        Code Execution - (Pg, < 2.11.2 || >= 3.0.0 < 3.6.4 ||  >= 4.0.0 < 4.5.7 ||
        >= 5.0.0 < 5.2.1 || >= 6.0.0 < 6.0.5 || >= 6.1.0 < 6.1.6 || >= 6.2.0 < 6.2.5
        || >= 6.3.0 < 6.3.3 || >= 6.4.0 < 6.4.2 || >= 7.0.0 < 7.0.2 || >= 7.1.0 <
        7.1.2)\",\n          \"url_api\": \"http://localhost:8080/api/v2/findings/359/\",\n
        \         \"url_ui\": \"http://localhost:8080/finding/359\"\n        }\n      ],\n
        \     \"reactivated\": [],\n      \"untouched\": []\n    },\n    \"product\":
        {\n      \"id\": 2,\n      \"name\": \"Security How-to\",\n      \"url_api\":
        \"http://localhost:8080/api/v2/products/2/\",\n      \"url_ui\": \"http://localhost:8080/product/2\"\n
        \   },\n    \"product_type\": {\n      \"id\": 2,\n      \"name\": \"ebooks\",\n
        \     \"url_api\": \"http://localhost:8080/api/v2/product_types/2/\",\n      \"url_ui\":
        \"http://localhost:8080/product/type/2\"\n    },\n    \"test\": {\n      \"id\":
        124,\n      \"title\": null,\n      \"url_api\": \"http://localhost:8080/api/v2/tests/124/\",\n
        \     \"url_ui\": \"http://localhost:8080/test/124\"\n    },\n    \"title\":
        \"Created/Updated 5 findings for Security How-to: 1st Quarter Engagement:
        NPM Audit Scan\",\n    \"url_api\": \"http://localhost:8080/api/v2/tests/124/\",\n
        \   \"url_ui\": \"http://localhost:8080/test/124\",\n    \"user\": null\n
        \ }\n}\n"
    headers:
      Access-Control-Allow-Credentials:
      - 'true'
      Access-Control-Allow-Origin:
      - '*'
      Content-Type:
      - application/json; charset=utf-8
      Date:
      - Tue, 20 May 2025 19:53:24 GMT
      Transfer-Encoding:
      - chunked
    status:
      code: 200
      message: OK
- request:
    body: '{"description": "Event test_added has occurred.", "title": "Test created
      for Security How-to: 1st Quarter Engagement: NPM Audit Scan", "user": null,
      "url_ui": "http://localhost:8080/test/125", "url_api": "http://localhost:8080/api/v2/tests/125/",
      "product_type": {"name": "ebooks", "id": 2, "url_ui": "http://localhost:8080/product/type/2",
      "url_api": "http://localhost:8080/api/v2/product_types/2/"}, "product": {"name":
      "Security How-to", "id": 2, "url_ui": "http://localhost:8080/product/2", "url_api":
      "http://localhost:8080/api/v2/products/2/"}, "engagement": {"name": "1st Quarter
      Engagement", "id": 1, "url_ui": "http://localhost:8080/engagement/1", "url_api":
      "http://localhost:8080/api/v2/engagements/1/"}, "test": {"title": null, "id":
      125, "url_ui": "http://localhost:8080/test/125", "url_api": "http://localhost:8080/api/v2/tests/125/"}}'
    headers:
      Accept:
      - application/json
      Accept-Encoding:
      - gzip, deflate
      Auth:
      - Token xxx
      Connection:
      - keep-alive
      Content-Length:
      - '849'
      Content-Type:
      - application/json
      User-Agent:
      - DefectDojo-2.46.2
      X-DefectDojo-Event:
      - test_added
      X-DefectDojo-Instance:
      - http://localhost:8080
    method: POST
    uri: http://webhook.endpoint:8080/post
  response:
    body:
      string: "{\n  \"args\": {},\n  \"headers\": {\n    \"Accept\": [\n      \"application/json\"\n
        \   ],\n    \"Accept-Encoding\": [\n      \"gzip, deflate\"\n    ],\n    \"Auth\":
        [\n      \"Token xxx\"\n    ],\n    \"Connection\": [\n      \"keep-alive\"\n
        \   ],\n    \"Content-Length\": [\n      \"849\"\n    ],\n    \"Content-Type\":
        [\n      \"application/json\"\n    ],\n    \"Host\": [\n      \"webhook.endpoint:8080\"\n
        \   ],\n    \"User-Agent\": [\n      \"DefectDojo-2.46.2\"\n    ],\n    \"X-Defectdojo-Event\":
        [\n      \"test_added\"\n    ],\n    \"X-Defectdojo-Instance\": [\n      \"http://localhost:8080\"\n
        \   ]\n  },\n  \"method\": \"POST\",\n  \"origin\": \"10.250.1.6:60734\",\n
        \ \"url\": \"http://webhook.endpoint:8080/post\",\n  \"data\": \"{\\\"description\\\":
        \\\"Event test_added has occurred.\\\", \\\"title\\\": \\\"Test created for
        Security How-to: 1st Quarter Engagement: NPM Audit Scan\\\", \\\"user\\\":
        null, \\\"url_ui\\\": \\\"http://localhost:8080/test/125\\\", \\\"url_api\\\":
        \\\"http://localhost:8080/api/v2/tests/125/\\\", \\\"product_type\\\": {\\\"name\\\":
        \\\"ebooks\\\", \\\"id\\\": 2, \\\"url_ui\\\": \\\"http://localhost:8080/product/type/2\\\",
        \\\"url_api\\\": \\\"http://localhost:8080/api/v2/product_types/2/\\\"}, \\\"product\\\":
        {\\\"name\\\": \\\"Security How-to\\\", \\\"id\\\": 2, \\\"url_ui\\\": \\\"http://localhost:8080/product/2\\\",
        \\\"url_api\\\": \\\"http://localhost:8080/api/v2/products/2/\\\"}, \\\"engagement\\\":
        {\\\"name\\\": \\\"1st Quarter Engagement\\\", \\\"id\\\": 1, \\\"url_ui\\\":
        \\\"http://localhost:8080/engagement/1\\\", \\\"url_api\\\": \\\"http://localhost:8080/api/v2/engagements/1/\\\"},
        \\\"test\\\": {\\\"title\\\": null, \\\"id\\\": 125, \\\"url_ui\\\": \\\"http://localhost:8080/test/125\\\",
        \\\"url_api\\\": \\\"http://localhost:8080/api/v2/tests/125/\\\"}}\",\n  \"files\":
        {},\n  \"form\": {},\n  \"json\": {\n    \"description\": \"Event test_added
        has occurred.\",\n    \"engagement\": {\n      \"id\": 1,\n      \"name\":
        \"1st Quarter Engagement\",\n      \"url_api\": \"http://localhost:8080/api/v2/engagements/1/\",\n
        \     \"url_ui\": \"http://localhost:8080/engagement/1\"\n    },\n    \"product\":
        {\n      \"id\": 2,\n      \"name\": \"Security How-to\",\n      \"url_api\":
        \"http://localhost:8080/api/v2/products/2/\",\n      \"url_ui\": \"http://localhost:8080/product/2\"\n
        \   },\n    \"product_type\": {\n      \"id\": 2,\n      \"name\": \"ebooks\",\n
        \     \"url_api\": \"http://localhost:8080/api/v2/product_types/2/\",\n      \"url_ui\":
        \"http://localhost:8080/product/type/2\"\n    },\n    \"test\": {\n      \"id\":
        125,\n      \"title\": null,\n      \"url_api\": \"http://localhost:8080/api/v2/tests/125/\",\n
        \     \"url_ui\": \"http://localhost:8080/test/125\"\n    },\n    \"title\":
        \"Test created for Security How-to: 1st Quarter Engagement: NPM Audit Scan\",\n
        \   \"url_api\": \"http://localhost:8080/api/v2/tests/125/\",\n    \"url_ui\":
        \"http://localhost:8080/test/125\",\n    \"user\": null\n  }\n}\n"
    headers:
      Access-Control-Allow-Credentials:
      - 'true'
      Access-Control-Allow-Origin:
      - '*'
      Content-Type:
      - application/json; charset=utf-8
      Date:
      - Tue, 20 May 2025 19:53:28 GMT
      Transfer-Encoding:
      - chunked
    status:
      code: 200
      message: OK
- request:
    body: '{"description": "Event scan_added has occurred.", "title": "Created/Updated
      5 findings for Security How-to: 1st Quarter Engagement: NPM Audit Scan", "user":
      null, "url_ui": "http://localhost:8080/test/125", "url_api": "http://localhost:8080/api/v2/tests/125/",
      "product_type": {"name": "ebooks", "id": 2, "url_ui": "http://localhost:8080/product/type/2",
      "url_api": "http://localhost:8080/api/v2/product_types/2/"}, "product": {"name":
      "Security How-to", "id": 2, "url_ui": "http://localhost:8080/product/2", "url_api":
      "http://localhost:8080/api/v2/products/2/"}, "engagement": {"name": "1st Quarter
      Engagement", "id": 1, "url_ui": "http://localhost:8080/engagement/1", "url_api":
      "http://localhost:8080/api/v2/engagements/1/"}, "test": {"title": null, "id":
      125, "url_ui": "http://localhost:8080/test/125", "url_api": "http://localhost:8080/api/v2/tests/125/"},
      "finding_count": 5, "findings": {"new": [{"id": 361, "title": "2222Regular Expression
      Denial of Service - (Negotiator, <= 0.6.0)", "severity": "High", "url_ui": "http://localhost:8080/finding/361",
      "url_api": "http://localhost:8080/api/v2/findings/361/"}, {"id": 362, "title":
      "Remote Code Execution - (Pg, < 2.11.2 || >= 3.0.0 < 3.6.4 ||  >= 4.0.0 < 4.5.7
      || >= 5.0.0 < 5.2.1 || >= 6.0.0 < 6.0.5 || >= 6.1.0 < 6.1.6 || >= 6.2.0 < 6.2.5
      || >= 6.3.0 < 6.3.3 || >= 6.4.0 < 6.4.2 || >= 7.0.0 < 7.0.2 || >= 7.1.0 < 7.1.2)",
      "severity": "High", "url_ui": "http://localhost:8080/finding/362", "url_api":
      "http://localhost:8080/api/v2/findings/362/"}, {"id": 360, "title": "Regular
      Expression Denial of Service - (Negotiator, <= 0.6.0)", "severity": "Medium",
      "url_ui": "http://localhost:8080/finding/360", "url_api": "http://localhost:8080/api/v2/findings/360/"},
      {"id": 363, "title": "Regular Expression Denial of Service - (Fresh, < 0.5.2)",
      "severity": "Medium", "url_ui": "http://localhost:8080/finding/363", "url_api":
      "http://localhost:8080/api/v2/findings/363/"}, {"id": 364, "title": "2222Remote
      Code Execution - (Pg, < 2.11.2 || >= 3.0.0 < 3.6.4 ||  >= 4.0.0 < 4.5.7 || >=
      5.0.0 < 5.2.1 || >= 6.0.0 < 6.0.5 || >= 6.1.0 < 6.1.6 || >= 6.2.0 < 6.2.5 ||
      >= 6.3.0 < 6.3.3 || >= 6.4.0 < 6.4.2 || >= 7.0.0 < 7.0.2 || >= 7.1.0 < 7.1.2)",
      "severity": "Medium", "url_ui": "http://localhost:8080/finding/364", "url_api":
      "http://localhost:8080/api/v2/findings/364/"}], "reactivated": [], "mitigated":
      [], "untouched": []}}'
    headers:
      Accept:
      - application/json
      Accept-Encoding:
      - gzip, deflate
      Auth:
      - Token xxx
      Connection:
      - keep-alive
      Content-Length:
      - '2378'
      Content-Type:
      - application/json
      User-Agent:
      - DefectDojo-2.46.2
      X-DefectDojo-Event:
      - scan_added
      X-DefectDojo-Instance:
      - http://localhost:8080
    method: POST
    uri: http://webhook.endpoint:8080/post
  response:
    body:
      string: "{\n  \"args\": {},\n  \"headers\": {\n    \"Accept\": [\n      \"application/json\"\n
        \   ],\n    \"Accept-Encoding\": [\n      \"gzip, deflate\"\n    ],\n    \"Auth\":
        [\n      \"Token xxx\"\n    ],\n    \"Connection\": [\n      \"keep-alive\"\n
        \   ],\n    \"Content-Length\": [\n      \"2378\"\n    ],\n    \"Content-Type\":
        [\n      \"application/json\"\n    ],\n    \"Host\": [\n      \"webhook.endpoint:8080\"\n
        \   ],\n    \"User-Agent\": [\n      \"DefectDojo-2.46.2\"\n    ],\n    \"X-Defectdojo-Event\":
        [\n      \"scan_added\"\n    ],\n    \"X-Defectdojo-Instance\": [\n      \"http://localhost:8080\"\n
        \   ]\n  },\n  \"method\": \"POST\",\n  \"origin\": \"10.250.1.6:60746\",\n
        \ \"url\": \"http://webhook.endpoint:8080/post\",\n  \"data\": \"{\\\"description\\\":
        \\\"Event scan_added has occurred.\\\", \\\"title\\\": \\\"Created/Updated
        5 findings for Security How-to: 1st Quarter Engagement: NPM Audit Scan\\\",
        \\\"user\\\": null, \\\"url_ui\\\": \\\"http://localhost:8080/test/125\\\",
        \\\"url_api\\\": \\\"http://localhost:8080/api/v2/tests/125/\\\", \\\"product_type\\\":
        {\\\"name\\\": \\\"ebooks\\\", \\\"id\\\": 2, \\\"url_ui\\\": \\\"http://localhost:8080/product/type/2\\\",
        \\\"url_api\\\": \\\"http://localhost:8080/api/v2/product_types/2/\\\"}, \\\"product\\\":
        {\\\"name\\\": \\\"Security How-to\\\", \\\"id\\\": 2, \\\"url_ui\\\": \\\"http://localhost:8080/product/2\\\",
        \\\"url_api\\\": \\\"http://localhost:8080/api/v2/products/2/\\\"}, \\\"engagement\\\":
        {\\\"name\\\": \\\"1st Quarter Engagement\\\", \\\"id\\\": 1, \\\"url_ui\\\":
        \\\"http://localhost:8080/engagement/1\\\", \\\"url_api\\\": \\\"http://localhost:8080/api/v2/engagements/1/\\\"},
        \\\"test\\\": {\\\"title\\\": null, \\\"id\\\": 125, \\\"url_ui\\\": \\\"http://localhost:8080/test/125\\\",
        \\\"url_api\\\": \\\"http://localhost:8080/api/v2/tests/125/\\\"}, \\\"finding_count\\\":
        5, \\\"findings\\\": {\\\"new\\\": [{\\\"id\\\": 361, \\\"title\\\": \\\"2222Regular
        Expression Denial of Service - (Negotiator, <= 0.6.0)\\\", \\\"severity\\\":
        \\\"High\\\", \\\"url_ui\\\": \\\"http://localhost:8080/finding/361\\\", \\\"url_api\\\":
        \\\"http://localhost:8080/api/v2/findings/361/\\\"}, {\\\"id\\\": 362, \\\"title\\\":
        \\\"Remote Code Execution - (Pg, < 2.11.2 || >= 3.0.0 < 3.6.4 ||  >= 4.0.0
        < 4.5.7 || >= 5.0.0 < 5.2.1 || >= 6.0.0 < 6.0.5 || >= 6.1.0 < 6.1.6 || >=
        6.2.0 < 6.2.5 || >= 6.3.0 < 6.3.3 || >= 6.4.0 < 6.4.2 || >= 7.0.0 < 7.0.2
        || >= 7.1.0 < 7.1.2)\\\", \\\"severity\\\": \\\"High\\\", \\\"url_ui\\\":
        \\\"http://localhost:8080/finding/362\\\", \\\"url_api\\\": \\\"http://localhost:8080/api/v2/findings/362/\\\"},
        {\\\"id\\\": 360, \\\"title\\\": \\\"Regular Expression Denial of Service
        - (Negotiator, <= 0.6.0)\\\", \\\"severity\\\": \\\"Medium\\\", \\\"url_ui\\\":
        \\\"http://localhost:8080/finding/360\\\", \\\"url_api\\\": \\\"http://localhost:8080/api/v2/findings/360/\\\"},
        {\\\"id\\\": 363, \\\"title\\\": \\\"Regular Expression Denial of Service
        - (Fresh, < 0.5.2)\\\", \\\"severity\\\": \\\"Medium\\\", \\\"url_ui\\\":
        \\\"http://localhost:8080/finding/363\\\", \\\"url_api\\\": \\\"http://localhost:8080/api/v2/findings/363/\\\"},
        {\\\"id\\\": 364, \\\"title\\\": \\\"2222Remote Code Execution - (Pg, < 2.11.2
        || >= 3.0.0 < 3.6.4 ||  >= 4.0.0 < 4.5.7 || >= 5.0.0 < 5.2.1 || >= 6.0.0 <
        6.0.5 || >= 6.1.0 < 6.1.6 || >= 6.2.0 < 6.2.5 || >= 6.3.0 < 6.3.3 || >= 6.4.0
        < 6.4.2 || >= 7.0.0 < 7.0.2 || >= 7.1.0 < 7.1.2)\\\", \\\"severity\\\": \\\"Medium\\\",
        \\\"url_ui\\\": \\\"http://localhost:8080/finding/364\\\", \\\"url_api\\\":
        \\\"http://localhost:8080/api/v2/findings/364/\\\"}], \\\"reactivated\\\":
        [], \\\"mitigated\\\": [], \\\"untouched\\\": []}}\",\n  \"files\": {},\n
        \ \"form\": {},\n  \"json\": {\n    \"description\": \"Event scan_added has
        occurred.\",\n    \"engagement\": {\n      \"id\": 1,\n      \"name\": \"1st
        Quarter Engagement\",\n      \"url_api\": \"http://localhost:8080/api/v2/engagements/1/\",\n
        \     \"url_ui\": \"http://localhost:8080/engagement/1\"\n    },\n    \"finding_count\":
        5,\n    \"findings\": {\n      \"mitigated\": [],\n      \"new\": [\n        {\n
        \         \"id\": 361,\n          \"severity\": \"High\",\n          \"title\":
        \"2222Regular Expression Denial of Service - (Negotiator, <= 0.6.0)\",\n          \"url_api\":
        \"http://localhost:8080/api/v2/findings/361/\",\n          \"url_ui\": \"http://localhost:8080/finding/361\"\n
        \       },\n        {\n          \"id\": 362,\n          \"severity\": \"High\",\n
        \         \"title\": \"Remote Code Execution - (Pg, < 2.11.2 || >= 3.0.0 <
        3.6.4 ||  >= 4.0.0 < 4.5.7 || >= 5.0.0 < 5.2.1 || >= 6.0.0 < 6.0.5 || >= 6.1.0
        < 6.1.6 || >= 6.2.0 < 6.2.5 || >= 6.3.0 < 6.3.3 || >= 6.4.0 < 6.4.2 || >=
        7.0.0 < 7.0.2 || >= 7.1.0 < 7.1.2)\",\n          \"url_api\": \"http://localhost:8080/api/v2/findings/362/\",\n
        \         \"url_ui\": \"http://localhost:8080/finding/362\"\n        },\n
        \       {\n          \"id\": 360,\n          \"severity\": \"Medium\",\n          \"title\":
        \"Regular Expression Denial of Service - (Negotiator, <= 0.6.0)\",\n          \"url_api\":
        \"http://localhost:8080/api/v2/findings/360/\",\n          \"url_ui\": \"http://localhost:8080/finding/360\"\n
        \       },\n        {\n          \"id\": 363,\n          \"severity\": \"Medium\",\n
        \         \"title\": \"Regular Expression Denial of Service - (Fresh, < 0.5.2)\",\n
        \         \"url_api\": \"http://localhost:8080/api/v2/findings/363/\",\n          \"url_ui\":
        \"http://localhost:8080/finding/363\"\n        },\n        {\n          \"id\":
        364,\n          \"severity\": \"Medium\",\n          \"title\": \"2222Remote
        Code Execution - (Pg, < 2.11.2 || >= 3.0.0 < 3.6.4 ||  >= 4.0.0 < 4.5.7 ||
        >= 5.0.0 < 5.2.1 || >= 6.0.0 < 6.0.5 || >= 6.1.0 < 6.1.6 || >= 6.2.0 < 6.2.5
        || >= 6.3.0 < 6.3.3 || >= 6.4.0 < 6.4.2 || >= 7.0.0 < 7.0.2 || >= 7.1.0 <
        7.1.2)\",\n          \"url_api\": \"http://localhost:8080/api/v2/findings/364/\",\n
        \         \"url_ui\": \"http://localhost:8080/finding/364\"\n        }\n      ],\n
        \     \"reactivated\": [],\n      \"untouched\": []\n    },\n    \"product\":
        {\n      \"id\": 2,\n      \"name\": \"Security How-to\",\n      \"url_api\":
        \"http://localhost:8080/api/v2/products/2/\",\n      \"url_ui\": \"http://localhost:8080/product/2\"\n
        \   },\n    \"product_type\": {\n      \"id\": 2,\n      \"name\": \"ebooks\",\n
        \     \"url_api\": \"http://localhost:8080/api/v2/product_types/2/\",\n      \"url_ui\":
        \"http://localhost:8080/product/type/2\"\n    },\n    \"test\": {\n      \"id\":
        125,\n      \"title\": null,\n      \"url_api\": \"http://localhost:8080/api/v2/tests/125/\",\n
        \     \"url_ui\": \"http://localhost:8080/test/125\"\n    },\n    \"title\":
        \"Created/Updated 5 findings for Security How-to: 1st Quarter Engagement:
        NPM Audit Scan\",\n    \"url_api\": \"http://localhost:8080/api/v2/tests/125/\",\n
        \   \"url_ui\": \"http://localhost:8080/test/125\",\n    \"user\": null\n
        \ }\n}\n"
    headers:
      Access-Control-Allow-Credentials:
      - 'true'
      Access-Control-Allow-Origin:
      - '*'
      Content-Type:
      - application/json; charset=utf-8
      Date:
      - Tue, 20 May 2025 19:53:28 GMT
      Transfer-Encoding:
      - chunked
    status:
      code: 200
      message: OK
version: 1
