interactions:
- request:
    body: '{"description": "Event test_added has occurred.", "title": "Test created
      for Security How-to: 1st Quarter Engagement: ZAP Scan", "user": null, "url_ui":
      "http://localhost:8080/test/109", "url_api": "http://localhost:8080/api/v2/tests/109/",
      "product_type": {"name": "ebooks", "id": 2, "url_ui": "http://localhost:8080/product/type/2",
      "url_api": "http://localhost:8080/api/v2/product_types/2/"}, "product": {"name":
      "Security How-to", "id": 2, "url_ui": "http://localhost:8080/product/2", "url_api":
      "http://localhost:8080/api/v2/products/2/"}, "engagement": {"name": "1st Quarter
      Engagement", "id": 1, "url_ui": "http://localhost:8080/engagement/1", "url_api":
      "http://localhost:8080/api/v2/engagements/1/"}, "test": {"title": null, "id":
      109, "url_ui": "http://localhost:8080/test/109", "url_api": "http://localhost:8080/api/v2/tests/109/"}}'
    headers:
      Accept:
      - application/json
      Accept-Encoding:
      - gzip, deflate
      Auth:
      - Token xxx
      Connection:
      - keep-alive
      Content-Length:
      - '843'
      Content-Type:
      - application/json
      User-Agent:
      - DefectDojo-2.48.4
      X-DefectDojo-Event:
      - test_added
      X-DefectDojo-Instance:
      - http://localhost:8080
    method: POST
    uri: http://webhook.endpoint:8080/post
  response:
    body:
      string: "{\n  \"args\": {},\n  \"headers\": {\n    \"Accept\": [\n      \"application/json\"\n
        \   ],\n    \"Accept-Encoding\": [\n      \"gzip, deflate\"\n    ],\n    \"Auth\":
        [\n      \"Token xxx\"\n    ],\n    \"Connection\": [\n      \"keep-alive\"\n
        \   ],\n    \"Content-Length\": [\n      \"843\"\n    ],\n    \"Content-Type\":
        [\n      \"application/json\"\n    ],\n    \"Host\": [\n      \"webhook.endpoint:8080\"\n
        \   ],\n    \"User-Agent\": [\n      \"DefectDojo-2.48.4\"\n    ],\n    \"X-Defectdojo-Event\":
        [\n      \"test_added\"\n    ],\n    \"X-Defectdojo-Instance\": [\n      \"http://localhost:8080\"\n
        \   ]\n  },\n  \"method\": \"POST\",\n  \"origin\": \"10.250.1.7\",\n  \"url\":
        \"http://webhook.endpoint:8080/post\",\n  \"data\": \"{\\\"description\\\":
        \\\"Event test_added has occurred.\\\", \\\"title\\\": \\\"Test created for
        Security How-to: 1st Quarter Engagement: ZAP Scan\\\", \\\"user\\\": null,
        \\\"url_ui\\\": \\\"http://localhost:8080/test/109\\\", \\\"url_api\\\": \\\"http://localhost:8080/api/v2/tests/109/\\\",
        \\\"product_type\\\": {\\\"name\\\": \\\"ebooks\\\", \\\"id\\\": 2, \\\"url_ui\\\":
        \\\"http://localhost:8080/product/type/2\\\", \\\"url_api\\\": \\\"http://localhost:8080/api/v2/product_types/2/\\\"},
        \\\"product\\\": {\\\"name\\\": \\\"Security How-to\\\", \\\"id\\\": 2, \\\"url_ui\\\":
        \\\"http://localhost:8080/product/2\\\", \\\"url_api\\\": \\\"http://localhost:8080/api/v2/products/2/\\\"},
        \\\"engagement\\\": {\\\"name\\\": \\\"1st Quarter Engagement\\\", \\\"id\\\":
        1, \\\"url_ui\\\": \\\"http://localhost:8080/engagement/1\\\", \\\"url_api\\\":
        \\\"http://localhost:8080/api/v2/engagements/1/\\\"}, \\\"test\\\": {\\\"title\\\":
        null, \\\"id\\\": 109, \\\"url_ui\\\": \\\"http://localhost:8080/test/109\\\",
        \\\"url_api\\\": \\\"http://localhost:8080/api/v2/tests/109/\\\"}}\",\n  \"files\":
        {},\n  \"form\": {},\n  \"json\": {\n    \"description\": \"Event test_added
        has occurred.\",\n    \"engagement\": {\n      \"id\": 1,\n      \"name\":
        \"1st Quarter Engagement\",\n      \"url_api\": \"http://localhost:8080/api/v2/engagements/1/\",\n
        \     \"url_ui\": \"http://localhost:8080/engagement/1\"\n    },\n    \"product\":
        {\n      \"id\": 2,\n      \"name\": \"Security How-to\",\n      \"url_api\":
        \"http://localhost:8080/api/v2/products/2/\",\n      \"url_ui\": \"http://localhost:8080/product/2\"\n
        \   },\n    \"product_type\": {\n      \"id\": 2,\n      \"name\": \"ebooks\",\n
        \     \"url_api\": \"http://localhost:8080/api/v2/product_types/2/\",\n      \"url_ui\":
        \"http://localhost:8080/product/type/2\"\n    },\n    \"test\": {\n      \"id\":
        109,\n      \"title\": null,\n      \"url_api\": \"http://localhost:8080/api/v2/tests/109/\",\n
        \     \"url_ui\": \"http://localhost:8080/test/109\"\n    },\n    \"title\":
        \"Test created for Security How-to: 1st Quarter Engagement: ZAP Scan\",\n
        \   \"url_api\": \"http://localhost:8080/api/v2/tests/109/\",\n    \"url_ui\":
        \"http://localhost:8080/test/109\",\n    \"user\": null\n  }\n}\n"
    headers:
      Access-Control-Allow-Credentials:
      - 'true'
      Access-Control-Allow-Origin:
      - '*'
      Content-Type:
      - application/json; charset=utf-8
      Date:
      - Fri, 25 Jul 2025 19:09:08 GMT
      Transfer-Encoding:
      - chunked
    status:
      code: 200
      message: OK
- request:
    body: '{"description": "Event scan_added has occurred.", "title": "Created/Updated
      2 findings for Security How-to: 1st Quarter Engagement: ZAP Scan", "user": null,
      "url_ui": "http://localhost:8080/test/109", "url_api": "http://localhost:8080/api/v2/tests/109/",
      "product_type": {"name": "ebooks", "id": 2, "url_ui": "http://localhost:8080/product/type/2",
      "url_api": "http://localhost:8080/api/v2/product_types/2/"}, "product": {"name":
      "Security How-to", "id": 2, "url_ui": "http://localhost:8080/product/2", "url_api":
      "http://localhost:8080/api/v2/products/2/"}, "engagement": {"name": "1st Quarter
      Engagement", "id": 1, "url_ui": "http://localhost:8080/engagement/1", "url_api":
      "http://localhost:8080/api/v2/engagements/1/"}, "test": {"title": null, "id":
      109, "url_ui": "http://localhost:8080/test/109", "url_api": "http://localhost:8080/api/v2/tests/109/"},
      "finding_count": 2, "findings": {"new": [{"id": 304, "title": "Zap1: Cookie
      Without Secure Flag", "severity": "Low", "url_ui": "http://localhost:8080/finding/304",
      "url_api": "http://localhost:8080/api/v2/findings/304/"}, {"id": 305, "title":
      "Zap2: Cookie Without Secure Flag", "severity": "Low", "url_ui": "http://localhost:8080/finding/305",
      "url_api": "http://localhost:8080/api/v2/findings/305/"}], "reactivated": [],
      "mitigated": [], "untouched": []}}'
    headers:
      Accept:
      - application/json
      Accept-Encoding:
      - gzip, deflate
      Auth:
      - Token xxx
      Connection:
      - keep-alive
      Content-Length:
      - '1315'
      Content-Type:
      - application/json
      User-Agent:
      - DefectDojo-2.48.4
      X-DefectDojo-Event:
      - scan_added
      X-DefectDojo-Instance:
      - http://localhost:8080
    method: POST
    uri: http://webhook.endpoint:8080/post
  response:
    body:
      string: "{\n  \"args\": {},\n  \"headers\": {\n    \"Accept\": [\n      \"application/json\"\n
        \   ],\n    \"Accept-Encoding\": [\n      \"gzip, deflate\"\n    ],\n    \"Auth\":
        [\n      \"Token xxx\"\n    ],\n    \"Connection\": [\n      \"keep-alive\"\n
        \   ],\n    \"Content-Length\": [\n      \"1315\"\n    ],\n    \"Content-Type\":
        [\n      \"application/json\"\n    ],\n    \"Host\": [\n      \"webhook.endpoint:8080\"\n
        \   ],\n    \"User-Agent\": [\n      \"DefectDojo-2.48.4\"\n    ],\n    \"X-Defectdojo-Event\":
        [\n      \"scan_added\"\n    ],\n    \"X-Defectdojo-Instance\": [\n      \"http://localhost:8080\"\n
        \   ]\n  },\n  \"method\": \"POST\",\n  \"origin\": \"10.250.1.7\",\n  \"url\":
        \"http://webhook.endpoint:8080/post\",\n  \"data\": \"{\\\"description\\\":
        \\\"Event scan_added has occurred.\\\", \\\"title\\\": \\\"Created/Updated
        2 findings for Security How-to: 1st Quarter Engagement: ZAP Scan\\\", \\\"user\\\":
        null, \\\"url_ui\\\": \\\"http://localhost:8080/test/109\\\", \\\"url_api\\\":
        \\\"http://localhost:8080/api/v2/tests/109/\\\", \\\"product_type\\\": {\\\"name\\\":
        \\\"ebooks\\\", \\\"id\\\": 2, \\\"url_ui\\\": \\\"http://localhost:8080/product/type/2\\\",
        \\\"url_api\\\": \\\"http://localhost:8080/api/v2/product_types/2/\\\"}, \\\"product\\\":
        {\\\"name\\\": \\\"Security How-to\\\", \\\"id\\\": 2, \\\"url_ui\\\": \\\"http://localhost:8080/product/2\\\",
        \\\"url_api\\\": \\\"http://localhost:8080/api/v2/products/2/\\\"}, \\\"engagement\\\":
        {\\\"name\\\": \\\"1st Quarter Engagement\\\", \\\"id\\\": 1, \\\"url_ui\\\":
        \\\"http://localhost:8080/engagement/1\\\", \\\"url_api\\\": \\\"http://localhost:8080/api/v2/engagements/1/\\\"},
        \\\"test\\\": {\\\"title\\\": null, \\\"id\\\": 109, \\\"url_ui\\\": \\\"http://localhost:8080/test/109\\\",
        \\\"url_api\\\": \\\"http://localhost:8080/api/v2/tests/109/\\\"}, \\\"finding_count\\\":
        2, \\\"findings\\\": {\\\"new\\\": [{\\\"id\\\": 304, \\\"title\\\": \\\"Zap1:
        Cookie Without Secure Flag\\\", \\\"severity\\\": \\\"Low\\\", \\\"url_ui\\\":
        \\\"http://localhost:8080/finding/304\\\", \\\"url_api\\\": \\\"http://localhost:8080/api/v2/findings/304/\\\"},
        {\\\"id\\\": 305, \\\"title\\\": \\\"Zap2: Cookie Without Secure Flag\\\",
        \\\"severity\\\": \\\"Low\\\", \\\"url_ui\\\": \\\"http://localhost:8080/finding/305\\\",
        \\\"url_api\\\": \\\"http://localhost:8080/api/v2/findings/305/\\\"}], \\\"reactivated\\\":
        [], \\\"mitigated\\\": [], \\\"untouched\\\": []}}\",\n  \"files\": {},\n
        \ \"form\": {},\n  \"json\": {\n    \"description\": \"Event scan_added has
        occurred.\",\n    \"engagement\": {\n      \"id\": 1,\n      \"name\": \"1st
        Quarter Engagement\",\n      \"url_api\": \"http://localhost:8080/api/v2/engagements/1/\",\n
        \     \"url_ui\": \"http://localhost:8080/engagement/1\"\n    },\n    \"finding_count\":
        2,\n    \"findings\": {\n      \"mitigated\": [],\n      \"new\": [\n        {\n
        \         \"id\": 304,\n          \"severity\": \"Low\",\n          \"title\":
        \"Zap1: Cookie Without Secure Flag\",\n          \"url_api\": \"http://localhost:8080/api/v2/findings/304/\",\n
        \         \"url_ui\": \"http://localhost:8080/finding/304\"\n        },\n
        \       {\n          \"id\": 305,\n          \"severity\": \"Low\",\n          \"title\":
        \"Zap2: Cookie Without Secure Flag\",\n          \"url_api\": \"http://localhost:8080/api/v2/findings/305/\",\n
        \         \"url_ui\": \"http://localhost:8080/finding/305\"\n        }\n      ],\n
        \     \"reactivated\": [],\n      \"untouched\": []\n    },\n    \"product\":
        {\n      \"id\": 2,\n      \"name\": \"Security How-to\",\n      \"url_api\":
        \"http://localhost:8080/api/v2/products/2/\",\n      \"url_ui\": \"http://localhost:8080/product/2\"\n
        \   },\n    \"product_type\": {\n      \"id\": 2,\n      \"name\": \"ebooks\",\n
        \     \"url_api\": \"http://localhost:8080/api/v2/product_types/2/\",\n      \"url_ui\":
        \"http://localhost:8080/product/type/2\"\n    },\n    \"test\": {\n      \"id\":
        109,\n      \"title\": null,\n      \"url_api\": \"http://localhost:8080/api/v2/tests/109/\",\n
        \     \"url_ui\": \"http://localhost:8080/test/109\"\n    },\n    \"title\":
        \"Created/Updated 2 findings for Security How-to: 1st Quarter Engagement:
        ZAP Scan\",\n    \"url_api\": \"http://localhost:8080/api/v2/tests/109/\",\n
        \   \"url_ui\": \"http://localhost:8080/test/109\",\n    \"user\": null\n
        \ }\n}\n"
    headers:
      Access-Control-Allow-Credentials:
      - 'true'
      Access-Control-Allow-Origin:
      - '*'
      Content-Type:
      - application/json; charset=utf-8
      Date:
      - Fri, 25 Jul 2025 19:09:08 GMT
      Transfer-Encoding:
      - chunked
    status:
      code: 200
      message: OK
- request:
    body: '"scan_added.tpl"'
    headers:
      Accept:
      - application/json
      Accept-Encoding:
      - gzip, deflate
      Auth:
      - Token xxx
      Connection:
      - keep-alive
      Content-Length:
      - '16'
      Content-Type:
      - application/json
      User-Agent:
      - DefectDojo-2.48.4
      X-DefectDojo-Event:
      - scan_added_empty
      X-DefectDojo-Instance:
      - http://localhost:8080
    method: POST
    uri: http://webhook.endpoint:8080/post
  response:
    body:
      string: "{\n  \"args\": {},\n  \"headers\": {\n    \"Accept\": [\n      \"application/json\"\n
        \   ],\n    \"Accept-Encoding\": [\n      \"gzip, deflate\"\n    ],\n    \"Auth\":
        [\n      \"Token xxx\"\n    ],\n    \"Connection\": [\n      \"keep-alive\"\n
        \   ],\n    \"Content-Length\": [\n      \"16\"\n    ],\n    \"Content-Type\":
        [\n      \"application/json\"\n    ],\n    \"Host\": [\n      \"webhook.endpoint:8080\"\n
        \   ],\n    \"User-Agent\": [\n      \"DefectDojo-2.48.4\"\n    ],\n    \"X-Defectdojo-Event\":
        [\n      \"scan_added_empty\"\n    ],\n    \"X-Defectdojo-Instance\": [\n
        \     \"http://localhost:8080\"\n    ]\n  },\n  \"method\": \"POST\",\n  \"origin\":
        \"10.250.1.7\",\n  \"url\": \"http://webhook.endpoint:8080/post\",\n  \"data\":
        \"\\\"scan_added.tpl\\\"\",\n  \"files\": {},\n  \"form\": {},\n  \"json\":
        \"scan_added.tpl\"\n}\n"
    headers:
      Access-Control-Allow-Credentials:
      - 'true'
      Access-Control-Allow-Origin:
      - '*'
      Content-Length:
      - '732'
      Content-Type:
      - application/json; charset=utf-8
      Date:
      - Fri, 25 Jul 2025 19:09:08 GMT
    status:
      code: 200
      message: OK
version: 1
