interactions:
- request:
    body: null
    headers:
      Accept:
      - application/json,*/*;q=0.9
      Accept-Encoding:
      - gzip, deflate
      Cache-Control:
      - no-cache
      Connection:
      - keep-alive
      Content-Type:
      - application/json
      User-Agent:
      - python-requests/2.32.3
    method: GET
    uri: https://defectdojo.atlassian.net/rest/api/2/serverInfo
  response:
    body:
      string: '{"baseUrl":"https://defectdojo.atlassian.net","displayUrl":"https://defectdojo.atlassian.net","displayUrlServicedeskHelpCenter":"https://defectdojo.atlassian.net","displayUrlConfluence":"https://defectdojo.atlassian.net","version":"1001.0.0-SNAPSHOT","versionNumbers":[1001,0,0],"deploymentType":"Cloud","buildNumber":100283,"buildDate":"2025-05-19T14:58:42.000+0200","serverTime":"2025-05-20T21:52:21.833+0200","scmInfo":"f8932c93bd159910951acd497204161705f6d7b8","serverTitle":"Jira","defaultLocale":{"locale":"en_US"},"serverTimeZone":"Etc/UTC"}'
    headers:
      Atl-Request-Id:
      - b698ef1c-474d-4cb3-971b-9d3616b65f5b
      Atl-Traceid:
      - b698ef1c474d4cb3971b9d3616b65f5b
      Cache-Control:
      - no-cache, no-store, no-transform
      Connection:
      - keep-alive
      Content-Encoding:
      - gzip
      Content-Type:
      - application/json;charset=UTF-8
      Date:
      - Tue, 20 May 2025 19:52:21 GMT
      Nel:
      - '{"failure_fraction": 0.001, "include_subdomains": true, "max_age": 600, "report_to":
        "endpoint-1"}'
      Report-To:
      - '{"endpoints": [{"url": "https://dz8aopenkvv6s.cloudfront.net"}], "group":
        "endpoint-1", "include_subdomains": true, "max_age": 600}'
      Server:
      - AtlassianEdge
      Server-Timing:
      - cdn-upstream-layer;desc="EDGE",cdn-upstream-dns;dur=0,cdn-upstream-connect;dur=0,cdn-upstream-fbl;dur=108,atl-edge;dur=101,atl-edge-internal;dur=15,atl-edge-upstream;dur=86,atl-edge-pop;desc="aws-eu-central-1",cdn-cache-miss,cdn-pop;desc="AMS1-P1",cdn-rid;desc="PtNGi-TqoVBnQXUED8SEtcjwnemp1h9SkyF0_WO7ifv9U-bG5xVj5g==",cdn-downstream-fbl;dur=113
      Strict-Transport-Security:
      - max-age=63072000; includeSubDomains; preload
      Timing-Allow-Origin:
      - '*'
      Transfer-Encoding:
      - chunked
      Vary:
      - Accept-Encoding
      Via:
      - 1.1 e086ec27af2d3105a1a9fa7efa1be454.cloudfront.net (CloudFront)
      X-Aaccountid:
      - 712020%3A292a8b4c-ebd5-44be-bb94-d07c56a14dc5
      X-Amz-Cf-Id:
      - PtNGi-TqoVBnQXUED8SEtcjwnemp1h9SkyF0_WO7ifv9U-bG5xVj5g==
      X-Amz-Cf-Pop:
      - AMS1-P1
      X-Arequestid:
      - 919d7321b22d8649ad2f1b5d26ad60c1
      X-Cache:
      - Miss from cloudfront
      X-Content-Type-Options:
      - nosniff
      X-Xss-Protection:
      - 1; mode=block
    status:
      code: 200
      message: OK
- request:
    body: null
    headers:
      Accept:
      - application/json,*/*;q=0.9
      Accept-Encoding:
      - gzip, deflate
      Cache-Control:
      - no-cache
      Connection:
      - keep-alive
      Content-Type:
      - application/json
      User-Agent:
      - python-requests/2.32.3
    method: GET
    uri: https://defectdojo.atlassian.net/rest/api/2/issue/createmeta?projectKeys=NTEST&issuetypeNames=Task&expand=projects.issuetypes.fields
  response:
    body:
      string: '{"expand":"projects","projects":[{"expand":"issuetypes","self":"https://defectdojo.atlassian.net/rest/api/2/project/10000","id":"10000","key":"NTEST","name":"Unittests","avatarUrls":{"48x48":"https://defectdojo.atlassian.net/rest/api/2/universal_avatar/view/type/project/avatar/10407","24x24":"https://defectdojo.atlassian.net/rest/api/2/universal_avatar/view/type/project/avatar/10407?size=small","16x16":"https://defectdojo.atlassian.net/rest/api/2/universal_avatar/view/type/project/avatar/10407?size=xsmall","32x32":"https://defectdojo.atlassian.net/rest/api/2/universal_avatar/view/type/project/avatar/10407?size=medium"},"issuetypes":[{"self":"https://defectdojo.atlassian.net/rest/api/2/issuetype/10002","id":"10002","description":"A
        small, distinct piece of work.","iconUrl":"https://defectdojo.atlassian.net/rest/api/2/universal_avatar/view/type/issuetype/avatar/10318?size=medium","name":"Task","untranslatedName":"Task","subtask":false,"hierarchyLevel":0,"expand":"fields","fields":{"summary":{"required":true,"schema":{"type":"string","system":"summary"},"name":"Summary","key":"summary","hasDefaultValue":false,"operations":["set"]},"issuetype":{"required":true,"schema":{"type":"issuetype","system":"issuetype"},"name":"Issue
        Type","key":"issuetype","hasDefaultValue":false,"operations":[],"allowedValues":[{"self":"https://defectdojo.atlassian.net/rest/api/2/issuetype/10002","id":"10002","description":"A
        small, distinct piece of work.","iconUrl":"https://defectdojo.atlassian.net/rest/api/2/universal_avatar/view/type/issuetype/avatar/10318?size=medium","name":"Task","subtask":false,"avatarId":10318,"hierarchyLevel":0}]},"parent":{"required":false,"schema":{"type":"issuelink","system":"parent"},"name":"Parent","key":"parent","hasDefaultValue":false,"operations":["set"]},"components":{"required":false,"schema":{"type":"array","items":"component","system":"components"},"name":"Components","key":"components","hasDefaultValue":false,"operations":["add","set","remove"],"allowedValues":[]},"description":{"required":false,"schema":{"type":"string","system":"description"},"name":"Description","key":"description","hasDefaultValue":false,"operations":["set"]},"project":{"required":true,"schema":{"type":"project","system":"project"},"name":"Project","key":"project","hasDefaultValue":false,"operations":["set"],"allowedValues":[{"self":"https://defectdojo.atlassian.net/rest/api/2/project/10000","id":"10000","key":"NTEST","name":"Unittests","projectTypeKey":"software","simplified":false,"avatarUrls":{"48x48":"https://defectdojo.atlassian.net/rest/api/2/universal_avatar/view/type/project/avatar/10407","24x24":"https://defectdojo.atlassian.net/rest/api/2/universal_avatar/view/type/project/avatar/10407?size=small","16x16":"https://defectdojo.atlassian.net/rest/api/2/universal_avatar/view/type/project/avatar/10407?size=xsmall","32x32":"https://defectdojo.atlassian.net/rest/api/2/universal_avatar/view/type/project/avatar/10407?size=medium"}}]},"fixVersions":{"required":false,"schema":{"type":"array","items":"version","system":"fixVersions"},"name":"Fix
        versions","key":"fixVersions","hasDefaultValue":false,"operations":["set","add","remove"],"allowedValues":[]},"priority":{"required":false,"schema":{"type":"priority","system":"priority"},"name":"Priority","key":"priority","hasDefaultValue":true,"operations":["set"],"allowedValues":[{"self":"https://defectdojo.atlassian.net/rest/api/2/priority/1","iconUrl":"https://defectdojo.atlassian.net/images/icons/priorities/highest.svg","name":"Highest","id":"1"},{"self":"https://defectdojo.atlassian.net/rest/api/2/priority/2","iconUrl":"https://defectdojo.atlassian.net/images/icons/priorities/high.svg","name":"High","id":"2"},{"self":"https://defectdojo.atlassian.net/rest/api/2/priority/3","iconUrl":"https://defectdojo.atlassian.net/images/icons/priorities/medium.svg","name":"Medium","id":"3"},{"self":"https://defectdojo.atlassian.net/rest/api/2/priority/4","iconUrl":"https://defectdojo.atlassian.net/images/icons/priorities/low.svg","name":"Low","id":"4"},{"self":"https://defectdojo.atlassian.net/rest/api/2/priority/5","iconUrl":"https://defectdojo.atlassian.net/images/icons/priorities/lowest.svg","name":"Lowest","id":"5"}],"defaultValue":{"self":"https://defectdojo.atlassian.net/rest/api/2/priority/3","iconUrl":"https://defectdojo.atlassian.net/images/icons/priorities/medium.svg","name":"Medium","id":"3"}},"customfield_10014":{"required":false,"schema":{"type":"any","custom":"com.pyxis.greenhopper.jira:gh-epic-link","customId":10014},"name":"Epic
        Link","key":"customfield_10014","hasDefaultValue":false,"operations":["set"]},"labels":{"required":false,"schema":{"type":"array","items":"string","system":"labels"},"name":"Labels","key":"labels","autoCompleteUrl":"https://defectdojo.atlassian.net/rest/api/1.0/labels/suggest?query=","hasDefaultValue":false,"operations":["add","set","remove"]},"attachment":{"required":false,"schema":{"type":"array","items":"attachment","system":"attachment"},"name":"Attachment","key":"attachment","hasDefaultValue":false,"operations":["set","copy"]},"issuelinks":{"required":false,"schema":{"type":"array","items":"issuelinks","system":"issuelinks"},"name":"Linked
        Issues","key":"issuelinks","autoCompleteUrl":"https://defectdojo.atlassian.net/rest/api/2/issue/picker?currentProjectId=&showSubTaskParent=true&showSubTasks=true&currentIssueKey=null&query=","hasDefaultValue":false,"operations":["add","copy"]},"assignee":{"required":false,"schema":{"type":"user","system":"assignee"},"name":"Assignee","key":"assignee","autoCompleteUrl":"https://defectdojo.atlassian.net/rest/api/2/user/assignable/search?project=NTEST&query=","hasDefaultValue":false,"operations":["set"]}}}]}]}'
    headers:
      Atl-Request-Id:
      - d32068ef-ec1f-4eb4-8bcc-92dc117d303b
      Atl-Traceid:
      - d32068efec1f4eb48bcc92dc117d303b
      Cache-Control:
      - no-cache, no-store, no-transform
      Connection:
      - keep-alive
      Content-Encoding:
      - gzip
      Content-Type:
      - application/json;charset=UTF-8
      Date:
      - Tue, 20 May 2025 19:52:22 GMT
      Nel:
      - '{"failure_fraction": 0.001, "include_subdomains": true, "max_age": 600, "report_to":
        "endpoint-1"}'
      Report-To:
      - '{"endpoints": [{"url": "https://dz8aopenkvv6s.cloudfront.net"}], "group":
        "endpoint-1", "include_subdomains": true, "max_age": 600}'
      Server:
      - AtlassianEdge
      Server-Timing:
      - cdn-upstream-layer;desc="EDGE",cdn-upstream-dns;dur=0,cdn-upstream-connect;dur=0,cdn-upstream-fbl;dur=263,atl-edge;dur=255,atl-edge-internal;dur=15,atl-edge-upstream;dur=241,atl-edge-pop;desc="aws-eu-central-1",cdn-cache-miss,cdn-pop;desc="AMS1-P1",cdn-rid;desc="TZ37DkX7WMMX4IGTnziI5VHqFOMQf-b6JsH8f9-fNB_jDPUesy6V2g==",cdn-downstream-fbl;dur=268
      Strict-Transport-Security:
      - max-age=63072000; includeSubDomains; preload
      Timing-Allow-Origin:
      - '*'
      Transfer-Encoding:
      - chunked
      Vary:
      - Accept-Encoding
      Via:
      - 1.1 29676c2ee539645954aa742bde1ce894.cloudfront.net (CloudFront)
      Warning:
      - 'The issue create meta endpoint has been deprecated. (Deprecation start date:
        June 03, 2024)'
      X-Aaccountid:
      - 712020%3A292a8b4c-ebd5-44be-bb94-d07c56a14dc5
      X-Amz-Cf-Id:
      - TZ37DkX7WMMX4IGTnziI5VHqFOMQf-b6JsH8f9-fNB_jDPUesy6V2g==
      X-Amz-Cf-Pop:
      - AMS1-P1
      X-Arequestid:
      - c8d786dd56c229f4c14664f53a00574c
      X-Cache:
      - Miss from cloudfront
      X-Content-Type-Options:
      - nosniff
      X-Xss-Protection:
      - 1; mode=block
    status:
      code: 200
      message: OK
- request:
    body: '{"fields": {"project": {"key": "NTEST"}, "issuetype": {"name": "Task"},
      "summary": "Zap1: Cookie Without Secure Flag", "description": "\n\n\n\n\n\n*Title*:
      [Zap1: Cookie Without Secure Flag|http://localhost:8080/finding/316]\n\n*Defect
      Dojo link:* http://localhost:8080/finding/316 (316)\n\n*Severity:* Low\n\n\n*Due
      Date:* Sept. 17, 2025\n\n\n\n*CWE:* [CWE-614|https://cwe.mitre.org/data/definitions/614.html]\n\n\n\n*CVE:*
      Unknown\n\n\n\n\n*Product/Engagement/Test:* [Security How-to|http://localhost:8080/product/2]
      / [1st Quarter Engagement|http://localhost:8080/engagement/1] / [ZAP Scan|http://localhost:8080/test/115]\n\n\n\n\n\n\n\n\n*Systems/Endpoints*:\n\n*
      https://mainsite.com/dashboard\n* https://mainsite.com\n\n\n\n\n\n\n\n*Description*:\nA
      cookie has been set without the secure flag, which means that the cookie can\nbe
      accessed via unencrypted connections.\n\n\n\n\n*Mitigation*:\nWhenever a cookie
      contains sensitive information or is a session token, then\nit should always
      be passed using an encrypted channel. Ensure that the secure\nflag is set for
      cookies containing such sensitive information.\n\n\n\n\n\n*Impact*:\nNone\n\n\n\n\n\n*References*:\nhttp://www.owasp.org/index.php/Testing_for_cookies_attributes_(OWASP-SM-002)\n\n\n\n\n*Reporter:*
      [(admin) ()|mailto:]\n", "priority": {"name": "Low"}}}'
    headers:
      Accept:
      - application/json,*/*;q=0.9
      Accept-Encoding:
      - gzip, deflate
      Cache-Control:
      - no-cache
      Connection:
      - keep-alive
      Content-Length:
      - '1324'
      Content-Type:
      - application/json
      User-Agent:
      - python-requests/2.32.3
    method: POST
    uri: https://defectdojo.atlassian.net/rest/api/2/issue
  response:
    body:
      string: '{"id":"19198","key":"NTEST-2620","self":"https://defectdojo.atlassian.net/rest/api/2/issue/19198"}'
    headers:
      Atl-Request-Id:
      - 4c3ad07e-26d2-4346-80fa-05fa7a951b68
      Atl-Traceid:
      - 4c3ad07e26d2434680fa05fa7a951b68
      Cache-Control:
      - no-cache, no-store, no-transform
      Connection:
      - keep-alive
      Content-Type:
      - application/json;charset=UTF-8
      Date:
      - Tue, 20 May 2025 19:52:23 GMT
      Nel:
      - '{"failure_fraction": 0.001, "include_subdomains": true, "max_age": 600, "report_to":
        "endpoint-1"}'
      Report-To:
      - '{"endpoints": [{"url": "https://dz8aopenkvv6s.cloudfront.net"}], "group":
        "endpoint-1", "include_subdomains": true, "max_age": 600}'
      Server:
      - AtlassianEdge
      Server-Timing:
      - cdn-upstream-layer;desc="EDGE",cdn-upstream-dns;dur=0,cdn-upstream-connect;dur=0,cdn-upstream-fbl;dur=769,atl-edge;dur=761,atl-edge-internal;dur=15,atl-edge-upstream;dur=747,atl-edge-pop;desc="aws-eu-central-1",cdn-cache-miss,cdn-pop;desc="AMS1-P1",cdn-rid;desc="AJbEGKGn_AUsmN8EQbq3bVqVnwFK9YVc-fR52gAOX2GSdM5VdvtDJA==",cdn-downstream-fbl;dur=772
      Strict-Transport-Security:
      - max-age=63072000; includeSubDomains; preload
      Timing-Allow-Origin:
      - '*'
      Transfer-Encoding:
      - chunked
      Vary:
      - Accept-Encoding
      Via:
      - 1.1 e086ec27af2d3105a1a9fa7efa1be454.cloudfront.net (CloudFront)
      X-Aaccountid:
      - 712020%3A292a8b4c-ebd5-44be-bb94-d07c56a14dc5
      X-Amz-Cf-Id:
      - AJbEGKGn_AUsmN8EQbq3bVqVnwFK9YVc-fR52gAOX2GSdM5VdvtDJA==
      X-Amz-Cf-Pop:
      - AMS1-P1
      X-Arequestid:
      - bfc546d91a086c7153ff6cc12c8c943c
      X-Cache:
      - Miss from cloudfront
      X-Content-Type-Options:
      - nosniff
      X-Xss-Protection:
      - 1; mode=block
    status:
      code: 201
      message: Created
- request:
    body: null
    headers:
      Accept:
      - application/json,*/*;q=0.9
      Accept-Encoding:
      - gzip, deflate
      Cache-Control:
      - no-cache
      Connection:
      - keep-alive
      Content-Type:
      - application/json
      User-Agent:
      - python-requests/2.32.3
    method: GET
    uri: https://defectdojo.atlassian.net/rest/api/2/issue/NTEST-2620
  response:
    body:
      string: '{"expand":"renderedFields,names,schema,operations,editmeta,changelog,versionedRepresentations,customfield_10010.requestTypePractice","id":"19198","self":"https://defectdojo.atlassian.net/rest/api/2/issue/19198","key":"NTEST-2620","fields":{"statuscategorychangedate":"2025-05-20T21:52:22.929+0200","issuetype":{"self":"https://defectdojo.atlassian.net/rest/api/2/issuetype/10002","id":"10002","description":"A
        small, distinct piece of work.","iconUrl":"https://defectdojo.atlassian.net/rest/api/2/universal_avatar/view/type/issuetype/avatar/10318?size=medium","name":"Task","subtask":false,"avatarId":10318,"hierarchyLevel":0},"timespent":null,"customfield_10030":null,"customfield_10031":null,"project":{"self":"https://defectdojo.atlassian.net/rest/api/2/project/10000","id":"10000","key":"NTEST","name":"Unittests","projectTypeKey":"software","simplified":false,"avatarUrls":{"48x48":"https://defectdojo.atlassian.net/rest/api/2/universal_avatar/view/type/project/avatar/10407","24x24":"https://defectdojo.atlassian.net/rest/api/2/universal_avatar/view/type/project/avatar/10407?size=small","16x16":"https://defectdojo.atlassian.net/rest/api/2/universal_avatar/view/type/project/avatar/10407?size=xsmall","32x32":"https://defectdojo.atlassian.net/rest/api/2/universal_avatar/view/type/project/avatar/10407?size=medium"}},"customfield_10032":null,"customfield_10033":null,"fixVersions":[],"aggregatetimespent":null,"statusCategory":{"self":"https://defectdojo.atlassian.net/rest/api/2/statuscategory/2","id":2,"key":"new","colorName":"blue-gray","name":"To
        Do"},"customfield_10035":null,"resolution":null,"customfield_10036":null,"customfield_10037":null,"customfield_10027":null,"customfield_10028":null,"customfield_10029":null,"resolutiondate":null,"workratio":-1,"watches":{"self":"https://defectdojo.atlassian.net/rest/api/2/issue/NTEST-2620/watchers","watchCount":1,"isWatching":true},"lastViewed":null,"created":"2025-05-20T21:52:22.551+0200","customfield_10020":null,"customfield_10021":null,"customfield_10022":null,"customfield_10023":null,"priority":{"self":"https://defectdojo.atlassian.net/rest/api/2/priority/4","iconUrl":"https://defectdojo.atlassian.net/images/icons/priorities/low.svg","name":"Low","id":"4"},"labels":[],"customfield_10016":null,"customfield_10017":null,"customfield_10018":{"hasEpicLinkFieldDependency":false,"showField":false,"nonEditableReason":{"reason":"PLUGIN_LICENSE_ERROR","message":"The
        Parent Link is only available to Jira Premium users."}},"customfield_10019":"0|i00xwv:","timeestimate":null,"aggregatetimeoriginalestimate":null,"versions":[],"issuelinks":[],"assignee":null,"updated":"2025-05-20T21:52:22.647+0200","status":{"self":"https://defectdojo.atlassian.net/rest/api/2/status/10000","description":"","iconUrl":"https://defectdojo.atlassian.net/","name":"Backlog","id":"10000","statusCategory":{"self":"https://defectdojo.atlassian.net/rest/api/2/statuscategory/2","id":2,"key":"new","colorName":"blue-gray","name":"To
        Do"}},"components":[],"customfield_10050":null,"customfield_10051":null,"timeoriginalestimate":null,"customfield_10053":null,"description":"\n\n\n\n\n\n*Title*:
        [Zap1: Cookie Without Secure Flag|http://localhost:8080/finding/316]\n\n*Defect
        Dojo link:* http://localhost:8080/finding/316 (316)\n\n*Severity:* Low\n\n\n*Due
        Date:* Sept. 17, 2025\n\n\n\n*CWE:* [CWE-614|https://cwe.mitre.org/data/definitions/614.html]\n\n\n\n*CVE:*
        Unknown\n\n\n\n\n*Product/Engagement/Test:* [Security How-to|http://localhost:8080/product/2]
        / [1st Quarter Engagement|http://localhost:8080/engagement/1] / [ZAP Scan|http://localhost:8080/test/115]\n\n\n\n\n\n\n\n\n*Systems/Endpoints*:\n\n*
        https://mainsite.com/dashboard\n* https://mainsite.com\n\n\n\n\n\n\n\n*Description*:\nA
        cookie has been set without the secure flag, which means that the cookie can\nbe
        accessed via unencrypted connections.\n\n\n\n\n*Mitigation*:\nWhenever a cookie
        contains sensitive information or is a session token, then\nit should always
        be passed using an encrypted channel. Ensure that the secure\nflag is set
        for cookies containing such sensitive information.\n\n\n\n\n\n*Impact*:\nNone\n\n\n\n\n\n*References*:\nhttp://www.owasp.org/index.php/Testing_for_cookies_attributes_(OWASP-SM-002)\n\n\n\n\n*Reporter:*
        [(admin) ()|mailto:]\n","customfield_10010":null,"customfield_10055":null,"customfield_10056":null,"customfield_10014":null,"timetracking":{},"customfield_10015":null,"customfield_10005":null,"customfield_10049":null,"customfield_10006":null,"customfield_10007":null,"security":null,"customfield_10008":null,"attachment":[],"customfield_10009":null,"aggregatetimeestimate":null,"summary":"Zap1:
        Cookie Without Secure Flag","creator":{"self":"https://defectdojo.atlassian.net/rest/api/2/user?accountId=712020%3A292a8b4c-ebd5-44be-bb94-d07c56a14dc5","accountId":"712020:292a8b4c-ebd5-44be-bb94-d07c56a14dc5","emailAddress":"valentijn@defectdojo.com","avatarUrls":{"48x48":"https://secure.gravatar.com/avatar/d05de848fe8cc7816c52a5e34e327bad?d=https%3A%2F%2Favatar-management--avatars.us-west-2.prod.public.atl-paas.net%2Finitials%2FVS-3.png","24x24":"https://secure.gravatar.com/avatar/d05de848fe8cc7816c52a5e34e327bad?d=https%3A%2F%2Favatar-management--avatars.us-west-2.prod.public.atl-paas.net%2Finitials%2FVS-3.png","16x16":"https://secure.gravatar.com/avatar/d05de848fe8cc7816c52a5e34e327bad?d=https%3A%2F%2Favatar-management--avatars.us-west-2.prod.public.atl-paas.net%2Finitials%2FVS-3.png","32x32":"https://secure.gravatar.com/avatar/d05de848fe8cc7816c52a5e34e327bad?d=https%3A%2F%2Favatar-management--avatars.us-west-2.prod.public.atl-paas.net%2Finitials%2FVS-3.png"},"displayName":"Valentijn
        Scholten","active":true,"timeZone":"Europe/Zurich","accountType":"atlassian"},"subtasks":[],"customfield_10040":null,"customfield_10041":null,"customfield_10042":null,"reporter":{"self":"https://defectdojo.atlassian.net/rest/api/2/user?accountId=712020%3A292a8b4c-ebd5-44be-bb94-d07c56a14dc5","accountId":"712020:292a8b4c-ebd5-44be-bb94-d07c56a14dc5","emailAddress":"valentijn@defectdojo.com","avatarUrls":{"48x48":"https://secure.gravatar.com/avatar/d05de848fe8cc7816c52a5e34e327bad?d=https%3A%2F%2Favatar-management--avatars.us-west-2.prod.public.atl-paas.net%2Finitials%2FVS-3.png","24x24":"https://secure.gravatar.com/avatar/d05de848fe8cc7816c52a5e34e327bad?d=https%3A%2F%2Favatar-management--avatars.us-west-2.prod.public.atl-paas.net%2Finitials%2FVS-3.png","16x16":"https://secure.gravatar.com/avatar/d05de848fe8cc7816c52a5e34e327bad?d=https%3A%2F%2Favatar-management--avatars.us-west-2.prod.public.atl-paas.net%2Finitials%2FVS-3.png","32x32":"https://secure.gravatar.com/avatar/d05de848fe8cc7816c52a5e34e327bad?d=https%3A%2F%2Favatar-management--avatars.us-west-2.prod.public.atl-paas.net%2Finitials%2FVS-3.png"},"displayName":"Valentijn
        Scholten","active":true,"timeZone":"Europe/Zurich","accountType":"atlassian"},"customfield_10043":null,"aggregateprogress":{"progress":0,"total":0},"customfield_10044":null,"customfield_10045":null,"customfield_10001":null,"customfield_10046":null,"customfield_10002":[],"customfield_10003":null,"customfield_10047":null,"customfield_10004":null,"customfield_10048":null,"customfield_10038":null,"customfield_10039":null,"environment":null,"duedate":null,"progress":{"progress":0,"total":0},"votes":{"self":"https://defectdojo.atlassian.net/rest/api/2/issue/NTEST-2620/votes","votes":0,"hasVoted":false},"comment":{"comments":[],"self":"https://defectdojo.atlassian.net/rest/api/2/issue/19198/comment","maxResults":0,"total":0,"startAt":0},"worklog":{"startAt":0,"maxResults":20,"total":0,"worklogs":[]}}}'
    headers:
      Atl-Request-Id:
      - 30b70c30-5e48-47af-9e4d-e3b2b733e658
      Atl-Traceid:
      - 30b70c305e4847af9e4de3b2b733e658
      Cache-Control:
      - no-cache, no-store, no-transform
      Connection:
      - keep-alive
      Content-Encoding:
      - gzip
      Content-Type:
      - application/json;charset=UTF-8
      Date:
      - Tue, 20 May 2025 19:52:23 GMT
      Nel:
      - '{"failure_fraction": 0.001, "include_subdomains": true, "max_age": 600, "report_to":
        "endpoint-1"}'
      Report-To:
      - '{"endpoints": [{"url": "https://dz8aopenkvv6s.cloudfront.net"}], "group":
        "endpoint-1", "include_subdomains": true, "max_age": 600}'
      Server:
      - AtlassianEdge
      Server-Timing:
      - cdn-upstream-layer;desc="EDGE",cdn-upstream-dns;dur=0,cdn-upstream-connect;dur=0,cdn-upstream-fbl;dur=242,atl-edge;dur=234,atl-edge-internal;dur=15,atl-edge-upstream;dur=219,atl-edge-pop;desc="aws-eu-central-1",cdn-cache-miss,cdn-pop;desc="AMS1-P1",cdn-rid;desc="peu_zkYUm5YO9U4pFpsTJOgQLQOUJLU_ZvcGDkZzXhFYm0WwGxHe0A==",cdn-downstream-fbl;dur=247
      Strict-Transport-Security:
      - max-age=63072000; includeSubDomains; preload
      Timing-Allow-Origin:
      - '*'
      Transfer-Encoding:
      - chunked
      Vary:
      - Accept-Encoding
      Via:
      - 1.1 19f569e782b5b925c41d8bc4e292cc7a.cloudfront.net (CloudFront)
      X-Aaccountid:
      - 712020%3A292a8b4c-ebd5-44be-bb94-d07c56a14dc5
      X-Amz-Cf-Id:
      - peu_zkYUm5YO9U4pFpsTJOgQLQOUJLU_ZvcGDkZzXhFYm0WwGxHe0A==
      X-Amz-Cf-Pop:
      - AMS1-P1
      X-Arequestid:
      - 45ae2c12976c4282e1c8fc24ce80f5db
      X-Cache:
      - Miss from cloudfront
      X-Content-Type-Options:
      - nosniff
      X-Xss-Protection:
      - 1; mode=block
    status:
      code: 200
      message: OK
- request:
    body: null
    headers:
      Accept:
      - application/json,*/*;q=0.9
      Accept-Encoding:
      - gzip, deflate
      Cache-Control:
      - no-cache
      Connection:
      - keep-alive
      Content-Type:
      - application/json
      User-Agent:
      - python-requests/2.32.3
    method: GET
    uri: https://defectdojo.atlassian.net/rest/api/2/issue/19198
  response:
    body:
      string: '{"expand":"renderedFields,names,schema,operations,editmeta,changelog,versionedRepresentations,customfield_10010.requestTypePractice","id":"19198","self":"https://defectdojo.atlassian.net/rest/api/2/issue/19198","key":"NTEST-2620","fields":{"statuscategorychangedate":"2025-05-20T21:52:22.929+0200","issuetype":{"self":"https://defectdojo.atlassian.net/rest/api/2/issuetype/10002","id":"10002","description":"A
        small, distinct piece of work.","iconUrl":"https://defectdojo.atlassian.net/rest/api/2/universal_avatar/view/type/issuetype/avatar/10318?size=medium","name":"Task","subtask":false,"avatarId":10318,"hierarchyLevel":0},"timespent":null,"customfield_10030":null,"customfield_10031":null,"project":{"self":"https://defectdojo.atlassian.net/rest/api/2/project/10000","id":"10000","key":"NTEST","name":"Unittests","projectTypeKey":"software","simplified":false,"avatarUrls":{"48x48":"https://defectdojo.atlassian.net/rest/api/2/universal_avatar/view/type/project/avatar/10407","24x24":"https://defectdojo.atlassian.net/rest/api/2/universal_avatar/view/type/project/avatar/10407?size=small","16x16":"https://defectdojo.atlassian.net/rest/api/2/universal_avatar/view/type/project/avatar/10407?size=xsmall","32x32":"https://defectdojo.atlassian.net/rest/api/2/universal_avatar/view/type/project/avatar/10407?size=medium"}},"customfield_10032":null,"customfield_10033":null,"fixVersions":[],"aggregatetimespent":null,"statusCategory":{"self":"https://defectdojo.atlassian.net/rest/api/2/statuscategory/2","id":2,"key":"new","colorName":"blue-gray","name":"To
        Do"},"customfield_10035":null,"resolution":null,"customfield_10036":null,"customfield_10037":null,"customfield_10027":null,"customfield_10028":null,"customfield_10029":null,"resolutiondate":null,"workratio":-1,"watches":{"self":"https://defectdojo.atlassian.net/rest/api/2/issue/NTEST-2620/watchers","watchCount":1,"isWatching":true},"lastViewed":null,"created":"2025-05-20T21:52:22.551+0200","customfield_10020":null,"customfield_10021":null,"customfield_10022":null,"customfield_10023":null,"priority":{"self":"https://defectdojo.atlassian.net/rest/api/2/priority/4","iconUrl":"https://defectdojo.atlassian.net/images/icons/priorities/low.svg","name":"Low","id":"4"},"labels":[],"customfield_10016":null,"customfield_10017":null,"customfield_10018":{"hasEpicLinkFieldDependency":false,"showField":false,"nonEditableReason":{"reason":"PLUGIN_LICENSE_ERROR","message":"The
        Parent Link is only available to Jira Premium users."}},"customfield_10019":"0|i00xwv:","timeestimate":null,"aggregatetimeoriginalestimate":null,"versions":[],"issuelinks":[],"assignee":null,"updated":"2025-05-20T21:52:22.647+0200","status":{"self":"https://defectdojo.atlassian.net/rest/api/2/status/10000","description":"","iconUrl":"https://defectdojo.atlassian.net/","name":"Backlog","id":"10000","statusCategory":{"self":"https://defectdojo.atlassian.net/rest/api/2/statuscategory/2","id":2,"key":"new","colorName":"blue-gray","name":"To
        Do"}},"components":[],"customfield_10050":null,"customfield_10051":null,"timeoriginalestimate":null,"customfield_10053":null,"description":"\n\n\n\n\n\n*Title*:
        [Zap1: Cookie Without Secure Flag|http://localhost:8080/finding/316]\n\n*Defect
        Dojo link:* http://localhost:8080/finding/316 (316)\n\n*Severity:* Low\n\n\n*Due
        Date:* Sept. 17, 2025\n\n\n\n*CWE:* [CWE-614|https://cwe.mitre.org/data/definitions/614.html]\n\n\n\n*CVE:*
        Unknown\n\n\n\n\n*Product/Engagement/Test:* [Security How-to|http://localhost:8080/product/2]
        / [1st Quarter Engagement|http://localhost:8080/engagement/1] / [ZAP Scan|http://localhost:8080/test/115]\n\n\n\n\n\n\n\n\n*Systems/Endpoints*:\n\n*
        https://mainsite.com/dashboard\n* https://mainsite.com\n\n\n\n\n\n\n\n*Description*:\nA
        cookie has been set without the secure flag, which means that the cookie can\nbe
        accessed via unencrypted connections.\n\n\n\n\n*Mitigation*:\nWhenever a cookie
        contains sensitive information or is a session token, then\nit should always
        be passed using an encrypted channel. Ensure that the secure\nflag is set
        for cookies containing such sensitive information.\n\n\n\n\n\n*Impact*:\nNone\n\n\n\n\n\n*References*:\nhttp://www.owasp.org/index.php/Testing_for_cookies_attributes_(OWASP-SM-002)\n\n\n\n\n*Reporter:*
        [(admin) ()|mailto:]\n","customfield_10010":null,"customfield_10055":null,"customfield_10056":null,"customfield_10014":null,"timetracking":{},"customfield_10015":null,"customfield_10005":null,"customfield_10049":null,"customfield_10006":null,"customfield_10007":null,"security":null,"customfield_10008":null,"attachment":[],"customfield_10009":null,"aggregatetimeestimate":null,"summary":"Zap1:
        Cookie Without Secure Flag","creator":{"self":"https://defectdojo.atlassian.net/rest/api/2/user?accountId=712020%3A292a8b4c-ebd5-44be-bb94-d07c56a14dc5","accountId":"712020:292a8b4c-ebd5-44be-bb94-d07c56a14dc5","emailAddress":"valentijn@defectdojo.com","avatarUrls":{"48x48":"https://secure.gravatar.com/avatar/d05de848fe8cc7816c52a5e34e327bad?d=https%3A%2F%2Favatar-management--avatars.us-west-2.prod.public.atl-paas.net%2Finitials%2FVS-3.png","24x24":"https://secure.gravatar.com/avatar/d05de848fe8cc7816c52a5e34e327bad?d=https%3A%2F%2Favatar-management--avatars.us-west-2.prod.public.atl-paas.net%2Finitials%2FVS-3.png","16x16":"https://secure.gravatar.com/avatar/d05de848fe8cc7816c52a5e34e327bad?d=https%3A%2F%2Favatar-management--avatars.us-west-2.prod.public.atl-paas.net%2Finitials%2FVS-3.png","32x32":"https://secure.gravatar.com/avatar/d05de848fe8cc7816c52a5e34e327bad?d=https%3A%2F%2Favatar-management--avatars.us-west-2.prod.public.atl-paas.net%2Finitials%2FVS-3.png"},"displayName":"Valentijn
        Scholten","active":true,"timeZone":"Europe/Zurich","accountType":"atlassian"},"subtasks":[],"customfield_10040":null,"customfield_10041":null,"customfield_10042":null,"reporter":{"self":"https://defectdojo.atlassian.net/rest/api/2/user?accountId=712020%3A292a8b4c-ebd5-44be-bb94-d07c56a14dc5","accountId":"712020:292a8b4c-ebd5-44be-bb94-d07c56a14dc5","emailAddress":"valentijn@defectdojo.com","avatarUrls":{"48x48":"https://secure.gravatar.com/avatar/d05de848fe8cc7816c52a5e34e327bad?d=https%3A%2F%2Favatar-management--avatars.us-west-2.prod.public.atl-paas.net%2Finitials%2FVS-3.png","24x24":"https://secure.gravatar.com/avatar/d05de848fe8cc7816c52a5e34e327bad?d=https%3A%2F%2Favatar-management--avatars.us-west-2.prod.public.atl-paas.net%2Finitials%2FVS-3.png","16x16":"https://secure.gravatar.com/avatar/d05de848fe8cc7816c52a5e34e327bad?d=https%3A%2F%2Favatar-management--avatars.us-west-2.prod.public.atl-paas.net%2Finitials%2FVS-3.png","32x32":"https://secure.gravatar.com/avatar/d05de848fe8cc7816c52a5e34e327bad?d=https%3A%2F%2Favatar-management--avatars.us-west-2.prod.public.atl-paas.net%2Finitials%2FVS-3.png"},"displayName":"Valentijn
        Scholten","active":true,"timeZone":"Europe/Zurich","accountType":"atlassian"},"customfield_10043":null,"aggregateprogress":{"progress":0,"total":0},"customfield_10044":null,"customfield_10045":null,"customfield_10001":null,"customfield_10046":null,"customfield_10002":[],"customfield_10003":null,"customfield_10047":null,"customfield_10004":null,"customfield_10048":null,"customfield_10038":null,"customfield_10039":null,"environment":null,"duedate":null,"progress":{"progress":0,"total":0},"votes":{"self":"https://defectdojo.atlassian.net/rest/api/2/issue/NTEST-2620/votes","votes":0,"hasVoted":false},"comment":{"comments":[],"self":"https://defectdojo.atlassian.net/rest/api/2/issue/19198/comment","maxResults":0,"total":0,"startAt":0},"worklog":{"startAt":0,"maxResults":20,"total":0,"worklogs":[]}}}'
    headers:
      Atl-Request-Id:
      - 1624762e-7b04-4fe8-8095-e094616b93f5
      Atl-Traceid:
      - 1624762e7b044fe88095e094616b93f5
      Cache-Control:
      - no-cache, no-store, no-transform
      Connection:
      - keep-alive
      Content-Encoding:
      - gzip
      Content-Type:
      - application/json;charset=UTF-8
      Date:
      - Tue, 20 May 2025 19:52:23 GMT
      Nel:
      - '{"failure_fraction": 0.001, "include_subdomains": true, "max_age": 600, "report_to":
        "endpoint-1"}'
      Report-To:
      - '{"endpoints": [{"url": "https://dz8aopenkvv6s.cloudfront.net"}], "group":
        "endpoint-1", "include_subdomains": true, "max_age": 600}'
      Server:
      - AtlassianEdge
      Server-Timing:
      - cdn-upstream-layer;desc="EDGE",cdn-upstream-dns;dur=0,cdn-upstream-connect;dur=0,cdn-upstream-fbl;dur=255,atl-edge;dur=247,atl-edge-internal;dur=14,atl-edge-upstream;dur=233,atl-edge-pop;desc="aws-eu-central-1",cdn-cache-miss,cdn-pop;desc="AMS1-P1",cdn-rid;desc="Ajej0MomC5yyktTBarHnWe4AIQUOA4Y5tq8ExAiA0z--GWFDO_HnNQ==",cdn-downstream-fbl;dur=261
      Strict-Transport-Security:
      - max-age=63072000; includeSubDomains; preload
      Timing-Allow-Origin:
      - '*'
      Transfer-Encoding:
      - chunked
      Vary:
      - Accept-Encoding
      Via:
      - 1.1 0e12b175c31e0e750266df78bf0e1068.cloudfront.net (CloudFront)
      X-Aaccountid:
      - 712020%3A292a8b4c-ebd5-44be-bb94-d07c56a14dc5
      X-Amz-Cf-Id:
      - Ajej0MomC5yyktTBarHnWe4AIQUOA4Y5tq8ExAiA0z--GWFDO_HnNQ==
      X-Amz-Cf-Pop:
      - AMS1-P1
      X-Arequestid:
      - 6e104a67ecb78c68d587fff14d813f92
      X-Cache:
      - Miss from cloudfront
      X-Content-Type-Options:
      - nosniff
      X-Xss-Protection:
      - 1; mode=block
    status:
      code: 200
      message: OK
- request:
    body: null
    headers:
      Accept:
      - application/json,*/*;q=0.9
      Accept-Encoding:
      - gzip, deflate
      Cache-Control:
      - no-cache
      Connection:
      - keep-alive
      Content-Type:
      - application/json
      User-Agent:
      - python-requests/2.32.3
    method: GET
    uri: https://defectdojo.atlassian.net/rest/api/2/serverInfo
  response:
    body:
      string: '{"baseUrl":"https://defectdojo.atlassian.net","displayUrl":"https://defectdojo.atlassian.net","displayUrlServicedeskHelpCenter":"https://defectdojo.atlassian.net","displayUrlConfluence":"https://defectdojo.atlassian.net","version":"1001.0.0-SNAPSHOT","versionNumbers":[1001,0,0],"deploymentType":"Cloud","buildNumber":100283,"buildDate":"2025-05-19T14:58:42.000+0200","serverTime":"2025-05-20T21:52:23.932+0200","scmInfo":"f8932c93bd159910951acd497204161705f6d7b8","serverTitle":"Jira","defaultLocale":{"locale":"en_US"},"serverTimeZone":"Etc/UTC"}'
    headers:
      Atl-Request-Id:
      - 82f89ca3-d9d6-467a-9057-c086995d1645
      Atl-Traceid:
      - 82f89ca3d9d6467a9057c086995d1645
      Cache-Control:
      - no-cache, no-store, no-transform
      Connection:
      - keep-alive
      Content-Encoding:
      - gzip
      Content-Type:
      - application/json;charset=UTF-8
      Date:
      - Tue, 20 May 2025 19:52:23 GMT
      Nel:
      - '{"failure_fraction": 0.001, "include_subdomains": true, "max_age": 600, "report_to":
        "endpoint-1"}'
      Report-To:
      - '{"endpoints": [{"url": "https://dz8aopenkvv6s.cloudfront.net"}], "group":
        "endpoint-1", "include_subdomains": true, "max_age": 600}'
      Server:
      - AtlassianEdge
      Server-Timing:
      - cdn-upstream-layer;desc="EDGE",cdn-upstream-dns;dur=0,cdn-upstream-connect;dur=0,cdn-upstream-fbl;dur=105,atl-edge;dur=97,atl-edge-internal;dur=14,atl-edge-upstream;dur=84,atl-edge-pop;desc="aws-eu-central-1",cdn-cache-miss,cdn-pop;desc="AMS1-P1",cdn-rid;desc="ieIIjhVE9_tF6Ex7Ez1ayKxEsbkcTSlHQMO5e-yPU2MOH8DyjvDK8w==",cdn-downstream-fbl;dur=111
      Strict-Transport-Security:
      - max-age=63072000; includeSubDomains; preload
      Timing-Allow-Origin:
      - '*'
      Transfer-Encoding:
      - chunked
      Vary:
      - Accept-Encoding
      Via:
      - 1.1 d6029710111dc7ad6216b4063753d630.cloudfront.net (CloudFront)
      X-Aaccountid:
      - 712020%3A292a8b4c-ebd5-44be-bb94-d07c56a14dc5
      X-Amz-Cf-Id:
      - ieIIjhVE9_tF6Ex7Ez1ayKxEsbkcTSlHQMO5e-yPU2MOH8DyjvDK8w==
      X-Amz-Cf-Pop:
      - AMS1-P1
      X-Arequestid:
      - d00779654d5805e8dfb160f20ecbea52
      X-Cache:
      - Miss from cloudfront
      X-Content-Type-Options:
      - nosniff
      X-Xss-Protection:
      - 1; mode=block
    status:
      code: 200
      message: OK
- request:
    body: null
    headers:
      Accept:
      - application/json,*/*;q=0.9
      Accept-Encoding:
      - gzip, deflate
      Cache-Control:
      - no-cache
      Connection:
      - keep-alive
      Content-Type:
      - application/json
      User-Agent:
      - python-requests/2.32.3
    method: GET
    uri: https://defectdojo.atlassian.net/rest/api/2/issue/createmeta?projectKeys=NTEST&issuetypeNames=Task&expand=projects.issuetypes.fields
  response:
    body:
      string: '{"expand":"projects","projects":[{"expand":"issuetypes","self":"https://defectdojo.atlassian.net/rest/api/2/project/10000","id":"10000","key":"NTEST","name":"Unittests","avatarUrls":{"48x48":"https://defectdojo.atlassian.net/rest/api/2/universal_avatar/view/type/project/avatar/10407","24x24":"https://defectdojo.atlassian.net/rest/api/2/universal_avatar/view/type/project/avatar/10407?size=small","16x16":"https://defectdojo.atlassian.net/rest/api/2/universal_avatar/view/type/project/avatar/10407?size=xsmall","32x32":"https://defectdojo.atlassian.net/rest/api/2/universal_avatar/view/type/project/avatar/10407?size=medium"},"issuetypes":[{"self":"https://defectdojo.atlassian.net/rest/api/2/issuetype/10002","id":"10002","description":"A
        small, distinct piece of work.","iconUrl":"https://defectdojo.atlassian.net/rest/api/2/universal_avatar/view/type/issuetype/avatar/10318?size=medium","name":"Task","untranslatedName":"Task","subtask":false,"hierarchyLevel":0,"expand":"fields","fields":{"summary":{"required":true,"schema":{"type":"string","system":"summary"},"name":"Summary","key":"summary","hasDefaultValue":false,"operations":["set"]},"issuetype":{"required":true,"schema":{"type":"issuetype","system":"issuetype"},"name":"Issue
        Type","key":"issuetype","hasDefaultValue":false,"operations":[],"allowedValues":[{"self":"https://defectdojo.atlassian.net/rest/api/2/issuetype/10002","id":"10002","description":"A
        small, distinct piece of work.","iconUrl":"https://defectdojo.atlassian.net/rest/api/2/universal_avatar/view/type/issuetype/avatar/10318?size=medium","name":"Task","subtask":false,"avatarId":10318,"hierarchyLevel":0}]},"parent":{"required":false,"schema":{"type":"issuelink","system":"parent"},"name":"Parent","key":"parent","hasDefaultValue":false,"operations":["set"]},"components":{"required":false,"schema":{"type":"array","items":"component","system":"components"},"name":"Components","key":"components","hasDefaultValue":false,"operations":["add","set","remove"],"allowedValues":[]},"description":{"required":false,"schema":{"type":"string","system":"description"},"name":"Description","key":"description","hasDefaultValue":false,"operations":["set"]},"project":{"required":true,"schema":{"type":"project","system":"project"},"name":"Project","key":"project","hasDefaultValue":false,"operations":["set"],"allowedValues":[{"self":"https://defectdojo.atlassian.net/rest/api/2/project/10000","id":"10000","key":"NTEST","name":"Unittests","projectTypeKey":"software","simplified":false,"avatarUrls":{"48x48":"https://defectdojo.atlassian.net/rest/api/2/universal_avatar/view/type/project/avatar/10407","24x24":"https://defectdojo.atlassian.net/rest/api/2/universal_avatar/view/type/project/avatar/10407?size=small","16x16":"https://defectdojo.atlassian.net/rest/api/2/universal_avatar/view/type/project/avatar/10407?size=xsmall","32x32":"https://defectdojo.atlassian.net/rest/api/2/universal_avatar/view/type/project/avatar/10407?size=medium"}}]},"fixVersions":{"required":false,"schema":{"type":"array","items":"version","system":"fixVersions"},"name":"Fix
        versions","key":"fixVersions","hasDefaultValue":false,"operations":["set","add","remove"],"allowedValues":[]},"priority":{"required":false,"schema":{"type":"priority","system":"priority"},"name":"Priority","key":"priority","hasDefaultValue":true,"operations":["set"],"allowedValues":[{"self":"https://defectdojo.atlassian.net/rest/api/2/priority/1","iconUrl":"https://defectdojo.atlassian.net/images/icons/priorities/highest.svg","name":"Highest","id":"1"},{"self":"https://defectdojo.atlassian.net/rest/api/2/priority/2","iconUrl":"https://defectdojo.atlassian.net/images/icons/priorities/high.svg","name":"High","id":"2"},{"self":"https://defectdojo.atlassian.net/rest/api/2/priority/3","iconUrl":"https://defectdojo.atlassian.net/images/icons/priorities/medium.svg","name":"Medium","id":"3"},{"self":"https://defectdojo.atlassian.net/rest/api/2/priority/4","iconUrl":"https://defectdojo.atlassian.net/images/icons/priorities/low.svg","name":"Low","id":"4"},{"self":"https://defectdojo.atlassian.net/rest/api/2/priority/5","iconUrl":"https://defectdojo.atlassian.net/images/icons/priorities/lowest.svg","name":"Lowest","id":"5"}],"defaultValue":{"self":"https://defectdojo.atlassian.net/rest/api/2/priority/3","iconUrl":"https://defectdojo.atlassian.net/images/icons/priorities/medium.svg","name":"Medium","id":"3"}},"customfield_10014":{"required":false,"schema":{"type":"any","custom":"com.pyxis.greenhopper.jira:gh-epic-link","customId":10014},"name":"Epic
        Link","key":"customfield_10014","hasDefaultValue":false,"operations":["set"]},"labels":{"required":false,"schema":{"type":"array","items":"string","system":"labels"},"name":"Labels","key":"labels","autoCompleteUrl":"https://defectdojo.atlassian.net/rest/api/1.0/labels/suggest?query=","hasDefaultValue":false,"operations":["add","set","remove"]},"attachment":{"required":false,"schema":{"type":"array","items":"attachment","system":"attachment"},"name":"Attachment","key":"attachment","hasDefaultValue":false,"operations":["set","copy"]},"issuelinks":{"required":false,"schema":{"type":"array","items":"issuelinks","system":"issuelinks"},"name":"Linked
        Issues","key":"issuelinks","autoCompleteUrl":"https://defectdojo.atlassian.net/rest/api/2/issue/picker?currentProjectId=&showSubTaskParent=true&showSubTasks=true&currentIssueKey=null&query=","hasDefaultValue":false,"operations":["add","copy"]},"assignee":{"required":false,"schema":{"type":"user","system":"assignee"},"name":"Assignee","key":"assignee","autoCompleteUrl":"https://defectdojo.atlassian.net/rest/api/2/user/assignable/search?project=NTEST&query=","hasDefaultValue":false,"operations":["set"]}}}]}]}'
    headers:
      Atl-Request-Id:
      - 2acb92a0-0a85-4098-aa3d-0af545a491a3
      Atl-Traceid:
      - 2acb92a00a854098aa3d0af545a491a3
      Cache-Control:
      - no-cache, no-store, no-transform
      Connection:
      - keep-alive
      Content-Encoding:
      - gzip
      Content-Type:
      - application/json;charset=UTF-8
      Date:
      - Tue, 20 May 2025 19:52:24 GMT
      Nel:
      - '{"failure_fraction": 0.001, "include_subdomains": true, "max_age": 600, "report_to":
        "endpoint-1"}'
      Report-To:
      - '{"endpoints": [{"url": "https://dz8aopenkvv6s.cloudfront.net"}], "group":
        "endpoint-1", "include_subdomains": true, "max_age": 600}'
      Server:
      - AtlassianEdge
      Server-Timing:
      - cdn-upstream-layer;desc="EDGE",cdn-upstream-dns;dur=0,cdn-upstream-connect;dur=0,cdn-upstream-fbl;dur=273,atl-edge;dur=265,atl-edge-internal;dur=14,atl-edge-upstream;dur=251,atl-edge-pop;desc="aws-eu-central-1",cdn-cache-miss,cdn-pop;desc="AMS1-P1",cdn-rid;desc="zyNgSK_2FQYBmIl4aKURTshdwK2bcxmjWFoFJDOI32qGo7WwAX5MZA==",cdn-downstream-fbl;dur=277
      Strict-Transport-Security:
      - max-age=63072000; includeSubDomains; preload
      Timing-Allow-Origin:
      - '*'
      Transfer-Encoding:
      - chunked
      Vary:
      - Accept-Encoding
      Via:
      - 1.1 f5d6b2021b5a22554c0e7f5b20207324.cloudfront.net (CloudFront)
      Warning:
      - 'The issue create meta endpoint has been deprecated. (Deprecation start date:
        June 03, 2024)'
      X-Aaccountid:
      - 712020%3A292a8b4c-ebd5-44be-bb94-d07c56a14dc5
      X-Amz-Cf-Id:
      - zyNgSK_2FQYBmIl4aKURTshdwK2bcxmjWFoFJDOI32qGo7WwAX5MZA==
      X-Amz-Cf-Pop:
      - AMS1-P1
      X-Arequestid:
      - 8ae7f7ce32631daaba79097ef181f26f
      X-Cache:
      - Miss from cloudfront
      X-Content-Type-Options:
      - nosniff
      X-Xss-Protection:
      - 1; mode=block
    status:
      code: 200
      message: OK
- request:
    body: '{"fields": {"project": {"key": "NTEST"}, "issuetype": {"name": "Task"},
      "summary": "Zap2: Cookie Without Secure Flag", "description": "\n\n\n\n\n\n*Title*:
      [Zap2: Cookie Without Secure Flag|http://localhost:8080/finding/317]\n\n*Defect
      Dojo link:* http://localhost:8080/finding/317 (317)\n\n*Severity:* Low\n\n\n*Due
      Date:* Sept. 17, 2025\n\n\n\n*CWE:* [CWE-614|https://cwe.mitre.org/data/definitions/614.html]\n\n\n\n*CVE:*
      Unknown\n\n\n\n\n*Product/Engagement/Test:* [Security How-to|http://localhost:8080/product/2]
      / [1st Quarter Engagement|http://localhost:8080/engagement/1] / [ZAP Scan|http://localhost:8080/test/115]\n\n\n\n\n\n\n\n\n*Systems/Endpoints*:\n\n*
      https://mainsite.com/dashboard\n* https://mainsite.com\n\n\n\n\n\n\n\n*Description*:\nA
      cookie has been set without the secure flag, which means that the cookie can\nbe
      accessed via unencrypted connections.\n\n\n\n\n*Mitigation*:\nWhenever a cookie
      contains sensitive information or is a session token, then\nit should always
      be passed using an encrypted channel. Ensure that the secure\nflag is set for
      cookies containing such sensitive information.\n\n\n\n\n\n*Impact*:\nNone\n\n\n\n\n\n*References*:\nhttp://www.owasp.org/index.php/Testing_for_cookies_attributes_(OWASP-SM-002)\n\n\n\n\n*Reporter:*
      [(admin) ()|mailto:]\n", "priority": {"name": "Low"}}}'
    headers:
      Accept:
      - application/json,*/*;q=0.9
      Accept-Encoding:
      - gzip, deflate
      Cache-Control:
      - no-cache
      Connection:
      - keep-alive
      Content-Length:
      - '1324'
      Content-Type:
      - application/json
      User-Agent:
      - python-requests/2.32.3
    method: POST
    uri: https://defectdojo.atlassian.net/rest/api/2/issue
  response:
    body:
      string: '{"id":"19199","key":"NTEST-2621","self":"https://defectdojo.atlassian.net/rest/api/2/issue/19199"}'
    headers:
      Atl-Request-Id:
      - 8170ea1c-6527-41e3-ab80-f511ed57f119
      Atl-Traceid:
      - 8170ea1c652741e3ab80f511ed57f119
      Cache-Control:
      - no-cache, no-store, no-transform
      Connection:
      - keep-alive
      Content-Type:
      - application/json;charset=UTF-8
      Date:
      - Tue, 20 May 2025 19:52:25 GMT
      Nel:
      - '{"failure_fraction": 0.001, "include_subdomains": true, "max_age": 600, "report_to":
        "endpoint-1"}'
      Report-To:
      - '{"endpoints": [{"url": "https://dz8aopenkvv6s.cloudfront.net"}], "group":
        "endpoint-1", "include_subdomains": true, "max_age": 600}'
      Server:
      - AtlassianEdge
      Server-Timing:
      - cdn-upstream-layer;desc="EDGE",cdn-upstream-dns;dur=0,cdn-upstream-connect;dur=0,cdn-upstream-fbl;dur=744,atl-edge;dur=735,atl-edge-internal;dur=15,atl-edge-upstream;dur=720,atl-edge-pop;desc="aws-eu-central-1",cdn-cache-miss,cdn-pop;desc="AMS1-P1",cdn-rid;desc="d3HgBj1mksAX9hMKWaR1jZK7PeKPOS5cHLjdEW-_V8kqHIG_J-x-iA==",cdn-downstream-fbl;dur=748
      Strict-Transport-Security:
      - max-age=63072000; includeSubDomains; preload
      Timing-Allow-Origin:
      - '*'
      Transfer-Encoding:
      - chunked
      Vary:
      - Accept-Encoding
      Via:
      - 1.1 e4bbc916b7f96771ed58c0d668318acc.cloudfront.net (CloudFront)
      X-Aaccountid:
      - 712020%3A292a8b4c-ebd5-44be-bb94-d07c56a14dc5
      X-Amz-Cf-Id:
      - d3HgBj1mksAX9hMKWaR1jZK7PeKPOS5cHLjdEW-_V8kqHIG_J-x-iA==
      X-Amz-Cf-Pop:
      - AMS1-P1
      X-Arequestid:
      - d9335ddbb46d61f06aad42bddd19921d
      X-Cache:
      - Miss from cloudfront
      X-Content-Type-Options:
      - nosniff
      X-Xss-Protection:
      - 1; mode=block
    status:
      code: 201
      message: Created
- request:
    body: null
    headers:
      Accept:
      - application/json,*/*;q=0.9
      Accept-Encoding:
      - gzip, deflate
      Cache-Control:
      - no-cache
      Connection:
      - keep-alive
      Content-Type:
      - application/json
      User-Agent:
      - python-requests/2.32.3
    method: GET
    uri: https://defectdojo.atlassian.net/rest/api/2/issue/NTEST-2621
  response:
    body:
      string: '{"expand":"renderedFields,names,schema,operations,editmeta,changelog,versionedRepresentations,customfield_10010.requestTypePractice","id":"19199","self":"https://defectdojo.atlassian.net/rest/api/2/issue/19199","key":"NTEST-2621","fields":{"statuscategorychangedate":"2025-05-20T21:52:25.068+0200","issuetype":{"self":"https://defectdojo.atlassian.net/rest/api/2/issuetype/10002","id":"10002","description":"A
        small, distinct piece of work.","iconUrl":"https://defectdojo.atlassian.net/rest/api/2/universal_avatar/view/type/issuetype/avatar/10318?size=medium","name":"Task","subtask":false,"avatarId":10318,"hierarchyLevel":0},"timespent":null,"customfield_10030":null,"customfield_10031":null,"project":{"self":"https://defectdojo.atlassian.net/rest/api/2/project/10000","id":"10000","key":"NTEST","name":"Unittests","projectTypeKey":"software","simplified":false,"avatarUrls":{"48x48":"https://defectdojo.atlassian.net/rest/api/2/universal_avatar/view/type/project/avatar/10407","24x24":"https://defectdojo.atlassian.net/rest/api/2/universal_avatar/view/type/project/avatar/10407?size=small","16x16":"https://defectdojo.atlassian.net/rest/api/2/universal_avatar/view/type/project/avatar/10407?size=xsmall","32x32":"https://defectdojo.atlassian.net/rest/api/2/universal_avatar/view/type/project/avatar/10407?size=medium"}},"customfield_10032":null,"customfield_10033":null,"fixVersions":[],"aggregatetimespent":null,"statusCategory":{"self":"https://defectdojo.atlassian.net/rest/api/2/statuscategory/2","id":2,"key":"new","colorName":"blue-gray","name":"To
        Do"},"customfield_10035":null,"resolution":null,"customfield_10036":null,"customfield_10037":null,"customfield_10027":null,"customfield_10028":null,"customfield_10029":null,"resolutiondate":null,"workratio":-1,"watches":{"self":"https://defectdojo.atlassian.net/rest/api/2/issue/NTEST-2621/watchers","watchCount":1,"isWatching":true},"lastViewed":null,"created":"2025-05-20T21:52:24.726+0200","customfield_10020":null,"customfield_10021":null,"customfield_10022":null,"customfield_10023":null,"priority":{"self":"https://defectdojo.atlassian.net/rest/api/2/priority/4","iconUrl":"https://defectdojo.atlassian.net/images/icons/priorities/low.svg","name":"Low","id":"4"},"labels":[],"customfield_10016":null,"customfield_10017":null,"customfield_10018":{"hasEpicLinkFieldDependency":false,"showField":false,"nonEditableReason":{"reason":"PLUGIN_LICENSE_ERROR","message":"The
        Parent Link is only available to Jira Premium users."}},"customfield_10019":"0|i00xx3:","timeestimate":null,"aggregatetimeoriginalestimate":null,"versions":[],"issuelinks":[],"assignee":null,"updated":"2025-05-20T21:52:24.808+0200","status":{"self":"https://defectdojo.atlassian.net/rest/api/2/status/10000","description":"","iconUrl":"https://defectdojo.atlassian.net/","name":"Backlog","id":"10000","statusCategory":{"self":"https://defectdojo.atlassian.net/rest/api/2/statuscategory/2","id":2,"key":"new","colorName":"blue-gray","name":"To
        Do"}},"components":[],"customfield_10050":null,"customfield_10051":null,"timeoriginalestimate":null,"customfield_10053":null,"description":"\n\n\n\n\n\n*Title*:
        [Zap2: Cookie Without Secure Flag|http://localhost:8080/finding/317]\n\n*Defect
        Dojo link:* http://localhost:8080/finding/317 (317)\n\n*Severity:* Low\n\n\n*Due
        Date:* Sept. 17, 2025\n\n\n\n*CWE:* [CWE-614|https://cwe.mitre.org/data/definitions/614.html]\n\n\n\n*CVE:*
        Unknown\n\n\n\n\n*Product/Engagement/Test:* [Security How-to|http://localhost:8080/product/2]
        / [1st Quarter Engagement|http://localhost:8080/engagement/1] / [ZAP Scan|http://localhost:8080/test/115]\n\n\n\n\n\n\n\n\n*Systems/Endpoints*:\n\n*
        https://mainsite.com/dashboard\n* https://mainsite.com\n\n\n\n\n\n\n\n*Description*:\nA
        cookie has been set without the secure flag, which means that the cookie can\nbe
        accessed via unencrypted connections.\n\n\n\n\n*Mitigation*:\nWhenever a cookie
        contains sensitive information or is a session token, then\nit should always
        be passed using an encrypted channel. Ensure that the secure\nflag is set
        for cookies containing such sensitive information.\n\n\n\n\n\n*Impact*:\nNone\n\n\n\n\n\n*References*:\nhttp://www.owasp.org/index.php/Testing_for_cookies_attributes_(OWASP-SM-002)\n\n\n\n\n*Reporter:*
        [(admin) ()|mailto:]\n","customfield_10010":null,"customfield_10055":null,"customfield_10056":null,"customfield_10014":null,"timetracking":{},"customfield_10015":null,"customfield_10005":null,"customfield_10049":null,"customfield_10006":null,"customfield_10007":null,"security":null,"customfield_10008":null,"attachment":[],"customfield_10009":null,"aggregatetimeestimate":null,"summary":"Zap2:
        Cookie Without Secure Flag","creator":{"self":"https://defectdojo.atlassian.net/rest/api/2/user?accountId=712020%3A292a8b4c-ebd5-44be-bb94-d07c56a14dc5","accountId":"712020:292a8b4c-ebd5-44be-bb94-d07c56a14dc5","emailAddress":"valentijn@defectdojo.com","avatarUrls":{"48x48":"https://secure.gravatar.com/avatar/d05de848fe8cc7816c52a5e34e327bad?d=https%3A%2F%2Favatar-management--avatars.us-west-2.prod.public.atl-paas.net%2Finitials%2FVS-3.png","24x24":"https://secure.gravatar.com/avatar/d05de848fe8cc7816c52a5e34e327bad?d=https%3A%2F%2Favatar-management--avatars.us-west-2.prod.public.atl-paas.net%2Finitials%2FVS-3.png","16x16":"https://secure.gravatar.com/avatar/d05de848fe8cc7816c52a5e34e327bad?d=https%3A%2F%2Favatar-management--avatars.us-west-2.prod.public.atl-paas.net%2Finitials%2FVS-3.png","32x32":"https://secure.gravatar.com/avatar/d05de848fe8cc7816c52a5e34e327bad?d=https%3A%2F%2Favatar-management--avatars.us-west-2.prod.public.atl-paas.net%2Finitials%2FVS-3.png"},"displayName":"Valentijn
        Scholten","active":true,"timeZone":"Europe/Zurich","accountType":"atlassian"},"subtasks":[],"customfield_10040":null,"customfield_10041":null,"customfield_10042":null,"reporter":{"self":"https://defectdojo.atlassian.net/rest/api/2/user?accountId=712020%3A292a8b4c-ebd5-44be-bb94-d07c56a14dc5","accountId":"712020:292a8b4c-ebd5-44be-bb94-d07c56a14dc5","emailAddress":"valentijn@defectdojo.com","avatarUrls":{"48x48":"https://secure.gravatar.com/avatar/d05de848fe8cc7816c52a5e34e327bad?d=https%3A%2F%2Favatar-management--avatars.us-west-2.prod.public.atl-paas.net%2Finitials%2FVS-3.png","24x24":"https://secure.gravatar.com/avatar/d05de848fe8cc7816c52a5e34e327bad?d=https%3A%2F%2Favatar-management--avatars.us-west-2.prod.public.atl-paas.net%2Finitials%2FVS-3.png","16x16":"https://secure.gravatar.com/avatar/d05de848fe8cc7816c52a5e34e327bad?d=https%3A%2F%2Favatar-management--avatars.us-west-2.prod.public.atl-paas.net%2Finitials%2FVS-3.png","32x32":"https://secure.gravatar.com/avatar/d05de848fe8cc7816c52a5e34e327bad?d=https%3A%2F%2Favatar-management--avatars.us-west-2.prod.public.atl-paas.net%2Finitials%2FVS-3.png"},"displayName":"Valentijn
        Scholten","active":true,"timeZone":"Europe/Zurich","accountType":"atlassian"},"customfield_10043":null,"aggregateprogress":{"progress":0,"total":0},"customfield_10044":null,"customfield_10045":null,"customfield_10001":null,"customfield_10046":null,"customfield_10002":[],"customfield_10003":null,"customfield_10047":null,"customfield_10004":null,"customfield_10048":null,"customfield_10038":null,"customfield_10039":null,"environment":null,"duedate":null,"progress":{"progress":0,"total":0},"votes":{"self":"https://defectdojo.atlassian.net/rest/api/2/issue/NTEST-2621/votes","votes":0,"hasVoted":false},"comment":{"comments":[],"self":"https://defectdojo.atlassian.net/rest/api/2/issue/19199/comment","maxResults":0,"total":0,"startAt":0},"worklog":{"startAt":0,"maxResults":20,"total":0,"worklogs":[]}}}'
    headers:
      Atl-Request-Id:
      - 1f25e79f-2025-468f-8a89-cec11e8c432f
      Atl-Traceid:
      - 1f25e79f2025468f8a89cec11e8c432f
      Cache-Control:
      - no-cache, no-store, no-transform
      Connection:
      - keep-alive
      Content-Encoding:
      - gzip
      Content-Type:
      - application/json;charset=UTF-8
      Date:
      - Tue, 20 May 2025 19:52:25 GMT
      Nel:
      - '{"failure_fraction": 0.001, "include_subdomains": true, "max_age": 600, "report_to":
        "endpoint-1"}'
      Report-To:
      - '{"endpoints": [{"url": "https://dz8aopenkvv6s.cloudfront.net"}], "group":
        "endpoint-1", "include_subdomains": true, "max_age": 600}'
      Server:
      - AtlassianEdge
      Server-Timing:
      - cdn-upstream-layer;desc="EDGE",cdn-upstream-dns;dur=0,cdn-upstream-connect;dur=0,cdn-upstream-fbl;dur=267,atl-edge;dur=259,atl-edge-internal;dur=14,atl-edge-upstream;dur=245,atl-edge-pop;desc="aws-eu-central-1",cdn-cache-miss,cdn-pop;desc="AMS1-P1",cdn-rid;desc="XDuuQBi1TqFQXOn0TdiOHj2yhdTH5MdjtSngZGoon3d4m7rHwVdpRQ==",cdn-downstream-fbl;dur=273
      Strict-Transport-Security:
      - max-age=63072000; includeSubDomains; preload
      Timing-Allow-Origin:
      - '*'
      Transfer-Encoding:
      - chunked
      Vary:
      - Accept-Encoding
      Via:
      - 1.1 29d6db1b5ecb170f22487453430df556.cloudfront.net (CloudFront)
      X-Aaccountid:
      - 712020%3A292a8b4c-ebd5-44be-bb94-d07c56a14dc5
      X-Amz-Cf-Id:
      - XDuuQBi1TqFQXOn0TdiOHj2yhdTH5MdjtSngZGoon3d4m7rHwVdpRQ==
      X-Amz-Cf-Pop:
      - AMS1-P1
      X-Arequestid:
      - 0f60ff65f8e3d279144af17c300d582e
      X-Cache:
      - Miss from cloudfront
      X-Content-Type-Options:
      - nosniff
      X-Xss-Protection:
      - 1; mode=block
    status:
      code: 200
      message: OK
- request:
    body: null
    headers:
      Accept:
      - application/json,*/*;q=0.9
      Accept-Encoding:
      - gzip, deflate
      Cache-Control:
      - no-cache
      Connection:
      - keep-alive
      Content-Type:
      - application/json
      User-Agent:
      - python-requests/2.32.3
    method: GET
    uri: https://defectdojo.atlassian.net/rest/api/2/issue/19199
  response:
    body:
      string: '{"expand":"renderedFields,names,schema,operations,editmeta,changelog,versionedRepresentations,customfield_10010.requestTypePractice","id":"19199","self":"https://defectdojo.atlassian.net/rest/api/2/issue/19199","key":"NTEST-2621","fields":{"statuscategorychangedate":"2025-05-20T21:52:25.068+0200","issuetype":{"self":"https://defectdojo.atlassian.net/rest/api/2/issuetype/10002","id":"10002","description":"A
        small, distinct piece of work.","iconUrl":"https://defectdojo.atlassian.net/rest/api/2/universal_avatar/view/type/issuetype/avatar/10318?size=medium","name":"Task","subtask":false,"avatarId":10318,"hierarchyLevel":0},"timespent":null,"customfield_10030":null,"customfield_10031":null,"project":{"self":"https://defectdojo.atlassian.net/rest/api/2/project/10000","id":"10000","key":"NTEST","name":"Unittests","projectTypeKey":"software","simplified":false,"avatarUrls":{"48x48":"https://defectdojo.atlassian.net/rest/api/2/universal_avatar/view/type/project/avatar/10407","24x24":"https://defectdojo.atlassian.net/rest/api/2/universal_avatar/view/type/project/avatar/10407?size=small","16x16":"https://defectdojo.atlassian.net/rest/api/2/universal_avatar/view/type/project/avatar/10407?size=xsmall","32x32":"https://defectdojo.atlassian.net/rest/api/2/universal_avatar/view/type/project/avatar/10407?size=medium"}},"customfield_10032":null,"customfield_10033":null,"fixVersions":[],"aggregatetimespent":null,"statusCategory":{"self":"https://defectdojo.atlassian.net/rest/api/2/statuscategory/2","id":2,"key":"new","colorName":"blue-gray","name":"To
        Do"},"customfield_10035":null,"resolution":null,"customfield_10036":null,"customfield_10037":null,"customfield_10027":null,"customfield_10028":null,"customfield_10029":null,"resolutiondate":null,"workratio":-1,"watches":{"self":"https://defectdojo.atlassian.net/rest/api/2/issue/NTEST-2621/watchers","watchCount":1,"isWatching":true},"lastViewed":null,"created":"2025-05-20T21:52:24.726+0200","customfield_10020":null,"customfield_10021":null,"customfield_10022":null,"customfield_10023":null,"priority":{"self":"https://defectdojo.atlassian.net/rest/api/2/priority/4","iconUrl":"https://defectdojo.atlassian.net/images/icons/priorities/low.svg","name":"Low","id":"4"},"labels":[],"customfield_10016":null,"customfield_10017":null,"customfield_10018":{"hasEpicLinkFieldDependency":false,"showField":false,"nonEditableReason":{"reason":"PLUGIN_LICENSE_ERROR","message":"The
        Parent Link is only available to Jira Premium users."}},"customfield_10019":"0|i00xx3:","timeestimate":null,"aggregatetimeoriginalestimate":null,"versions":[],"issuelinks":[],"assignee":null,"updated":"2025-05-20T21:52:24.808+0200","status":{"self":"https://defectdojo.atlassian.net/rest/api/2/status/10000","description":"","iconUrl":"https://defectdojo.atlassian.net/","name":"Backlog","id":"10000","statusCategory":{"self":"https://defectdojo.atlassian.net/rest/api/2/statuscategory/2","id":2,"key":"new","colorName":"blue-gray","name":"To
        Do"}},"components":[],"customfield_10050":null,"customfield_10051":null,"timeoriginalestimate":null,"customfield_10053":null,"description":"\n\n\n\n\n\n*Title*:
        [Zap2: Cookie Without Secure Flag|http://localhost:8080/finding/317]\n\n*Defect
        Dojo link:* http://localhost:8080/finding/317 (317)\n\n*Severity:* Low\n\n\n*Due
        Date:* Sept. 17, 2025\n\n\n\n*CWE:* [CWE-614|https://cwe.mitre.org/data/definitions/614.html]\n\n\n\n*CVE:*
        Unknown\n\n\n\n\n*Product/Engagement/Test:* [Security How-to|http://localhost:8080/product/2]
        / [1st Quarter Engagement|http://localhost:8080/engagement/1] / [ZAP Scan|http://localhost:8080/test/115]\n\n\n\n\n\n\n\n\n*Systems/Endpoints*:\n\n*
        https://mainsite.com/dashboard\n* https://mainsite.com\n\n\n\n\n\n\n\n*Description*:\nA
        cookie has been set without the secure flag, which means that the cookie can\nbe
        accessed via unencrypted connections.\n\n\n\n\n*Mitigation*:\nWhenever a cookie
        contains sensitive information or is a session token, then\nit should always
        be passed using an encrypted channel. Ensure that the secure\nflag is set
        for cookies containing such sensitive information.\n\n\n\n\n\n*Impact*:\nNone\n\n\n\n\n\n*References*:\nhttp://www.owasp.org/index.php/Testing_for_cookies_attributes_(OWASP-SM-002)\n\n\n\n\n*Reporter:*
        [(admin) ()|mailto:]\n","customfield_10010":null,"customfield_10055":null,"customfield_10056":null,"customfield_10014":null,"timetracking":{},"customfield_10015":null,"customfield_10005":null,"customfield_10049":null,"customfield_10006":null,"customfield_10007":null,"security":null,"customfield_10008":null,"attachment":[],"customfield_10009":null,"aggregatetimeestimate":null,"summary":"Zap2:
        Cookie Without Secure Flag","creator":{"self":"https://defectdojo.atlassian.net/rest/api/2/user?accountId=712020%3A292a8b4c-ebd5-44be-bb94-d07c56a14dc5","accountId":"712020:292a8b4c-ebd5-44be-bb94-d07c56a14dc5","emailAddress":"valentijn@defectdojo.com","avatarUrls":{"48x48":"https://secure.gravatar.com/avatar/d05de848fe8cc7816c52a5e34e327bad?d=https%3A%2F%2Favatar-management--avatars.us-west-2.prod.public.atl-paas.net%2Finitials%2FVS-3.png","24x24":"https://secure.gravatar.com/avatar/d05de848fe8cc7816c52a5e34e327bad?d=https%3A%2F%2Favatar-management--avatars.us-west-2.prod.public.atl-paas.net%2Finitials%2FVS-3.png","16x16":"https://secure.gravatar.com/avatar/d05de848fe8cc7816c52a5e34e327bad?d=https%3A%2F%2Favatar-management--avatars.us-west-2.prod.public.atl-paas.net%2Finitials%2FVS-3.png","32x32":"https://secure.gravatar.com/avatar/d05de848fe8cc7816c52a5e34e327bad?d=https%3A%2F%2Favatar-management--avatars.us-west-2.prod.public.atl-paas.net%2Finitials%2FVS-3.png"},"displayName":"Valentijn
        Scholten","active":true,"timeZone":"Europe/Zurich","accountType":"atlassian"},"subtasks":[],"customfield_10040":null,"customfield_10041":null,"customfield_10042":null,"reporter":{"self":"https://defectdojo.atlassian.net/rest/api/2/user?accountId=712020%3A292a8b4c-ebd5-44be-bb94-d07c56a14dc5","accountId":"712020:292a8b4c-ebd5-44be-bb94-d07c56a14dc5","emailAddress":"valentijn@defectdojo.com","avatarUrls":{"48x48":"https://secure.gravatar.com/avatar/d05de848fe8cc7816c52a5e34e327bad?d=https%3A%2F%2Favatar-management--avatars.us-west-2.prod.public.atl-paas.net%2Finitials%2FVS-3.png","24x24":"https://secure.gravatar.com/avatar/d05de848fe8cc7816c52a5e34e327bad?d=https%3A%2F%2Favatar-management--avatars.us-west-2.prod.public.atl-paas.net%2Finitials%2FVS-3.png","16x16":"https://secure.gravatar.com/avatar/d05de848fe8cc7816c52a5e34e327bad?d=https%3A%2F%2Favatar-management--avatars.us-west-2.prod.public.atl-paas.net%2Finitials%2FVS-3.png","32x32":"https://secure.gravatar.com/avatar/d05de848fe8cc7816c52a5e34e327bad?d=https%3A%2F%2Favatar-management--avatars.us-west-2.prod.public.atl-paas.net%2Finitials%2FVS-3.png"},"displayName":"Valentijn
        Scholten","active":true,"timeZone":"Europe/Zurich","accountType":"atlassian"},"customfield_10043":null,"aggregateprogress":{"progress":0,"total":0},"customfield_10044":null,"customfield_10045":null,"customfield_10001":null,"customfield_10046":null,"customfield_10002":[],"customfield_10003":null,"customfield_10047":null,"customfield_10004":null,"customfield_10048":null,"customfield_10038":null,"customfield_10039":null,"environment":null,"duedate":null,"progress":{"progress":0,"total":0},"votes":{"self":"https://defectdojo.atlassian.net/rest/api/2/issue/NTEST-2621/votes","votes":0,"hasVoted":false},"comment":{"comments":[],"self":"https://defectdojo.atlassian.net/rest/api/2/issue/19199/comment","maxResults":0,"total":0,"startAt":0},"worklog":{"startAt":0,"maxResults":20,"total":0,"worklogs":[]}}}'
    headers:
      Atl-Request-Id:
      - 882cc295-0687-40d7-b673-b99ad0da8470
      Atl-Traceid:
      - 882cc295068740d7b673b99ad0da8470
      Cache-Control:
      - no-cache, no-store, no-transform
      Connection:
      - keep-alive
      Content-Encoding:
      - gzip
      Content-Type:
      - application/json;charset=UTF-8
      Date:
      - Tue, 20 May 2025 19:52:25 GMT
      Nel:
      - '{"failure_fraction": 0.001, "include_subdomains": true, "max_age": 600, "report_to":
        "endpoint-1"}'
      Report-To:
      - '{"endpoints": [{"url": "https://dz8aopenkvv6s.cloudfront.net"}], "group":
        "endpoint-1", "include_subdomains": true, "max_age": 600}'
      Server:
      - AtlassianEdge
      Server-Timing:
      - cdn-cache-miss,cdn-pop;desc="AMS1-P1",cdn-rid;desc="SqsmHrCJ70r4P4SAfXUb0I9hhkA6GAxeZXnXTseL8bCD6pdlMK_cyg==",cdn-downstream-fbl;dur=270,cdn-upstream-layer;desc="EDGE",cdn-upstream-dns;dur=0,cdn-upstream-connect;dur=21,cdn-upstream-fbl;dur=264,atl-edge;dur=234,atl-edge-internal;dur=16,atl-edge-upstream;dur=218,atl-edge-pop;desc="aws-eu-central-1"
      Strict-Transport-Security:
      - max-age=63072000; includeSubDomains; preload
      Timing-Allow-Origin:
      - '*'
      Transfer-Encoding:
      - chunked
      Vary:
      - Accept-Encoding
      Via:
      - 1.1 c337a55bb25a3540411fbbf6c8ad1b46.cloudfront.net (CloudFront)
      X-Aaccountid:
      - 712020%3A292a8b4c-ebd5-44be-bb94-d07c56a14dc5
      X-Amz-Cf-Id:
      - SqsmHrCJ70r4P4SAfXUb0I9hhkA6GAxeZXnXTseL8bCD6pdlMK_cyg==
      X-Amz-Cf-Pop:
      - AMS1-P1
      X-Arequestid:
      - 30e87428473a8e7d5052acd3d148e435
      X-Cache:
      - Miss from cloudfront
      X-Content-Type-Options:
      - nosniff
      X-Xss-Protection:
      - 1; mode=block
    status:
      code: 200
      message: OK
- request:
    body: '{"description": "Event test_added has occurred.", "title": "Test created
      for Security How-to: 1st Quarter Engagement: ZAP Scan", "user": null, "url_ui":
      "http://localhost:8080/test/115", "url_api": "http://localhost:8080/api/v2/tests/115/",
      "product_type": {"name": "ebooks", "id": 2, "url_ui": "http://localhost:8080/product/type/2",
      "url_api": "http://localhost:8080/api/v2/product_types/2/"}, "product": {"name":
      "Security How-to", "id": 2, "url_ui": "http://localhost:8080/product/2", "url_api":
      "http://localhost:8080/api/v2/products/2/"}, "engagement": {"name": "1st Quarter
      Engagement", "id": 1, "url_ui": "http://localhost:8080/engagement/1", "url_api":
      "http://localhost:8080/api/v2/engagements/1/"}, "test": {"title": null, "id":
      115, "url_ui": "http://localhost:8080/test/115", "url_api": "http://localhost:8080/api/v2/tests/115/"}}'
    headers:
      Accept:
      - application/json
      Accept-Encoding:
      - gzip, deflate
      Auth:
      - Token xxx
      Connection:
      - keep-alive
      Content-Length:
      - '843'
      Content-Type:
      - application/json
      User-Agent:
      - DefectDojo-2.46.2
      X-DefectDojo-Event:
      - test_added
      X-DefectDojo-Instance:
      - http://localhost:8080
    method: POST
    uri: http://webhook.endpoint:8080/post
  response:
    body:
      string: "{\n  \"args\": {},\n  \"headers\": {\n    \"Accept\": [\n      \"application/json\"\n
        \   ],\n    \"Accept-Encoding\": [\n      \"gzip, deflate\"\n    ],\n    \"Auth\":
        [\n      \"Token xxx\"\n    ],\n    \"Connection\": [\n      \"keep-alive\"\n
        \   ],\n    \"Content-Length\": [\n      \"843\"\n    ],\n    \"Content-Type\":
        [\n      \"application/json\"\n    ],\n    \"Host\": [\n      \"webhook.endpoint:8080\"\n
        \   ],\n    \"User-Agent\": [\n      \"DefectDojo-2.46.2\"\n    ],\n    \"X-Defectdojo-Event\":
        [\n      \"test_added\"\n    ],\n    \"X-Defectdojo-Instance\": [\n      \"http://localhost:8080\"\n
        \   ]\n  },\n  \"method\": \"POST\",\n  \"origin\": \"10.250.1.6:46110\",\n
        \ \"url\": \"http://webhook.endpoint:8080/post\",\n  \"data\": \"{\\\"description\\\":
        \\\"Event test_added has occurred.\\\", \\\"title\\\": \\\"Test created for
        Security How-to: 1st Quarter Engagement: ZAP Scan\\\", \\\"user\\\": null,
        \\\"url_ui\\\": \\\"http://localhost:8080/test/115\\\", \\\"url_api\\\": \\\"http://localhost:8080/api/v2/tests/115/\\\",
        \\\"product_type\\\": {\\\"name\\\": \\\"ebooks\\\", \\\"id\\\": 2, \\\"url_ui\\\":
        \\\"http://localhost:8080/product/type/2\\\", \\\"url_api\\\": \\\"http://localhost:8080/api/v2/product_types/2/\\\"},
        \\\"product\\\": {\\\"name\\\": \\\"Security How-to\\\", \\\"id\\\": 2, \\\"url_ui\\\":
        \\\"http://localhost:8080/product/2\\\", \\\"url_api\\\": \\\"http://localhost:8080/api/v2/products/2/\\\"},
        \\\"engagement\\\": {\\\"name\\\": \\\"1st Quarter Engagement\\\", \\\"id\\\":
        1, \\\"url_ui\\\": \\\"http://localhost:8080/engagement/1\\\", \\\"url_api\\\":
        \\\"http://localhost:8080/api/v2/engagements/1/\\\"}, \\\"test\\\": {\\\"title\\\":
        null, \\\"id\\\": 115, \\\"url_ui\\\": \\\"http://localhost:8080/test/115\\\",
        \\\"url_api\\\": \\\"http://localhost:8080/api/v2/tests/115/\\\"}}\",\n  \"files\":
        {},\n  \"form\": {},\n  \"json\": {\n    \"description\": \"Event test_added
        has occurred.\",\n    \"engagement\": {\n      \"id\": 1,\n      \"name\":
        \"1st Quarter Engagement\",\n      \"url_api\": \"http://localhost:8080/api/v2/engagements/1/\",\n
        \     \"url_ui\": \"http://localhost:8080/engagement/1\"\n    },\n    \"product\":
        {\n      \"id\": 2,\n      \"name\": \"Security How-to\",\n      \"url_api\":
        \"http://localhost:8080/api/v2/products/2/\",\n      \"url_ui\": \"http://localhost:8080/product/2\"\n
        \   },\n    \"product_type\": {\n      \"id\": 2,\n      \"name\": \"ebooks\",\n
        \     \"url_api\": \"http://localhost:8080/api/v2/product_types/2/\",\n      \"url_ui\":
        \"http://localhost:8080/product/type/2\"\n    },\n    \"test\": {\n      \"id\":
        115,\n      \"title\": null,\n      \"url_api\": \"http://localhost:8080/api/v2/tests/115/\",\n
        \     \"url_ui\": \"http://localhost:8080/test/115\"\n    },\n    \"title\":
        \"Test created for Security How-to: 1st Quarter Engagement: ZAP Scan\",\n
        \   \"url_api\": \"http://localhost:8080/api/v2/tests/115/\",\n    \"url_ui\":
        \"http://localhost:8080/test/115\",\n    \"user\": null\n  }\n}\n"
    headers:
      Access-Control-Allow-Credentials:
      - 'true'
      Access-Control-Allow-Origin:
      - '*'
      Content-Type:
      - application/json; charset=utf-8
      Date:
      - Tue, 20 May 2025 19:52:25 GMT
      Transfer-Encoding:
      - chunked
    status:
      code: 200
      message: OK
- request:
    body: '{"description": "Event scan_added has occurred.", "title": "Created/Updated
      2 findings for Security How-to: 1st Quarter Engagement: ZAP Scan", "user": null,
      "url_ui": "http://localhost:8080/test/115", "url_api": "http://localhost:8080/api/v2/tests/115/",
      "product_type": {"name": "ebooks", "id": 2, "url_ui": "http://localhost:8080/product/type/2",
      "url_api": "http://localhost:8080/api/v2/product_types/2/"}, "product": {"name":
      "Security How-to", "id": 2, "url_ui": "http://localhost:8080/product/2", "url_api":
      "http://localhost:8080/api/v2/products/2/"}, "engagement": {"name": "1st Quarter
      Engagement", "id": 1, "url_ui": "http://localhost:8080/engagement/1", "url_api":
      "http://localhost:8080/api/v2/engagements/1/"}, "test": {"title": null, "id":
      115, "url_ui": "http://localhost:8080/test/115", "url_api": "http://localhost:8080/api/v2/tests/115/"},
      "finding_count": 2, "findings": {"new": [{"id": 316, "title": "Zap1: Cookie
      Without Secure Flag", "severity": "Low", "url_ui": "http://localhost:8080/finding/316",
      "url_api": "http://localhost:8080/api/v2/findings/316/"}, {"id": 317, "title":
      "Zap2: Cookie Without Secure Flag", "severity": "Low", "url_ui": "http://localhost:8080/finding/317",
      "url_api": "http://localhost:8080/api/v2/findings/317/"}], "reactivated": [],
      "mitigated": [], "untouched": []}}'
    headers:
      Accept:
      - application/json
      Accept-Encoding:
      - gzip, deflate
      Auth:
      - Token xxx
      Connection:
      - keep-alive
      Content-Length:
      - '1315'
      Content-Type:
      - application/json
      User-Agent:
      - DefectDojo-2.46.2
      X-DefectDojo-Event:
      - scan_added
      X-DefectDojo-Instance:
      - http://localhost:8080
    method: POST
    uri: http://webhook.endpoint:8080/post
  response:
    body:
      string: "{\n  \"args\": {},\n  \"headers\": {\n    \"Accept\": [\n      \"application/json\"\n
        \   ],\n    \"Accept-Encoding\": [\n      \"gzip, deflate\"\n    ],\n    \"Auth\":
        [\n      \"Token xxx\"\n    ],\n    \"Connection\": [\n      \"keep-alive\"\n
        \   ],\n    \"Content-Length\": [\n      \"1315\"\n    ],\n    \"Content-Type\":
        [\n      \"application/json\"\n    ],\n    \"Host\": [\n      \"webhook.endpoint:8080\"\n
        \   ],\n    \"User-Agent\": [\n      \"DefectDojo-2.46.2\"\n    ],\n    \"X-Defectdojo-Event\":
        [\n      \"scan_added\"\n    ],\n    \"X-Defectdojo-Instance\": [\n      \"http://localhost:8080\"\n
        \   ]\n  },\n  \"method\": \"POST\",\n  \"origin\": \"10.250.1.6:46118\",\n
        \ \"url\": \"http://webhook.endpoint:8080/post\",\n  \"data\": \"{\\\"description\\\":
        \\\"Event scan_added has occurred.\\\", \\\"title\\\": \\\"Created/Updated
        2 findings for Security How-to: 1st Quarter Engagement: ZAP Scan\\\", \\\"user\\\":
        null, \\\"url_ui\\\": \\\"http://localhost:8080/test/115\\\", \\\"url_api\\\":
        \\\"http://localhost:8080/api/v2/tests/115/\\\", \\\"product_type\\\": {\\\"name\\\":
        \\\"ebooks\\\", \\\"id\\\": 2, \\\"url_ui\\\": \\\"http://localhost:8080/product/type/2\\\",
        \\\"url_api\\\": \\\"http://localhost:8080/api/v2/product_types/2/\\\"}, \\\"product\\\":
        {\\\"name\\\": \\\"Security How-to\\\", \\\"id\\\": 2, \\\"url_ui\\\": \\\"http://localhost:8080/product/2\\\",
        \\\"url_api\\\": \\\"http://localhost:8080/api/v2/products/2/\\\"}, \\\"engagement\\\":
        {\\\"name\\\": \\\"1st Quarter Engagement\\\", \\\"id\\\": 1, \\\"url_ui\\\":
        \\\"http://localhost:8080/engagement/1\\\", \\\"url_api\\\": \\\"http://localhost:8080/api/v2/engagements/1/\\\"},
        \\\"test\\\": {\\\"title\\\": null, \\\"id\\\": 115, \\\"url_ui\\\": \\\"http://localhost:8080/test/115\\\",
        \\\"url_api\\\": \\\"http://localhost:8080/api/v2/tests/115/\\\"}, \\\"finding_count\\\":
        2, \\\"findings\\\": {\\\"new\\\": [{\\\"id\\\": 316, \\\"title\\\": \\\"Zap1:
        Cookie Without Secure Flag\\\", \\\"severity\\\": \\\"Low\\\", \\\"url_ui\\\":
        \\\"http://localhost:8080/finding/316\\\", \\\"url_api\\\": \\\"http://localhost:8080/api/v2/findings/316/\\\"},
        {\\\"id\\\": 317, \\\"title\\\": \\\"Zap2: Cookie Without Secure Flag\\\",
        \\\"severity\\\": \\\"Low\\\", \\\"url_ui\\\": \\\"http://localhost:8080/finding/317\\\",
        \\\"url_api\\\": \\\"http://localhost:8080/api/v2/findings/317/\\\"}], \\\"reactivated\\\":
        [], \\\"mitigated\\\": [], \\\"untouched\\\": []}}\",\n  \"files\": {},\n
        \ \"form\": {},\n  \"json\": {\n    \"description\": \"Event scan_added has
        occurred.\",\n    \"engagement\": {\n      \"id\": 1,\n      \"name\": \"1st
        Quarter Engagement\",\n      \"url_api\": \"http://localhost:8080/api/v2/engagements/1/\",\n
        \     \"url_ui\": \"http://localhost:8080/engagement/1\"\n    },\n    \"finding_count\":
        2,\n    \"findings\": {\n      \"mitigated\": [],\n      \"new\": [\n        {\n
        \         \"id\": 316,\n          \"severity\": \"Low\",\n          \"title\":
        \"Zap1: Cookie Without Secure Flag\",\n          \"url_api\": \"http://localhost:8080/api/v2/findings/316/\",\n
        \         \"url_ui\": \"http://localhost:8080/finding/316\"\n        },\n
        \       {\n          \"id\": 317,\n          \"severity\": \"Low\",\n          \"title\":
        \"Zap2: Cookie Without Secure Flag\",\n          \"url_api\": \"http://localhost:8080/api/v2/findings/317/\",\n
        \         \"url_ui\": \"http://localhost:8080/finding/317\"\n        }\n      ],\n
        \     \"reactivated\": [],\n      \"untouched\": []\n    },\n    \"product\":
        {\n      \"id\": 2,\n      \"name\": \"Security How-to\",\n      \"url_api\":
        \"http://localhost:8080/api/v2/products/2/\",\n      \"url_ui\": \"http://localhost:8080/product/2\"\n
        \   },\n    \"product_type\": {\n      \"id\": 2,\n      \"name\": \"ebooks\",\n
        \     \"url_api\": \"http://localhost:8080/api/v2/product_types/2/\",\n      \"url_ui\":
        \"http://localhost:8080/product/type/2\"\n    },\n    \"test\": {\n      \"id\":
        115,\n      \"title\": null,\n      \"url_api\": \"http://localhost:8080/api/v2/tests/115/\",\n
        \     \"url_ui\": \"http://localhost:8080/test/115\"\n    },\n    \"title\":
        \"Created/Updated 2 findings for Security How-to: 1st Quarter Engagement:
        ZAP Scan\",\n    \"url_api\": \"http://localhost:8080/api/v2/tests/115/\",\n
        \   \"url_ui\": \"http://localhost:8080/test/115\",\n    \"user\": null\n
        \ }\n}\n"
    headers:
      Access-Control-Allow-Credentials:
      - 'true'
      Access-Control-Allow-Origin:
      - '*'
      Content-Type:
      - application/json; charset=utf-8
      Date:
      - Tue, 20 May 2025 19:52:25 GMT
      Transfer-Encoding:
      - chunked
    status:
      code: 200
      message: OK
- request:
    body: '{"description": "Event test_added has occurred.", "title": "Test created
      for Security How-to: 1st Quarter Engagement: ZAP Scan", "user": null, "url_ui":
      "http://localhost:8080/test/116", "url_api": "http://localhost:8080/api/v2/tests/116/",
      "product_type": {"name": "ebooks", "id": 2, "url_ui": "http://localhost:8080/product/type/2",
      "url_api": "http://localhost:8080/api/v2/product_types/2/"}, "product": {"name":
      "Security How-to", "id": 2, "url_ui": "http://localhost:8080/product/2", "url_api":
      "http://localhost:8080/api/v2/products/2/"}, "engagement": {"name": "1st Quarter
      Engagement", "id": 1, "url_ui": "http://localhost:8080/engagement/1", "url_api":
      "http://localhost:8080/api/v2/engagements/1/"}, "test": {"title": null, "id":
      116, "url_ui": "http://localhost:8080/test/116", "url_api": "http://localhost:8080/api/v2/tests/116/"}}'
    headers:
      Accept:
      - application/json
      Accept-Encoding:
      - gzip, deflate
      Auth:
      - Token xxx
      Connection:
      - keep-alive
      Content-Length:
      - '843'
      Content-Type:
      - application/json
      User-Agent:
      - DefectDojo-2.46.2
      X-DefectDojo-Event:
      - test_added
      X-DefectDojo-Instance:
      - http://localhost:8080
    method: POST
    uri: http://webhook.endpoint:8080/post
  response:
    body:
      string: "{\n  \"args\": {},\n  \"headers\": {\n    \"Accept\": [\n      \"application/json\"\n
        \   ],\n    \"Accept-Encoding\": [\n      \"gzip, deflate\"\n    ],\n    \"Auth\":
        [\n      \"Token xxx\"\n    ],\n    \"Connection\": [\n      \"keep-alive\"\n
        \   ],\n    \"Content-Length\": [\n      \"843\"\n    ],\n    \"Content-Type\":
        [\n      \"application/json\"\n    ],\n    \"Host\": [\n      \"webhook.endpoint:8080\"\n
        \   ],\n    \"User-Agent\": [\n      \"DefectDojo-2.46.2\"\n    ],\n    \"X-Defectdojo-Event\":
        [\n      \"test_added\"\n    ],\n    \"X-Defectdojo-Instance\": [\n      \"http://localhost:8080\"\n
        \   ]\n  },\n  \"method\": \"POST\",\n  \"origin\": \"10.250.1.6:46134\",\n
        \ \"url\": \"http://webhook.endpoint:8080/post\",\n  \"data\": \"{\\\"description\\\":
        \\\"Event test_added has occurred.\\\", \\\"title\\\": \\\"Test created for
        Security How-to: 1st Quarter Engagement: ZAP Scan\\\", \\\"user\\\": null,
        \\\"url_ui\\\": \\\"http://localhost:8080/test/116\\\", \\\"url_api\\\": \\\"http://localhost:8080/api/v2/tests/116/\\\",
        \\\"product_type\\\": {\\\"name\\\": \\\"ebooks\\\", \\\"id\\\": 2, \\\"url_ui\\\":
        \\\"http://localhost:8080/product/type/2\\\", \\\"url_api\\\": \\\"http://localhost:8080/api/v2/product_types/2/\\\"},
        \\\"product\\\": {\\\"name\\\": \\\"Security How-to\\\", \\\"id\\\": 2, \\\"url_ui\\\":
        \\\"http://localhost:8080/product/2\\\", \\\"url_api\\\": \\\"http://localhost:8080/api/v2/products/2/\\\"},
        \\\"engagement\\\": {\\\"name\\\": \\\"1st Quarter Engagement\\\", \\\"id\\\":
        1, \\\"url_ui\\\": \\\"http://localhost:8080/engagement/1\\\", \\\"url_api\\\":
        \\\"http://localhost:8080/api/v2/engagements/1/\\\"}, \\\"test\\\": {\\\"title\\\":
        null, \\\"id\\\": 116, \\\"url_ui\\\": \\\"http://localhost:8080/test/116\\\",
        \\\"url_api\\\": \\\"http://localhost:8080/api/v2/tests/116/\\\"}}\",\n  \"files\":
        {},\n  \"form\": {},\n  \"json\": {\n    \"description\": \"Event test_added
        has occurred.\",\n    \"engagement\": {\n      \"id\": 1,\n      \"name\":
        \"1st Quarter Engagement\",\n      \"url_api\": \"http://localhost:8080/api/v2/engagements/1/\",\n
        \     \"url_ui\": \"http://localhost:8080/engagement/1\"\n    },\n    \"product\":
        {\n      \"id\": 2,\n      \"name\": \"Security How-to\",\n      \"url_api\":
        \"http://localhost:8080/api/v2/products/2/\",\n      \"url_ui\": \"http://localhost:8080/product/2\"\n
        \   },\n    \"product_type\": {\n      \"id\": 2,\n      \"name\": \"ebooks\",\n
        \     \"url_api\": \"http://localhost:8080/api/v2/product_types/2/\",\n      \"url_ui\":
        \"http://localhost:8080/product/type/2\"\n    },\n    \"test\": {\n      \"id\":
        116,\n      \"title\": null,\n      \"url_api\": \"http://localhost:8080/api/v2/tests/116/\",\n
        \     \"url_ui\": \"http://localhost:8080/test/116\"\n    },\n    \"title\":
        \"Test created for Security How-to: 1st Quarter Engagement: ZAP Scan\",\n
        \   \"url_api\": \"http://localhost:8080/api/v2/tests/116/\",\n    \"url_ui\":
        \"http://localhost:8080/test/116\",\n    \"user\": null\n  }\n}\n"
    headers:
      Access-Control-Allow-Credentials:
      - 'true'
      Access-Control-Allow-Origin:
      - '*'
      Content-Type:
      - application/json; charset=utf-8
      Date:
      - Tue, 20 May 2025 19:52:25 GMT
      Transfer-Encoding:
      - chunked
    status:
      code: 200
      message: OK
- request:
    body: '{"description": "Event scan_added has occurred.", "title": "Created/Updated
      2 findings for Security How-to: 1st Quarter Engagement: ZAP Scan", "user": null,
      "url_ui": "http://localhost:8080/test/116", "url_api": "http://localhost:8080/api/v2/tests/116/",
      "product_type": {"name": "ebooks", "id": 2, "url_ui": "http://localhost:8080/product/type/2",
      "url_api": "http://localhost:8080/api/v2/product_types/2/"}, "product": {"name":
      "Security How-to", "id": 2, "url_ui": "http://localhost:8080/product/2", "url_api":
      "http://localhost:8080/api/v2/products/2/"}, "engagement": {"name": "1st Quarter
      Engagement", "id": 1, "url_ui": "http://localhost:8080/engagement/1", "url_api":
      "http://localhost:8080/api/v2/engagements/1/"}, "test": {"title": null, "id":
      116, "url_ui": "http://localhost:8080/test/116", "url_api": "http://localhost:8080/api/v2/tests/116/"},
      "finding_count": 2, "findings": {"new": [{"id": 318, "title": "Zap1: Cookie
      Without Secure Flag", "severity": "Low", "url_ui": "http://localhost:8080/finding/318",
      "url_api": "http://localhost:8080/api/v2/findings/318/"}, {"id": 319, "title":
      "Zap2: Cookie Without Secure Flag", "severity": "Low", "url_ui": "http://localhost:8080/finding/319",
      "url_api": "http://localhost:8080/api/v2/findings/319/"}], "reactivated": [],
      "mitigated": [], "untouched": []}}'
    headers:
      Accept:
      - application/json
      Accept-Encoding:
      - gzip, deflate
      Auth:
      - Token xxx
      Connection:
      - keep-alive
      Content-Length:
      - '1315'
      Content-Type:
      - application/json
      User-Agent:
      - DefectDojo-2.46.2
      X-DefectDojo-Event:
      - scan_added
      X-DefectDojo-Instance:
      - http://localhost:8080
    method: POST
    uri: http://webhook.endpoint:8080/post
  response:
    body:
      string: "{\n  \"args\": {},\n  \"headers\": {\n    \"Accept\": [\n      \"application/json\"\n
        \   ],\n    \"Accept-Encoding\": [\n      \"gzip, deflate\"\n    ],\n    \"Auth\":
        [\n      \"Token xxx\"\n    ],\n    \"Connection\": [\n      \"keep-alive\"\n
        \   ],\n    \"Content-Length\": [\n      \"1315\"\n    ],\n    \"Content-Type\":
        [\n      \"application/json\"\n    ],\n    \"Host\": [\n      \"webhook.endpoint:8080\"\n
        \   ],\n    \"User-Agent\": [\n      \"DefectDojo-2.46.2\"\n    ],\n    \"X-Defectdojo-Event\":
        [\n      \"scan_added\"\n    ],\n    \"X-Defectdojo-Instance\": [\n      \"http://localhost:8080\"\n
        \   ]\n  },\n  \"method\": \"POST\",\n  \"origin\": \"10.250.1.6:46144\",\n
        \ \"url\": \"http://webhook.endpoint:8080/post\",\n  \"data\": \"{\\\"description\\\":
        \\\"Event scan_added has occurred.\\\", \\\"title\\\": \\\"Created/Updated
        2 findings for Security How-to: 1st Quarter Engagement: ZAP Scan\\\", \\\"user\\\":
        null, \\\"url_ui\\\": \\\"http://localhost:8080/test/116\\\", \\\"url_api\\\":
        \\\"http://localhost:8080/api/v2/tests/116/\\\", \\\"product_type\\\": {\\\"name\\\":
        \\\"ebooks\\\", \\\"id\\\": 2, \\\"url_ui\\\": \\\"http://localhost:8080/product/type/2\\\",
        \\\"url_api\\\": \\\"http://localhost:8080/api/v2/product_types/2/\\\"}, \\\"product\\\":
        {\\\"name\\\": \\\"Security How-to\\\", \\\"id\\\": 2, \\\"url_ui\\\": \\\"http://localhost:8080/product/2\\\",
        \\\"url_api\\\": \\\"http://localhost:8080/api/v2/products/2/\\\"}, \\\"engagement\\\":
        {\\\"name\\\": \\\"1st Quarter Engagement\\\", \\\"id\\\": 1, \\\"url_ui\\\":
        \\\"http://localhost:8080/engagement/1\\\", \\\"url_api\\\": \\\"http://localhost:8080/api/v2/engagements/1/\\\"},
        \\\"test\\\": {\\\"title\\\": null, \\\"id\\\": 116, \\\"url_ui\\\": \\\"http://localhost:8080/test/116\\\",
        \\\"url_api\\\": \\\"http://localhost:8080/api/v2/tests/116/\\\"}, \\\"finding_count\\\":
        2, \\\"findings\\\": {\\\"new\\\": [{\\\"id\\\": 318, \\\"title\\\": \\\"Zap1:
        Cookie Without Secure Flag\\\", \\\"severity\\\": \\\"Low\\\", \\\"url_ui\\\":
        \\\"http://localhost:8080/finding/318\\\", \\\"url_api\\\": \\\"http://localhost:8080/api/v2/findings/318/\\\"},
        {\\\"id\\\": 319, \\\"title\\\": \\\"Zap2: Cookie Without Secure Flag\\\",
        \\\"severity\\\": \\\"Low\\\", \\\"url_ui\\\": \\\"http://localhost:8080/finding/319\\\",
        \\\"url_api\\\": \\\"http://localhost:8080/api/v2/findings/319/\\\"}], \\\"reactivated\\\":
        [], \\\"mitigated\\\": [], \\\"untouched\\\": []}}\",\n  \"files\": {},\n
        \ \"form\": {},\n  \"json\": {\n    \"description\": \"Event scan_added has
        occurred.\",\n    \"engagement\": {\n      \"id\": 1,\n      \"name\": \"1st
        Quarter Engagement\",\n      \"url_api\": \"http://localhost:8080/api/v2/engagements/1/\",\n
        \     \"url_ui\": \"http://localhost:8080/engagement/1\"\n    },\n    \"finding_count\":
        2,\n    \"findings\": {\n      \"mitigated\": [],\n      \"new\": [\n        {\n
        \         \"id\": 318,\n          \"severity\": \"Low\",\n          \"title\":
        \"Zap1: Cookie Without Secure Flag\",\n          \"url_api\": \"http://localhost:8080/api/v2/findings/318/\",\n
        \         \"url_ui\": \"http://localhost:8080/finding/318\"\n        },\n
        \       {\n          \"id\": 319,\n          \"severity\": \"Low\",\n          \"title\":
        \"Zap2: Cookie Without Secure Flag\",\n          \"url_api\": \"http://localhost:8080/api/v2/findings/319/\",\n
        \         \"url_ui\": \"http://localhost:8080/finding/319\"\n        }\n      ],\n
        \     \"reactivated\": [],\n      \"untouched\": []\n    },\n    \"product\":
        {\n      \"id\": 2,\n      \"name\": \"Security How-to\",\n      \"url_api\":
        \"http://localhost:8080/api/v2/products/2/\",\n      \"url_ui\": \"http://localhost:8080/product/2\"\n
        \   },\n    \"product_type\": {\n      \"id\": 2,\n      \"name\": \"ebooks\",\n
        \     \"url_api\": \"http://localhost:8080/api/v2/product_types/2/\",\n      \"url_ui\":
        \"http://localhost:8080/product/type/2\"\n    },\n    \"test\": {\n      \"id\":
        116,\n      \"title\": null,\n      \"url_api\": \"http://localhost:8080/api/v2/tests/116/\",\n
        \     \"url_ui\": \"http://localhost:8080/test/116\"\n    },\n    \"title\":
        \"Created/Updated 2 findings for Security How-to: 1st Quarter Engagement:
        ZAP Scan\",\n    \"url_api\": \"http://localhost:8080/api/v2/tests/116/\",\n
        \   \"url_ui\": \"http://localhost:8080/test/116\",\n    \"user\": null\n
        \ }\n}\n"
    headers:
      Access-Control-Allow-Credentials:
      - 'true'
      Access-Control-Allow-Origin:
      - '*'
      Content-Type:
      - application/json; charset=utf-8
      Date:
      - Tue, 20 May 2025 19:52:25 GMT
      Transfer-Encoding:
      - chunked
    status:
      code: 200
      message: OK
version: 1
